07-14 06:20:36.040 30123 30187 D WebViewCache: Requesting URL: https://dynamic.criteo.com/js/ld/ld.js?a=99110, Host: dynamic.criteo.com
07-14 06:20:36.040 30123 30187 D WebViewCache: Bypassing interception for non-target domain: dynamic.criteo.com
07-14 06:20:36.042 30123 30187 D WebViewCache: Requesting URL: https://www.googletagmanager.com/gtm.js?id=GTM-M7SJX2S, Host: www.googletagmanager.com
07-14 06:20:36.042 30123 30187 D WebViewCache: Bypassing interception for non-target domain: www.googletagmanager.com
07-14 06:20:36.052 30123 30188 D WebViewCache: Requesting URL: https://cdn-universe.flyff.com/client/cursor/curdelay.png, Host: cdn-universe.flyff.com
07-14 06:20:36.052 30123 30188 D WebViewCache: isStaticAsset: Checking URL: https://cdn-universe.flyff.com/client/cursor/curdelay.png, against extension: .png, processed URL: https://cdn-universe.flyff.com/client/cursor/curdelay.png
07-14 06:20:36.052 30123 30188 D WebViewCache: isStaticAsset: https://cdn-universe.flyff.com/client/cursor/curdelay.png is a static asset (..png)
07-14 06:20:36.052 30123 30188 D WebViewCache: Using shared cache for: https://cdn-universe.flyff.com/client/cursor/curdelay.png
07-14 06:20:36.056 30123 30188 D WebViewCache: Checking cache for: /data/user/0/com.droidev.flyffuwebviewclient/cache/webgl_cache/32906c29547f5cc6af1ce82d9e8e8485_curdelay.png
07-14 06:20:36.057 30123 30187 D WebViewCache: Requesting URL: https://web.cmp.usercentrics.eu/ui/v/3.60.0/WebSdk.lib.bb0442d7.js, Host: web.cmp.usercentrics.eu
07-14 06:20:36.057 30123 30187 D WebViewCache: Bypassing interception for non-target domain: web.cmp.usercentrics.eu
07-14 06:20:36.069 30123 30188 D WebViewCache: Cache hit for: /data/user/0/com.droidev.flyffuwebviewclient/cache/webgl_cache/32906c29547f5cc6af1ce82d9e8e8485_curdelay.png
07-14 06:20:36.071 30123 30188 D WebViewCache: Adding If-None-Match: "bdb760ffa566902d68ac62fa3b052bfc"
07-14 06:20:36.071 30123 30188 D WebViewCache: Adding If-Modified-Since: Tue, 27 May 2025 08:36:13 GMT
07-14 06:20:36.095 30123 30187 D WebViewCache: Requesting URL: https://v1.api.service.cmp.usercentrics.eu/latest/core/fxO_4ss0Wa26_C, Host: v1.api.service.cmp.usercentrics.eu
07-14 06:20:36.096 30123 30187 D WebViewCache: Bypassing interception for non-target domain: v1.api.service.cmp.usercentrics.eu
07-14 06:20:36.118 30123 30187 D WebViewCache: Requesting URL: https://app.usercentrics.eu/session/1px.png?settingsId=fxO_4ss0Wa26_C, Host: app.usercentrics.eu
07-14 06:20:36.118 30123 30187 D WebViewCache: Bypassing interception for non-target domain: app.usercentrics.eu
07-14 06:20:36.121 30123 30189 D WebViewCache: Requesting URL: https://v1.api.service.cmp.usercentrics.eu/latest/1/cmp/en/TCF/fxO_4ss0Wa26_C/2.0.0/2.0.0?isOutsideEu=true&activeTcfVendorsListVersion=115&previousTcfVendorsListVersion=115&previousTcfPolicyVersion=5, Host: v1.api.service.cmp.usercentrics.eu
07-14 06:20:36.121 30123 30189 D WebViewCache: Bypassing interception for non-target domain: v1.api.service.cmp.usercentrics.eu
07-14 06:20:36.145 30123 30188 D WebViewCache: Serving valid cache for: /data/user/0/com.droidev.flyffuwebviewclient/cache/webgl_cache/32906c29547f5cc6af1ce82d9e8e8485_curdelay.png (304 Not Modified)
07-14 06:20:36.174 30123 30188 D WebViewCache: Requesting URL: https://cdn-universe.flyff.com/client/program/web/main-wasm32.wasm?249, Host: cdn-universe.flyff.com
07-14 06:20:36.174 30123 30188 D WebViewCache: isStaticAsset: Checking URL: https://cdn-universe.flyff.com/client/program/web/main-wasm32.wasm?249, against extension: .png, processed URL: https://cdn-universe.flyff.com/client/program/web/main-wasm32.wasm
07-14 06:20:36.174 30123 30188 D WebViewCache: isStaticAsset: Checking URL: https://cdn-universe.flyff.com/client/program/web/main-wasm32.wasm?249, against extension: .jpg, processed URL: https://cdn-universe.flyff.com/client/program/web/main-wasm32.wasm
07-14 06:20:36.174 30123 30188 D WebViewCache: isStaticAsset: Checking URL: https://cdn-universe.flyff.com/client/program/web/main-wasm32.wasm?249, against extension: .jpeg, processed URL: https://cdn-universe.flyff.com/client/program/web/main-wasm32.wasm
07-14 06:20:36.174 30123 30188 D WebViewCache: isStaticAsset: Checking URL: https://cdn-universe.flyff.com/client/program/web/main-wasm32.wasm?249, against extension: .gltf, processed URL: https://cdn-universe.flyff.com/client/program/web/main-wasm32.wasm
07-14 06:20:36.174 30123 30188 D WebViewCache: isStaticAsset: Checking URL: https://cdn-universe.flyff.com/client/program/web/main-wasm32.wasm?249, against extension: .bin, processed URL: https://cdn-universe.flyff.com/client/program/web/main-wasm32.wasm
07-14 06:20:36.174 30123 30188 D WebViewCache: isStaticAsset: Checking URL: https://cdn-universe.flyff.com/client/program/web/main-wasm32.wasm?249, against extension: .mp3, processed URL: https://cdn-universe.flyff.com/client/program/web/main-wasm32.wasm
07-14 06:20:36.174 30123 30188 D WebViewCache: isStaticAsset: Checking URL: https://cdn-universe.flyff.com/client/program/web/main-wasm32.wasm?249, against extension: .ogg, processed URL: https://cdn-universe.flyff.com/client/program/web/main-wasm32.wasm
07-14 06:20:36.174 30123 30188 D WebViewCache: isStaticAsset: https://cdn-universe.flyff.com/client/program/web/main-wasm32.wasm?249 is NOT a static asset.
07-14 06:20:36.178 30123 30187 D WebViewCache: Requesting URL: https://www.gstatic.com/recaptcha/releases/_cn5mBoBXIA0_T7xBjxkUqUA/recaptcha__pt_br.js, Host: www.gstatic.com
07-14 06:20:36.179 30123 30187 D WebViewCache: Bypassing interception for non-target domain: www.gstatic.com
07-14 06:20:36.248 30123 30187 D WebViewCache: Requesting URL: https://cdn-universe.flyff.com/icon/favicon-16x16.png, Host: cdn-universe.flyff.com
07-14 06:20:36.248 30123 30187 D WebViewCache: isStaticAsset: Checking URL: https://cdn-universe.flyff.com/icon/favicon-16x16.png, against extension: .png, processed URL: https://cdn-universe.flyff.com/icon/favicon-16x16.png
07-14 06:20:36.248 30123 30187 D WebViewCache: isStaticAsset: https://cdn-universe.flyff.com/icon/favicon-16x16.png is a static asset (..png)
07-14 06:20:36.248 30123 30187 D WebViewCache: Using shared cache for: https://cdn-universe.flyff.com/icon/favicon-16x16.png
07-14 06:20:36.249 30123 30187 D WebViewCache: Checking cache for: /data/user/0/com.droidev.flyffuwebviewclient/cache/webgl_cache/25b814ac7f1d94deeed84d78a409edd0_favicon-16x16.png
07-14 06:20:36.249 30123 30188 D WebViewCache: Requesting URL: https://cdn-universe.flyff.com/icon/favicon-32x32.png, Host: cdn-universe.flyff.com
07-14 06:20:36.249 30123 30188 D WebViewCache: isStaticAsset: Checking URL: https://cdn-universe.flyff.com/icon/favicon-32x32.png, against extension: .png, processed URL: https://cdn-universe.flyff.com/icon/favicon-32x32.png
07-14 06:20:36.249 30123 30188 D WebViewCache: isStaticAsset: https://cdn-universe.flyff.com/icon/favicon-32x32.png is a static asset (..png)
07-14 06:20:36.249 30123 30123 D WebViewCache: Page finished loading: https://universe.flyff.com/play
07-14 06:20:36.250 30123 30188 D WebViewCache: Using shared cache for: https://cdn-universe.flyff.com/icon/favicon-32x32.png
07-14 06:20:36.251 30123 30187 D WebViewCache: Cache hit for: /data/user/0/com.droidev.flyffuwebviewclient/cache/webgl_cache/25b814ac7f1d94deeed84d78a409edd0_favicon-16x16.png
07-14 06:20:36.253 30123 30188 D WebViewCache: Checking cache for: /data/user/0/com.droidev.flyffuwebviewclient/cache/webgl_cache/c100d48e3a77c246aa5cfa0a7bd5f31c_favicon-32x32.png
07-14 06:20:36.254 30123 30188 D WebViewCache: Cache hit for: /data/user/0/com.droidev.flyffuwebviewclient/cache/webgl_cache/c100d48e3a77c246aa5cfa0a7bd5f31c_favicon-32x32.png
07-14 06:20:36.255 30123 30188 D WebViewCache: Adding If-None-Match: "eae9e6d9ab72cd3fbb9b652677f8a1dc"
07-14 06:20:36.255 30123 30188 D WebViewCache: Adding If-Modified-Since: Thu, 29 May 2025 09:34:44 GMT
07-14 06:20:36.257 30123 30187 D WebViewCache: Adding If-None-Match: "5d177f8156a8fcab89b127cd11816872"
07-14 06:20:36.257 30123 30187 D WebViewCache: Adding If-Modified-Since: Thu, 29 May 2025 09:34:44 GMT
07-14 06:20:36.281 30123 30188 D WebViewCache: Serving valid cache for: /data/user/0/com.droidev.flyffuwebviewclient/cache/webgl_cache/c100d48e3a77c246aa5cfa0a7bd5f31c_favicon-32x32.png (304 Not Modified)
07-14 06:20:36.290 30123 30187 D WebViewCache: Serving valid cache for: /data/user/0/com.droidev.flyffuwebviewclient/cache/webgl_cache/25b814ac7f1d94deeed84d78a409edd0_favicon-16x16.png (304 Not Modified)
07-14 06:20:36.633 30123 30187 D WebViewCache: Requesting URL: https://cdn-universe.flyff.com/client/program/web/main-wasm32.js?249, Host: cdn-universe.flyff.com
07-14 06:20:36.634 30123 30187 D WebViewCache: isStaticAsset: Checking URL: https://cdn-universe.flyff.com/client/program/web/main-wasm32.js?249, against extension: .png, processed URL: https://cdn-universe.flyff.com/client/program/web/main-wasm32.js
07-14 06:20:36.634 30123 30187 D WebViewCache: isStaticAsset: Checking URL: https://cdn-universe.flyff.com/client/program/web/main-wasm32.js?249, against extension: .jpg, processed URL: https://cdn-universe.flyff.com/client/program/web/main-wasm32.js
07-14 06:20:36.634 30123 30187 D WebViewCache: isStaticAsset: Checking URL: https://cdn-universe.flyff.com/client/program/web/main-wasm32.js?249, against extension: .jpeg, processed URL: https://cdn-universe.flyff.com/client/program/web/main-wasm32.js
07-14 06:20:36.634 30123 30187 D WebViewCache: isStaticAsset: Checking URL: https://cdn-universe.flyff.com/client/program/web/main-wasm32.js?249, against extension: .gltf, processed URL: https://cdn-universe.flyff.com/client/program/web/main-wasm32.js
07-14 06:20:36.634 30123 30187 D WebViewCache: isStaticAsset: Checking URL: https://cdn-universe.flyff.com/client/program/web/main-wasm32.js?249, against extension: .bin, processed URL: https://cdn-universe.flyff.com/client/program/web/main-wasm32.js
07-14 06:20:36.635 30123 30187 D WebViewCache: isStaticAsset: Checking URL: https://cdn-universe.flyff.com/client/program/web/main-wasm32.js?249, against extension: .mp3, processed URL: https://cdn-universe.flyff.com/client/program/web/main-wasm32.js
07-14 06:20:36.635 30123 30187 D WebViewCache: isStaticAsset: Checking URL: https://cdn-universe.flyff.com/client/program/web/main-wasm32.js?249, against extension: .ogg, processed URL: https://cdn-universe.flyff.com/client/program/web/main-wasm32.js
07-14 06:20:36.635 30123 30187 D WebViewCache: isStaticAsset: https://cdn-universe.flyff.com/client/program/web/main-wasm32.js?249 is NOT a static asset.
07-14 06:20:36.731 30123 30187 D WebViewCache: Requesting URL: https://cdn-universe.flyff.com/client/filemap.bin?249, Host: cdn-universe.flyff.com
07-14 06:20:36.731 30123 30187 D WebViewCache: isStaticAsset: Checking URL: https://cdn-universe.flyff.com/client/filemap.bin?249, against extension: .png, processed URL: https://cdn-universe.flyff.com/client/filemap.bin
07-14 06:20:36.731 30123 30187 D WebViewCache: isStaticAsset: Checking URL: https://cdn-universe.flyff.com/client/filemap.bin?249, against extension: .jpg, processed URL: https://cdn-universe.flyff.com/client/filemap.bin
07-14 06:20:36.731 30123 30187 D WebViewCache: isStaticAsset: Checking URL: https://cdn-universe.flyff.com/client/filemap.bin?249, against extension: .jpeg, processed URL: https://cdn-universe.flyff.com/client/filemap.bin
07-14 06:20:36.731 30123 30187 D WebViewCache: isStaticAsset: Checking URL: https://cdn-universe.flyff.com/client/filemap.bin?249, against extension: .gltf, processed URL: https://cdn-universe.flyff.com/client/filemap.bin
07-14 06:20:36.731 30123 30187 D WebViewCache: isStaticAsset: Checking URL: https://cdn-universe.flyff.com/client/filemap.bin?249, against extension: .bin, processed URL: https://cdn-universe.flyff.com/client/filemap.bin
07-14 06:20:36.731 30123 30187 D WebViewCache: isStaticAsset: https://cdn-universe.flyff.com/client/filemap.bin?249 is a static asset (..bin)
07-14 06:20:36.731 30123 30187 D WebViewCache: Using shared cache for: https://cdn-universe.flyff.com/client/filemap.bin?249
07-14 06:20:36.735 30123 30187 D WebViewCache: Checking cache for: /data/user/0/com.droidev.flyffuwebviewclient/cache/webgl_cache/10b8cd87b525b62a437e0bd87ca8f77a_filemap.bin_249
07-14 06:20:36.743 30123 30187 D WebViewCache: Cache hit for: /data/user/0/com.droidev.flyffuwebviewclient/cache/webgl_cache/10b8cd87b525b62a437e0bd87ca8f77a_filemap.bin_249
07-14 06:20:36.746 30123 30187 D WebViewCache: Adding If-None-Match: "159dbe618d48d559444f2914b6104a2a"
07-14 06:20:36.747 30123 30187 D WebViewCache: Adding If-Modified-Since: Thu, 10 Jul 2025 06:54:34 GMT
07-14 06:20:36.776 30123 30187 D WebViewCache: Serving valid cache for: /data/user/0/com.droidev.flyffuwebviewclient/cache/webgl_cache/10b8cd87b525b62a437e0bd87ca8f77a_filemap.bin_249 (304 Not Modified)
07-14 06:20:41.077 30123 30187 D WebViewCache: Requesting URL: https://js.stripe.com/v3/m-outer-3437aaddcdf6922d623e172c2d6f9278.html#url=https%3A%2F%2Funiverse.flyff.com%2Fplay&title=Flyff%20Universe&referrer=&muid=daac85f3-46b9-48ed-9719-6bd3d8f3c08f5f62ad&sid=6d547306-f714-40ef-8c32-14001bdc6694a2166d&version=6&preview=false&__shared_params__[version]=basil, Host: js.stripe.com
07-14 06:20:41.077 30123 30187 D WebViewCache: Bypassing interception for non-target domain: js.stripe.com
07-14 06:20:41.197 30123 30187 D WebViewCache: Requesting URL: https://m.stripe.network/inner.html#url=https%3A%2F%2Funiverse.flyff.com%2Fplay&title=Flyff%20Universe&referrer=&muid=daac85f3-46b9-48ed-9719-6bd3d8f3c08f5f62ad&sid=6d547306-f714-40ef-8c32-14001bdc6694a2166d&version=6&preview=false&__shared_params__[version]=basil, Host: m.stripe.network
07-14 06:20:41.197 30123 30187 D WebViewCache: Bypassing interception for non-target domain: m.stripe.network
07-14 06:20:41.224 30123 30188 D WebViewCache: Requesting URL: https://m.stripe.network/out-4.5.44.js, Host: m.stripe.network
07-14 06:20:41.224 30123 30188 D WebViewCache: Bypassing interception for non-target domain: m.stripe.network
07-14 06:20:41.779 30123 30187 D WebViewCache: Requesting URL: https://m.stripe.com/6, Host: m.stripe.com
07-14 06:20:41.779 30123 30187 D WebViewCache: Bypassing interception for non-target domain: m.stripe.com
07-14 06:20:42.122 30123 30187 D WebViewCache: Requesting URL: https://m.stripe.com/6, Host: m.stripe.com
07-14 06:20:42.123 30123 30187 D WebViewCache: Bypassing interception for non-target domain: m.stripe.com
07-14 06:20:46.760 30123 30187 D WebViewCache: Requesting URL: https://gum.criteo.com/syncframe?topUrl=universe.flyff.com&origin=onetag#{%22bundle%22:{%22identifierExtractor%22:{%22origin%22:1},%22value%22:%22m0p2EV9LaEdhaHpyUDdCckptVXFZMmNOUyUyRnA2NUJzR1UwNk1rN3U3V2hqMHdjRzZOZkR3cGliYkVSeWlGOHRlV2ElMkZwbFhaQzk3JTJCY0J5R2FJWiUyQkN0dk1IQlJwaEUlMkZ6ZEVjWG5MNUFDd3J5T0JadE5hMTgyTXNIT0lCV21ua2pmVVl1RXk%22},%22cw%22:true,%22optout%22:{%22identifierExtractor%22:{%22origin%22:0},%22value%22:null},%22origin%22:%22onetag%22,%22tld%22:%22flyff.com%22,%22topUrl%22:%22universe.flyff.com%22,%22version%22:%225_37_0%22,%22ifa%22:{%22identifierExtractor%22:{%22origin%22:0},%22value%22:null},%22lsw%22:true,%22pm%22:0}, Host: gum.criteo.com
07-14 06:20:46.760 30123 30187 D WebViewCache: Bypassing interception for non-target domain: gum.criteo.com
07-14 06:20:46.765 30123 30187 D WebViewCache: Requesting URL: https://sslwidget.criteo.com/event?a=%5B99110%5D&v=5.37.0&otl=1&p0=e%3Dvpg&bundle=m0p2EV9LaEdhaHpyUDdCckptVXFZMmNOUyUyRnA2NUJzR1UwNk1rN3U3V2hqMHdjRzZOZkR3cGliYkVSeWlGOHRlV2ElMkZwbFhaQzk3JTJCY0J5R2FJWiUyQkN0dk1IQlJwaEUlMkZ6ZEVjWG5MNUFDd3J5T0JadE5hMTgyTXNIT0lCV21ua2pmVVl1RXk&tld=flyff.com&dy=1&fu=https%253A%252F%252Funiverse.flyff.com%252Fplay&ceid=979210b4-2b41-462d-a918-090572ddcc1b, Host: sslwidget.criteo.com
07-14 06:20:46.765 30123 30187 D WebViewCache: Bypassing interception for non-target domain: sslwidget.criteo.com
07-14 06:20:46.833 30123 30187 D WebViewCache: Requesting URL: https://gum.criteo.com/sid/json?origin=onetag&domain=flyff.com&sn=AndroidSyncframe&so=undefined&topUrl=universe.flyff.com&bundle=m0p2EV9LaEdhaHpyUDdCckptVXFZMmNOUyUyRnA2NUJzR1UwNk1rN3U3V2hqMHdjRzZOZkR3cGliYkVSeWlGOHRlV2ElMkZwbFhaQzk3JTJCY0J5R2FJWiUyQkN0dk1IQlJwaEUlMkZ6ZEVjWG5MNUFDd3J5T0JadE5hMTgyTXNIT0lCV21ua2pmVVl1RXk&topicsavail=0&fledgeavail=0, Host: gum.criteo.com
07-14 06:20:46.833 30123 30187 D WebViewCache: Bypassing interception for non-target domain: gum.criteo.com
07-14 06:20:55.538 30123 30123 D WebViewCache: Loading initial URL: https://universe.flyff.com/play
07-14 06:20:55.539 30123 30187 D WebViewCache: Requesting URL: https://universe.flyff.com/play, Host: universe.flyff.com
07-14 06:20:55.539 30123 30187 D WebViewCache: isStaticAsset: Checking URL: https://universe.flyff.com/play, against extension: .png, processed URL: https://universe.flyff.com/play
07-14 06:20:55.539 30123 30187 D WebViewCache: isStaticAsset: Checking URL: https://universe.flyff.com/play, against extension: .jpg, processed URL: https://universe.flyff.com/play
07-14 06:20:55.539 30123 30187 D WebViewCache: isStaticAsset: Checking URL: https://universe.flyff.com/play, against extension: .jpeg, processed URL: https://universe.flyff.com/play
07-14 06:20:55.539 30123 30187 D WebViewCache: isStaticAsset: Checking URL: https://universe.flyff.com/play, against extension: .gltf, processed URL: https://universe.flyff.com/play
07-14 06:20:55.539 30123 30187 D WebViewCache: isStaticAsset: Checking URL: https://universe.flyff.com/play, against extension: .bin, processed URL: https://universe.flyff.com/play
07-14 06:20:55.539 30123 30187 D WebViewCache: isStaticAsset: Checking URL: https://universe.flyff.com/play, against extension: .mp3, processed URL: https://universe.flyff.com/play
07-14 06:20:55.539 30123 30187 D WebViewCache: isStaticAsset: Checking URL: https://universe.flyff.com/play, against extension: .ogg, processed URL: https://universe.flyff.com/play
07-14 06:20:55.540 30123 30187 D WebViewCache: isStaticAsset: https://universe.flyff.com/play is NOT a static asset.
07-14 06:20:55.829 30123 30188 D WebViewCache: Requesting URL: https://web.cmp.usercentrics.eu/ui/loader.js, Host: web.cmp.usercentrics.eu
07-14 06:20:55.829 30123 30187 D WebViewCache: Requesting URL: https://cdn-universe.flyff.com/site/assets/js/userCentricsConsentMode.js?v1.1.7.5, Host: cdn-universe.flyff.com
07-14 06:20:55.829 30123 30188 D WebViewCache: Bypassing interception for non-target domain: web.cmp.usercentrics.eu
07-14 06:20:55.829 30123 30187 D WebViewCache: isStaticAsset: Checking URL: https://cdn-universe.flyff.com/site/assets/js/userCentricsConsentMode.js?v1.1.7.5, against extension: .png, processed URL: https://cdn-universe.flyff.com/site/assets/js/usercentricsconsentmode.js
07-14 06:20:55.829 30123 30187 D WebViewCache: isStaticAsset: Checking URL: https://cdn-universe.flyff.com/site/assets/js/userCentricsConsentMode.js?v1.1.7.5, against extension: .jpg, processed URL: https://cdn-universe.flyff.com/site/assets/js/usercentricsconsentmode.js
07-14 06:20:55.829 30123 30187 D WebViewCache: isStaticAsset: Checking URL: https://cdn-universe.flyff.com/site/assets/js/userCentricsConsentMode.js?v1.1.7.5, against extension: .jpeg, processed URL: https://cdn-universe.flyff.com/site/assets/js/usercentricsconsentmode.js
07-14 06:20:55.829 30123 30187 D WebViewCache: isStaticAsset: Checking URL: https://cdn-universe.flyff.com/site/assets/js/userCentricsConsentMode.js?v1.1.7.5, against extension: .gltf, processed URL: https://cdn-universe.flyff.com/site/assets/js/usercentricsconsentmode.js
07-14 06:20:55.829 30123 30187 D WebViewCache: isStaticAsset: Checking URL: https://cdn-universe.flyff.com/site/assets/js/userCentricsConsentMode.js?v1.1.7.5, against extension: .bin, processed URL: https://cdn-universe.flyff.com/site/assets/js/usercentricsconsentmode.js
07-14 06:20:55.829 30123 30187 D WebViewCache: isStaticAsset: Checking URL: https://cdn-universe.flyff.com/site/assets/js/userCentricsConsentMode.js?v1.1.7.5, against extension: .mp3, processed URL: https://cdn-universe.flyff.com/site/assets/js/usercentricsconsentmode.js
07-14 06:20:55.829 30123 30187 D WebViewCache: isStaticAsset: Checking URL: https://cdn-universe.flyff.com/site/assets/js/userCentricsConsentMode.js?v1.1.7.5, against extension: .ogg, processed URL: https://cdn-universe.flyff.com/site/assets/js/usercentricsconsentmode.js
07-14 06:20:55.829 30123 30187 D WebViewCache: isStaticAsset: https://cdn-universe.flyff.com/site/assets/js/userCentricsConsentMode.js?v1.1.7.5 is NOT a static asset.
07-14 06:20:55.852 30123 30188 D WebViewCache: Requesting URL: https://dynamic.criteo.com/js/ld/ld.js?a=99110, Host: dynamic.criteo.com
07-14 06:20:55.852 30123 30188 D WebViewCache: Bypassing interception for non-target domain: dynamic.criteo.com
07-14 06:20:55.852 30123 30187 D WebViewCache: Requesting URL: https://www.googletagmanager.com/gtm.js?id=GTM-M7SJX2S, Host: www.googletagmanager.com
07-14 06:20:55.852 30123 30187 D WebViewCache: Bypassing interception for non-target domain: www.googletagmanager.com
07-14 06:20:55.854 30123 30187 D WebViewCache: Requesting URL: https://cdn-universe.flyff.com/client/cursor/curdelay.png, Host: cdn-universe.flyff.com
07-14 06:20:55.854 30123 30187 D WebViewCache: isStaticAsset: Checking URL: https://cdn-universe.flyff.com/client/cursor/curdelay.png, against extension: .png, processed URL: https://cdn-universe.flyff.com/client/cursor/curdelay.png
07-14 06:20:55.854 30123 30187 D WebViewCache: isStaticAsset: https://cdn-universe.flyff.com/client/cursor/curdelay.png is a static asset (..png)
07-14 06:20:55.854 30123 30187 D WebViewCache: Using shared cache for: https://cdn-universe.flyff.com/client/cursor/curdelay.png
07-14 06:20:55.855 30123 30187 D WebViewCache: Checking cache for: /data/user/0/com.droidev.flyffuwebviewclient/cache/webgl_cache/32906c29547f5cc6af1ce82d9e8e8485_curdelay.png
07-14 06:20:55.855 30123 30187 D WebViewCache: Cache hit for: /data/user/0/com.droidev.flyffuwebviewclient/cache/webgl_cache/32906c29547f5cc6af1ce82d9e8e8485_curdelay.png
07-14 06:20:55.861 30123 30187 D WebViewCache: Adding If-None-Match: "bdb760ffa566902d68ac62fa3b052bfc"
07-14 06:20:55.861 30123 30187 D WebViewCache: Adding If-Modified-Since: Tue, 27 May 2025 08:36:13 GMT
07-14 06:20:55.868 30123 30188 D WebViewCache: Requesting URL: https://cdn-universe.flyff.com/client/program/web/main-wasm32.wasm?249, Host: cdn-universe.flyff.com
07-14 06:20:55.868 30123 30188 D WebViewCache: isStaticAsset: Checking URL: https://cdn-universe.flyff.com/client/program/web/main-wasm32.wasm?249, against extension: .png, processed URL: https://cdn-universe.flyff.com/client/program/web/main-wasm32.wasm
07-14 06:20:55.868 30123 30188 D WebViewCache: isStaticAsset: Checking URL: https://cdn-universe.flyff.com/client/program/web/main-wasm32.wasm?249, against extension: .jpg, processed URL: https://cdn-universe.flyff.com/client/program/web/main-wasm32.wasm
07-14 06:20:55.868 30123 30188 D WebViewCache: isStaticAsset: Checking URL: https://cdn-universe.flyff.com/client/program/web/main-wasm32.wasm?249, against extension: .jpeg, processed URL: https://cdn-universe.flyff.com/client/program/web/main-wasm32.wasm
07-14 06:20:55.868 30123 30188 D WebViewCache: isStaticAsset: Checking URL: https://cdn-universe.flyff.com/client/program/web/main-wasm32.wasm?249, against extension: .gltf, processed URL: https://cdn-universe.flyff.com/client/program/web/main-wasm32.wasm
07-14 06:20:55.868 30123 30188 D WebViewCache: isStaticAsset: Checking URL: https://cdn-universe.flyff.com/client/program/web/main-wasm32.wasm?249, against extension: .bin, processed URL: https://cdn-universe.flyff.com/client/program/web/main-wasm32.wasm
07-14 06:20:55.868 30123 30188 D WebViewCache: isStaticAsset: Checking URL: https://cdn-universe.flyff.com/client/program/web/main-wasm32.wasm?249, against extension: .mp3, processed URL: https://cdn-universe.flyff.com/client/program/web/main-wasm32.wasm
07-14 06:20:55.868 30123 30188 D WebViewCache: isStaticAsset: Checking URL: https://cdn-universe.flyff.com/client/program/web/main-wasm32.wasm?249, against extension: .ogg, processed URL: https://cdn-universe.flyff.com/client/program/web/main-wasm32.wasm
07-14 06:20:55.868 30123 30188 D WebViewCache: isStaticAsset: https://cdn-universe.flyff.com/client/program/web/main-wasm32.wasm?249 is NOT a static asset.
07-14 06:20:55.875 30123 30189 D WebViewCache: Requesting URL: https://web.cmp.usercentrics.eu/ui/v/3.60.0/WebSdk.lib.bb0442d7.js, Host: web.cmp.usercentrics.eu
07-14 06:20:55.875 30123 30189 D WebViewCache: Bypassing interception for non-target domain: web.cmp.usercentrics.eu
07-14 06:20:55.882 30123 30188 D WebViewCache: Requesting URL: https://www.gstatic.com/recaptcha/releases/_cn5mBoBXIA0_T7xBjxkUqUA/recaptcha__pt_br.js, Host: www.gstatic.com
07-14 06:20:55.882 30123 30188 D WebViewCache: Bypassing interception for non-target domain: www.gstatic.com
07-14 06:20:55.946 30123 30188 D WebViewCache: Requesting URL: https://v1.api.service.cmp.usercentrics.eu/latest/core/fxO_4ss0Wa26_C, Host: v1.api.service.cmp.usercentrics.eu
07-14 06:20:55.946 30123 30188 D WebViewCache: Bypassing interception for non-target domain: v1.api.service.cmp.usercentrics.eu
07-14 06:20:55.961 30123 30188 D WebViewCache: Requesting URL: https://app.usercentrics.eu/session/1px.png?settingsId=fxO_4ss0Wa26_C, Host: app.usercentrics.eu
07-14 06:20:55.961 30123 30188 D WebViewCache: Bypassing interception for non-target domain: app.usercentrics.eu
07-14 06:20:55.964 30123 30188 D WebViewCache: Requesting URL: https://v1.api.service.cmp.usercentrics.eu/latest/1/cmp/en/TCF/fxO_4ss0Wa26_C/2.0.0/2.0.0?isOutsideEu=true&activeTcfVendorsListVersion=115&previousTcfVendorsListVersion=115&previousTcfPolicyVersion=5, Host: v1.api.service.cmp.usercentrics.eu
07-14 06:20:55.964 30123 30188 D WebViewCache: Bypassing interception for non-target domain: v1.api.service.cmp.usercentrics.eu
07-14 06:20:56.067 30123 30187 D WebViewCache: Serving valid cache for: /data/user/0/com.droidev.flyffuwebviewclient/cache/webgl_cache/32906c29547f5cc6af1ce82d9e8e8485_curdelay.png (304 Not Modified)
07-14 06:20:56.073 30123 30123 D WebViewCache: Page finished loading: https://universe.flyff.com/play
07-14 06:20:56.080 30123 30187 D WebViewCache: Requesting URL: https://cdn-universe.flyff.com/icon/favicon-16x16.png, Host: cdn-universe.flyff.com
07-14 06:20:56.080 30123 30188 D WebViewCache: Requesting URL: https://cdn-universe.flyff.com/icon/favicon-32x32.png, Host: cdn-universe.flyff.com
07-14 06:20:56.080 30123 30188 D WebViewCache: isStaticAsset: Checking URL: https://cdn-universe.flyff.com/icon/favicon-32x32.png, against extension: .png, processed URL: https://cdn-universe.flyff.com/icon/favicon-32x32.png
07-14 06:20:56.080 30123 30188 D WebViewCache: isStaticAsset: https://cdn-universe.flyff.com/icon/favicon-32x32.png is a static asset (..png)
07-14 06:20:56.080 30123 30187 D WebViewCache: isStaticAsset: Checking URL: https://cdn-universe.flyff.com/icon/favicon-16x16.png, against extension: .png, processed URL: https://cdn-universe.flyff.com/icon/favicon-16x16.png
07-14 06:20:56.080 30123 30188 D WebViewCache: Using shared cache for: https://cdn-universe.flyff.com/icon/favicon-32x32.png
07-14 06:20:56.080 30123 30187 D WebViewCache: isStaticAsset: https://cdn-universe.flyff.com/icon/favicon-16x16.png is a static asset (..png)
07-14 06:20:56.080 30123 30187 D WebViewCache: Using shared cache for: https://cdn-universe.flyff.com/icon/favicon-16x16.png
07-14 06:20:56.081 30123 30187 D WebViewCache: Checking cache for: /data/user/0/com.droidev.flyffuwebviewclient/cache/webgl_cache/25b814ac7f1d94deeed84d78a409edd0_favicon-16x16.png
07-14 06:20:56.081 30123 30188 D WebViewCache: Checking cache for: /data/user/0/com.droidev.flyffuwebviewclient/cache/webgl_cache/c100d48e3a77c246aa5cfa0a7bd5f31c_favicon-32x32.png
07-14 06:20:56.081 30123 30187 D WebViewCache: Cache hit for: /data/user/0/com.droidev.flyffuwebviewclient/cache/webgl_cache/25b814ac7f1d94deeed84d78a409edd0_favicon-16x16.png
07-14 06:20:56.081 30123 30188 D WebViewCache: Cache hit for: /data/user/0/com.droidev.flyffuwebviewclient/cache/webgl_cache/c100d48e3a77c246aa5cfa0a7bd5f31c_favicon-32x32.png
07-14 06:20:56.083 30123 30187 D WebViewCache: Adding If-None-Match: "5d177f8156a8fcab89b127cd11816872"
07-14 06:20:56.083 30123 30188 D WebViewCache: Adding If-None-Match: "eae9e6d9ab72cd3fbb9b652677f8a1dc"
07-14 06:20:56.083 30123 30187 D WebViewCache: Adding If-Modified-Since: Thu, 29 May 2025 09:34:44 GMT
07-14 06:20:56.083 30123 30188 D WebViewCache: Adding If-Modified-Since: Thu, 29 May 2025 09:34:44 GMT
07-14 06:20:56.103 30123 30187 D WebViewCache: Serving valid cache for: /data/user/0/com.droidev.flyffuwebviewclient/cache/webgl_cache/25b814ac7f1d94deeed84d78a409edd0_favicon-16x16.png (304 Not Modified)
07-14 06:20:56.117 30123 30188 D WebViewCache: Serving valid cache for: /data/user/0/com.droidev.flyffuwebviewclient/cache/webgl_cache/c100d48e3a77c246aa5cfa0a7bd5f31c_favicon-32x32.png (304 Not Modified)
07-14 06:20:56.348 30123 30187 D WebViewCache: Requesting URL: https://cdn-universe.flyff.com/client/program/web/main-wasm32.js?249, Host: cdn-universe.flyff.com
07-14 06:20:56.348 30123 30187 D WebViewCache: isStaticAsset: Checking URL: https://cdn-universe.flyff.com/client/program/web/main-wasm32.js?249, against extension: .png, processed URL: https://cdn-universe.flyff.com/client/program/web/main-wasm32.js
07-14 06:20:56.349 30123 30187 D WebViewCache: isStaticAsset: Checking URL: https://cdn-universe.flyff.com/client/program/web/main-wasm32.js?249, against extension: .jpg, processed URL: https://cdn-universe.flyff.com/client/program/web/main-wasm32.js
07-14 06:20:56.349 30123 30187 D WebViewCache: isStaticAsset: Checking URL: https://cdn-universe.flyff.com/client/program/web/main-wasm32.js?249, against extension: .jpeg, processed URL: https://cdn-universe.flyff.com/client/program/web/main-wasm32.js
07-14 06:20:56.349 30123 30187 D WebViewCache: isStaticAsset: Checking URL: https://cdn-universe.flyff.com/client/program/web/main-wasm32.js?249, against extension: .gltf, processed URL: https://cdn-universe.flyff.com/client/program/web/main-wasm32.js
07-14 06:20:56.349 30123 30187 D WebViewCache: isStaticAsset: Checking URL: https://cdn-universe.flyff.com/client/program/web/main-wasm32.js?249, against extension: .bin, processed URL: https://cdn-universe.flyff.com/client/program/web/main-wasm32.js
07-14 06:20:56.349 30123 30187 D WebViewCache: isStaticAsset: Checking URL: https://cdn-universe.flyff.com/client/program/web/main-wasm32.js?249, against extension: .mp3, processed URL: https://cdn-universe.flyff.com/client/program/web/main-wasm32.js
07-14 06:20:56.349 30123 30187 D WebViewCache: isStaticAsset: Checking URL: https://cdn-universe.flyff.com/client/program/web/main-wasm32.js?249, against extension: .ogg, processed URL: https://cdn-universe.flyff.com/client/program/web/main-wasm32.js
07-14 06:20:56.349 30123 30187 D WebViewCache: isStaticAsset: https://cdn-universe.flyff.com/client/program/web/main-wasm32.js?249 is NOT a static asset.
07-14 06:20:56.679 30123 30187 D WebViewCache: Requesting URL: https://cdn-universe.flyff.com/client/filemap.bin?249, Host: cdn-universe.flyff.com
07-14 06:20:56.680 30123 30187 D WebViewCache: isStaticAsset: Checking URL: https://cdn-universe.flyff.com/client/filemap.bin?249, against extension: .png, processed URL: https://cdn-universe.flyff.com/client/filemap.bin
07-14 06:20:56.680 30123 30187 D WebViewCache: isStaticAsset: Checking URL: https://cdn-universe.flyff.com/client/filemap.bin?249, against extension: .jpg, processed URL: https://cdn-universe.flyff.com/client/filemap.bin
07-14 06:20:56.680 30123 30187 D WebViewCache: isStaticAsset: Checking URL: https://cdn-universe.flyff.com/client/filemap.bin?249, against extension: .jpeg, processed URL: https://cdn-universe.flyff.com/client/filemap.bin
07-14 06:20:56.680 30123 30187 D WebViewCache: isStaticAsset: Checking URL: https://cdn-universe.flyff.com/client/filemap.bin?249, against extension: .gltf, processed URL: https://cdn-universe.flyff.com/client/filemap.bin
07-14 06:20:56.680 30123 30187 D WebViewCache: isStaticAsset: Checking URL: https://cdn-universe.flyff.com/client/filemap.bin?249, against extension: .bin, processed URL: https://cdn-universe.flyff.com/client/filemap.bin
07-14 06:20:56.680 30123 30187 D WebViewCache: isStaticAsset: https://cdn-universe.flyff.com/client/filemap.bin?249 is a static asset (..bin)
07-14 06:20:56.680 30123 30187 D WebViewCache: Using shared cache for: https://cdn-universe.flyff.com/client/filemap.bin?249
07-14 06:20:56.683 30123 30187 D WebViewCache: Checking cache for: /data/user/0/com.droidev.flyffuwebviewclient/cache/webgl_cache/10b8cd87b525b62a437e0bd87ca8f77a_filemap.bin_249
07-14 06:20:56.685 30123 30187 D WebViewCache: Cache hit for: /data/user/0/com.droidev.flyffuwebviewclient/cache/webgl_cache/10b8cd87b525b62a437e0bd87ca8f77a_filemap.bin_249
07-14 06:20:56.689 30123 30187 D WebViewCache: Adding If-None-Match: "159dbe618d48d559444f2914b6104a2a"
07-14 06:20:56.689 30123 30187 D WebViewCache: Adding If-Modified-Since: Thu, 10 Jul 2025 06:54:34 GMT
07-14 06:20:56.751 30123 30187 D WebViewCache: Serving valid cache for: /data/user/0/com.droidev.flyffuwebviewclient/cache/webgl_cache/10b8cd87b525b62a437e0bd87ca8f77a_filemap.bin_249 (304 Not Modified)
07-14 06:21:01.785 30123 30187 D WebViewCache: Requesting URL: https://js.stripe.com/v3/m-outer-3437aaddcdf6922d623e172c2d6f9278.html#url=https%3A%2F%2Funiverse.flyff.com%2Fplay&title=Flyff%20Universe&referrer=&muid=daac85f3-46b9-48ed-9719-6bd3d8f3c08f5f62ad&sid=6d547306-f714-40ef-8c32-14001bdc6694a2166d&version=6&preview=false&__shared_params__[version]=basil, Host: js.stripe.com
07-14 06:21:01.786 30123 30187 D WebViewCache: Bypassing interception for non-target domain: js.stripe.com
07-14 06:21:01.921 30123 30187 D WebViewCache: Requesting URL: https://m.stripe.network/inner.html#url=https%3A%2F%2Funiverse.flyff.com%2Fplay&title=Flyff%20Universe&referrer=&muid=daac85f3-46b9-48ed-9719-6bd3d8f3c08f5f62ad&sid=6d547306-f714-40ef-8c32-14001bdc6694a2166d&version=6&preview=false&__shared_params__[version]=basil, Host: m.stripe.network
07-14 06:21:01.921 30123 30187 D WebViewCache: Bypassing interception for non-target domain: m.stripe.network
07-14 06:21:01.967 30123 30188 D WebViewCache: Requesting URL: https://m.stripe.network/out-4.5.44.js, Host: m.stripe.network
07-14 06:21:01.967 30123 30188 D WebViewCache: Bypassing interception for non-target domain: m.stripe.network
07-14 06:21:02.739 30123 30187 D WebViewCache: Requesting URL: https://m.stripe.com/6, Host: m.stripe.com
07-14 06:21:02.739 30123 30187 D WebViewCache: Bypassing interception for non-target domain: m.stripe.com
