--------- beginning of main
07-14 06:20:04.936 30123 30123 D WebViewCache: Loading initial URL: https://universe.flyff.com/play
07-14 06:20:04.937 30123 30187 D WebViewCache: Requesting URL: https://universe.flyff.com/play, Host: universe.flyff.com
07-14 06:20:04.937 30123 30187 D WebViewCache: isStaticAsset: Checking URL: https://universe.flyff.com/play, against extension: .png, processed URL: https://universe.flyff.com/play
07-14 06:20:04.937 30123 30187 D WebViewCache: isStaticAsset: Checking URL: https://universe.flyff.com/play, against extension: .jpg, processed URL: https://universe.flyff.com/play
07-14 06:20:04.937 30123 30187 D WebViewCache: isStaticAsset: Checking URL: https://universe.flyff.com/play, against extension: .jpeg, processed URL: https://universe.flyff.com/play
07-14 06:20:04.937 30123 30187 D WebViewCache: isStaticAsset: Checking URL: https://universe.flyff.com/play, against extension: .gltf, processed URL: https://universe.flyff.com/play
07-14 06:20:04.937 30123 30187 D WebViewCache: isStaticAsset: Checking URL: https://universe.flyff.com/play, against extension: .bin, processed URL: https://universe.flyff.com/play
07-14 06:20:04.937 30123 30187 D WebViewCache: isStaticAsset: Checking URL: https://universe.flyff.com/play, against extension: .mp3, processed URL: https://universe.flyff.com/play
07-14 06:20:04.937 30123 30187 D WebViewCache: isStaticAsset: Checking URL: https://universe.flyff.com/play, against extension: .ogg, processed URL: https://universe.flyff.com/play
07-14 06:20:04.937 30123 30187 D WebViewCache: isStaticAsset: https://universe.flyff.com/play is NOT a static asset.
07-14 06:20:05.886 30123 30188 D WebViewCache: Requesting URL: https://web.cmp.usercentrics.eu/tcf/stub.js, Host: web.cmp.usercentrics.eu
07-14 06:20:05.886 30123 30188 D WebViewCache: Bypassing interception for non-target domain: web.cmp.usercentrics.eu
07-14 06:20:05.886 30123 30187 D WebViewCache: Requesting URL: https://universe.flyff.com/assets/vendor/axios/axios.min.js?v1.1.7, Host: universe.flyff.com
07-14 06:20:05.887 30123 30188 D WebViewCache: Requesting URL: https://js.stripe.com/basil/stripe.js, Host: js.stripe.com
07-14 06:20:05.888 30123 30187 D WebViewCache: isStaticAsset: Checking URL: https://universe.flyff.com/assets/vendor/axios/axios.min.js?v1.1.7, against extension: .png, processed URL: https://universe.flyff.com/assets/vendor/axios/axios.min.js
07-14 06:20:05.888 30123 30188 D WebViewCache: Bypassing interception for non-target domain: js.stripe.com
07-14 06:20:05.888 30123 30188 D WebViewCache: Requesting URL: https://www.google.com/recaptcha/api.js?render=explicit, Host: www.google.com
07-14 06:20:05.888 30123 30188 D WebViewCache: Bypassing interception for non-target domain: www.google.com
07-14 06:20:05.888 30123 30187 D WebViewCache: isStaticAsset: Checking URL: https://universe.flyff.com/assets/vendor/axios/axios.min.js?v1.1.7, against extension: .jpg, processed URL: https://universe.flyff.com/assets/vendor/axios/axios.min.js
07-14 06:20:05.889 30123 30187 D WebViewCache: isStaticAsset: Checking URL: https://universe.flyff.com/assets/vendor/axios/axios.min.js?v1.1.7, against extension: .jpeg, processed URL: https://universe.flyff.com/assets/vendor/axios/axios.min.js
07-14 06:20:05.889 30123 30187 D WebViewCache: isStaticAsset: Checking URL: https://universe.flyff.com/assets/vendor/axios/axios.min.js?v1.1.7, against extension: .gltf, processed URL: https://universe.flyff.com/assets/vendor/axios/axios.min.js
07-14 06:20:05.889 30123 30187 D WebViewCache: isStaticAsset: Checking URL: https://universe.flyff.com/assets/vendor/axios/axios.min.js?v1.1.7, against extension: .bin, processed URL: https://universe.flyff.com/assets/vendor/axios/axios.min.js
07-14 06:20:05.889 30123 30187 D WebViewCache: isStaticAsset: Checking URL: https://universe.flyff.com/assets/vendor/axios/axios.min.js?v1.1.7, against extension: .mp3, processed URL: https://universe.flyff.com/assets/vendor/axios/axios.min.js
07-14 06:20:05.889 30123 30187 D WebViewCache: isStaticAsset: Checking URL: https://universe.flyff.com/assets/vendor/axios/axios.min.js?v1.1.7, against extension: .ogg, processed URL: https://universe.flyff.com/assets/vendor/axios/axios.min.js
07-14 06:20:05.889 30123 30187 D WebViewCache: isStaticAsset: https://universe.flyff.com/assets/vendor/axios/axios.min.js?v1.1.7 is NOT a static asset.
07-14 06:20:06.108 30123 30187 D WebViewCache: Requesting URL: https://web.cmp.usercentrics.eu/ui/loader.js, Host: web.cmp.usercentrics.eu
07-14 06:20:06.108 30123 30187 D WebViewCache: Bypassing interception for non-target domain: web.cmp.usercentrics.eu
07-14 06:20:06.109 30123 30188 D WebViewCache: Requesting URL: https://cdn-universe.flyff.com/site/assets/js/userCentricsConsentMode.js?v1.1.7.5, Host: cdn-universe.flyff.com
07-14 06:20:06.109 30123 30188 D WebViewCache: isStaticAsset: Checking URL: https://cdn-universe.flyff.com/site/assets/js/userCentricsConsentMode.js?v1.1.7.5, against extension: .png, processed URL: https://cdn-universe.flyff.com/site/assets/js/usercentricsconsentmode.js
07-14 06:20:06.109 30123 30188 D WebViewCache: isStaticAsset: Checking URL: https://cdn-universe.flyff.com/site/assets/js/userCentricsConsentMode.js?v1.1.7.5, against extension: .jpg, processed URL: https://cdn-universe.flyff.com/site/assets/js/usercentricsconsentmode.js
07-14 06:20:06.109 30123 30188 D WebViewCache: isStaticAsset: Checking URL: https://cdn-universe.flyff.com/site/assets/js/userCentricsConsentMode.js?v1.1.7.5, against extension: .jpeg, processed URL: https://cdn-universe.flyff.com/site/assets/js/usercentricsconsentmode.js
07-14 06:20:06.109 30123 30188 D WebViewCache: isStaticAsset: Checking URL: https://cdn-universe.flyff.com/site/assets/js/userCentricsConsentMode.js?v1.1.7.5, against extension: .gltf, processed URL: https://cdn-universe.flyff.com/site/assets/js/usercentricsconsentmode.js
07-14 06:20:06.109 30123 30188 D WebViewCache: isStaticAsset: Checking URL: https://cdn-universe.flyff.com/site/assets/js/userCentricsConsentMode.js?v1.1.7.5, against extension: .bin, processed URL: https://cdn-universe.flyff.com/site/assets/js/usercentricsconsentmode.js
07-14 06:20:06.109 30123 30188 D WebViewCache: isStaticAsset: Checking URL: https://cdn-universe.flyff.com/site/assets/js/userCentricsConsentMode.js?v1.1.7.5, against extension: .mp3, processed URL: https://cdn-universe.flyff.com/site/assets/js/usercentricsconsentmode.js
07-14 06:20:06.109 30123 30188 D WebViewCache: isStaticAsset: Checking URL: https://cdn-universe.flyff.com/site/assets/js/userCentricsConsentMode.js?v1.1.7.5, against extension: .ogg, processed URL: https://cdn-universe.flyff.com/site/assets/js/usercentricsconsentmode.js
07-14 06:20:06.109 30123 30188 D WebViewCache: isStaticAsset: https://cdn-universe.flyff.com/site/assets/js/userCentricsConsentMode.js?v1.1.7.5 is NOT a static asset.
07-14 06:20:06.120 30123 30189 D WebViewCache: Requesting URL: https://www.googletagmanager.com/gtm.js?id=GTM-M7SJX2S, Host: www.googletagmanager.com
07-14 06:20:06.120 30123 30189 D WebViewCache: Bypassing interception for non-target domain: www.googletagmanager.com
07-14 06:20:06.121 30123 30188 D WebViewCache: Requesting URL: https://dynamic.criteo.com/js/ld/ld.js?a=99110, Host: dynamic.criteo.com
07-14 06:20:06.121 30123 30188 D WebViewCache: Bypassing interception for non-target domain: dynamic.criteo.com
07-14 06:20:06.155 30123 30187 D WebViewCache: Requesting URL: https://cdn-universe.flyff.com/client/program/web/main-wasm32.wasm?249, Host: cdn-universe.flyff.com
07-14 06:20:06.155 30123 30187 D WebViewCache: isStaticAsset: Checking URL: https://cdn-universe.flyff.com/client/program/web/main-wasm32.wasm?249, against extension: .png, processed URL: https://cdn-universe.flyff.com/client/program/web/main-wasm32.wasm
07-14 06:20:06.155 30123 30187 D WebViewCache: isStaticAsset: Checking URL: https://cdn-universe.flyff.com/client/program/web/main-wasm32.wasm?249, against extension: .jpg, processed URL: https://cdn-universe.flyff.com/client/program/web/main-wasm32.wasm
07-14 06:20:06.155 30123 30187 D WebViewCache: isStaticAsset: Checking URL: https://cdn-universe.flyff.com/client/program/web/main-wasm32.wasm?249, against extension: .jpeg, processed URL: https://cdn-universe.flyff.com/client/program/web/main-wasm32.wasm
07-14 06:20:06.155 30123 30187 D WebViewCache: isStaticAsset: Checking URL: https://cdn-universe.flyff.com/client/program/web/main-wasm32.wasm?249, against extension: .gltf, processed URL: https://cdn-universe.flyff.com/client/program/web/main-wasm32.wasm
07-14 06:20:06.155 30123 30187 D WebViewCache: isStaticAsset: Checking URL: https://cdn-universe.flyff.com/client/program/web/main-wasm32.wasm?249, against extension: .bin, processed URL: https://cdn-universe.flyff.com/client/program/web/main-wasm32.wasm
07-14 06:20:06.155 30123 30187 D WebViewCache: isStaticAsset: Checking URL: https://cdn-universe.flyff.com/client/program/web/main-wasm32.wasm?249, against extension: .mp3, processed URL: https://cdn-universe.flyff.com/client/program/web/main-wasm32.wasm
07-14 06:20:06.155 30123 30187 D WebViewCache: isStaticAsset: Checking URL: https://cdn-universe.flyff.com/client/program/web/main-wasm32.wasm?249, against extension: .ogg, processed URL: https://cdn-universe.flyff.com/client/program/web/main-wasm32.wasm
07-14 06:20:06.155 30123 30187 D WebViewCache: isStaticAsset: https://cdn-universe.flyff.com/client/program/web/main-wasm32.wasm?249 is NOT a static asset.
07-14 06:20:06.155 30123 30187 D WebViewCache: Requesting URL: https://cdn-universe.flyff.com/client/cursor/curdelay.cur, Host: cdn-universe.flyff.com
07-14 06:20:06.156 30123 30187 D WebViewCache: isStaticAsset: Checking URL: https://cdn-universe.flyff.com/client/cursor/curdelay.cur, against extension: .png, processed URL: https://cdn-universe.flyff.com/client/cursor/curdelay.cur
07-14 06:20:06.156 30123 30187 D WebViewCache: isStaticAsset: Checking URL: https://cdn-universe.flyff.com/client/cursor/curdelay.cur, against extension: .jpg, processed URL: https://cdn-universe.flyff.com/client/cursor/curdelay.cur
07-14 06:20:06.156 30123 30187 D WebViewCache: isStaticAsset: Checking URL: https://cdn-universe.flyff.com/client/cursor/curdelay.cur, against extension: .jpeg, processed URL: https://cdn-universe.flyff.com/client/cursor/curdelay.cur
07-14 06:20:06.156 30123 30187 D WebViewCache: isStaticAsset: Checking URL: https://cdn-universe.flyff.com/client/cursor/curdelay.cur, against extension: .gltf, processed URL: https://cdn-universe.flyff.com/client/cursor/curdelay.cur
07-14 06:20:06.156 30123 30187 D WebViewCache: isStaticAsset: Checking URL: https://cdn-universe.flyff.com/client/cursor/curdelay.cur, against extension: .bin, processed URL: https://cdn-universe.flyff.com/client/cursor/curdelay.cur
07-14 06:20:06.156 30123 30187 D WebViewCache: isStaticAsset: Checking URL: https://cdn-universe.flyff.com/client/cursor/curdelay.cur, against extension: .mp3, processed URL: https://cdn-universe.flyff.com/client/cursor/curdelay.cur
07-14 06:20:06.156 30123 30187 D WebViewCache: isStaticAsset: Checking URL: https://cdn-universe.flyff.com/client/cursor/curdelay.cur, against extension: .ogg, processed URL: https://cdn-universe.flyff.com/client/cursor/curdelay.cur
07-14 06:20:06.156 30123 30187 D WebViewCache: isStaticAsset: https://cdn-universe.flyff.com/client/cursor/curdelay.cur is NOT a static asset.
07-14 06:20:06.159 30123 30187 D WebViewCache: Requesting URL: https://cdn-universe.flyff.com/client/cursor/curdelay.png, Host: cdn-universe.flyff.com
07-14 06:20:06.160 30123 30187 D WebViewCache: isStaticAsset: Checking URL: https://cdn-universe.flyff.com/client/cursor/curdelay.png, against extension: .png, processed URL: https://cdn-universe.flyff.com/client/cursor/curdelay.png
07-14 06:20:06.160 30123 30187 D WebViewCache: isStaticAsset: https://cdn-universe.flyff.com/client/cursor/curdelay.png is a static asset (..png)
07-14 06:20:06.160 30123 30187 D WebViewCache: Using shared cache for: https://cdn-universe.flyff.com/client/cursor/curdelay.png
07-14 06:20:06.161 30123 30187 D WebViewCache: Checking cache for: /data/user/0/com.droidev.flyffuwebviewclient/cache/webgl_cache/32906c29547f5cc6af1ce82d9e8e8485_curdelay.png
07-14 06:20:06.162 30123 30187 D WebViewCache: Fetching from network: https://cdn-universe.flyff.com/client/cursor/curdelay.png
07-14 06:20:06.180 30123 30189 D WebViewCache: Requesting URL: https://www.gstatic.com/recaptcha/releases/_cn5mBoBXIA0_T7xBjxkUqUA/recaptcha__pt_br.js, Host: www.gstatic.com
07-14 06:20:06.180 30123 30189 D WebViewCache: Bypassing interception for non-target domain: www.gstatic.com
07-14 06:20:06.196 30123 30191 D WebViewCache: Requesting URL: https://web.cmp.usercentrics.eu/ui/v/3.60.0/WebSdk.lib.bb0442d7.js, Host: web.cmp.usercentrics.eu
07-14 06:20:06.196 30123 30191 D WebViewCache: Bypassing interception for non-target domain: web.cmp.usercentrics.eu
07-14 06:20:06.259 30123 30188 D WebViewCache: Requesting URL: https://v1.api.service.cmp.usercentrics.eu/latest/core/fxO_4ss0Wa26_C, Host: v1.api.service.cmp.usercentrics.eu
07-14 06:20:06.259 30123 30188 D WebViewCache: Bypassing interception for non-target domain: v1.api.service.cmp.usercentrics.eu
07-14 06:20:06.305 30123 30187 D WebViewCache: Using server Content-Type: image/png for URL: https://cdn-universe.flyff.com/client/cursor/curdelay.png
07-14 06:20:06.306 30123 30187 D WebViewCache: File: 32906c29547f5cc6af1ce82d9e8e8485_curdelay.png, Size: 682 bytes, Total: 682 bytes
07-14 06:20:06.306 30123 30187 D WebViewCache: Current cache size: 0MB
07-14 06:20:06.306 30123 30187 D WebViewCache: Saved to cache: /data/user/0/com.droidev.flyffuwebviewclient/cache/webgl_cache/32906c29547f5cc6af1ce82d9e8e8485_curdelay.png
07-14 06:20:06.399 30123 30187 D WebViewCache: Requesting URL: https://app.usercentrics.eu/session/1px.png?settingsId=fxO_4ss0Wa26_C, Host: app.usercentrics.eu
07-14 06:20:06.399 30123 30187 D WebViewCache: Bypassing interception for non-target domain: app.usercentrics.eu
07-14 06:20:06.402 30123 30187 D WebViewCache: Requesting URL: https://v1.api.service.cmp.usercentrics.eu/latest/1/cmp/en/TCF/fxO_4ss0Wa26_C/2.0.0/2.0.0?isOutsideEu=true&activeTcfVendorsListVersion=115&previousTcfVendorsListVersion=115&previousTcfPolicyVersion=5, Host: v1.api.service.cmp.usercentrics.eu
07-14 06:20:06.402 30123 30187 D WebViewCache: Bypassing interception for non-target domain: v1.api.service.cmp.usercentrics.eu
07-14 06:20:06.464 30123 30188 D WebViewCache: Requesting URL: https://web.cmp.usercentrics.eu/ui/v/3.60.0/TcfCmpController.a2867193.js, Host: web.cmp.usercentrics.eu
07-14 06:20:06.464 30123 30188 D WebViewCache: Bypassing interception for non-target domain: web.cmp.usercentrics.eu
07-14 06:20:06.464 30123 30189 D WebViewCache: Requesting URL: https://web.cmp.usercentrics.eu/ui/v/3.60.0/src.6faac6e5.js, Host: web.cmp.usercentrics.eu
07-14 06:20:06.465 30123 30189 D WebViewCache: Bypassing interception for non-target domain: web.cmp.usercentrics.eu
07-14 06:20:06.507 30123 30187 D WebViewCache: Requesting URL: https://consent-api.service.consent.usercentrics.eu/consent/uw/3, Host: consent-api.service.consent.usercentrics.eu
07-14 06:20:06.507 30123 30187 D WebViewCache: Bypassing interception for non-target domain: consent-api.service.consent.usercentrics.eu
07-14 06:20:06.640 30123 30187 D WebViewCache: Requesting URL: https://cdn-universe.flyff.com/client/program/web/main-wasm32.js?249, Host: cdn-universe.flyff.com
07-14 06:20:06.640 30123 30187 D WebViewCache: isStaticAsset: Checking URL: https://cdn-universe.flyff.com/client/program/web/main-wasm32.js?249, against extension: .png, processed URL: https://cdn-universe.flyff.com/client/program/web/main-wasm32.js
07-14 06:20:06.640 30123 30187 D WebViewCache: isStaticAsset: Checking URL: https://cdn-universe.flyff.com/client/program/web/main-wasm32.js?249, against extension: .jpg, processed URL: https://cdn-universe.flyff.com/client/program/web/main-wasm32.js
07-14 06:20:06.640 30123 30187 D WebViewCache: isStaticAsset: Checking URL: https://cdn-universe.flyff.com/client/program/web/main-wasm32.js?249, against extension: .jpeg, processed URL: https://cdn-universe.flyff.com/client/program/web/main-wasm32.js
07-14 06:20:06.640 30123 30187 D WebViewCache: isStaticAsset: Checking URL: https://cdn-universe.flyff.com/client/program/web/main-wasm32.js?249, against extension: .gltf, processed URL: https://cdn-universe.flyff.com/client/program/web/main-wasm32.js
07-14 06:20:06.640 30123 30187 D WebViewCache: isStaticAsset: Checking URL: https://cdn-universe.flyff.com/client/program/web/main-wasm32.js?249, against extension: .bin, processed URL: https://cdn-universe.flyff.com/client/program/web/main-wasm32.js
07-14 06:20:06.640 30123 30187 D WebViewCache: isStaticAsset: Checking URL: https://cdn-universe.flyff.com/client/program/web/main-wasm32.js?249, against extension: .mp3, processed URL: https://cdn-universe.flyff.com/client/program/web/main-wasm32.js
07-14 06:20:06.640 30123 30187 D WebViewCache: isStaticAsset: Checking URL: https://cdn-universe.flyff.com/client/program/web/main-wasm32.js?249, against extension: .ogg, processed URL: https://cdn-universe.flyff.com/client/program/web/main-wasm32.js
07-14 06:20:06.640 30123 30187 D WebViewCache: isStaticAsset: https://cdn-universe.flyff.com/client/program/web/main-wasm32.js?249 is NOT a static asset.
07-14 06:20:06.794 30123 30187 D WebViewCache: Requesting URL: https://consent-api.service.consent.usercentrics.eu/consent/uw/3, Host: consent-api.service.consent.usercentrics.eu
07-14 06:20:06.795 30123 30187 D WebViewCache: Bypassing interception for non-target domain: consent-api.service.consent.usercentrics.eu
07-14 06:20:06.833 30123 30187 D WebViewCache: Requesting URL: https://cdn-universe.flyff.com/icon/favicon-16x16.png, Host: cdn-universe.flyff.com
07-14 06:20:06.833 30123 30187 D WebViewCache: isStaticAsset: Checking URL: https://cdn-universe.flyff.com/icon/favicon-16x16.png, against extension: .png, processed URL: https://cdn-universe.flyff.com/icon/favicon-16x16.png
07-14 06:20:06.833 30123 30187 D WebViewCache: isStaticAsset: https://cdn-universe.flyff.com/icon/favicon-16x16.png is a static asset (..png)
07-14 06:20:06.833 30123 30187 D WebViewCache: Using shared cache for: https://cdn-universe.flyff.com/icon/favicon-16x16.png
07-14 06:20:06.833 30123 30188 D WebViewCache: Requesting URL: https://cdn-universe.flyff.com/icon/favicon-32x32.png, Host: cdn-universe.flyff.com
07-14 06:20:06.833 30123 30188 D WebViewCache: isStaticAsset: Checking URL: https://cdn-universe.flyff.com/icon/favicon-32x32.png, against extension: .png, processed URL: https://cdn-universe.flyff.com/icon/favicon-32x32.png
07-14 06:20:06.833 30123 30188 D WebViewCache: isStaticAsset: https://cdn-universe.flyff.com/icon/favicon-32x32.png is a static asset (..png)
07-14 06:20:06.833 30123 30188 D WebViewCache: Using shared cache for: https://cdn-universe.flyff.com/icon/favicon-32x32.png
07-14 06:20:06.834 30123 30187 D WebViewCache: Checking cache for: /data/user/0/com.droidev.flyffuwebviewclient/cache/webgl_cache/25b814ac7f1d94deeed84d78a409edd0_favicon-16x16.png
07-14 06:20:06.834 30123 30188 D WebViewCache: Checking cache for: /data/user/0/com.droidev.flyffuwebviewclient/cache/webgl_cache/c100d48e3a77c246aa5cfa0a7bd5f31c_favicon-32x32.png
07-14 06:20:06.834 30123 30187 D WebViewCache: Fetching from network: https://cdn-universe.flyff.com/icon/favicon-16x16.png
07-14 06:20:06.834 30123 30188 D WebViewCache: Fetching from network: https://cdn-universe.flyff.com/icon/favicon-32x32.png
07-14 06:20:06.843 30123 30123 D WebViewCache: Page finished loading: https://universe.flyff.com/play
07-14 06:20:06.850 30123 30187 D WebViewCache: Using server Content-Type: image/png for URL: https://cdn-universe.flyff.com/icon/favicon-16x16.png
07-14 06:20:06.851 30123 30187 D WebViewCache: File: 32906c29547f5cc6af1ce82d9e8e8485_curdelay.png, Size: 682 bytes, Total: 682 bytes
07-14 06:20:06.851 30123 30187 D WebViewCache: File: 25b814ac7f1d94deeed84d78a409edd0_favicon-16x16.png, Size: 764 bytes, Total: 1446 bytes
07-14 06:20:06.851 30123 30187 D WebViewCache: Current cache size: 0MB
07-14 06:20:06.851 30123 30187 D WebViewCache: Saved to cache: /data/user/0/com.droidev.flyffuwebviewclient/cache/webgl_cache/25b814ac7f1d94deeed84d78a409edd0_favicon-16x16.png
07-14 06:20:06.901 30123 30187 D WebViewCache: Requesting URL: https://cdn-universe.flyff.com/client/filemap.bin?249, Host: cdn-universe.flyff.com
07-14 06:20:06.901 30123 30187 D WebViewCache: isStaticAsset: Checking URL: https://cdn-universe.flyff.com/client/filemap.bin?249, against extension: .png, processed URL: https://cdn-universe.flyff.com/client/filemap.bin
07-14 06:20:06.901 30123 30187 D WebViewCache: isStaticAsset: Checking URL: https://cdn-universe.flyff.com/client/filemap.bin?249, against extension: .jpg, processed URL: https://cdn-universe.flyff.com/client/filemap.bin
07-14 06:20:06.901 30123 30187 D WebViewCache: isStaticAsset: Checking URL: https://cdn-universe.flyff.com/client/filemap.bin?249, against extension: .jpeg, processed URL: https://cdn-universe.flyff.com/client/filemap.bin
07-14 06:20:06.901 30123 30187 D WebViewCache: isStaticAsset: Checking URL: https://cdn-universe.flyff.com/client/filemap.bin?249, against extension: .gltf, processed URL: https://cdn-universe.flyff.com/client/filemap.bin
07-14 06:20:06.901 30123 30187 D WebViewCache: isStaticAsset: Checking URL: https://cdn-universe.flyff.com/client/filemap.bin?249, against extension: .bin, processed URL: https://cdn-universe.flyff.com/client/filemap.bin
07-14 06:20:06.901 30123 30187 D WebViewCache: isStaticAsset: https://cdn-universe.flyff.com/client/filemap.bin?249 is a static asset (..bin)
07-14 06:20:06.901 30123 30187 D WebViewCache: Using shared cache for: https://cdn-universe.flyff.com/client/filemap.bin?249
07-14 06:20:06.902 30123 30187 D WebViewCache: Checking cache for: /data/user/0/com.droidev.flyffuwebviewclient/cache/webgl_cache/10b8cd87b525b62a437e0bd87ca8f77a_filemap.bin_249
07-14 06:20:06.902 30123 30187 D WebViewCache: Fetching from network: https://cdn-universe.flyff.com/client/filemap.bin?249
07-14 06:20:06.981 30123 30187 D WebViewCache: Using server Content-Type: application/octet-stream for URL: https://cdn-universe.flyff.com/client/filemap.bin?249
07-14 06:20:06.982 30123 30187 D WebViewCache: File: 32906c29547f5cc6af1ce82d9e8e8485_curdelay.png, Size: 682 bytes, Total: 682 bytes
07-14 06:20:06.982 30123 30187 D WebViewCache: File: 25b814ac7f1d94deeed84d78a409edd0_favicon-16x16.png, Size: 764 bytes, Total: 1446 bytes
07-14 06:20:06.982 30123 30187 D WebViewCache: File: 10b8cd87b525b62a437e0bd87ca8f77a_filemap.bin_249, Size: 550037 bytes, Total: 551483 bytes
07-14 06:20:06.982 30123 30187 D WebViewCache: Current cache size: 0MB
07-14 06:20:06.982 30123 30187 D WebViewCache: Saved to cache: /data/user/0/com.droidev.flyffuwebviewclient/cache/webgl_cache/10b8cd87b525b62a437e0bd87ca8f77a_filemap.bin_249
07-14 06:20:06.997 30123 30188 D WebViewCache: Using server Content-Type: image/png for URL: https://cdn-universe.flyff.com/icon/favicon-32x32.png
07-14 06:20:06.998 30123 30188 D WebViewCache: File: 32906c29547f5cc6af1ce82d9e8e8485_curdelay.png, Size: 682 bytes, Total: 682 bytes
07-14 06:20:06.998 30123 30188 D WebViewCache: File: 25b814ac7f1d94deeed84d78a409edd0_favicon-16x16.png, Size: 764 bytes, Total: 1446 bytes
07-14 06:20:06.998 30123 30188 D WebViewCache: File: 10b8cd87b525b62a437e0bd87ca8f77a_filemap.bin_249, Size: 550037 bytes, Total: 551483 bytes
07-14 06:20:06.998 30123 30188 D WebViewCache: File: c100d48e3a77c246aa5cfa0a7bd5f31c_favicon-32x32.png, Size: 2051 bytes, Total: 553534 bytes
07-14 06:20:06.998 30123 30188 D WebViewCache: Current cache size: 0MB
07-14 06:20:06.998 30123 30188 D WebViewCache: Saved to cache: /data/user/0/com.droidev.flyffuwebviewclient/cache/webgl_cache/c100d48e3a77c246aa5cfa0a7bd5f31c_favicon-32x32.png
07-14 06:20:11.125 30123 30187 D WebViewCache: Requesting URL: https://js.stripe.com/v3/m-outer-3437aaddcdf6922d623e172c2d6f9278.html#url=https%3A%2F%2Funiverse.flyff.com%2Fplay&title=Flyff%20Universe&referrer=&muid=NA&sid=NA&version=6&preview=false&__shared_params__[version]=basil, Host: js.stripe.com
07-14 06:20:11.125 30123 30187 D WebViewCache: Bypassing interception for non-target domain: js.stripe.com
07-14 06:20:11.173 30123 30187 D WebViewCache: Requesting URL: https://js.stripe.com/v3/fingerprinted/js/m-outer-15a2b40a058ddff1cffdb63779fe3de1.js, Host: js.stripe.com
07-14 06:20:11.173 30123 30187 D WebViewCache: Bypassing interception for non-target domain: js.stripe.com
07-14 06:20:11.197 30123 30187 D WebViewCache: Requesting URL: https://m.stripe.network/inner.html#url=https%3A%2F%2Funiverse.flyff.com%2Fplay&title=Flyff%20Universe&referrer=&muid=NA&sid=NA&version=6&preview=false&__shared_params__[version]=basil, Host: m.stripe.network
07-14 06:20:11.197 30123 30187 D WebViewCache: Bypassing interception for non-target domain: m.stripe.network
07-14 06:20:11.269 30123 30187 D WebViewCache: Requesting URL: https://m.stripe.network/out-4.5.44.js, Host: m.stripe.network
07-14 06:20:11.269 30123 30187 D WebViewCache: Bypassing interception for non-target domain: m.stripe.network
07-14 06:20:11.745 30123 30187 D WebViewCache: Requesting URL: https://m.stripe.com/6, Host: m.stripe.com
07-14 06:20:11.745 30123 30187 D WebViewCache: Bypassing interception for non-target domain: m.stripe.com
07-14 06:20:12.617 30123 30187 D WebViewCache: Requesting URL: https://m.stripe.com/6, Host: m.stripe.com
07-14 06:20:12.617 30123 30187 D WebViewCache: Bypassing interception for non-target domain: m.stripe.com
07-14 06:20:13.625 30123 30123 D WebViewCache: Loading initial URL: https://universe.flyff.com/play
07-14 06:20:13.626 30123 30187 D WebViewCache: Requesting URL: https://universe.flyff.com/play, Host: universe.flyff.com
07-14 06:20:13.626 30123 30187 D WebViewCache: isStaticAsset: Checking URL: https://universe.flyff.com/play, against extension: .png, processed URL: https://universe.flyff.com/play
07-14 06:20:13.626 30123 30187 D WebViewCache: isStaticAsset: Checking URL: https://universe.flyff.com/play, against extension: .jpg, processed URL: https://universe.flyff.com/play
07-14 06:20:13.626 30123 30187 D WebViewCache: isStaticAsset: Checking URL: https://universe.flyff.com/play, against extension: .jpeg, processed URL: https://universe.flyff.com/play
07-14 06:20:13.626 30123 30187 D WebViewCache: isStaticAsset: Checking URL: https://universe.flyff.com/play, against extension: .gltf, processed URL: https://universe.flyff.com/play
07-14 06:20:13.626 30123 30187 D WebViewCache: isStaticAsset: Checking URL: https://universe.flyff.com/play, against extension: .bin, processed URL: https://universe.flyff.com/play
07-14 06:20:13.627 30123 30187 D WebViewCache: isStaticAsset: Checking URL: https://universe.flyff.com/play, against extension: .mp3, processed URL: https://universe.flyff.com/play
07-14 06:20:13.627 30123 30187 D WebViewCache: isStaticAsset: Checking URL: https://universe.flyff.com/play, against extension: .ogg, processed URL: https://universe.flyff.com/play
07-14 06:20:13.627 30123 30187 D WebViewCache: isStaticAsset: https://universe.flyff.com/play is NOT a static asset.
07-14 06:20:13.954 30123 30189 D WebViewCache: Requesting URL: https://cdn-universe.flyff.com/site/assets/js/userCentricsConsentMode.js?v1.1.7.5, Host: cdn-universe.flyff.com
07-14 06:20:13.954 30123 30188 D WebViewCache: Requesting URL: https://web.cmp.usercentrics.eu/ui/loader.js, Host: web.cmp.usercentrics.eu
07-14 06:20:13.954 30123 30189 D WebViewCache: isStaticAsset: Checking URL: https://cdn-universe.flyff.com/site/assets/js/userCentricsConsentMode.js?v1.1.7.5, against extension: .png, processed URL: https://cdn-universe.flyff.com/site/assets/js/usercentricsconsentmode.js
07-14 06:20:13.954 30123 30188 D WebViewCache: Bypassing interception for non-target domain: web.cmp.usercentrics.eu
07-14 06:20:13.954 30123 30189 D WebViewCache: isStaticAsset: Checking URL: https://cdn-universe.flyff.com/site/assets/js/userCentricsConsentMode.js?v1.1.7.5, against extension: .jpg, processed URL: https://cdn-universe.flyff.com/site/assets/js/usercentricsconsentmode.js
07-14 06:20:13.954 30123 30189 D WebViewCache: isStaticAsset: Checking URL: https://cdn-universe.flyff.com/site/assets/js/userCentricsConsentMode.js?v1.1.7.5, against extension: .jpeg, processed URL: https://cdn-universe.flyff.com/site/assets/js/usercentricsconsentmode.js
07-14 06:20:13.954 30123 30189 D WebViewCache: isStaticAsset: Checking URL: https://cdn-universe.flyff.com/site/assets/js/userCentricsConsentMode.js?v1.1.7.5, against extension: .gltf, processed URL: https://cdn-universe.flyff.com/site/assets/js/usercentricsconsentmode.js
07-14 06:20:13.954 30123 30189 D WebViewCache: isStaticAsset: Checking URL: https://cdn-universe.flyff.com/site/assets/js/userCentricsConsentMode.js?v1.1.7.5, against extension: .bin, processed URL: https://cdn-universe.flyff.com/site/assets/js/usercentricsconsentmode.js
07-14 06:20:13.954 30123 30189 D WebViewCache: isStaticAsset: Checking URL: https://cdn-universe.flyff.com/site/assets/js/userCentricsConsentMode.js?v1.1.7.5, against extension: .mp3, processed URL: https://cdn-universe.flyff.com/site/assets/js/usercentricsconsentmode.js
07-14 06:20:13.954 30123 30189 D WebViewCache: isStaticAsset: Checking URL: https://cdn-universe.flyff.com/site/assets/js/userCentricsConsentMode.js?v1.1.7.5, against extension: .ogg, processed URL: https://cdn-universe.flyff.com/site/assets/js/usercentricsconsentmode.js
07-14 06:20:13.954 30123 30189 D WebViewCache: isStaticAsset: https://cdn-universe.flyff.com/site/assets/js/userCentricsConsentMode.js?v1.1.7.5 is NOT a static asset.
07-14 06:20:13.954 30123 30191 D WebViewCache: Requesting URL: https://js.stripe.com/basil/stripe.js, Host: js.stripe.com
07-14 06:20:13.954 30123 30191 D WebViewCache: Bypassing interception for non-target domain: js.stripe.com
07-14 06:20:13.975 30123 30187 D WebViewCache: Requesting URL: https://web.cmp.usercentrics.eu/ui/v/3.60.0/WebSdk.lib.bb0442d7.js, Host: web.cmp.usercentrics.eu
07-14 06:20:13.975 30123 30187 D WebViewCache: Bypassing interception for non-target domain: web.cmp.usercentrics.eu
07-14 06:20:14.013 30123 30187 D WebViewCache: Requesting URL: https://www.googletagmanager.com/gtm.js?id=GTM-M7SJX2S, Host: www.googletagmanager.com
07-14 06:20:14.013 30123 30187 D WebViewCache: Bypassing interception for non-target domain: www.googletagmanager.com
07-14 06:20:14.013 30123 30188 D WebViewCache: Requesting URL: https://dynamic.criteo.com/js/ld/ld.js?a=99110, Host: dynamic.criteo.com
07-14 06:20:14.013 30123 30188 D WebViewCache: Bypassing interception for non-target domain: dynamic.criteo.com
07-14 06:20:14.036 30123 30188 D WebViewCache: Requesting URL: https://cdn-universe.flyff.com/client/cursor/curdelay.png, Host: cdn-universe.flyff.com
07-14 06:20:14.036 30123 30188 D WebViewCache: isStaticAsset: Checking URL: https://cdn-universe.flyff.com/client/cursor/curdelay.png, against extension: .png, processed URL: https://cdn-universe.flyff.com/client/cursor/curdelay.png
07-14 06:20:14.036 30123 30188 D WebViewCache: isStaticAsset: https://cdn-universe.flyff.com/client/cursor/curdelay.png is a static asset (..png)
07-14 06:20:14.036 30123 30188 D WebViewCache: Using shared cache for: https://cdn-universe.flyff.com/client/cursor/curdelay.png
07-14 06:20:14.037 30123 30188 D WebViewCache: Checking cache for: /data/user/0/com.droidev.flyffuwebviewclient/cache/webgl_cache/32906c29547f5cc6af1ce82d9e8e8485_curdelay.png
07-14 06:20:14.037 30123 30188 D WebViewCache: Cache hit for: /data/user/0/com.droidev.flyffuwebviewclient/cache/webgl_cache/32906c29547f5cc6af1ce82d9e8e8485_curdelay.png
07-14 06:20:14.039 30123 30188 D WebViewCache: Adding If-None-Match: "bdb760ffa566902d68ac62fa3b052bfc"
07-14 06:20:14.039 30123 30188 D WebViewCache: Adding If-Modified-Since: Tue, 27 May 2025 08:36:13 GMT
07-14 06:20:14.041 30123 30187 D WebViewCache: Requesting URL: https://cdn-universe.flyff.com/client/program/web/main-wasm32.wasm?249, Host: cdn-universe.flyff.com
07-14 06:20:14.041 30123 30187 D WebViewCache: isStaticAsset: Checking URL: https://cdn-universe.flyff.com/client/program/web/main-wasm32.wasm?249, against extension: .png, processed URL: https://cdn-universe.flyff.com/client/program/web/main-wasm32.wasm
07-14 06:20:14.042 30123 30187 D WebViewCache: isStaticAsset: Checking URL: https://cdn-universe.flyff.com/client/program/web/main-wasm32.wasm?249, against extension: .jpg, processed URL: https://cdn-universe.flyff.com/client/program/web/main-wasm32.wasm
07-14 06:20:14.042 30123 30187 D WebViewCache: isStaticAsset: Checking URL: https://cdn-universe.flyff.com/client/program/web/main-wasm32.wasm?249, against extension: .jpeg, processed URL: https://cdn-universe.flyff.com/client/program/web/main-wasm32.wasm
07-14 06:20:14.042 30123 30187 D WebViewCache: isStaticAsset: Checking URL: https://cdn-universe.flyff.com/client/program/web/main-wasm32.wasm?249, against extension: .gltf, processed URL: https://cdn-universe.flyff.com/client/program/web/main-wasm32.wasm
07-14 06:20:14.042 30123 30187 D WebViewCache: isStaticAsset: Checking URL: https://cdn-universe.flyff.com/client/program/web/main-wasm32.wasm?249, against extension: .bin, processed URL: https://cdn-universe.flyff.com/client/program/web/main-wasm32.wasm
07-14 06:20:14.042 30123 30187 D WebViewCache: isStaticAsset: Checking URL: https://cdn-universe.flyff.com/client/program/web/main-wasm32.wasm?249, against extension: .mp3, processed URL: https://cdn-universe.flyff.com/client/program/web/main-wasm32.wasm
07-14 06:20:14.042 30123 30187 D WebViewCache: isStaticAsset: Checking URL: https://cdn-universe.flyff.com/client/program/web/main-wasm32.wasm?249, against extension: .ogg, processed URL: https://cdn-universe.flyff.com/client/program/web/main-wasm32.wasm
07-14 06:20:14.042 30123 30187 D WebViewCache: isStaticAsset: https://cdn-universe.flyff.com/client/program/web/main-wasm32.wasm?249 is NOT a static asset.
07-14 06:20:14.050 30123 30189 D WebViewCache: Requesting URL: https://v1.api.service.cmp.usercentrics.eu/latest/core/fxO_4ss0Wa26_C, Host: v1.api.service.cmp.usercentrics.eu
07-14 06:20:14.050 30123 30189 D WebViewCache: Bypassing interception for non-target domain: v1.api.service.cmp.usercentrics.eu
07-14 06:20:14.052 30123 30187 D WebViewCache: Requesting URL: https://www.gstatic.com/recaptcha/releases/_cn5mBoBXIA0_T7xBjxkUqUA/recaptcha__pt_br.js, Host: www.gstatic.com
07-14 06:20:14.053 30123 30187 D WebViewCache: Bypassing interception for non-target domain: www.gstatic.com
07-14 06:20:14.202 30123 30187 D WebViewCache: Requesting URL: https://app.usercentrics.eu/session/1px.png?settingsId=fxO_4ss0Wa26_C, Host: app.usercentrics.eu
07-14 06:20:14.202 30123 30187 D WebViewCache: Bypassing interception for non-target domain: app.usercentrics.eu
07-14 06:20:14.204 30123 30187 D WebViewCache: Requesting URL: https://v1.api.service.cmp.usercentrics.eu/latest/1/cmp/en/TCF/fxO_4ss0Wa26_C/2.0.0/2.0.0?isOutsideEu=true&activeTcfVendorsListVersion=115&previousTcfVendorsListVersion=115&previousTcfPolicyVersion=5, Host: v1.api.service.cmp.usercentrics.eu
07-14 06:20:14.204 30123 30187 D WebViewCache: Bypassing interception for non-target domain: v1.api.service.cmp.usercentrics.eu
07-14 06:20:14.216 30123 30188 D WebViewCache: Serving valid cache for: /data/user/0/com.droidev.flyffuwebviewclient/cache/webgl_cache/32906c29547f5cc6af1ce82d9e8e8485_curdelay.png (304 Not Modified)
07-14 06:20:14.229 30123 30123 D WebViewCache: Page finished loading: https://universe.flyff.com/play
07-14 06:20:14.251 30123 30187 D WebViewCache: Requesting URL: https://cdn-universe.flyff.com/icon/favicon-16x16.png, Host: cdn-universe.flyff.com
07-14 06:20:14.251 30123 30187 D WebViewCache: isStaticAsset: Checking URL: https://cdn-universe.flyff.com/icon/favicon-16x16.png, against extension: .png, processed URL: https://cdn-universe.flyff.com/icon/favicon-16x16.png
07-14 06:20:14.251 30123 30187 D WebViewCache: isStaticAsset: https://cdn-universe.flyff.com/icon/favicon-16x16.png is a static asset (..png)
07-14 06:20:14.251 30123 30187 D WebViewCache: Using shared cache for: https://cdn-universe.flyff.com/icon/favicon-16x16.png
07-14 06:20:14.252 30123 30187 D WebViewCache: Checking cache for: /data/user/0/com.droidev.flyffuwebviewclient/cache/webgl_cache/25b814ac7f1d94deeed84d78a409edd0_favicon-16x16.png
07-14 06:20:14.252 30123 30187 D WebViewCache: Cache hit for: /data/user/0/com.droidev.flyffuwebviewclient/cache/webgl_cache/25b814ac7f1d94deeed84d78a409edd0_favicon-16x16.png
07-14 06:20:14.253 30123 30187 D WebViewCache: Adding If-None-Match: "5d177f8156a8fcab89b127cd11816872"
07-14 06:20:14.253 30123 30187 D WebViewCache: Adding If-Modified-Since: Thu, 29 May 2025 09:34:44 GMT
07-14 06:20:14.260 30123 30189 D WebViewCache: Requesting URL: https://cdn-universe.flyff.com/client/program/web/main-wasm32.js?249, Host: cdn-universe.flyff.com
07-14 06:20:14.260 30123 30189 D WebViewCache: isStaticAsset: Checking URL: https://cdn-universe.flyff.com/client/program/web/main-wasm32.js?249, against extension: .png, processed URL: https://cdn-universe.flyff.com/client/program/web/main-wasm32.js
07-14 06:20:14.260 30123 30189 D WebViewCache: isStaticAsset: Checking URL: https://cdn-universe.flyff.com/client/program/web/main-wasm32.js?249, against extension: .jpg, processed URL: https://cdn-universe.flyff.com/client/program/web/main-wasm32.js
07-14 06:20:14.260 30123 30189 D WebViewCache: isStaticAsset: Checking URL: https://cdn-universe.flyff.com/client/program/web/main-wasm32.js?249, against extension: .jpeg, processed URL: https://cdn-universe.flyff.com/client/program/web/main-wasm32.js
07-14 06:20:14.260 30123 30189 D WebViewCache: isStaticAsset: Checking URL: https://cdn-universe.flyff.com/client/program/web/main-wasm32.js?249, against extension: .gltf, processed URL: https://cdn-universe.flyff.com/client/program/web/main-wasm32.js
07-14 06:20:14.260 30123 30189 D WebViewCache: isStaticAsset: Checking URL: https://cdn-universe.flyff.com/client/program/web/main-wasm32.js?249, against extension: .bin, processed URL: https://cdn-universe.flyff.com/client/program/web/main-wasm32.js
07-14 06:20:14.260 30123 30189 D WebViewCache: isStaticAsset: Checking URL: https://cdn-universe.flyff.com/client/program/web/main-wasm32.js?249, against extension: .mp3, processed URL: https://cdn-universe.flyff.com/client/program/web/main-wasm32.js
07-14 06:20:14.260 30123 30189 D WebViewCache: isStaticAsset: Checking URL: https://cdn-universe.flyff.com/client/program/web/main-wasm32.js?249, against extension: .ogg, processed URL: https://cdn-universe.flyff.com/client/program/web/main-wasm32.js
07-14 06:20:14.260 30123 30189 D WebViewCache: isStaticAsset: https://cdn-universe.flyff.com/client/program/web/main-wasm32.js?249 is NOT a static asset.
07-14 06:20:14.261 30123 30188 D WebViewCache: Requesting URL: https://cdn-universe.flyff.com/icon/favicon-32x32.png, Host: cdn-universe.flyff.com
07-14 06:20:14.261 30123 30188 D WebViewCache: isStaticAsset: Checking URL: https://cdn-universe.flyff.com/icon/favicon-32x32.png, against extension: .png, processed URL: https://cdn-universe.flyff.com/icon/favicon-32x32.png
07-14 06:20:14.261 30123 30188 D WebViewCache: isStaticAsset: https://cdn-universe.flyff.com/icon/favicon-32x32.png is a static asset (..png)
07-14 06:20:14.261 30123 30188 D WebViewCache: Using shared cache for: https://cdn-universe.flyff.com/icon/favicon-32x32.png
07-14 06:20:14.262 30123 30188 D WebViewCache: Checking cache for: /data/user/0/com.droidev.flyffuwebviewclient/cache/webgl_cache/c100d48e3a77c246aa5cfa0a7bd5f31c_favicon-32x32.png
07-14 06:20:14.262 30123 30188 D WebViewCache: Cache hit for: /data/user/0/com.droidev.flyffuwebviewclient/cache/webgl_cache/c100d48e3a77c246aa5cfa0a7bd5f31c_favicon-32x32.png
07-14 06:20:14.263 30123 30188 D WebViewCache: Adding If-None-Match: "eae9e6d9ab72cd3fbb9b652677f8a1dc"
07-14 06:20:14.263 30123 30188 D WebViewCache: Adding If-Modified-Since: Thu, 29 May 2025 09:34:44 GMT
07-14 06:20:14.268 30123 30187 D WebViewCache: Serving valid cache for: /data/user/0/com.droidev.flyffuwebviewclient/cache/webgl_cache/25b814ac7f1d94deeed84d78a409edd0_favicon-16x16.png (304 Not Modified)
07-14 06:20:14.275 30123 30188 D WebViewCache: Serving valid cache for: /data/user/0/com.droidev.flyffuwebviewclient/cache/webgl_cache/c100d48e3a77c246aa5cfa0a7bd5f31c_favicon-32x32.png (304 Not Modified)
07-14 06:20:14.309 30123 30187 D WebViewCache: Requesting URL: https://cdn-universe.flyff.com/client/filemap.bin?249, Host: cdn-universe.flyff.com
07-14 06:20:14.309 30123 30187 D WebViewCache: isStaticAsset: Checking URL: https://cdn-universe.flyff.com/client/filemap.bin?249, against extension: .png, processed URL: https://cdn-universe.flyff.com/client/filemap.bin
07-14 06:20:14.309 30123 30187 D WebViewCache: isStaticAsset: Checking URL: https://cdn-universe.flyff.com/client/filemap.bin?249, against extension: .jpg, processed URL: https://cdn-universe.flyff.com/client/filemap.bin
07-14 06:20:14.309 30123 30187 D WebViewCache: isStaticAsset: Checking URL: https://cdn-universe.flyff.com/client/filemap.bin?249, against extension: .jpeg, processed URL: https://cdn-universe.flyff.com/client/filemap.bin
07-14 06:20:14.309 30123 30187 D WebViewCache: isStaticAsset: Checking URL: https://cdn-universe.flyff.com/client/filemap.bin?249, against extension: .gltf, processed URL: https://cdn-universe.flyff.com/client/filemap.bin
07-14 06:20:14.309 30123 30187 D WebViewCache: isStaticAsset: Checking URL: https://cdn-universe.flyff.com/client/filemap.bin?249, against extension: .bin, processed URL: https://cdn-universe.flyff.com/client/filemap.bin
07-14 06:20:14.309 30123 30187 D WebViewCache: isStaticAsset: https://cdn-universe.flyff.com/client/filemap.bin?249 is a static asset (..bin)
07-14 06:20:14.309 30123 30187 D WebViewCache: Using shared cache for: https://cdn-universe.flyff.com/client/filemap.bin?249
07-14 06:20:14.309 30123 30187 D WebViewCache: Checking cache for: /data/user/0/com.droidev.flyffuwebviewclient/cache/webgl_cache/10b8cd87b525b62a437e0bd87ca8f77a_filemap.bin_249
07-14 06:20:14.310 30123 30187 D WebViewCache: Cache hit for: /data/user/0/com.droidev.flyffuwebviewclient/cache/webgl_cache/10b8cd87b525b62a437e0bd87ca8f77a_filemap.bin_249
07-14 06:20:14.311 30123 30187 D WebViewCache: Adding If-None-Match: "159dbe618d48d559444f2914b6104a2a"
07-14 06:20:14.311 30123 30187 D WebViewCache: Adding If-Modified-Since: Thu, 10 Jul 2025 06:54:34 GMT
07-14 06:20:14.328 30123 30187 D WebViewCache: Serving valid cache for: /data/user/0/com.droidev.flyffuwebviewclient/cache/webgl_cache/10b8cd87b525b62a437e0bd87ca8f77a_filemap.bin_249 (304 Not Modified)
07-14 06:20:19.774 30123 30187 D WebViewCache: Requesting URL: https://js.stripe.com/v3/m-outer-3437aaddcdf6922d623e172c2d6f9278.html#url=https%3A%2F%2Funiverse.flyff.com%2Fplay&title=Flyff%20Universe&referrer=&muid=daac85f3-46b9-48ed-9719-6bd3d8f3c08f5f62ad&sid=6d547306-f714-40ef-8c32-14001bdc6694a2166d&version=6&preview=false&__shared_params__[version]=basil, Host: js.stripe.com
07-14 06:20:19.775 30123 30187 D WebViewCache: Bypassing interception for non-target domain: js.stripe.com
07-14 06:20:19.837 30123 30187 D WebViewCache: Requesting URL: https://m.stripe.network/inner.html#url=https%3A%2F%2Funiverse.flyff.com%2Fplay&title=Flyff%20Universe&referrer=&muid=daac85f3-46b9-48ed-9719-6bd3d8f3c08f5f62ad&sid=6d547306-f714-40ef-8c32-14001bdc6694a2166d&version=6&preview=false&__shared_params__[version]=basil, Host: m.stripe.network
07-14 06:20:19.837 30123 30187 D WebViewCache: Bypassing interception for non-target domain: m.stripe.network
07-14 06:20:19.868 30123 30188 D WebViewCache: Requesting URL: https://m.stripe.network/out-4.5.44.js, Host: m.stripe.network
07-14 06:20:19.868 30123 30188 D WebViewCache: Bypassing interception for non-target domain: m.stripe.network
07-14 06:20:20.738 30123 30187 D WebViewCache: Requesting URL: https://m.stripe.com/6, Host: m.stripe.com
07-14 06:20:20.739 30123 30187 D WebViewCache: Bypassing interception for non-target domain: m.stripe.com
07-14 06:20:24.756 30123 30187 D WebViewCache: Requesting URL: https://gum.criteo.com/syncframe?topUrl=universe.flyff.com&origin=onetag#{%22bundle%22:{%22identifierExtractor%22:{%22origin%22:0},%22value%22:null},%22cw%22:true,%22optout%22:{%22identifierExtractor%22:{%22origin%22:0},%22value%22:null},%22origin%22:%22onetag%22,%22tld%22:%22flyff.com%22,%22topUrl%22:%22universe.flyff.com%22,%22version%22:%225_37_0%22,%22ifa%22:{%22identifierExtractor%22:{%22origin%22:0},%22value%22:null},%22lsw%22:true,%22pm%22:0}, Host: gum.criteo.com
07-14 06:20:24.757 30123 30187 D WebViewCache: Bypassing interception for non-target domain: gum.criteo.com
07-14 06:20:24.820 30123 30187 D WebViewCache: Requesting URL: https://sslwidget.criteo.com/event?a=%5B99110%5D&v=5.37.0&otl=1&p0=e%3Dvpg&tld=flyff.com&dy=1&fu=https%253A%252F%252Funiverse.flyff.com%252Fplay&ceid=96bfe1a3-bb0e-437f-8bf3-e7e26971957d, Host: sslwidget.criteo.com
07-14 06:20:24.820 30123 30187 D WebViewCache: Bypassing interception for non-target domain: sslwidget.criteo.com
07-14 06:20:25.453 30123 30188 D WebViewCache: Requesting URL: https://gum.criteo.com/sid/json?origin=onetag&domain=flyff.com&sn=AndroidSyncframe&so=undefined&topUrl=universe.flyff.com&topicsavail=0&fledgeavail=0, Host: gum.criteo.com
07-14 06:20:25.453 30123 30188 D WebViewCache: Bypassing interception for non-target domain: gum.criteo.com
07-14 06:20:35.646 30123 30123 D WebViewCache: Loading initial URL: https://universe.flyff.com/play
07-14 06:20:35.648 30123 30187 D WebViewCache: Requesting URL: https://universe.flyff.com/play, Host: universe.flyff.com
07-14 06:20:35.649 30123 30187 D WebViewCache: isStaticAsset: Checking URL: https://universe.flyff.com/play, against extension: .png, processed URL: https://universe.flyff.com/play
07-14 06:20:35.649 30123 30187 D WebViewCache: isStaticAsset: Checking URL: https://universe.flyff.com/play, against extension: .jpg, processed URL: https://universe.flyff.com/play
07-14 06:20:35.649 30123 30187 D WebViewCache: isStaticAsset: Checking URL: https://universe.flyff.com/play, against extension: .jpeg, processed URL: https://universe.flyff.com/play
07-14 06:20:35.649 30123 30187 D WebViewCache: isStaticAsset: Checking URL: https://universe.flyff.com/play, against extension: .gltf, processed URL: https://universe.flyff.com/play
07-14 06:20:35.649 30123 30187 D WebViewCache: isStaticAsset: Checking URL: https://universe.flyff.com/play, against extension: .bin, processed URL: https://universe.flyff.com/play
07-14 06:20:35.649 30123 30187 D WebViewCache: isStaticAsset: Checking URL: https://universe.flyff.com/play, against extension: .mp3, processed URL: https://universe.flyff.com/play
07-14 06:20:35.649 30123 30187 D WebViewCache: isStaticAsset: Checking URL: https://universe.flyff.com/play, against extension: .ogg, processed URL: https://universe.flyff.com/play
07-14 06:20:35.649 30123 30187 D WebViewCache: isStaticAsset: https://universe.flyff.com/play is NOT a static asset.
07-14 06:20:36.011 30123 30189 D WebViewCache: Requesting URL: https://web.cmp.usercentrics.eu/ui/loader.js, Host: web.cmp.usercentrics.eu
07-14 06:20:36.011 30123 30189 D WebViewCache: Bypassing interception for non-target domain: web.cmp.usercentrics.eu
07-14 06:20:36.014 30123 30188 D WebViewCache: Requesting URL: https://cdn-universe.flyff.com/site/assets/js/userCentricsConsentMode.js?v1.1.7.5, Host: cdn-universe.flyff.com
07-14 06:20:36.014 30123 30188 D WebViewCache: isStaticAsset: Checking URL: https://cdn-universe.flyff.com/site/assets/js/userCentricsConsentMode.js?v1.1.7.5, against extension: .png, processed URL: https://cdn-universe.flyff.com/site/assets/js/usercentricsconsentmode.js
07-14 06:20:36.014 30123 30188 D WebViewCache: isStaticAsset: Checking URL: https://cdn-universe.flyff.com/site/assets/js/userCentricsConsentMode.js?v1.1.7.5, against extension: .jpg, processed URL: https://cdn-universe.flyff.com/site/assets/js/usercentricsconsentmode.js
07-14 06:20:36.014 30123 30188 D WebViewCache: isStaticAsset: Checking URL: https://cdn-universe.flyff.com/site/assets/js/userCentricsConsentMode.js?v1.1.7.5, against extension: .jpeg, processed URL: https://cdn-universe.flyff.com/site/assets/js/usercentricsconsentmode.js
07-14 06:20:36.014 30123 30188 D WebViewCache: isStaticAsset: Checking URL: https://cdn-universe.flyff.com/site/assets/js/userCentricsConsentMode.js?v1.1.7.5, against extension: .gltf, processed URL: https://cdn-universe.flyff.com/site/assets/js/usercentricsconsentmode.js
07-14 06:20:36.014 30123 30188 D WebViewCache: isStaticAsset: Checking URL: https://cdn-universe.flyff.com/site/assets/js/userCentricsConsentMode.js?v1.1.7.5, against extension: .bin, processed URL: https://cdn-universe.flyff.com/site/assets/js/usercentricsconsentmode.js
07-14 06:20:36.014 30123 30188 D WebViewCache: isStaticAsset: Checking URL: https://cdn-universe.flyff.com/site/assets/js/userCentricsConsentMode.js?v1.1.7.5, against extension: .mp3, processed URL: https://cdn-universe.flyff.com/site/assets/js/usercentricsconsentmode.js
07-14 06:20:36.014 30123 30188 D WebViewCache: isStaticAsset: Checking URL: https://cdn-universe.flyff.com/site/assets/js/userCentricsConsentMode.js?v1.1.7.5, against extension: .ogg, processed URL: https://cdn-universe.flyff.com/site/assets/js/usercentricsconsentmode.js
07-14 06:20:36.014 30123 30188 D WebViewCache: isStaticAsset: https://cdn-universe.flyff.com/site/assets/js/userCentricsConsentMode.js?v1.1.7.5 is NOT a static asset.
