--------- beginning of main
07-14 06:30:21.496  3424  3424 D WebViewCache: Loading initial URL: https://universe.flyff.com/play
07-14 06:30:21.498  3424  3478 D WebViewCache: Requesting URL: https://universe.flyff.com/play, Host: universe.flyff.com
07-14 06:30:21.498  3424  3478 D WebViewCache: isStaticAsset: Checking URL: https://universe.flyff.com/play, against extension: .png, processed URL: https://universe.flyff.com/play
07-14 06:30:21.498  3424  3478 D WebViewCache: isStaticAsset: Checking URL: https://universe.flyff.com/play, against extension: .jpg, processed URL: https://universe.flyff.com/play
07-14 06:30:21.499  3424  3478 D WebViewCache: isStaticAsset: Checking URL: https://universe.flyff.com/play, against extension: .jpeg, processed URL: https://universe.flyff.com/play
07-14 06:30:21.499  3424  3478 D WebViewCache: isStaticAsset: Checking URL: https://universe.flyff.com/play, against extension: .gltf, processed URL: https://universe.flyff.com/play
07-14 06:30:21.499  3424  3478 D WebViewCache: isStaticAsset: Checking URL: https://universe.flyff.com/play, against extension: .bin, processed URL: https://universe.flyff.com/play
07-14 06:30:21.499  3424  3478 D WebViewCache: isStaticAsset: Checking URL: https://universe.flyff.com/play, against extension: .mp3, processed URL: https://universe.flyff.com/play
07-14 06:30:21.499  3424  3478 D WebViewCache: isStaticAsset: Checking URL: https://universe.flyff.com/play, against extension: .ogg, processed URL: https://universe.flyff.com/play
07-14 06:30:21.499  3424  3478 D WebViewCache: isStaticAsset: https://universe.flyff.com/play is NOT a static asset.
07-14 06:30:22.657  3424  3478 D WebViewCache: Requesting URL: https://universe.flyff.com/assets/vendor/axios/axios.min.js?v1.1.7, Host: universe.flyff.com
07-14 06:30:22.657  3424  3478 D WebViewCache: isStaticAsset: Checking URL: https://universe.flyff.com/assets/vendor/axios/axios.min.js?v1.1.7, against extension: .png, processed URL: https://universe.flyff.com/assets/vendor/axios/axios.min.js
07-14 06:30:22.657  3424  3478 D WebViewCache: isStaticAsset: Checking URL: https://universe.flyff.com/assets/vendor/axios/axios.min.js?v1.1.7, against extension: .jpg, processed URL: https://universe.flyff.com/assets/vendor/axios/axios.min.js
07-14 06:30:22.657  3424  3478 D WebViewCache: isStaticAsset: Checking URL: https://universe.flyff.com/assets/vendor/axios/axios.min.js?v1.1.7, against extension: .jpeg, processed URL: https://universe.flyff.com/assets/vendor/axios/axios.min.js
07-14 06:30:22.657  3424  3478 D WebViewCache: isStaticAsset: Checking URL: https://universe.flyff.com/assets/vendor/axios/axios.min.js?v1.1.7, against extension: .gltf, processed URL: https://universe.flyff.com/assets/vendor/axios/axios.min.js
07-14 06:30:22.657  3424  3478 D WebViewCache: isStaticAsset: Checking URL: https://universe.flyff.com/assets/vendor/axios/axios.min.js?v1.1.7, against extension: .bin, processed URL: https://universe.flyff.com/assets/vendor/axios/axios.min.js
07-14 06:30:22.657  3424  3478 D WebViewCache: isStaticAsset: Checking URL: https://universe.flyff.com/assets/vendor/axios/axios.min.js?v1.1.7, against extension: .mp3, processed URL: https://universe.flyff.com/assets/vendor/axios/axios.min.js
07-14 06:30:22.657  3424  3478 D WebViewCache: isStaticAsset: Checking URL: https://universe.flyff.com/assets/vendor/axios/axios.min.js?v1.1.7, against extension: .ogg, processed URL: https://universe.flyff.com/assets/vendor/axios/axios.min.js
07-14 06:30:22.657  3424  3478 D WebViewCache: isStaticAsset: https://universe.flyff.com/assets/vendor/axios/axios.min.js?v1.1.7 is NOT a static asset.
07-14 06:30:22.657  3424  3479 D WebViewCache: Requesting URL: https://web.cmp.usercentrics.eu/tcf/stub.js, Host: web.cmp.usercentrics.eu
07-14 06:30:22.657  3424  3479 D WebViewCache: Bypassing interception for non-target domain: web.cmp.usercentrics.eu
07-14 06:30:22.660  3424  3478 D WebViewCache: Requesting URL: https://js.stripe.com/basil/stripe.js, Host: js.stripe.com
07-14 06:30:22.660  3424  3478 D WebViewCache: Bypassing interception for non-target domain: js.stripe.com
07-14 06:30:22.662  3424  3478 D WebViewCache: Requesting URL: https://www.google.com/recaptcha/api.js?render=explicit, Host: www.google.com
07-14 06:30:22.662  3424  3478 D WebViewCache: Bypassing interception for non-target domain: www.google.com
07-14 06:30:22.856  3424  3478 D WebViewCache: Requesting URL: https://web.cmp.usercentrics.eu/ui/loader.js, Host: web.cmp.usercentrics.eu
07-14 06:30:22.856  3424  3478 D WebViewCache: Bypassing interception for non-target domain: web.cmp.usercentrics.eu
07-14 06:30:22.912  3424  3478 D WebViewCache: Requesting URL: https://cdn-universe.flyff.com/site/assets/js/userCentricsConsentMode.js?v1.1.7.5, Host: cdn-universe.flyff.com
07-14 06:30:22.912  3424  3478 D WebViewCache: isStaticAsset: Checking URL: https://cdn-universe.flyff.com/site/assets/js/userCentricsConsentMode.js?v1.1.7.5, against extension: .png, processed URL: https://cdn-universe.flyff.com/site/assets/js/usercentricsconsentmode.js
07-14 06:30:22.912  3424  3478 D WebViewCache: isStaticAsset: Checking URL: https://cdn-universe.flyff.com/site/assets/js/userCentricsConsentMode.js?v1.1.7.5, against extension: .jpg, processed URL: https://cdn-universe.flyff.com/site/assets/js/usercentricsconsentmode.js
07-14 06:30:22.912  3424  3478 D WebViewCache: isStaticAsset: Checking URL: https://cdn-universe.flyff.com/site/assets/js/userCentricsConsentMode.js?v1.1.7.5, against extension: .jpeg, processed URL: https://cdn-universe.flyff.com/site/assets/js/usercentricsconsentmode.js
07-14 06:30:22.912  3424  3478 D WebViewCache: isStaticAsset: Checking URL: https://cdn-universe.flyff.com/site/assets/js/userCentricsConsentMode.js?v1.1.7.5, against extension: .gltf, processed URL: https://cdn-universe.flyff.com/site/assets/js/usercentricsconsentmode.js
07-14 06:30:22.912  3424  3478 D WebViewCache: isStaticAsset: Checking URL: https://cdn-universe.flyff.com/site/assets/js/userCentricsConsentMode.js?v1.1.7.5, against extension: .bin, processed URL: https://cdn-universe.flyff.com/site/assets/js/usercentricsconsentmode.js
07-14 06:30:22.912  3424  3478 D WebViewCache: isStaticAsset: Checking URL: https://cdn-universe.flyff.com/site/assets/js/userCentricsConsentMode.js?v1.1.7.5, against extension: .mp3, processed URL: https://cdn-universe.flyff.com/site/assets/js/usercentricsconsentmode.js
07-14 06:30:22.912  3424  3478 D WebViewCache: isStaticAsset: Checking URL: https://cdn-universe.flyff.com/site/assets/js/userCentricsConsentMode.js?v1.1.7.5, against extension: .ogg, processed URL: https://cdn-universe.flyff.com/site/assets/js/usercentricsconsentmode.js
07-14 06:30:22.912  3424  3478 D WebViewCache: isStaticAsset: https://cdn-universe.flyff.com/site/assets/js/userCentricsConsentMode.js?v1.1.7.5 is NOT a static asset.
07-14 06:30:22.915  3424  3479 D WebViewCache: Requesting URL: https://dynamic.criteo.com/js/ld/ld.js?a=99110, Host: dynamic.criteo.com
07-14 06:30:22.915  3424  3479 D WebViewCache: Bypassing interception for non-target domain: dynamic.criteo.com
07-14 06:30:22.915  3424  3479 D WebViewCache: Requesting URL: https://www.googletagmanager.com/gtm.js?id=GTM-M7SJX2S, Host: www.googletagmanager.com
07-14 06:30:22.915  3424  3479 D WebViewCache: Bypassing interception for non-target domain: www.googletagmanager.com
07-14 06:30:22.948  3424  3482 D WebViewCache: Requesting URL: https://cdn-universe.flyff.com/client/cursor/curdelay.cur, Host: cdn-universe.flyff.com
07-14 06:30:22.948  3424  3479 D WebViewCache: Requesting URL: https://cdn-universe.flyff.com/client/program/web/main-wasm32.wasm?249, Host: cdn-universe.flyff.com
07-14 06:30:22.948  3424  3482 D WebViewCache: isStaticAsset: Checking URL: https://cdn-universe.flyff.com/client/cursor/curdelay.cur, against extension: .png, processed URL: https://cdn-universe.flyff.com/client/cursor/curdelay.cur
07-14 06:30:22.948  3424  3482 D WebViewCache: isStaticAsset: Checking URL: https://cdn-universe.flyff.com/client/cursor/curdelay.cur, against extension: .jpg, processed URL: https://cdn-universe.flyff.com/client/cursor/curdelay.cur
07-14 06:30:22.948  3424  3482 D WebViewCache: isStaticAsset: Checking URL: https://cdn-universe.flyff.com/client/cursor/curdelay.cur, against extension: .jpeg, processed URL: https://cdn-universe.flyff.com/client/cursor/curdelay.cur
07-14 06:30:22.948  3424  3482 D WebViewCache: isStaticAsset: Checking URL: https://cdn-universe.flyff.com/client/cursor/curdelay.cur, against extension: .gltf, processed URL: https://cdn-universe.flyff.com/client/cursor/curdelay.cur
07-14 06:30:22.948  3424  3482 D WebViewCache: isStaticAsset: Checking URL: https://cdn-universe.flyff.com/client/cursor/curdelay.cur, against extension: .bin, processed URL: https://cdn-universe.flyff.com/client/cursor/curdelay.cur
07-14 06:30:22.948  3424  3482 D WebViewCache: isStaticAsset: Checking URL: https://cdn-universe.flyff.com/client/cursor/curdelay.cur, against extension: .mp3, processed URL: https://cdn-universe.flyff.com/client/cursor/curdelay.cur
07-14 06:30:22.948  3424  3482 D WebViewCache: isStaticAsset: Checking URL: https://cdn-universe.flyff.com/client/cursor/curdelay.cur, against extension: .ogg, processed URL: https://cdn-universe.flyff.com/client/cursor/curdelay.cur
07-14 06:30:22.948  3424  3482 D WebViewCache: isStaticAsset: https://cdn-universe.flyff.com/client/cursor/curdelay.cur is NOT a static asset.
07-14 06:30:22.948  3424  3479 D WebViewCache: isStaticAsset: Checking URL: https://cdn-universe.flyff.com/client/program/web/main-wasm32.wasm?249, against extension: .png, processed URL: https://cdn-universe.flyff.com/client/program/web/main-wasm32.wasm
07-14 06:30:22.948  3424  3479 D WebViewCache: isStaticAsset: Checking URL: https://cdn-universe.flyff.com/client/program/web/main-wasm32.wasm?249, against extension: .jpg, processed URL: https://cdn-universe.flyff.com/client/program/web/main-wasm32.wasm
07-14 06:30:22.948  3424  3479 D WebViewCache: isStaticAsset: Checking URL: https://cdn-universe.flyff.com/client/program/web/main-wasm32.wasm?249, against extension: .jpeg, processed URL: https://cdn-universe.flyff.com/client/program/web/main-wasm32.wasm
07-14 06:30:22.948  3424  3487 D WebViewCache: Requesting URL: https://cdn-universe.flyff.com/client/cursor/curdelay.png, Host: cdn-universe.flyff.com
07-14 06:30:22.948  3424  3487 D WebViewCache: isStaticAsset: Checking URL: https://cdn-universe.flyff.com/client/cursor/curdelay.png, against extension: .png, processed URL: https://cdn-universe.flyff.com/client/cursor/curdelay.png
07-14 06:30:22.949  3424  3487 D WebViewCache: isStaticAsset: https://cdn-universe.flyff.com/client/cursor/curdelay.png is a static asset (..png)
07-14 06:30:22.949  3424  3487 D WebViewCache: Using shared cache for: https://cdn-universe.flyff.com/client/cursor/curdelay.png
07-14 06:30:22.949  3424  3479 D WebViewCache: isStaticAsset: Checking URL: https://cdn-universe.flyff.com/client/program/web/main-wasm32.wasm?249, against extension: .gltf, processed URL: https://cdn-universe.flyff.com/client/program/web/main-wasm32.wasm
07-14 06:30:22.949  3424  3479 D WebViewCache: isStaticAsset: Checking URL: https://cdn-universe.flyff.com/client/program/web/main-wasm32.wasm?249, against extension: .bin, processed URL: https://cdn-universe.flyff.com/client/program/web/main-wasm32.wasm
07-14 06:30:22.949  3424  3479 D WebViewCache: isStaticAsset: Checking URL: https://cdn-universe.flyff.com/client/program/web/main-wasm32.wasm?249, against extension: .mp3, processed URL: https://cdn-universe.flyff.com/client/program/web/main-wasm32.wasm
07-14 06:30:22.949  3424  3479 D WebViewCache: isStaticAsset: Checking URL: https://cdn-universe.flyff.com/client/program/web/main-wasm32.wasm?249, against extension: .ogg, processed URL: https://cdn-universe.flyff.com/client/program/web/main-wasm32.wasm
07-14 06:30:22.949  3424  3479 D WebViewCache: isStaticAsset: https://cdn-universe.flyff.com/client/program/web/main-wasm32.wasm?249 is NOT a static asset.
07-14 06:30:22.950  3424  3487 D WebViewCache: Checking cache for: /data/user/0/com.droidev.flyffuwebviewclient/cache/webgl_cache/32906c29547f5cc6af1ce82d9e8e8485_curdelay.png
07-14 06:30:22.950  3424  3487 D WebViewCache: Fetching from network: https://cdn-universe.flyff.com/client/cursor/curdelay.png
07-14 06:30:22.994  3424  3479 D WebViewCache: Requesting URL: https://web.cmp.usercentrics.eu/ui/v/3.60.0/WebSdk.lib.bb0442d7.js, Host: web.cmp.usercentrics.eu
07-14 06:30:22.994  3424  3479 D WebViewCache: Bypassing interception for non-target domain: web.cmp.usercentrics.eu
07-14 06:30:22.995  3424  3479 D WebViewCache: Requesting URL: https://www.gstatic.com/recaptcha/releases/_cn5mBoBXIA0_T7xBjxkUqUA/recaptcha__pt_br.js, Host: www.gstatic.com
07-14 06:30:22.995  3424  3479 D WebViewCache: Bypassing interception for non-target domain: www.gstatic.com
07-14 06:30:23.057  3424  3478 D WebViewCache: Requesting URL: https://v1.api.service.cmp.usercentrics.eu/latest/core/fxO_4ss0Wa26_C, Host: v1.api.service.cmp.usercentrics.eu
07-14 06:30:23.057  3424  3478 D WebViewCache: Bypassing interception for non-target domain: v1.api.service.cmp.usercentrics.eu
07-14 06:30:23.165  3424  3487 D WebViewCache: Using server Content-Type: image/png for URL: https://cdn-universe.flyff.com/client/cursor/curdelay.png
07-14 06:30:23.166  3424  3487 D WebViewCache: File: 32906c29547f5cc6af1ce82d9e8e8485_curdelay.png, Size: 682 bytes, Total: 682 bytes
07-14 06:30:23.166  3424  3487 D WebViewCache: Current cache size: 0MB
07-14 06:30:23.166  3424  3487 D WebViewCache: Saved to cache: /data/user/0/com.droidev.flyffuwebviewclient/cache/webgl_cache/32906c29547f5cc6af1ce82d9e8e8485_curdelay.png
07-14 06:30:23.396  3424  3478 D WebViewCache: Requesting URL: https://cdn-universe.flyff.com/client/program/web/main-wasm32.js?249, Host: cdn-universe.flyff.com
07-14 06:30:23.397  3424  3478 D WebViewCache: isStaticAsset: Checking URL: https://cdn-universe.flyff.com/client/program/web/main-wasm32.js?249, against extension: .png, processed URL: https://cdn-universe.flyff.com/client/program/web/main-wasm32.js
07-14 06:30:23.397  3424  3478 D WebViewCache: isStaticAsset: Checking URL: https://cdn-universe.flyff.com/client/program/web/main-wasm32.js?249, against extension: .jpg, processed URL: https://cdn-universe.flyff.com/client/program/web/main-wasm32.js
07-14 06:30:23.397  3424  3478 D WebViewCache: isStaticAsset: Checking URL: https://cdn-universe.flyff.com/client/program/web/main-wasm32.js?249, against extension: .jpeg, processed URL: https://cdn-universe.flyff.com/client/program/web/main-wasm32.js
07-14 06:30:23.397  3424  3478 D WebViewCache: isStaticAsset: Checking URL: https://cdn-universe.flyff.com/client/program/web/main-wasm32.js?249, against extension: .gltf, processed URL: https://cdn-universe.flyff.com/client/program/web/main-wasm32.js
07-14 06:30:23.397  3424  3478 D WebViewCache: isStaticAsset: Checking URL: https://cdn-universe.flyff.com/client/program/web/main-wasm32.js?249, against extension: .bin, processed URL: https://cdn-universe.flyff.com/client/program/web/main-wasm32.js
07-14 06:30:23.397  3424  3478 D WebViewCache: isStaticAsset: Checking URL: https://cdn-universe.flyff.com/client/program/web/main-wasm32.js?249, against extension: .mp3, processed URL: https://cdn-universe.flyff.com/client/program/web/main-wasm32.js
07-14 06:30:23.397  3424  3478 D WebViewCache: isStaticAsset: Checking URL: https://cdn-universe.flyff.com/client/program/web/main-wasm32.js?249, against extension: .ogg, processed URL: https://cdn-universe.flyff.com/client/program/web/main-wasm32.js
07-14 06:30:23.397  3424  3478 D WebViewCache: isStaticAsset: https://cdn-universe.flyff.com/client/program/web/main-wasm32.js?249 is NOT a static asset.
07-14 06:30:23.447  3424  3478 D WebViewCache: Requesting URL: https://app.usercentrics.eu/session/1px.png?settingsId=fxO_4ss0Wa26_C, Host: app.usercentrics.eu
07-14 06:30:23.447  3424  3478 D WebViewCache: Bypassing interception for non-target domain: app.usercentrics.eu
07-14 06:30:23.451  3424  3479 D WebViewCache: Requesting URL: https://v1.api.service.cmp.usercentrics.eu/latest/1/cmp/en/TCF/fxO_4ss0Wa26_C/2.0.0/2.0.0?isOutsideEu=true&activeTcfVendorsListVersion=115&previousTcfVendorsListVersion=115&previousTcfPolicyVersion=5, Host: v1.api.service.cmp.usercentrics.eu
07-14 06:30:23.452  3424  3479 D WebViewCache: Bypassing interception for non-target domain: v1.api.service.cmp.usercentrics.eu
07-14 06:30:23.470  3424  3478 D WebViewCache: Requesting URL: https://web.cmp.usercentrics.eu/ui/v/3.60.0/src.6faac6e5.js, Host: web.cmp.usercentrics.eu
07-14 06:30:23.470  3424  3478 D WebViewCache: Bypassing interception for non-target domain: web.cmp.usercentrics.eu
07-14 06:30:23.470  3424  3478 D WebViewCache: Requesting URL: https://web.cmp.usercentrics.eu/ui/v/3.60.0/TcfCmpController.a2867193.js, Host: web.cmp.usercentrics.eu
07-14 06:30:23.470  3424  3478 D WebViewCache: Bypassing interception for non-target domain: web.cmp.usercentrics.eu
07-14 06:30:23.522  3424  3479 D WebViewCache: Requesting URL: https://consent-api.service.consent.usercentrics.eu/consent/uw/3, Host: consent-api.service.consent.usercentrics.eu
07-14 06:30:23.522  3424  3479 D WebViewCache: Bypassing interception for non-target domain: consent-api.service.consent.usercentrics.eu
07-14 06:30:23.644  3424  3424 D WebViewCache: Page finished loading: https://universe.flyff.com/play
07-14 06:30:23.669  3424  3478 D WebViewCache: Requesting URL: https://cdn-universe.flyff.com/icon/favicon-16x16.png, Host: cdn-universe.flyff.com
07-14 06:30:23.669  3424  3479 D WebViewCache: Requesting URL: https://cdn-universe.flyff.com/icon/favicon-32x32.png, Host: cdn-universe.flyff.com
07-14 06:30:23.669  3424  3478 D WebViewCache: isStaticAsset: Checking URL: https://cdn-universe.flyff.com/icon/favicon-16x16.png, against extension: .png, processed URL: https://cdn-universe.flyff.com/icon/favicon-16x16.png
07-14 06:30:23.669  3424  3479 D WebViewCache: isStaticAsset: Checking URL: https://cdn-universe.flyff.com/icon/favicon-32x32.png, against extension: .png, processed URL: https://cdn-universe.flyff.com/icon/favicon-32x32.png
07-14 06:30:23.669  3424  3478 D WebViewCache: isStaticAsset: https://cdn-universe.flyff.com/icon/favicon-16x16.png is a static asset (..png)
07-14 06:30:23.669  3424  3479 D WebViewCache: isStaticAsset: https://cdn-universe.flyff.com/icon/favicon-32x32.png is a static asset (..png)
07-14 06:30:23.669  3424  3478 D WebViewCache: Using shared cache for: https://cdn-universe.flyff.com/icon/favicon-16x16.png
07-14 06:30:23.669  3424  3479 D WebViewCache: Using shared cache for: https://cdn-universe.flyff.com/icon/favicon-32x32.png
07-14 06:30:23.670  3424  3478 D WebViewCache: Checking cache for: /data/user/0/com.droidev.flyffuwebviewclient/cache/webgl_cache/25b814ac7f1d94deeed84d78a409edd0_favicon-16x16.png
07-14 06:30:23.670  3424  3479 D WebViewCache: Checking cache for: /data/user/0/com.droidev.flyffuwebviewclient/cache/webgl_cache/c100d48e3a77c246aa5cfa0a7bd5f31c_favicon-32x32.png
07-14 06:30:23.670  3424  3479 D WebViewCache: Fetching from network: https://cdn-universe.flyff.com/icon/favicon-32x32.png
07-14 06:30:23.670  3424  3478 D WebViewCache: Fetching from network: https://cdn-universe.flyff.com/icon/favicon-16x16.png
07-14 06:30:23.693  3424  3479 D WebViewCache: Using server Content-Type: image/png for URL: https://cdn-universe.flyff.com/icon/favicon-32x32.png
07-14 06:30:23.693  3424  3479 D WebViewCache: File: 32906c29547f5cc6af1ce82d9e8e8485_curdelay.png, Size: 682 bytes, Total: 682 bytes
07-14 06:30:23.693  3424  3479 D WebViewCache: File: c100d48e3a77c246aa5cfa0a7bd5f31c_favicon-32x32.png, Size: 2051 bytes, Total: 2733 bytes
07-14 06:30:23.693  3424  3479 D WebViewCache: Current cache size: 0MB
07-14 06:30:23.693  3424  3479 D WebViewCache: Saved to cache: /data/user/0/com.droidev.flyffuwebviewclient/cache/webgl_cache/c100d48e3a77c246aa5cfa0a7bd5f31c_favicon-32x32.png
07-14 06:30:23.700  3424  3478 D WebViewCache: Using server Content-Type: image/png for URL: https://cdn-universe.flyff.com/icon/favicon-16x16.png
07-14 06:30:23.701  3424  3478 D WebViewCache: File: 32906c29547f5cc6af1ce82d9e8e8485_curdelay.png, Size: 682 bytes, Total: 682 bytes
07-14 06:30:23.701  3424  3478 D WebViewCache: File: c100d48e3a77c246aa5cfa0a7bd5f31c_favicon-32x32.png, Size: 2051 bytes, Total: 2733 bytes
07-14 06:30:23.701  3424  3478 D WebViewCache: File: 25b814ac7f1d94deeed84d78a409edd0_favicon-16x16.png, Size: 764 bytes, Total: 3497 bytes
07-14 06:30:23.701  3424  3478 D WebViewCache: Current cache size: 0MB
07-14 06:30:23.701  3424  3478 D WebViewCache: Saved to cache: /data/user/0/com.droidev.flyffuwebviewclient/cache/webgl_cache/25b814ac7f1d94deeed84d78a409edd0_favicon-16x16.png
07-14 06:30:23.718  3424  3478 D WebViewCache: Requesting URL: https://cdn-universe.flyff.com/client/filemap.bin?249, Host: cdn-universe.flyff.com
07-14 06:30:23.718  3424  3478 D WebViewCache: Bypassing cache for filemap.bin
07-14 06:30:23.778  3424  3478 D WebViewCache: Requesting URL: https://consent-api.service.consent.usercentrics.eu/consent/uw/3, Host: consent-api.service.consent.usercentrics.eu
07-14 06:30:23.778  3424  3478 D WebViewCache: Bypassing interception for non-target domain: consent-api.service.consent.usercentrics.eu
07-14 06:30:23.996  3424  3478 D WebViewCache: Requesting URL: https://cdn-universe.flyff.com/client/data/project.bin?10078D3B, Host: cdn-universe.flyff.com
07-14 06:30:23.996  3424  3478 D WebViewCache: isStaticAsset: Checking URL: https://cdn-universe.flyff.com/client/data/project.bin?10078D3B, against extension: .png, processed URL: https://cdn-universe.flyff.com/client/data/project.bin
07-14 06:30:23.996  3424  3478 D WebViewCache: isStaticAsset: Checking URL: https://cdn-universe.flyff.com/client/data/project.bin?10078D3B, against extension: .jpg, processed URL: https://cdn-universe.flyff.com/client/data/project.bin
07-14 06:30:23.996  3424  3478 D WebViewCache: isStaticAsset: Checking URL: https://cdn-universe.flyff.com/client/data/project.bin?10078D3B, against extension: .jpeg, processed URL: https://cdn-universe.flyff.com/client/data/project.bin
07-14 06:30:23.996  3424  3478 D WebViewCache: isStaticAsset: Checking URL: https://cdn-universe.flyff.com/client/data/project.bin?10078D3B, against extension: .gltf, processed URL: https://cdn-universe.flyff.com/client/data/project.bin
07-14 06:30:23.997  3424  3478 D WebViewCache: isStaticAsset: Checking URL: https://cdn-universe.flyff.com/client/data/project.bin?10078D3B, against extension: .bin, processed URL: https://cdn-universe.flyff.com/client/data/project.bin
07-14 06:30:23.997  3424  3478 D WebViewCache: isStaticAsset: https://cdn-universe.flyff.com/client/data/project.bin?10078D3B is a static asset (..bin)
07-14 06:30:23.997  3424  3478 D WebViewCache: Using shared cache for: https://cdn-universe.flyff.com/client/data/project.bin?10078D3B
07-14 06:30:24.000  3424  3478 D WebViewCache: Checking cache for: /data/user/0/com.droidev.flyffuwebviewclient/cache/webgl_cache/f676f38a68797a03759f50c4ff069d02_project.bin_10078D3B
07-14 06:30:24.000  3424  3478 D WebViewCache: Fetching from network: https://cdn-universe.flyff.com/client/data/project.bin?10078D3B
07-14 06:30:24.410  3424  3478 D WebViewCache: Using server Content-Type: application/octet-stream for URL: https://cdn-universe.flyff.com/client/data/project.bin?10078D3B
07-14 06:30:24.412  3424  3478 D WebViewCache: File: 32906c29547f5cc6af1ce82d9e8e8485_curdelay.png, Size: 682 bytes, Total: 682 bytes
07-14 06:30:24.413  3424  3478 D WebViewCache: File: c100d48e3a77c246aa5cfa0a7bd5f31c_favicon-32x32.png, Size: 2051 bytes, Total: 2733 bytes
07-14 06:30:24.413  3424  3478 D WebViewCache: File: 25b814ac7f1d94deeed84d78a409edd0_favicon-16x16.png, Size: 764 bytes, Total: 3497 bytes
07-14 06:30:24.413  3424  3478 D WebViewCache: File: f676f38a68797a03759f50c4ff069d02_project.bin_10078D3B, Size: 2663381 bytes, Total: 2666878 bytes
07-14 06:30:24.413  3424  3478 D WebViewCache: Current cache size: 2MB
07-14 06:30:24.413  3424  3478 D WebViewCache: Saved to cache: /data/user/0/com.droidev.flyffuwebviewclient/cache/webgl_cache/f676f38a68797a03759f50c4ff069d02_project.bin_10078D3B
07-14 06:30:24.428  3424  3478 D WebViewCache: Requesting URL: https://cdn-universe.flyff.com/client/data/project.bin?10078D3B, Host: cdn-universe.flyff.com
07-14 06:30:24.428  3424  3478 D WebViewCache: isStaticAsset: Checking URL: https://cdn-universe.flyff.com/client/data/project.bin?10078D3B, against extension: .png, processed URL: https://cdn-universe.flyff.com/client/data/project.bin
07-14 06:30:24.428  3424  3478 D WebViewCache: isStaticAsset: Checking URL: https://cdn-universe.flyff.com/client/data/project.bin?10078D3B, against extension: .jpg, processed URL: https://cdn-universe.flyff.com/client/data/project.bin
07-14 06:30:24.428  3424  3478 D WebViewCache: isStaticAsset: Checking URL: https://cdn-universe.flyff.com/client/data/project.bin?10078D3B, against extension: .jpeg, processed URL: https://cdn-universe.flyff.com/client/data/project.bin
07-14 06:30:24.428  3424  3478 D WebViewCache: isStaticAsset: Checking URL: https://cdn-universe.flyff.com/client/data/project.bin?10078D3B, against extension: .gltf, processed URL: https://cdn-universe.flyff.com/client/data/project.bin
07-14 06:30:24.428  3424  3478 D WebViewCache: isStaticAsset: Checking URL: https://cdn-universe.flyff.com/client/data/project.bin?10078D3B, against extension: .bin, processed URL: https://cdn-universe.flyff.com/client/data/project.bin
07-14 06:30:24.428  3424  3478 D WebViewCache: isStaticAsset: https://cdn-universe.flyff.com/client/data/project.bin?10078D3B is a static asset (..bin)
07-14 06:30:24.428  3424  3478 D WebViewCache: Using shared cache for: https://cdn-universe.flyff.com/client/data/project.bin?10078D3B
07-14 06:30:24.429  3424  3478 D WebViewCache: Checking cache for: /data/user/0/com.droidev.flyffuwebviewclient/cache/webgl_cache/f676f38a68797a03759f50c4ff069d02_project.bin_10078D3B
07-14 06:30:24.432  3424  3478 D WebViewCache: Cache hit for: /data/user/0/com.droidev.flyffuwebviewclient/cache/webgl_cache/f676f38a68797a03759f50c4ff069d02_project.bin_10078D3B
07-14 06:30:24.433  3424  3478 D WebViewCache: Adding If-None-Match: "d07af15a8eeeff1504c84eaeeb0d4561"
07-14 06:30:24.433  3424  3478 D WebViewCache: Adding If-Modified-Since: Thu, 10 Jul 2025 06:54:34 GMT
07-14 06:30:24.451  3424  3478 D WebViewCache: Serving valid cache for: /data/user/0/com.droidev.flyffuwebviewclient/cache/webgl_cache/f676f38a68797a03759f50c4ff069d02_project.bin_10078D3B (304 Not Modified)
07-14 06:30:24.456  3424  3478 D WebViewCache: Requesting URL: https://cdn-universe.flyff.com/client/data/project.bin?10078D3B, Host: cdn-universe.flyff.com
07-14 06:30:24.456  3424  3478 D WebViewCache: isStaticAsset: Checking URL: https://cdn-universe.flyff.com/client/data/project.bin?10078D3B, against extension: .png, processed URL: https://cdn-universe.flyff.com/client/data/project.bin
07-14 06:30:24.456  3424  3478 D WebViewCache: isStaticAsset: Checking URL: https://cdn-universe.flyff.com/client/data/project.bin?10078D3B, against extension: .jpg, processed URL: https://cdn-universe.flyff.com/client/data/project.bin
07-14 06:30:24.456  3424  3478 D WebViewCache: isStaticAsset: Checking URL: https://cdn-universe.flyff.com/client/data/project.bin?10078D3B, against extension: .jpeg, processed URL: https://cdn-universe.flyff.com/client/data/project.bin
07-14 06:30:24.457  3424  3478 D WebViewCache: isStaticAsset: Checking URL: https://cdn-universe.flyff.com/client/data/project.bin?10078D3B, against extension: .gltf, processed URL: https://cdn-universe.flyff.com/client/data/project.bin
07-14 06:30:24.457  3424  3478 D WebViewCache: isStaticAsset: Checking URL: https://cdn-universe.flyff.com/client/data/project.bin?10078D3B, against extension: .bin, processed URL: https://cdn-universe.flyff.com/client/data/project.bin
07-14 06:30:24.457  3424  3478 D WebViewCache: isStaticAsset: https://cdn-universe.flyff.com/client/data/project.bin?10078D3B is a static asset (..bin)
07-14 06:30:24.457  3424  3478 D WebViewCache: Using shared cache for: https://cdn-universe.flyff.com/client/data/project.bin?10078D3B
07-14 06:30:24.457  3424  3478 D WebViewCache: Checking cache for: /data/user/0/com.droidev.flyffuwebviewclient/cache/webgl_cache/f676f38a68797a03759f50c4ff069d02_project.bin_10078D3B
07-14 06:30:24.490  3424  3478 D WebViewCache: Cache hit for: /data/user/0/com.droidev.flyffuwebviewclient/cache/webgl_cache/f676f38a68797a03759f50c4ff069d02_project.bin_10078D3B
07-14 06:30:24.491  3424  3478 D WebViewCache: Adding If-None-Match: "d07af15a8eeeff1504c84eaeeb0d4561"
07-14 06:30:24.491  3424  3478 D WebViewCache: Adding If-Modified-Since: Thu, 10 Jul 2025 06:54:34 GMT
07-14 06:30:24.510  3424  3478 D WebViewCache: Serving valid cache for: /data/user/0/com.droidev.flyffuwebviewclient/cache/webgl_cache/f676f38a68797a03759f50c4ff069d02_project.bin_10078D3B (304 Not Modified)
07-14 06:30:24.519  3424  3478 D WebViewCache: Requesting URL: https://cdn-universe.flyff.com/client/data/project.bin?10078D3B, Host: cdn-universe.flyff.com
07-14 06:30:24.519  3424  3478 D WebViewCache: isStaticAsset: Checking URL: https://cdn-universe.flyff.com/client/data/project.bin?10078D3B, against extension: .png, processed URL: https://cdn-universe.flyff.com/client/data/project.bin
07-14 06:30:24.519  3424  3478 D WebViewCache: isStaticAsset: Checking URL: https://cdn-universe.flyff.com/client/data/project.bin?10078D3B, against extension: .jpg, processed URL: https://cdn-universe.flyff.com/client/data/project.bin
07-14 06:30:24.519  3424  3478 D WebViewCache: isStaticAsset: Checking URL: https://cdn-universe.flyff.com/client/data/project.bin?10078D3B, against extension: .jpeg, processed URL: https://cdn-universe.flyff.com/client/data/project.bin
07-14 06:30:24.519  3424  3478 D WebViewCache: isStaticAsset: Checking URL: https://cdn-universe.flyff.com/client/data/project.bin?10078D3B, against extension: .gltf, processed URL: https://cdn-universe.flyff.com/client/data/project.bin
07-14 06:30:24.519  3424  3478 D WebViewCache: isStaticAsset: Checking URL: https://cdn-universe.flyff.com/client/data/project.bin?10078D3B, against extension: .bin, processed URL: https://cdn-universe.flyff.com/client/data/project.bin
07-14 06:30:24.519  3424  3478 D WebViewCache: isStaticAsset: https://cdn-universe.flyff.com/client/data/project.bin?10078D3B is a static asset (..bin)
07-14 06:30:24.519  3424  3478 D WebViewCache: Using shared cache for: https://cdn-universe.flyff.com/client/data/project.bin?10078D3B
07-14 06:30:24.520  3424  3478 D WebViewCache: Checking cache for: /data/user/0/com.droidev.flyffuwebviewclient/cache/webgl_cache/f676f38a68797a03759f50c4ff069d02_project.bin_10078D3B
07-14 06:30:24.522  3424  3478 D WebViewCache: Cache hit for: /data/user/0/com.droidev.flyffuwebviewclient/cache/webgl_cache/f676f38a68797a03759f50c4ff069d02_project.bin_10078D3B
07-14 06:30:24.523  3424  3478 D WebViewCache: Adding If-None-Match: "d07af15a8eeeff1504c84eaeeb0d4561"
07-14 06:30:24.523  3424  3478 D WebViewCache: Adding If-Modified-Since: Thu, 10 Jul 2025 06:54:34 GMT
07-14 06:30:24.544  3424  3478 D WebViewCache: Serving valid cache for: /data/user/0/com.droidev.flyffuwebviewclient/cache/webgl_cache/f676f38a68797a03759f50c4ff069d02_project.bin_10078D3B (304 Not Modified)
07-14 06:30:24.697  3424  3424 D WebViewCache: Loading initial URL: https://universe.flyff.com/play
07-14 06:30:24.697  3424  3478 D WebViewCache: Requesting URL: https://universe.flyff.com/play, Host: universe.flyff.com
07-14 06:30:24.697  3424  3478 D WebViewCache: isStaticAsset: Checking URL: https://universe.flyff.com/play, against extension: .png, processed URL: https://universe.flyff.com/play
07-14 06:30:24.697  3424  3478 D WebViewCache: isStaticAsset: Checking URL: https://universe.flyff.com/play, against extension: .jpg, processed URL: https://universe.flyff.com/play
07-14 06:30:24.697  3424  3478 D WebViewCache: isStaticAsset: Checking URL: https://universe.flyff.com/play, against extension: .jpeg, processed URL: https://universe.flyff.com/play
07-14 06:30:24.697  3424  3478 D WebViewCache: isStaticAsset: Checking URL: https://universe.flyff.com/play, against extension: .gltf, processed URL: https://universe.flyff.com/play
07-14 06:30:24.697  3424  3478 D WebViewCache: isStaticAsset: Checking URL: https://universe.flyff.com/play, against extension: .bin, processed URL: https://universe.flyff.com/play
07-14 06:30:24.697  3424  3478 D WebViewCache: isStaticAsset: Checking URL: https://universe.flyff.com/play, against extension: .mp3, processed URL: https://universe.flyff.com/play
07-14 06:30:24.697  3424  3478 D WebViewCache: isStaticAsset: Checking URL: https://universe.flyff.com/play, against extension: .ogg, processed URL: https://universe.flyff.com/play
07-14 06:30:24.697  3424  3478 D WebViewCache: isStaticAsset: https://universe.flyff.com/play is NOT a static asset.
07-14 06:30:24.931  3424  3478 D WebViewCache: Requesting URL: https://web.cmp.usercentrics.eu/ui/loader.js, Host: web.cmp.usercentrics.eu
07-14 06:30:24.931  3424  3478 D WebViewCache: Bypassing interception for non-target domain: web.cmp.usercentrics.eu
07-14 06:30:24.936  3424  3479 D WebViewCache: Requesting URL: https://cdn-universe.flyff.com/site/assets/js/userCentricsConsentMode.js?v1.1.7.5, Host: cdn-universe.flyff.com
07-14 06:30:24.936  3424  3479 D WebViewCache: isStaticAsset: Checking URL: https://cdn-universe.flyff.com/site/assets/js/userCentricsConsentMode.js?v1.1.7.5, against extension: .png, processed URL: https://cdn-universe.flyff.com/site/assets/js/usercentricsconsentmode.js
07-14 06:30:24.936  3424  3479 D WebViewCache: isStaticAsset: Checking URL: https://cdn-universe.flyff.com/site/assets/js/userCentricsConsentMode.js?v1.1.7.5, against extension: .jpg, processed URL: https://cdn-universe.flyff.com/site/assets/js/usercentricsconsentmode.js
07-14 06:30:24.936  3424  3479 D WebViewCache: isStaticAsset: Checking URL: https://cdn-universe.flyff.com/site/assets/js/userCentricsConsentMode.js?v1.1.7.5, against extension: .jpeg, processed URL: https://cdn-universe.flyff.com/site/assets/js/usercentricsconsentmode.js
07-14 06:30:24.936  3424  3479 D WebViewCache: isStaticAsset: Checking URL: https://cdn-universe.flyff.com/site/assets/js/userCentricsConsentMode.js?v1.1.7.5, against extension: .gltf, processed URL: https://cdn-universe.flyff.com/site/assets/js/usercentricsconsentmode.js
07-14 06:30:24.936  3424  3479 D WebViewCache: isStaticAsset: Checking URL: https://cdn-universe.flyff.com/site/assets/js/userCentricsConsentMode.js?v1.1.7.5, against extension: .bin, processed URL: https://cdn-universe.flyff.com/site/assets/js/usercentricsconsentmode.js
07-14 06:30:24.937  3424  3479 D WebViewCache: isStaticAsset: Checking URL: https://cdn-universe.flyff.com/site/assets/js/userCentricsConsentMode.js?v1.1.7.5, against extension: .mp3, processed URL: https://cdn-universe.flyff.com/site/assets/js/usercentricsconsentmode.js
07-14 06:30:24.937  3424  3479 D WebViewCache: isStaticAsset: Checking URL: https://cdn-universe.flyff.com/site/assets/js/userCentricsConsentMode.js?v1.1.7.5, against extension: .ogg, processed URL: https://cdn-universe.flyff.com/site/assets/js/usercentricsconsentmode.js
07-14 06:30:24.937  3424  3479 D WebViewCache: isStaticAsset: https://cdn-universe.flyff.com/site/assets/js/userCentricsConsentMode.js?v1.1.7.5 is NOT a static asset.
07-14 06:30:24.959  3424  3478 D WebViewCache: Requesting URL: https://dynamic.criteo.com/js/ld/ld.js?a=99110, Host: dynamic.criteo.com
07-14 06:30:24.959  3424  3478 D WebViewCache: Bypassing interception for non-target domain: dynamic.criteo.com
07-14 06:30:24.960  3424  3479 D WebViewCache: Requesting URL: https://www.googletagmanager.com/gtm.js?id=GTM-M7SJX2S, Host: www.googletagmanager.com
07-14 06:30:24.960  3424  3479 D WebViewCache: Bypassing interception for non-target domain: www.googletagmanager.com
07-14 06:30:24.960  3424  3478 D WebViewCache: Requesting URL: https://cdn-universe.flyff.com/client/cursor/curdelay.png, Host: cdn-universe.flyff.com
07-14 06:30:24.960  3424  3478 D WebViewCache: isStaticAsset: Checking URL: https://cdn-universe.flyff.com/client/cursor/curdelay.png, against extension: .png, processed URL: https://cdn-universe.flyff.com/client/cursor/curdelay.png
07-14 06:30:24.960  3424  3478 D WebViewCache: isStaticAsset: https://cdn-universe.flyff.com/client/cursor/curdelay.png is a static asset (..png)
07-14 06:30:24.960  3424  3478 D WebViewCache: Using shared cache for: https://cdn-universe.flyff.com/client/cursor/curdelay.png
07-14 06:30:24.961  3424  3478 D WebViewCache: Checking cache for: /data/user/0/com.droidev.flyffuwebviewclient/cache/webgl_cache/32906c29547f5cc6af1ce82d9e8e8485_curdelay.png
07-14 06:30:24.961  3424  3478 D WebViewCache: Cache hit for: /data/user/0/com.droidev.flyffuwebviewclient/cache/webgl_cache/32906c29547f5cc6af1ce82d9e8e8485_curdelay.png
07-14 06:30:24.962  3424  3478 D WebViewCache: Adding If-None-Match: "bdb760ffa566902d68ac62fa3b052bfc"
07-14 06:30:24.962  3424  3478 D WebViewCache: Adding If-Modified-Since: Tue, 27 May 2025 08:36:13 GMT
07-14 06:30:24.985  3424  3479 D WebViewCache: Requesting URL: https://cdn-universe.flyff.com/client/program/web/main-wasm32.wasm?249, Host: cdn-universe.flyff.com
07-14 06:30:24.985  3424  3479 D WebViewCache: isStaticAsset: Checking URL: https://cdn-universe.flyff.com/client/program/web/main-wasm32.wasm?249, against extension: .png, processed URL: https://cdn-universe.flyff.com/client/program/web/main-wasm32.wasm
07-14 06:30:24.985  3424  3479 D WebViewCache: isStaticAsset: Checking URL: https://cdn-universe.flyff.com/client/program/web/main-wasm32.wasm?249, against extension: .jpg, processed URL: https://cdn-universe.flyff.com/client/program/web/main-wasm32.wasm
07-14 06:30:24.985  3424  3479 D WebViewCache: isStaticAsset: Checking URL: https://cdn-universe.flyff.com/client/program/web/main-wasm32.wasm?249, against extension: .jpeg, processed URL: https://cdn-universe.flyff.com/client/program/web/main-wasm32.wasm
07-14 06:30:24.986  3424  3479 D WebViewCache: isStaticAsset: Checking URL: https://cdn-universe.flyff.com/client/program/web/main-wasm32.wasm?249, against extension: .gltf, processed URL: https://cdn-universe.flyff.com/client/program/web/main-wasm32.wasm
07-14 06:30:24.986  3424  3479 D WebViewCache: isStaticAsset: Checking URL: https://cdn-universe.flyff.com/client/program/web/main-wasm32.wasm?249, against extension: .bin, processed URL: https://cdn-universe.flyff.com/client/program/web/main-wasm32.wasm
07-14 06:30:24.986  3424  3479 D WebViewCache: isStaticAsset: Checking URL: https://cdn-universe.flyff.com/client/program/web/main-wasm32.wasm?249, against extension: .mp3, processed URL: https://cdn-universe.flyff.com/client/program/web/main-wasm32.wasm
07-14 06:30:24.986  3424  3479 D WebViewCache: isStaticAsset: Checking URL: https://cdn-universe.flyff.com/client/program/web/main-wasm32.wasm?249, against extension: .ogg, processed URL: https://cdn-universe.flyff.com/client/program/web/main-wasm32.wasm
07-14 06:30:24.986  3424  3479 D WebViewCache: isStaticAsset: https://cdn-universe.flyff.com/client/program/web/main-wasm32.wasm?249 is NOT a static asset.
07-14 06:30:24.994  3424  3482 D WebViewCache: Requesting URL: https://web.cmp.usercentrics.eu/ui/v/3.60.0/WebSdk.lib.bb0442d7.js, Host: web.cmp.usercentrics.eu
07-14 06:30:24.994  3424  3487 D WebViewCache: Requesting URL: https://www.gstatic.com/recaptcha/releases/_cn5mBoBXIA0_T7xBjxkUqUA/recaptcha__pt_br.js, Host: www.gstatic.com
07-14 06:30:24.994  3424  3482 D WebViewCache: Bypassing interception for non-target domain: web.cmp.usercentrics.eu
07-14 06:30:24.994  3424  3487 D WebViewCache: Bypassing interception for non-target domain: www.gstatic.com
07-14 06:30:25.063  3424  3478 D WebViewCache: Serving valid cache for: /data/user/0/com.droidev.flyffuwebviewclient/cache/webgl_cache/32906c29547f5cc6af1ce82d9e8e8485_curdelay.png (304 Not Modified)
07-14 06:30:25.080  3424  3479 D WebViewCache: Requesting URL: https://v1.api.service.cmp.usercentrics.eu/latest/core/fxO_4ss0Wa26_C, Host: v1.api.service.cmp.usercentrics.eu
07-14 06:30:25.081  3424  3479 D WebViewCache: Bypassing interception for non-target domain: v1.api.service.cmp.usercentrics.eu
07-14 06:30:25.139  3424  3424 D WebViewCache: Page finished loading: https://universe.flyff.com/play
07-14 06:30:25.142  3424  3478 D WebViewCache: Requesting URL: https://app.usercentrics.eu/session/1px.png?settingsId=fxO_4ss0Wa26_C, Host: app.usercentrics.eu
07-14 06:30:25.142  3424  3478 D WebViewCache: Bypassing interception for non-target domain: app.usercentrics.eu
07-14 06:30:25.147  3424  3478 D WebViewCache: Requesting URL: https://v1.api.service.cmp.usercentrics.eu/latest/1/cmp/en/TCF/fxO_4ss0Wa26_C/2.0.0/2.0.0?isOutsideEu=true&activeTcfVendorsListVersion=115&previousTcfVendorsListVersion=115&previousTcfPolicyVersion=5, Host: v1.api.service.cmp.usercentrics.eu
07-14 06:30:25.147  3424  3478 D WebViewCache: Bypassing interception for non-target domain: v1.api.service.cmp.usercentrics.eu
07-14 06:30:25.152  3424  3478 D WebViewCache: Requesting URL: https://cdn-universe.flyff.com/icon/favicon-16x16.png, Host: cdn-universe.flyff.com
07-14 06:30:25.152  3424  3478 D WebViewCache: isStaticAsset: Checking URL: https://cdn-universe.flyff.com/icon/favicon-16x16.png, against extension: .png, processed URL: https://cdn-universe.flyff.com/icon/favicon-16x16.png
07-14 06:30:25.153  3424  3478 D WebViewCache: isStaticAsset: https://cdn-universe.flyff.com/icon/favicon-16x16.png is a static asset (..png)
07-14 06:30:25.153  3424  3478 D WebViewCache: Using shared cache for: https://cdn-universe.flyff.com/icon/favicon-16x16.png
07-14 06:30:25.153  3424  3478 D WebViewCache: Checking cache for: /data/user/0/com.droidev.flyffuwebviewclient/cache/webgl_cache/25b814ac7f1d94deeed84d78a409edd0_favicon-16x16.png
07-14 06:30:25.153  3424  3479 D WebViewCache: Requesting URL: https://cdn-universe.flyff.com/icon/favicon-32x32.png, Host: cdn-universe.flyff.com
07-14 06:30:25.153  3424  3479 D WebViewCache: isStaticAsset: Checking URL: https://cdn-universe.flyff.com/icon/favicon-32x32.png, against extension: .png, processed URL: https://cdn-universe.flyff.com/icon/favicon-32x32.png
07-14 06:30:25.153  3424  3479 D WebViewCache: isStaticAsset: https://cdn-universe.flyff.com/icon/favicon-32x32.png is a static asset (..png)
07-14 06:30:25.153  3424  3479 D WebViewCache: Using shared cache for: https://cdn-universe.flyff.com/icon/favicon-32x32.png
07-14 06:30:25.153  3424  3478 D WebViewCache: Cache hit for: /data/user/0/com.droidev.flyffuwebviewclient/cache/webgl_cache/25b814ac7f1d94deeed84d78a409edd0_favicon-16x16.png
07-14 06:30:25.154  3424  3478 D WebViewCache: Adding If-None-Match: "5d177f8156a8fcab89b127cd11816872"
07-14 06:30:25.154  3424  3478 D WebViewCache: Adding If-Modified-Since: Thu, 29 May 2025 09:34:44 GMT
07-14 06:30:25.155  3424  3479 D WebViewCache: Checking cache for: /data/user/0/com.droidev.flyffuwebviewclient/cache/webgl_cache/c100d48e3a77c246aa5cfa0a7bd5f31c_favicon-32x32.png
07-14 06:30:25.155  3424  3479 D WebViewCache: Cache hit for: /data/user/0/com.droidev.flyffuwebviewclient/cache/webgl_cache/c100d48e3a77c246aa5cfa0a7bd5f31c_favicon-32x32.png
07-14 06:30:25.157  3424  3479 D WebViewCache: Adding If-None-Match: "eae9e6d9ab72cd3fbb9b652677f8a1dc"
07-14 06:30:25.157  3424  3479 D WebViewCache: Adding If-Modified-Since: Thu, 29 May 2025 09:34:44 GMT
07-14 06:30:25.178  3424  3478 D WebViewCache: Serving valid cache for: /data/user/0/com.droidev.flyffuwebviewclient/cache/webgl_cache/25b814ac7f1d94deeed84d78a409edd0_favicon-16x16.png (304 Not Modified)
07-14 06:30:25.178  3424  3479 D WebViewCache: Serving valid cache for: /data/user/0/com.droidev.flyffuwebviewclient/cache/webgl_cache/c100d48e3a77c246aa5cfa0a7bd5f31c_favicon-32x32.png (304 Not Modified)
07-14 06:30:25.192  3424  3478 D WebViewCache: Requesting URL: https://cdn-universe.flyff.com/client/program/web/main-wasm32.js?249, Host: cdn-universe.flyff.com
07-14 06:30:25.192  3424  3478 D WebViewCache: isStaticAsset: Checking URL: https://cdn-universe.flyff.com/client/program/web/main-wasm32.js?249, against extension: .png, processed URL: https://cdn-universe.flyff.com/client/program/web/main-wasm32.js
07-14 06:30:25.192  3424  3478 D WebViewCache: isStaticAsset: Checking URL: https://cdn-universe.flyff.com/client/program/web/main-wasm32.js?249, against extension: .jpg, processed URL: https://cdn-universe.flyff.com/client/program/web/main-wasm32.js
07-14 06:30:25.192  3424  3478 D WebViewCache: isStaticAsset: Checking URL: https://cdn-universe.flyff.com/client/program/web/main-wasm32.js?249, against extension: .jpeg, processed URL: https://cdn-universe.flyff.com/client/program/web/main-wasm32.js
07-14 06:30:25.192  3424  3478 D WebViewCache: isStaticAsset: Checking URL: https://cdn-universe.flyff.com/client/program/web/main-wasm32.js?249, against extension: .gltf, processed URL: https://cdn-universe.flyff.com/client/program/web/main-wasm32.js
07-14 06:30:25.192  3424  3478 D WebViewCache: isStaticAsset: Checking URL: https://cdn-universe.flyff.com/client/program/web/main-wasm32.js?249, against extension: .bin, processed URL: https://cdn-universe.flyff.com/client/program/web/main-wasm32.js
07-14 06:30:25.192  3424  3478 D WebViewCache: isStaticAsset: Checking URL: https://cdn-universe.flyff.com/client/program/web/main-wasm32.js?249, against extension: .mp3, processed URL: https://cdn-universe.flyff.com/client/program/web/main-wasm32.js
07-14 06:30:25.192  3424  3478 D WebViewCache: isStaticAsset: Checking URL: https://cdn-universe.flyff.com/client/program/web/main-wasm32.js?249, against extension: .ogg, processed URL: https://cdn-universe.flyff.com/client/program/web/main-wasm32.js
07-14 06:30:25.192  3424  3478 D WebViewCache: isStaticAsset: https://cdn-universe.flyff.com/client/program/web/main-wasm32.js?249 is NOT a static asset.
07-14 06:30:25.248  3424  3478 D WebViewCache: Requesting URL: https://cdn-universe.flyff.com/client/filemap.bin?249, Host: cdn-universe.flyff.com
07-14 06:30:25.248  3424  3478 D WebViewCache: Bypassing cache for filemap.bin
07-14 06:30:25.293  3424  3478 D WebViewCache: Requesting URL: https://cdn-universe.flyff.com/client/data/project.bin?10078D3B, Host: cdn-universe.flyff.com
07-14 06:30:25.293  3424  3478 D WebViewCache: isStaticAsset: Checking URL: https://cdn-universe.flyff.com/client/data/project.bin?10078D3B, against extension: .png, processed URL: https://cdn-universe.flyff.com/client/data/project.bin
07-14 06:30:25.293  3424  3478 D WebViewCache: isStaticAsset: Checking URL: https://cdn-universe.flyff.com/client/data/project.bin?10078D3B, against extension: .jpg, processed URL: https://cdn-universe.flyff.com/client/data/project.bin
07-14 06:30:25.293  3424  3478 D WebViewCache: isStaticAsset: Checking URL: https://cdn-universe.flyff.com/client/data/project.bin?10078D3B, against extension: .jpeg, processed URL: https://cdn-universe.flyff.com/client/data/project.bin
07-14 06:30:25.293  3424  3478 D WebViewCache: isStaticAsset: Checking URL: https://cdn-universe.flyff.com/client/data/project.bin?10078D3B, against extension: .gltf, processed URL: https://cdn-universe.flyff.com/client/data/project.bin
07-14 06:30:25.293  3424  3478 D WebViewCache: isStaticAsset: Checking URL: https://cdn-universe.flyff.com/client/data/project.bin?10078D3B, against extension: .bin, processed URL: https://cdn-universe.flyff.com/client/data/project.bin
07-14 06:30:25.293  3424  3478 D WebViewCache: isStaticAsset: https://cdn-universe.flyff.com/client/data/project.bin?10078D3B is a static asset (..bin)
07-14 06:30:25.293  3424  3478 D WebViewCache: Using shared cache for: https://cdn-universe.flyff.com/client/data/project.bin?10078D3B
07-14 06:30:25.294  3424  3478 D WebViewCache: Checking cache for: /data/user/0/com.droidev.flyffuwebviewclient/cache/webgl_cache/f676f38a68797a03759f50c4ff069d02_project.bin_10078D3B
07-14 06:30:25.296  3424  3478 D WebViewCache: Cache hit for: /data/user/0/com.droidev.flyffuwebviewclient/cache/webgl_cache/f676f38a68797a03759f50c4ff069d02_project.bin_10078D3B
07-14 06:30:25.297  3424  3478 D WebViewCache: Adding If-None-Match: "d07af15a8eeeff1504c84eaeeb0d4561"
07-14 06:30:25.297  3424  3478 D WebViewCache: Adding If-Modified-Since: Thu, 10 Jul 2025 06:54:34 GMT
07-14 06:30:25.313  3424  3478 D WebViewCache: Serving valid cache for: /data/user/0/com.droidev.flyffuwebviewclient/cache/webgl_cache/f676f38a68797a03759f50c4ff069d02_project.bin_10078D3B (304 Not Modified)
07-14 06:30:25.316  3424  3478 D WebViewCache: Requesting URL: https://cdn-universe.flyff.com/client/data/project.bin?10078D3B, Host: cdn-universe.flyff.com
07-14 06:30:25.316  3424  3478 D WebViewCache: isStaticAsset: Checking URL: https://cdn-universe.flyff.com/client/data/project.bin?10078D3B, against extension: .png, processed URL: https://cdn-universe.flyff.com/client/data/project.bin
07-14 06:30:25.316  3424  3478 D WebViewCache: isStaticAsset: Checking URL: https://cdn-universe.flyff.com/client/data/project.bin?10078D3B, against extension: .jpg, processed URL: https://cdn-universe.flyff.com/client/data/project.bin
07-14 06:30:25.316  3424  3478 D WebViewCache: isStaticAsset: Checking URL: https://cdn-universe.flyff.com/client/data/project.bin?10078D3B, against extension: .jpeg, processed URL: https://cdn-universe.flyff.com/client/data/project.bin
