07-14 06:30:25.316  3424  3478 D WebViewCache: isStaticAsset: Checking URL: https://cdn-universe.flyff.com/client/data/project.bin?10078D3B, against extension: .gltf, processed URL: https://cdn-universe.flyff.com/client/data/project.bin
07-14 06:30:25.316  3424  3478 D WebViewCache: isStaticAsset: Checking URL: https://cdn-universe.flyff.com/client/data/project.bin?10078D3B, against extension: .bin, processed URL: https://cdn-universe.flyff.com/client/data/project.bin
07-14 06:30:25.316  3424  3478 D WebViewCache: isStaticAsset: https://cdn-universe.flyff.com/client/data/project.bin?10078D3B is a static asset (..bin)
07-14 06:30:25.316  3424  3478 D WebViewCache: Using shared cache for: https://cdn-universe.flyff.com/client/data/project.bin?10078D3B
07-14 06:30:25.316  3424  3478 D WebViewCache: Checking cache for: /data/user/0/com.droidev.flyffuwebviewclient/cache/webgl_cache/f676f38a68797a03759f50c4ff069d02_project.bin_10078D3B
07-14 06:30:25.318  3424  3478 D WebViewCache: Cache hit for: /data/user/0/com.droidev.flyffuwebviewclient/cache/webgl_cache/f676f38a68797a03759f50c4ff069d02_project.bin_10078D3B
07-14 06:30:25.319  3424  3478 D WebViewCache: Adding If-None-Match: "d07af15a8eeeff1504c84eaeeb0d4561"
07-14 06:30:25.319  3424  3478 D WebViewCache: Adding If-Modified-Since: Thu, 10 Jul 2025 06:54:34 GMT
07-14 06:30:25.340  3424  3478 D WebViewCache: Serving valid cache for: /data/user/0/com.droidev.flyffuwebviewclient/cache/webgl_cache/f676f38a68797a03759f50c4ff069d02_project.bin_10078D3B (304 Not Modified)
07-14 06:30:25.343  3424  3478 D WebViewCache: Requesting URL: https://cdn-universe.flyff.com/client/data/project.bin?10078D3B, Host: cdn-universe.flyff.com
07-14 06:30:25.343  3424  3478 D WebViewCache: isStaticAsset: Checking URL: https://cdn-universe.flyff.com/client/data/project.bin?10078D3B, against extension: .png, processed URL: https://cdn-universe.flyff.com/client/data/project.bin
07-14 06:30:25.343  3424  3478 D WebViewCache: isStaticAsset: Checking URL: https://cdn-universe.flyff.com/client/data/project.bin?10078D3B, against extension: .jpg, processed URL: https://cdn-universe.flyff.com/client/data/project.bin
07-14 06:30:25.343  3424  3478 D WebViewCache: isStaticAsset: Checking URL: https://cdn-universe.flyff.com/client/data/project.bin?10078D3B, against extension: .jpeg, processed URL: https://cdn-universe.flyff.com/client/data/project.bin
07-14 06:30:25.343  3424  3478 D WebViewCache: isStaticAsset: Checking URL: https://cdn-universe.flyff.com/client/data/project.bin?10078D3B, against extension: .gltf, processed URL: https://cdn-universe.flyff.com/client/data/project.bin
07-14 06:30:25.343  3424  3478 D WebViewCache: isStaticAsset: Checking URL: https://cdn-universe.flyff.com/client/data/project.bin?10078D3B, against extension: .bin, processed URL: https://cdn-universe.flyff.com/client/data/project.bin
07-14 06:30:25.343  3424  3478 D WebViewCache: isStaticAsset: https://cdn-universe.flyff.com/client/data/project.bin?10078D3B is a static asset (..bin)
07-14 06:30:25.343  3424  3478 D WebViewCache: Using shared cache for: https://cdn-universe.flyff.com/client/data/project.bin?10078D3B
07-14 06:30:25.344  3424  3478 D WebViewCache: Checking cache for: /data/user/0/com.droidev.flyffuwebviewclient/cache/webgl_cache/f676f38a68797a03759f50c4ff069d02_project.bin_10078D3B
07-14 06:30:25.346  3424  3478 D WebViewCache: Cache hit for: /data/user/0/com.droidev.flyffuwebviewclient/cache/webgl_cache/f676f38a68797a03759f50c4ff069d02_project.bin_10078D3B
07-14 06:30:25.347  3424  3478 D WebViewCache: Adding If-None-Match: "d07af15a8eeeff1504c84eaeeb0d4561"
07-14 06:30:25.347  3424  3478 D WebViewCache: Adding If-Modified-Since: Thu, 10 Jul 2025 06:54:34 GMT
07-14 06:30:25.369  3424  3478 D WebViewCache: Serving valid cache for: /data/user/0/com.droidev.flyffuwebviewclient/cache/webgl_cache/f676f38a68797a03759f50c4ff069d02_project.bin_10078D3B (304 Not Modified)
07-14 06:30:25.372  3424  3478 D WebViewCache: Requesting URL: https://cdn-universe.flyff.com/client/data/project.bin?10078D3B, Host: cdn-universe.flyff.com
07-14 06:30:25.372  3424  3478 D WebViewCache: isStaticAsset: Checking URL: https://cdn-universe.flyff.com/client/data/project.bin?10078D3B, against extension: .png, processed URL: https://cdn-universe.flyff.com/client/data/project.bin
07-14 06:30:25.372  3424  3478 D WebViewCache: isStaticAsset: Checking URL: https://cdn-universe.flyff.com/client/data/project.bin?10078D3B, against extension: .jpg, processed URL: https://cdn-universe.flyff.com/client/data/project.bin
07-14 06:30:25.372  3424  3478 D WebViewCache: isStaticAsset: Checking URL: https://cdn-universe.flyff.com/client/data/project.bin?10078D3B, against extension: .jpeg, processed URL: https://cdn-universe.flyff.com/client/data/project.bin
07-14 06:30:25.372  3424  3478 D WebViewCache: isStaticAsset: Checking URL: https://cdn-universe.flyff.com/client/data/project.bin?10078D3B, against extension: .gltf, processed URL: https://cdn-universe.flyff.com/client/data/project.bin
07-14 06:30:25.372  3424  3478 D WebViewCache: isStaticAsset: Checking URL: https://cdn-universe.flyff.com/client/data/project.bin?10078D3B, against extension: .bin, processed URL: https://cdn-universe.flyff.com/client/data/project.bin
07-14 06:30:25.372  3424  3478 D WebViewCache: isStaticAsset: https://cdn-universe.flyff.com/client/data/project.bin?10078D3B is a static asset (..bin)
07-14 06:30:25.372  3424  3478 D WebViewCache: Using shared cache for: https://cdn-universe.flyff.com/client/data/project.bin?10078D3B
07-14 06:30:25.372  3424  3478 D WebViewCache: Checking cache for: /data/user/0/com.droidev.flyffuwebviewclient/cache/webgl_cache/f676f38a68797a03759f50c4ff069d02_project.bin_10078D3B
07-14 06:30:25.375  3424  3478 D WebViewCache: Cache hit for: /data/user/0/com.droidev.flyffuwebviewclient/cache/webgl_cache/f676f38a68797a03759f50c4ff069d02_project.bin_10078D3B
07-14 06:30:25.376  3424  3478 D WebViewCache: Adding If-None-Match: "d07af15a8eeeff1504c84eaeeb0d4561"
07-14 06:30:25.376  3424  3478 D WebViewCache: Adding If-Modified-Since: Thu, 10 Jul 2025 06:54:34 GMT
07-14 06:30:25.397  3424  3478 D WebViewCache: Serving valid cache for: /data/user/0/com.droidev.flyffuwebviewclient/cache/webgl_cache/f676f38a68797a03759f50c4ff069d02_project.bin_10078D3B (304 Not Modified)
07-14 06:30:28.750  3424  3478 D WebViewCache: Requesting URL: https://js.stripe.com/v3/m-outer-3437aaddcdf6922d623e172c2d6f9278.html#url=https%3A%2F%2Funiverse.flyff.com%2Fplay&title=Flyff%20Universe&referrer=&muid=NA&sid=NA&version=6&preview=false&__shared_params__[version]=basil, Host: js.stripe.com
07-14 06:30:28.750  3424  3478 D WebViewCache: Bypassing interception for non-target domain: js.stripe.com
07-14 06:30:28.826  3424  3478 D WebViewCache: Requesting URL: https://js.stripe.com/v3/fingerprinted/js/m-outer-15a2b40a058ddff1cffdb63779fe3de1.js, Host: js.stripe.com
07-14 06:30:28.826  3424  3478 D WebViewCache: Bypassing interception for non-target domain: js.stripe.com
07-14 06:30:28.849  3424  3479 D WebViewCache: Requesting URL: https://m.stripe.network/inner.html#url=https%3A%2F%2Funiverse.flyff.com%2Fplay&title=Flyff%20Universe&referrer=&muid=NA&sid=NA&version=6&preview=false&__shared_params__[version]=basil, Host: m.stripe.network
07-14 06:30:28.849  3424  3479 D WebViewCache: Bypassing interception for non-target domain: m.stripe.network
07-14 06:30:28.966  3424  3478 D WebViewCache: Requesting URL: https://m.stripe.network/out-4.5.44.js, Host: m.stripe.network
07-14 06:30:28.966  3424  3478 D WebViewCache: Bypassing interception for non-target domain: m.stripe.network
07-14 06:30:29.887  3424  3478 D WebViewCache: Requesting URL: https://m.stripe.com/6, Host: m.stripe.com
07-14 06:30:29.892  3424  3478 D WebViewCache: Bypassing interception for non-target domain: m.stripe.com
07-14 06:30:30.773  3424  3478 D WebViewCache: Requesting URL: https://js.stripe.com/v3/m-outer-3437aaddcdf6922d623e172c2d6f9278.html#url=https%3A%2F%2Funiverse.flyff.com%2Fplay&title=Flyff%20Universe&referrer=&muid=NA&sid=NA&version=6&preview=false&__shared_params__[version]=basil, Host: js.stripe.com
07-14 06:30:30.774  3424  3478 D WebViewCache: Bypassing interception for non-target domain: js.stripe.com
07-14 06:30:30.887  3424  3479 D WebViewCache: Requesting URL: https://m.stripe.network/inner.html#url=https%3A%2F%2Funiverse.flyff.com%2Fplay&title=Flyff%20Universe&referrer=&muid=NA&sid=NA&version=6&preview=false&__shared_params__[version]=basil, Host: m.stripe.network
07-14 06:30:30.887  3424  3479 D WebViewCache: Bypassing interception for non-target domain: m.stripe.network
07-14 06:30:31.541  3424  3478 D WebViewCache: Requesting URL: https://m.stripe.com/6, Host: m.stripe.com
07-14 06:30:31.541  3424  3478 D WebViewCache: Bypassing interception for non-target domain: m.stripe.com
07-14 06:30:34.091  3424  3424 D WebViewCache: Loading initial URL: https://universe.flyff.com/play
07-14 06:30:34.094  3424  3478 D WebViewCache: Requesting URL: https://universe.flyff.com/play, Host: universe.flyff.com
07-14 06:30:34.095  3424  3478 D WebViewCache: isStaticAsset: Checking URL: https://universe.flyff.com/play, against extension: .png, processed URL: https://universe.flyff.com/play
07-14 06:30:34.095  3424  3478 D WebViewCache: isStaticAsset: Checking URL: https://universe.flyff.com/play, against extension: .jpg, processed URL: https://universe.flyff.com/play
07-14 06:30:34.095  3424  3478 D WebViewCache: isStaticAsset: Checking URL: https://universe.flyff.com/play, against extension: .jpeg, processed URL: https://universe.flyff.com/play
07-14 06:30:34.095  3424  3478 D WebViewCache: isStaticAsset: Checking URL: https://universe.flyff.com/play, against extension: .gltf, processed URL: https://universe.flyff.com/play
07-14 06:30:34.095  3424  3478 D WebViewCache: isStaticAsset: Checking URL: https://universe.flyff.com/play, against extension: .bin, processed URL: https://universe.flyff.com/play
07-14 06:30:34.095  3424  3478 D WebViewCache: isStaticAsset: Checking URL: https://universe.flyff.com/play, against extension: .mp3, processed URL: https://universe.flyff.com/play
07-14 06:30:34.095  3424  3478 D WebViewCache: isStaticAsset: Checking URL: https://universe.flyff.com/play, against extension: .ogg, processed URL: https://universe.flyff.com/play
07-14 06:30:34.095  3424  3478 D WebViewCache: isStaticAsset: https://universe.flyff.com/play is NOT a static asset.
07-14 06:30:34.425  3424  3478 D WebViewCache: Requesting URL: https://cdn-universe.flyff.com/site/assets/js/userCentricsConsentMode.js?v1.1.7.5, Host: cdn-universe.flyff.com
07-14 06:30:34.425  3424  3478 D WebViewCache: isStaticAsset: Checking URL: https://cdn-universe.flyff.com/site/assets/js/userCentricsConsentMode.js?v1.1.7.5, against extension: .png, processed URL: https://cdn-universe.flyff.com/site/assets/js/usercentricsconsentmode.js
07-14 06:30:34.425  3424  3478 D WebViewCache: isStaticAsset: Checking URL: https://cdn-universe.flyff.com/site/assets/js/userCentricsConsentMode.js?v1.1.7.5, against extension: .jpg, processed URL: https://cdn-universe.flyff.com/site/assets/js/usercentricsconsentmode.js
07-14 06:30:34.425  3424  3478 D WebViewCache: isStaticAsset: Checking URL: https://cdn-universe.flyff.com/site/assets/js/userCentricsConsentMode.js?v1.1.7.5, against extension: .jpeg, processed URL: https://cdn-universe.flyff.com/site/assets/js/usercentricsconsentmode.js
07-14 06:30:34.425  3424  3479 D WebViewCache: Requesting URL: https://web.cmp.usercentrics.eu/ui/loader.js, Host: web.cmp.usercentrics.eu
07-14 06:30:34.425  3424  3479 D WebViewCache: Bypassing interception for non-target domain: web.cmp.usercentrics.eu
07-14 06:30:34.426  3424  3478 D WebViewCache: isStaticAsset: Checking URL: https://cdn-universe.flyff.com/site/assets/js/userCentricsConsentMode.js?v1.1.7.5, against extension: .gltf, processed URL: https://cdn-universe.flyff.com/site/assets/js/usercentricsconsentmode.js
07-14 06:30:34.427  3424  3478 D WebViewCache: isStaticAsset: Checking URL: https://cdn-universe.flyff.com/site/assets/js/userCentricsConsentMode.js?v1.1.7.5, against extension: .bin, processed URL: https://cdn-universe.flyff.com/site/assets/js/usercentricsconsentmode.js
07-14 06:30:34.427  3424  3478 D WebViewCache: isStaticAsset: Checking URL: https://cdn-universe.flyff.com/site/assets/js/userCentricsConsentMode.js?v1.1.7.5, against extension: .mp3, processed URL: https://cdn-universe.flyff.com/site/assets/js/usercentricsconsentmode.js
07-14 06:30:34.427  3424  3478 D WebViewCache: isStaticAsset: Checking URL: https://cdn-universe.flyff.com/site/assets/js/userCentricsConsentMode.js?v1.1.7.5, against extension: .ogg, processed URL: https://cdn-universe.flyff.com/site/assets/js/usercentricsconsentmode.js
07-14 06:30:34.427  3424  3478 D WebViewCache: isStaticAsset: https://cdn-universe.flyff.com/site/assets/js/userCentricsConsentMode.js?v1.1.7.5 is NOT a static asset.
07-14 06:30:34.458  3424  3480 D WebViewCache: Requesting URL: https://dynamic.criteo.com/js/ld/ld.js?a=99110, Host: dynamic.criteo.com
07-14 06:30:34.458  3424  3480 D WebViewCache: Bypassing interception for non-target domain: dynamic.criteo.com
07-14 06:30:34.460  3424  3478 D WebViewCache: Requesting URL: https://www.googletagmanager.com/gtm.js?id=GTM-M7SJX2S, Host: www.googletagmanager.com
07-14 06:30:34.460  3424  3478 D WebViewCache: Bypassing interception for non-target domain: www.googletagmanager.com
07-14 06:30:34.460  3424  3479 D WebViewCache: Requesting URL: https://cdn-universe.flyff.com/client/cursor/curdelay.png, Host: cdn-universe.flyff.com
07-14 06:30:34.460  3424  3479 D WebViewCache: isStaticAsset: Checking URL: https://cdn-universe.flyff.com/client/cursor/curdelay.png, against extension: .png, processed URL: https://cdn-universe.flyff.com/client/cursor/curdelay.png
07-14 06:30:34.460  3424  3479 D WebViewCache: isStaticAsset: https://cdn-universe.flyff.com/client/cursor/curdelay.png is a static asset (..png)
07-14 06:30:34.460  3424  3479 D WebViewCache: Using shared cache for: https://cdn-universe.flyff.com/client/cursor/curdelay.png
07-14 06:30:34.461  3424  3479 D WebViewCache: Checking cache for: /data/user/0/com.droidev.flyffuwebviewclient/cache/webgl_cache/32906c29547f5cc6af1ce82d9e8e8485_curdelay.png
07-14 06:30:34.467  3424  3479 D WebViewCache: Cache hit for: /data/user/0/com.droidev.flyffuwebviewclient/cache/webgl_cache/32906c29547f5cc6af1ce82d9e8e8485_curdelay.png
07-14 06:30:34.469  3424  3479 D WebViewCache: Adding If-None-Match: "bdb760ffa566902d68ac62fa3b052bfc"
07-14 06:30:34.469  3424  3479 D WebViewCache: Adding If-Modified-Since: Tue, 27 May 2025 08:36:13 GMT
07-14 06:30:34.480  3424  3478 D WebViewCache: Requesting URL: https://cdn-universe.flyff.com/client/program/web/main-wasm32.wasm?249, Host: cdn-universe.flyff.com
07-14 06:30:34.480  3424  3478 D WebViewCache: isStaticAsset: Checking URL: https://cdn-universe.flyff.com/client/program/web/main-wasm32.wasm?249, against extension: .png, processed URL: https://cdn-universe.flyff.com/client/program/web/main-wasm32.wasm
07-14 06:30:34.480  3424  3478 D WebViewCache: isStaticAsset: Checking URL: https://cdn-universe.flyff.com/client/program/web/main-wasm32.wasm?249, against extension: .jpg, processed URL: https://cdn-universe.flyff.com/client/program/web/main-wasm32.wasm
07-14 06:30:34.480  3424  3478 D WebViewCache: isStaticAsset: Checking URL: https://cdn-universe.flyff.com/client/program/web/main-wasm32.wasm?249, against extension: .jpeg, processed URL: https://cdn-universe.flyff.com/client/program/web/main-wasm32.wasm
07-14 06:30:34.480  3424  3478 D WebViewCache: isStaticAsset: Checking URL: https://cdn-universe.flyff.com/client/program/web/main-wasm32.wasm?249, against extension: .gltf, processed URL: https://cdn-universe.flyff.com/client/program/web/main-wasm32.wasm
07-14 06:30:34.480  3424  3478 D WebViewCache: isStaticAsset: Checking URL: https://cdn-universe.flyff.com/client/program/web/main-wasm32.wasm?249, against extension: .bin, processed URL: https://cdn-universe.flyff.com/client/program/web/main-wasm32.wasm
07-14 06:30:34.480  3424  3478 D WebViewCache: isStaticAsset: Checking URL: https://cdn-universe.flyff.com/client/program/web/main-wasm32.wasm?249, against extension: .mp3, processed URL: https://cdn-universe.flyff.com/client/program/web/main-wasm32.wasm
07-14 06:30:34.480  3424  3478 D WebViewCache: isStaticAsset: Checking URL: https://cdn-universe.flyff.com/client/program/web/main-wasm32.wasm?249, against extension: .ogg, processed URL: https://cdn-universe.flyff.com/client/program/web/main-wasm32.wasm
07-14 06:30:34.480  3424  3478 D WebViewCache: isStaticAsset: https://cdn-universe.flyff.com/client/program/web/main-wasm32.wasm?249 is NOT a static asset.
07-14 06:30:34.490  3424  3480 D WebViewCache: Requesting URL: https://web.cmp.usercentrics.eu/ui/v/3.60.0/WebSdk.lib.bb0442d7.js, Host: web.cmp.usercentrics.eu
07-14 06:30:34.490  3424  3480 D WebViewCache: Bypassing interception for non-target domain: web.cmp.usercentrics.eu
07-14 06:30:34.490  3424  3480 D WebViewCache: Requesting URL: https://www.gstatic.com/recaptcha/releases/_cn5mBoBXIA0_T7xBjxkUqUA/recaptcha__pt_br.js, Host: www.gstatic.com
07-14 06:30:34.490  3424  3480 D WebViewCache: Bypassing interception for non-target domain: www.gstatic.com
07-14 06:30:34.611  3424  3479 D WebViewCache: Serving valid cache for: /data/user/0/com.droidev.flyffuwebviewclient/cache/webgl_cache/32906c29547f5cc6af1ce82d9e8e8485_curdelay.png (304 Not Modified)
07-14 06:30:34.707  3424  3479 D WebViewCache: Requesting URL: https://v1.api.service.cmp.usercentrics.eu/latest/core/fxO_4ss0Wa26_C, Host: v1.api.service.cmp.usercentrics.eu
07-14 06:30:34.707  3424  3479 D WebViewCache: Bypassing interception for non-target domain: v1.api.service.cmp.usercentrics.eu
07-14 06:30:34.782  3424  3424 D WebViewCache: Page finished loading: https://universe.flyff.com/play
07-14 06:30:34.788  3424  3478 D WebViewCache: Requesting URL: https://app.usercentrics.eu/session/1px.png?settingsId=fxO_4ss0Wa26_C, Host: app.usercentrics.eu
07-14 06:30:34.789  3424  3478 D WebViewCache: Bypassing interception for non-target domain: app.usercentrics.eu
07-14 06:30:34.794  3424  3480 D WebViewCache: Requesting URL: https://v1.api.service.cmp.usercentrics.eu/latest/1/cmp/en/TCF/fxO_4ss0Wa26_C/2.0.0/2.0.0?isOutsideEu=true&activeTcfVendorsListVersion=115&previousTcfVendorsListVersion=115&previousTcfPolicyVersion=5, Host: v1.api.service.cmp.usercentrics.eu
07-14 06:30:34.795  3424  3480 D WebViewCache: Bypassing interception for non-target domain: v1.api.service.cmp.usercentrics.eu
07-14 06:30:34.799  3424  3479 D WebViewCache: Requesting URL: https://cdn-universe.flyff.com/icon/favicon-16x16.png, Host: cdn-universe.flyff.com
07-14 06:30:34.799  3424  3479 D WebViewCache: isStaticAsset: Checking URL: https://cdn-universe.flyff.com/icon/favicon-16x16.png, against extension: .png, processed URL: https://cdn-universe.flyff.com/icon/favicon-16x16.png
07-14 06:30:34.799  3424  3479 D WebViewCache: isStaticAsset: https://cdn-universe.flyff.com/icon/favicon-16x16.png is a static asset (..png)
07-14 06:30:34.799  3424  3479 D WebViewCache: Using shared cache for: https://cdn-universe.flyff.com/icon/favicon-16x16.png
07-14 06:30:34.805  3424  3478 D WebViewCache: Requesting URL: https://cdn-universe.flyff.com/icon/favicon-32x32.png, Host: cdn-universe.flyff.com
07-14 06:30:34.805  3424  3478 D WebViewCache: isStaticAsset: Checking URL: https://cdn-universe.flyff.com/icon/favicon-32x32.png, against extension: .png, processed URL: https://cdn-universe.flyff.com/icon/favicon-32x32.png
07-14 06:30:34.805  3424  3478 D WebViewCache: isStaticAsset: https://cdn-universe.flyff.com/icon/favicon-32x32.png is a static asset (..png)
07-14 06:30:34.805  3424  3478 D WebViewCache: Using shared cache for: https://cdn-universe.flyff.com/icon/favicon-32x32.png
07-14 06:30:34.805  3424  3478 D WebViewCache: Checking cache for: /data/user/0/com.droidev.flyffuwebviewclient/cache/webgl_cache/c100d48e3a77c246aa5cfa0a7bd5f31c_favicon-32x32.png
07-14 06:30:34.808  3424  3478 D WebViewCache: Cache hit for: /data/user/0/com.droidev.flyffuwebviewclient/cache/webgl_cache/c100d48e3a77c246aa5cfa0a7bd5f31c_favicon-32x32.png
07-14 06:30:34.810  3424  3478 D WebViewCache: Adding If-None-Match: "eae9e6d9ab72cd3fbb9b652677f8a1dc"
07-14 06:30:34.810  3424  3479 D WebViewCache: Checking cache for: /data/user/0/com.droidev.flyffuwebviewclient/cache/webgl_cache/25b814ac7f1d94deeed84d78a409edd0_favicon-16x16.png
07-14 06:30:34.810  3424  3478 D WebViewCache: Adding If-Modified-Since: Thu, 29 May 2025 09:34:44 GMT
07-14 06:30:34.812  3424  3479 D WebViewCache: Cache hit for: /data/user/0/com.droidev.flyffuwebviewclient/cache/webgl_cache/25b814ac7f1d94deeed84d78a409edd0_favicon-16x16.png
07-14 06:30:34.813  3424  3479 D WebViewCache: Adding If-None-Match: "5d177f8156a8fcab89b127cd11816872"
07-14 06:30:34.813  3424  3479 D WebViewCache: Adding If-Modified-Since: Thu, 29 May 2025 09:34:44 GMT
07-14 06:30:34.818  3424  3480 D WebViewCache: Requesting URL: https://cdn-universe.flyff.com/client/program/web/main-wasm32.js?249, Host: cdn-universe.flyff.com
07-14 06:30:34.819  3424  3480 D WebViewCache: isStaticAsset: Checking URL: https://cdn-universe.flyff.com/client/program/web/main-wasm32.js?249, against extension: .png, processed URL: https://cdn-universe.flyff.com/client/program/web/main-wasm32.js
07-14 06:30:34.819  3424  3480 D WebViewCache: isStaticAsset: Checking URL: https://cdn-universe.flyff.com/client/program/web/main-wasm32.js?249, against extension: .jpg, processed URL: https://cdn-universe.flyff.com/client/program/web/main-wasm32.js
07-14 06:30:34.819  3424  3480 D WebViewCache: isStaticAsset: Checking URL: https://cdn-universe.flyff.com/client/program/web/main-wasm32.js?249, against extension: .jpeg, processed URL: https://cdn-universe.flyff.com/client/program/web/main-wasm32.js
07-14 06:30:34.819  3424  3480 D WebViewCache: isStaticAsset: Checking URL: https://cdn-universe.flyff.com/client/program/web/main-wasm32.js?249, against extension: .gltf, processed URL: https://cdn-universe.flyff.com/client/program/web/main-wasm32.js
07-14 06:30:34.819  3424  3480 D WebViewCache: isStaticAsset: Checking URL: https://cdn-universe.flyff.com/client/program/web/main-wasm32.js?249, against extension: .bin, processed URL: https://cdn-universe.flyff.com/client/program/web/main-wasm32.js
07-14 06:30:34.819  3424  3480 D WebViewCache: isStaticAsset: Checking URL: https://cdn-universe.flyff.com/client/program/web/main-wasm32.js?249, against extension: .mp3, processed URL: https://cdn-universe.flyff.com/client/program/web/main-wasm32.js
07-14 06:30:34.819  3424  3480 D WebViewCache: isStaticAsset: Checking URL: https://cdn-universe.flyff.com/client/program/web/main-wasm32.js?249, against extension: .ogg, processed URL: https://cdn-universe.flyff.com/client/program/web/main-wasm32.js
07-14 06:30:34.819  3424  3480 D WebViewCache: isStaticAsset: https://cdn-universe.flyff.com/client/program/web/main-wasm32.js?249 is NOT a static asset.
07-14 06:30:34.834  3424  3478 D WebViewCache: Serving valid cache for: /data/user/0/com.droidev.flyffuwebviewclient/cache/webgl_cache/c100d48e3a77c246aa5cfa0a7bd5f31c_favicon-32x32.png (304 Not Modified)
07-14 06:30:34.840  3424  3479 D WebViewCache: Serving valid cache for: /data/user/0/com.droidev.flyffuwebviewclient/cache/webgl_cache/25b814ac7f1d94deeed84d78a409edd0_favicon-16x16.png (304 Not Modified)
07-14 06:30:34.894  3424  3478 D WebViewCache: Requesting URL: https://cdn-universe.flyff.com/client/filemap.bin?249, Host: cdn-universe.flyff.com
07-14 06:30:34.895  3424  3478 D WebViewCache: Bypassing cache for filemap.bin
07-14 06:30:34.961  3424  3478 D WebViewCache: Requesting URL: https://cdn-universe.flyff.com/client/data/project.bin?10078D3B, Host: cdn-universe.flyff.com
07-14 06:30:34.961  3424  3478 D WebViewCache: isStaticAsset: Checking URL: https://cdn-universe.flyff.com/client/data/project.bin?10078D3B, against extension: .png, processed URL: https://cdn-universe.flyff.com/client/data/project.bin
07-14 06:30:34.961  3424  3478 D WebViewCache: isStaticAsset: Checking URL: https://cdn-universe.flyff.com/client/data/project.bin?10078D3B, against extension: .jpg, processed URL: https://cdn-universe.flyff.com/client/data/project.bin
07-14 06:30:34.961  3424  3478 D WebViewCache: isStaticAsset: Checking URL: https://cdn-universe.flyff.com/client/data/project.bin?10078D3B, against extension: .jpeg, processed URL: https://cdn-universe.flyff.com/client/data/project.bin
07-14 06:30:34.961  3424  3478 D WebViewCache: isStaticAsset: Checking URL: https://cdn-universe.flyff.com/client/data/project.bin?10078D3B, against extension: .gltf, processed URL: https://cdn-universe.flyff.com/client/data/project.bin
07-14 06:30:34.961  3424  3478 D WebViewCache: isStaticAsset: Checking URL: https://cdn-universe.flyff.com/client/data/project.bin?10078D3B, against extension: .bin, processed URL: https://cdn-universe.flyff.com/client/data/project.bin
07-14 06:30:34.961  3424  3478 D WebViewCache: isStaticAsset: https://cdn-universe.flyff.com/client/data/project.bin?10078D3B is a static asset (..bin)
07-14 06:30:34.961  3424  3478 D WebViewCache: Using shared cache for: https://cdn-universe.flyff.com/client/data/project.bin?10078D3B
07-14 06:30:34.963  3424  3478 D WebViewCache: Checking cache for: /data/user/0/com.droidev.flyffuwebviewclient/cache/webgl_cache/f676f38a68797a03759f50c4ff069d02_project.bin_10078D3B
07-14 06:30:34.980  3424  3478 D WebViewCache: Cache hit for: /data/user/0/com.droidev.flyffuwebviewclient/cache/webgl_cache/f676f38a68797a03759f50c4ff069d02_project.bin_10078D3B
07-14 06:30:34.981  3424  3478 D WebViewCache: Adding If-None-Match: "d07af15a8eeeff1504c84eaeeb0d4561"
07-14 06:30:34.981  3424  3478 D WebViewCache: Adding If-Modified-Since: Thu, 10 Jul 2025 06:54:34 GMT
07-14 06:30:34.996  3424  3478 D WebViewCache: Serving valid cache for: /data/user/0/com.droidev.flyffuwebviewclient/cache/webgl_cache/f676f38a68797a03759f50c4ff069d02_project.bin_10078D3B (304 Not Modified)
07-14 06:30:34.999  3424  3478 D WebViewCache: Requesting URL: https://cdn-universe.flyff.com/client/data/project.bin?10078D3B, Host: cdn-universe.flyff.com
07-14 06:30:34.999  3424  3478 D WebViewCache: isStaticAsset: Checking URL: https://cdn-universe.flyff.com/client/data/project.bin?10078D3B, against extension: .png, processed URL: https://cdn-universe.flyff.com/client/data/project.bin
07-14 06:30:34.999  3424  3478 D WebViewCache: isStaticAsset: Checking URL: https://cdn-universe.flyff.com/client/data/project.bin?10078D3B, against extension: .jpg, processed URL: https://cdn-universe.flyff.com/client/data/project.bin
07-14 06:30:34.999  3424  3478 D WebViewCache: isStaticAsset: Checking URL: https://cdn-universe.flyff.com/client/data/project.bin?10078D3B, against extension: .jpeg, processed URL: https://cdn-universe.flyff.com/client/data/project.bin
07-14 06:30:34.999  3424  3478 D WebViewCache: isStaticAsset: Checking URL: https://cdn-universe.flyff.com/client/data/project.bin?10078D3B, against extension: .gltf, processed URL: https://cdn-universe.flyff.com/client/data/project.bin
07-14 06:30:34.999  3424  3478 D WebViewCache: isStaticAsset: Checking URL: https://cdn-universe.flyff.com/client/data/project.bin?10078D3B, against extension: .bin, processed URL: https://cdn-universe.flyff.com/client/data/project.bin
07-14 06:30:34.999  3424  3478 D WebViewCache: isStaticAsset: https://cdn-universe.flyff.com/client/data/project.bin?10078D3B is a static asset (..bin)
07-14 06:30:34.999  3424  3478 D WebViewCache: Using shared cache for: https://cdn-universe.flyff.com/client/data/project.bin?10078D3B
07-14 06:30:35.000  3424  3478 D WebViewCache: Checking cache for: /data/user/0/com.droidev.flyffuwebviewclient/cache/webgl_cache/f676f38a68797a03759f50c4ff069d02_project.bin_10078D3B
07-14 06:30:35.002  3424  3478 D WebViewCache: Cache hit for: /data/user/0/com.droidev.flyffuwebviewclient/cache/webgl_cache/f676f38a68797a03759f50c4ff069d02_project.bin_10078D3B
07-14 06:30:35.003  3424  3478 D WebViewCache: Adding If-None-Match: "d07af15a8eeeff1504c84eaeeb0d4561"
07-14 06:30:35.003  3424  3478 D WebViewCache: Adding If-Modified-Since: Thu, 10 Jul 2025 06:54:34 GMT
07-14 06:30:35.025  3424  3478 D WebViewCache: Serving valid cache for: /data/user/0/com.droidev.flyffuwebviewclient/cache/webgl_cache/f676f38a68797a03759f50c4ff069d02_project.bin_10078D3B (304 Not Modified)
07-14 06:30:35.029  3424  3478 D WebViewCache: Requesting URL: https://cdn-universe.flyff.com/client/data/project.bin?10078D3B, Host: cdn-universe.flyff.com
07-14 06:30:35.030  3424  3478 D WebViewCache: isStaticAsset: Checking URL: https://cdn-universe.flyff.com/client/data/project.bin?10078D3B, against extension: .png, processed URL: https://cdn-universe.flyff.com/client/data/project.bin
07-14 06:30:35.030  3424  3478 D WebViewCache: isStaticAsset: Checking URL: https://cdn-universe.flyff.com/client/data/project.bin?10078D3B, against extension: .jpg, processed URL: https://cdn-universe.flyff.com/client/data/project.bin
07-14 06:30:35.030  3424  3478 D WebViewCache: isStaticAsset: Checking URL: https://cdn-universe.flyff.com/client/data/project.bin?10078D3B, against extension: .jpeg, processed URL: https://cdn-universe.flyff.com/client/data/project.bin
07-14 06:30:35.030  3424  3478 D WebViewCache: isStaticAsset: Checking URL: https://cdn-universe.flyff.com/client/data/project.bin?10078D3B, against extension: .gltf, processed URL: https://cdn-universe.flyff.com/client/data/project.bin
07-14 06:30:35.030  3424  3478 D WebViewCache: isStaticAsset: Checking URL: https://cdn-universe.flyff.com/client/data/project.bin?10078D3B, against extension: .bin, processed URL: https://cdn-universe.flyff.com/client/data/project.bin
07-14 06:30:35.030  3424  3478 D WebViewCache: isStaticAsset: https://cdn-universe.flyff.com/client/data/project.bin?10078D3B is a static asset (..bin)
07-14 06:30:35.030  3424  3478 D WebViewCache: Using shared cache for: https://cdn-universe.flyff.com/client/data/project.bin?10078D3B
07-14 06:30:35.033  3424  3478 D WebViewCache: Checking cache for: /data/user/0/com.droidev.flyffuwebviewclient/cache/webgl_cache/f676f38a68797a03759f50c4ff069d02_project.bin_10078D3B
07-14 06:30:35.040  3424  3478 D WebViewCache: Cache hit for: /data/user/0/com.droidev.flyffuwebviewclient/cache/webgl_cache/f676f38a68797a03759f50c4ff069d02_project.bin_10078D3B
07-14 06:30:35.046  3424  3478 D WebViewCache: Adding If-None-Match: "d07af15a8eeeff1504c84eaeeb0d4561"
07-14 06:30:35.046  3424  3478 D WebViewCache: Adding If-Modified-Since: Thu, 10 Jul 2025 06:54:34 GMT
07-14 06:30:35.069  3424  3478 D WebViewCache: Serving valid cache for: /data/user/0/com.droidev.flyffuwebviewclient/cache/webgl_cache/f676f38a68797a03759f50c4ff069d02_project.bin_10078D3B (304 Not Modified)
07-14 06:30:35.074  3424  3478 D WebViewCache: Requesting URL: https://cdn-universe.flyff.com/client/data/project.bin?10078D3B, Host: cdn-universe.flyff.com
07-14 06:30:35.074  3424  3478 D WebViewCache: isStaticAsset: Checking URL: https://cdn-universe.flyff.com/client/data/project.bin?10078D3B, against extension: .png, processed URL: https://cdn-universe.flyff.com/client/data/project.bin
07-14 06:30:35.075  3424  3478 D WebViewCache: isStaticAsset: Checking URL: https://cdn-universe.flyff.com/client/data/project.bin?10078D3B, against extension: .jpg, processed URL: https://cdn-universe.flyff.com/client/data/project.bin
07-14 06:30:35.075  3424  3478 D WebViewCache: isStaticAsset: Checking URL: https://cdn-universe.flyff.com/client/data/project.bin?10078D3B, against extension: .jpeg, processed URL: https://cdn-universe.flyff.com/client/data/project.bin
07-14 06:30:35.075  3424  3478 D WebViewCache: isStaticAsset: Checking URL: https://cdn-universe.flyff.com/client/data/project.bin?10078D3B, against extension: .gltf, processed URL: https://cdn-universe.flyff.com/client/data/project.bin
07-14 06:30:35.075  3424  3478 D WebViewCache: isStaticAsset: Checking URL: https://cdn-universe.flyff.com/client/data/project.bin?10078D3B, against extension: .bin, processed URL: https://cdn-universe.flyff.com/client/data/project.bin
07-14 06:30:35.075  3424  3478 D WebViewCache: isStaticAsset: https://cdn-universe.flyff.com/client/data/project.bin?10078D3B is a static asset (..bin)
07-14 06:30:35.075  3424  3478 D WebViewCache: Using shared cache for: https://cdn-universe.flyff.com/client/data/project.bin?10078D3B
07-14 06:30:35.078  3424  3478 D WebViewCache: Checking cache for: /data/user/0/com.droidev.flyffuwebviewclient/cache/webgl_cache/f676f38a68797a03759f50c4ff069d02_project.bin_10078D3B
07-14 06:30:35.083  3424  3478 D WebViewCache: Cache hit for: /data/user/0/com.droidev.flyffuwebviewclient/cache/webgl_cache/f676f38a68797a03759f50c4ff069d02_project.bin_10078D3B
07-14 06:30:35.086  3424  3478 D WebViewCache: Adding If-None-Match: "d07af15a8eeeff1504c84eaeeb0d4561"
07-14 06:30:35.087  3424  3478 D WebViewCache: Adding If-Modified-Since: Thu, 10 Jul 2025 06:54:34 GMT
07-14 06:30:35.105  3424  3478 D WebViewCache: Serving valid cache for: /data/user/0/com.droidev.flyffuwebviewclient/cache/webgl_cache/f676f38a68797a03759f50c4ff069d02_project.bin_10078D3B (304 Not Modified)
07-14 06:30:35.746  3424  3478 D WebViewCache: Requesting URL: https://gum.criteo.com/syncframe?topUrl=universe.flyff.com&origin=onetag#{%22bundle%22:{%22identifierExtractor%22:{%22origin%22:0},%22value%22:null},%22cw%22:true,%22optout%22:{%22identifierExtractor%22:{%22origin%22:0},%22value%22:null},%22origin%22:%22onetag%22,%22tld%22:%22flyff.com%22,%22topUrl%22:%22universe.flyff.com%22,%22version%22:%225_37_0%22,%22ifa%22:{%22identifierExtractor%22:{%22origin%22:0},%22value%22:null},%22lsw%22:true,%22pm%22:0}, Host: gum.criteo.com
07-14 06:30:35.746  3424  3478 D WebViewCache: Bypassing interception for non-target domain: gum.criteo.com
07-14 06:30:35.805  3424  3478 D WebViewCache: Requesting URL: https://sslwidget.criteo.com/event?a=%5B99110%5D&v=5.37.0&otl=1&p0=e%3Dvpg&tld=flyff.com&dy=1&fu=https%253A%252F%252Funiverse.flyff.com%252Fplay&ceid=85be3a3d-a3cb-495e-a394-3543cfa7e44b, Host: sslwidget.criteo.com
07-14 06:30:35.805  3424  3478 D WebViewCache: Bypassing interception for non-target domain: sslwidget.criteo.com
07-14 06:30:36.322  3424  3478 D WebViewCache: Requesting URL: https://gum.criteo.com/sid/json?origin=onetag&domain=flyff.com&sn=AndroidSyncframe&so=undefined&topUrl=universe.flyff.com&topicsavail=0&fledgeavail=0, Host: gum.criteo.com
07-14 06:30:36.322  3424  3478 D WebViewCache: Bypassing interception for non-target domain: gum.criteo.com
07-14 06:30:39.468  3424  3478 D WebViewCache: Requesting URL: https://js.stripe.com/v3/m-outer-3437aaddcdf6922d623e172c2d6f9278.html#url=https%3A%2F%2Funiverse.flyff.com%2Fplay&title=Flyff%20Universe&referrer=&muid=df2fc414-1b93-4b4b-9f06-8bfe4ce8a1c0f334eb&sid=92151c7a-e80e-4475-a3b2-d6b18419dfed2b9cd3&version=6&preview=false&__shared_params__[version]=basil, Host: js.stripe.com
07-14 06:30:39.468  3424  3478 D WebViewCache: Bypassing interception for non-target domain: js.stripe.com
07-14 06:30:39.509  3424  3479 D WebViewCache: Requesting URL: https://m.stripe.network/inner.html#url=https%3A%2F%2Funiverse.flyff.com%2Fplay&title=Flyff%20Universe&referrer=&muid=df2fc414-1b93-4b4b-9f06-8bfe4ce8a1c0f334eb&sid=92151c7a-e80e-4475-a3b2-d6b18419dfed2b9cd3&version=6&preview=false&__shared_params__[version]=basil, Host: m.stripe.network
07-14 06:30:39.510  3424  3479 D WebViewCache: Bypassing interception for non-target domain: m.stripe.network
07-14 06:30:39.528  3424  3479 D WebViewCache: Requesting URL: https://m.stripe.network/out-4.5.44.js, Host: m.stripe.network
07-14 06:30:39.528  3424  3479 D WebViewCache: Bypassing interception for non-target domain: m.stripe.network
07-14 06:30:39.737  3424  3478 D WebViewCache: Requesting URL: https://m.stripe.com/6, Host: m.stripe.com
07-14 06:30:39.737  3424  3478 D WebViewCache: Bypassing interception for non-target domain: m.stripe.com
07-14 06:30:40.025  3424  3478 D WebViewCache: Requesting URL: https://m.stripe.com/6, Host: m.stripe.com
07-14 06:30:40.025  3424  3478 D WebViewCache: Bypassing interception for non-target domain: m.stripe.com
07-14 06:30:44.742  3424  3478 D WebViewCache: Requesting URL: https://gum.criteo.com/syncframe?topUrl=universe.flyff.com&origin=onetag#{%22bundle%22:{%22identifierExtractor%22:{%22origin%22:0},%22value%22:null},%22cw%22:true,%22optout%22:{%22identifierExtractor%22:{%22origin%22:0},%22value%22:null},%22origin%22:%22onetag%22,%22tld%22:%22flyff.com%22,%22topUrl%22:%22universe.flyff.com%22,%22version%22:%225_37_0%22,%22ifa%22:{%22identifierExtractor%22:{%22origin%22:0},%22value%22:null},%22lsw%22:true,%22pm%22:0}, Host: gum.criteo.com
07-14 06:30:44.743  3424  3478 D WebViewCache: Bypassing interception for non-target domain: gum.criteo.com
07-14 06:30:44.773  3424  3478 D WebViewCache: Requesting URL: https://sslwidget.criteo.com/event?a=%5B99110%5D&v=5.37.0&otl=1&p0=e%3Dvpg&tld=flyff.com&dy=1&fu=https%253A%252F%252Funiverse.flyff.com%252Fplay&ceid=61ce266c-713f-4ddd-93be-140709560e92, Host: sslwidget.criteo.com
07-14 06:30:44.773  3424  3478 D WebViewCache: Bypassing interception for non-target domain: sslwidget.criteo.com
07-14 06:30:44.802  3424  3478 D WebViewCache: Requesting URL: https://gum.criteo.com/sid/json?origin=onetag&domain=flyff.com&sn=AndroidSyncframe&so=undefined&topUrl=universe.flyff.com&topicsavail=0&fledgeavail=0, Host: gum.criteo.com
07-14 06:30:44.802  3424  3478 D WebViewCache: Bypassing interception for non-target domain: gum.criteo.com
