--------- beginning of main
07-14 06:37:33.539  7076  7076 D WebViewCache: Loading initial URL: https://universe.flyff.com/play
07-14 06:37:33.544  7076  7153 D WebViewCache: Requesting URL: https://universe.flyff.com/play, Host: universe.flyff.com
07-14 06:37:33.544  7076  7153 D WebViewCache: isStaticAsset: Checking URL: https://universe.flyff.com/play, against extension: .png, processed URL: https://universe.flyff.com/play
07-14 06:37:33.544  7076  7153 D WebViewCache: isStaticAsset: Checking URL: https://universe.flyff.com/play, against extension: .jpg, processed URL: https://universe.flyff.com/play
07-14 06:37:33.544  7076  7153 D WebViewCache: isStaticAsset: Checking URL: https://universe.flyff.com/play, against extension: .jpeg, processed URL: https://universe.flyff.com/play
07-14 06:37:33.544  7076  7153 D WebViewCache: isStaticAsset: Checking URL: https://universe.flyff.com/play, against extension: .gltf, processed URL: https://universe.flyff.com/play
07-14 06:37:33.545  7076  7153 D WebViewCache: isStaticAsset: Checking URL: https://universe.flyff.com/play, against extension: .bin, processed URL: https://universe.flyff.com/play
07-14 06:37:33.545  7076  7153 D WebViewCache: isStaticAsset: Checking URL: https://universe.flyff.com/play, against extension: .mp3, processed URL: https://universe.flyff.com/play
07-14 06:37:33.545  7076  7153 D WebViewCache: isStaticAsset: Checking URL: https://universe.flyff.com/play, against extension: .ogg, processed URL: https://universe.flyff.com/play
07-14 06:37:33.545  7076  7153 D WebViewCache: isStaticAsset: https://universe.flyff.com/play is NOT a static asset.
07-14 06:37:34.652  7076  7153 D WebViewCache: Requesting URL: https://universe.flyff.com/assets/vendor/axios/axios.min.js?v1.1.7, Host: universe.flyff.com
07-14 06:37:34.653  7076  7153 D WebViewCache: isStaticAsset: Checking URL: https://universe.flyff.com/assets/vendor/axios/axios.min.js?v1.1.7, against extension: .png, processed URL: https://universe.flyff.com/assets/vendor/axios/axios.min.js
07-14 06:37:34.653  7076  7153 D WebViewCache: isStaticAsset: Checking URL: https://universe.flyff.com/assets/vendor/axios/axios.min.js?v1.1.7, against extension: .jpg, processed URL: https://universe.flyff.com/assets/vendor/axios/axios.min.js
07-14 06:37:34.653  7076  7153 D WebViewCache: isStaticAsset: Checking URL: https://universe.flyff.com/assets/vendor/axios/axios.min.js?v1.1.7, against extension: .jpeg, processed URL: https://universe.flyff.com/assets/vendor/axios/axios.min.js
07-14 06:37:34.653  7076  7153 D WebViewCache: isStaticAsset: Checking URL: https://universe.flyff.com/assets/vendor/axios/axios.min.js?v1.1.7, against extension: .gltf, processed URL: https://universe.flyff.com/assets/vendor/axios/axios.min.js
07-14 06:37:34.653  7076  7153 D WebViewCache: isStaticAsset: Checking URL: https://universe.flyff.com/assets/vendor/axios/axios.min.js?v1.1.7, against extension: .bin, processed URL: https://universe.flyff.com/assets/vendor/axios/axios.min.js
07-14 06:37:34.653  7076  7153 D WebViewCache: isStaticAsset: Checking URL: https://universe.flyff.com/assets/vendor/axios/axios.min.js?v1.1.7, against extension: .mp3, processed URL: https://universe.flyff.com/assets/vendor/axios/axios.min.js
07-14 06:37:34.653  7076  7153 D WebViewCache: isStaticAsset: Checking URL: https://universe.flyff.com/assets/vendor/axios/axios.min.js?v1.1.7, against extension: .ogg, processed URL: https://universe.flyff.com/assets/vendor/axios/axios.min.js
07-14 06:37:34.653  7076  7153 D WebViewCache: isStaticAsset: https://universe.flyff.com/assets/vendor/axios/axios.min.js?v1.1.7 is NOT a static asset.
07-14 06:37:34.654  7076  7155 D WebViewCache: Requesting URL: https://js.stripe.com/basil/stripe.js, Host: js.stripe.com
07-14 06:37:34.654  7076  7155 D WebViewCache: Bypassing interception for non-target domain: js.stripe.com
07-14 06:37:34.654  7076  7153 D WebViewCache: Requesting URL: https://web.cmp.usercentrics.eu/tcf/stub.js, Host: web.cmp.usercentrics.eu
07-14 06:37:34.654  7076  7153 D WebViewCache: Bypassing interception for non-target domain: web.cmp.usercentrics.eu
07-14 06:37:34.821  7076  7153 D WebViewCache: Requesting URL: https://www.google.com/recaptcha/api.js?render=explicit, Host: www.google.com
07-14 06:37:34.821  7076  7153 D WebViewCache: Bypassing interception for non-target domain: www.google.com
07-14 06:37:34.848  7076  7153 D WebViewCache: Requesting URL: https://web.cmp.usercentrics.eu/ui/loader.js, Host: web.cmp.usercentrics.eu
07-14 06:37:34.848  7076  7153 D WebViewCache: Bypassing interception for non-target domain: web.cmp.usercentrics.eu
07-14 06:37:34.896  7076  7153 D WebViewCache: Requesting URL: https://cdn-universe.flyff.com/site/assets/js/userCentricsConsentMode.js?v1.1.7.5, Host: cdn-universe.flyff.com
07-14 06:37:34.896  7076  7153 D WebViewCache: isStaticAsset: Checking URL: https://cdn-universe.flyff.com/site/assets/js/userCentricsConsentMode.js?v1.1.7.5, against extension: .png, processed URL: https://cdn-universe.flyff.com/site/assets/js/usercentricsconsentmode.js
07-14 06:37:34.896  7076  7153 D WebViewCache: isStaticAsset: Checking URL: https://cdn-universe.flyff.com/site/assets/js/userCentricsConsentMode.js?v1.1.7.5, against extension: .jpg, processed URL: https://cdn-universe.flyff.com/site/assets/js/usercentricsconsentmode.js
07-14 06:37:34.896  7076  7153 D WebViewCache: isStaticAsset: Checking URL: https://cdn-universe.flyff.com/site/assets/js/userCentricsConsentMode.js?v1.1.7.5, against extension: .jpeg, processed URL: https://cdn-universe.flyff.com/site/assets/js/usercentricsconsentmode.js
07-14 06:37:34.896  7076  7153 D WebViewCache: isStaticAsset: Checking URL: https://cdn-universe.flyff.com/site/assets/js/userCentricsConsentMode.js?v1.1.7.5, against extension: .gltf, processed URL: https://cdn-universe.flyff.com/site/assets/js/usercentricsconsentmode.js
07-14 06:37:34.896  7076  7153 D WebViewCache: isStaticAsset: Checking URL: https://cdn-universe.flyff.com/site/assets/js/userCentricsConsentMode.js?v1.1.7.5, against extension: .bin, processed URL: https://cdn-universe.flyff.com/site/assets/js/usercentricsconsentmode.js
07-14 06:37:34.896  7076  7153 D WebViewCache: isStaticAsset: Checking URL: https://cdn-universe.flyff.com/site/assets/js/userCentricsConsentMode.js?v1.1.7.5, against extension: .mp3, processed URL: https://cdn-universe.flyff.com/site/assets/js/usercentricsconsentmode.js
07-14 06:37:34.896  7076  7153 D WebViewCache: isStaticAsset: Checking URL: https://cdn-universe.flyff.com/site/assets/js/userCentricsConsentMode.js?v1.1.7.5, against extension: .ogg, processed URL: https://cdn-universe.flyff.com/site/assets/js/usercentricsconsentmode.js
07-14 06:37:34.896  7076  7153 D WebViewCache: isStaticAsset: https://cdn-universe.flyff.com/site/assets/js/userCentricsConsentMode.js?v1.1.7.5 is NOT a static asset.
07-14 06:37:34.897  7076  7153 D WebViewCache: Requesting URL: https://dynamic.criteo.com/js/ld/ld.js?a=99110, Host: dynamic.criteo.com
07-14 06:37:34.897  7076  7153 D WebViewCache: Bypassing interception for non-target domain: dynamic.criteo.com
07-14 06:37:34.899  7076  7154 D WebViewCache: Requesting URL: https://www.googletagmanager.com/gtm.js?id=GTM-M7SJX2S, Host: www.googletagmanager.com
07-14 06:37:34.899  7076  7154 D WebViewCache: Bypassing interception for non-target domain: www.googletagmanager.com
07-14 06:37:34.928  7076  7158 D WebViewCache: Requesting URL: https://cdn-universe.flyff.com/client/program/web/main-wasm32.wasm?249, Host: cdn-universe.flyff.com
07-14 06:37:34.929  7076  7158 D WebViewCache: isStaticAsset: Checking URL: https://cdn-universe.flyff.com/client/program/web/main-wasm32.wasm?249, against extension: .png, processed URL: https://cdn-universe.flyff.com/client/program/web/main-wasm32.wasm
07-14 06:37:34.929  7076  7158 D WebViewCache: isStaticAsset: Checking URL: https://cdn-universe.flyff.com/client/program/web/main-wasm32.wasm?249, against extension: .jpg, processed URL: https://cdn-universe.flyff.com/client/program/web/main-wasm32.wasm
07-14 06:37:34.929  7076  7158 D WebViewCache: isStaticAsset: Checking URL: https://cdn-universe.flyff.com/client/program/web/main-wasm32.wasm?249, against extension: .jpeg, processed URL: https://cdn-universe.flyff.com/client/program/web/main-wasm32.wasm
07-14 06:37:34.929  7076  7158 D WebViewCache: isStaticAsset: Checking URL: https://cdn-universe.flyff.com/client/program/web/main-wasm32.wasm?249, against extension: .gltf, processed URL: https://cdn-universe.flyff.com/client/program/web/main-wasm32.wasm
07-14 06:37:34.929  7076  7158 D WebViewCache: isStaticAsset: Checking URL: https://cdn-universe.flyff.com/client/program/web/main-wasm32.wasm?249, against extension: .bin, processed URL: https://cdn-universe.flyff.com/client/program/web/main-wasm32.wasm
07-14 06:37:34.929  7076  7158 D WebViewCache: isStaticAsset: Checking URL: https://cdn-universe.flyff.com/client/program/web/main-wasm32.wasm?249, against extension: .mp3, processed URL: https://cdn-universe.flyff.com/client/program/web/main-wasm32.wasm
07-14 06:37:34.929  7076  7158 D WebViewCache: isStaticAsset: Checking URL: https://cdn-universe.flyff.com/client/program/web/main-wasm32.wasm?249, against extension: .ogg, processed URL: https://cdn-universe.flyff.com/client/program/web/main-wasm32.wasm
07-14 06:37:34.929  7076  7158 D WebViewCache: isStaticAsset: https://cdn-universe.flyff.com/client/program/web/main-wasm32.wasm?249 is NOT a static asset.
07-14 06:37:34.933  7076  7158 D WebViewCache: Requesting URL: https://cdn-universe.flyff.com/client/cursor/curdelay.cur, Host: cdn-universe.flyff.com
07-14 06:37:34.933  7076  7158 D WebViewCache: isStaticAsset: Checking URL: https://cdn-universe.flyff.com/client/cursor/curdelay.cur, against extension: .png, processed URL: https://cdn-universe.flyff.com/client/cursor/curdelay.cur
07-14 06:37:34.933  7076  7158 D WebViewCache: isStaticAsset: Checking URL: https://cdn-universe.flyff.com/client/cursor/curdelay.cur, against extension: .jpg, processed URL: https://cdn-universe.flyff.com/client/cursor/curdelay.cur
07-14 06:37:34.934  7076  7158 D WebViewCache: isStaticAsset: Checking URL: https://cdn-universe.flyff.com/client/cursor/curdelay.cur, against extension: .jpeg, processed URL: https://cdn-universe.flyff.com/client/cursor/curdelay.cur
07-14 06:37:34.934  7076  7158 D WebViewCache: isStaticAsset: Checking URL: https://cdn-universe.flyff.com/client/cursor/curdelay.cur, against extension: .gltf, processed URL: https://cdn-universe.flyff.com/client/cursor/curdelay.cur
07-14 06:37:34.934  7076  7158 D WebViewCache: isStaticAsset: Checking URL: https://cdn-universe.flyff.com/client/cursor/curdelay.cur, against extension: .bin, processed URL: https://cdn-universe.flyff.com/client/cursor/curdelay.cur
07-14 06:37:34.934  7076  7158 D WebViewCache: isStaticAsset: Checking URL: https://cdn-universe.flyff.com/client/cursor/curdelay.cur, against extension: .mp3, processed URL: https://cdn-universe.flyff.com/client/cursor/curdelay.cur
07-14 06:37:34.934  7076  7158 D WebViewCache: isStaticAsset: Checking URL: https://cdn-universe.flyff.com/client/cursor/curdelay.cur, against extension: .ogg, processed URL: https://cdn-universe.flyff.com/client/cursor/curdelay.cur
07-14 06:37:34.934  7076  7158 D WebViewCache: isStaticAsset: https://cdn-universe.flyff.com/client/cursor/curdelay.cur is NOT a static asset.
07-14 06:37:34.934  7076  7161 D WebViewCache: Requesting URL: https://cdn-universe.flyff.com/client/cursor/curdelay.png, Host: cdn-universe.flyff.com
07-14 06:37:34.934  7076  7161 D WebViewCache: isStaticAsset: Checking URL: https://cdn-universe.flyff.com/client/cursor/curdelay.png, against extension: .png, processed URL: https://cdn-universe.flyff.com/client/cursor/curdelay.png
07-14 06:37:34.934  7076  7161 D WebViewCache: isStaticAsset: https://cdn-universe.flyff.com/client/cursor/curdelay.png is a static asset (..png)
07-14 06:37:34.934  7076  7161 D WebViewCache: Using shared cache for: https://cdn-universe.flyff.com/client/cursor/curdelay.png
07-14 06:37:34.935  7076  7161 D WebViewCache: Checking cache for: /data/user/0/com.droidev.flyffuwebviewclient/cache/webgl_cache/32906c29547f5cc6af1ce82d9e8e8485_curdelay.png
07-14 06:37:34.937  7076  7161 D WebViewCache: Fetching from network: https://cdn-universe.flyff.com/client/cursor/curdelay.png
07-14 06:37:34.964  7076  7155 D WebViewCache: Requesting URL: https://web.cmp.usercentrics.eu/ui/v/3.60.0/WebSdk.lib.bb0442d7.js, Host: web.cmp.usercentrics.eu
07-14 06:37:34.964  7076  7155 D WebViewCache: Bypassing interception for non-target domain: web.cmp.usercentrics.eu
07-14 06:37:35.011  7076  7155 D WebViewCache: Requesting URL: https://v1.api.service.cmp.usercentrics.eu/latest/core/fxO_4ss0Wa26_C, Host: v1.api.service.cmp.usercentrics.eu
07-14 06:37:35.011  7076  7155 D WebViewCache: Bypassing interception for non-target domain: v1.api.service.cmp.usercentrics.eu
07-14 06:37:35.033  7076  7154 D WebViewCache: Requesting URL: https://www.gstatic.com/recaptcha/releases/_cn5mBoBXIA0_T7xBjxkUqUA/recaptcha__pt_br.js, Host: www.gstatic.com
07-14 06:37:35.033  7076  7154 D WebViewCache: Bypassing interception for non-target domain: www.gstatic.com
07-14 06:37:35.075  7076  7161 D WebViewCache: Using server Content-Type: image/png for URL: https://cdn-universe.flyff.com/client/cursor/curdelay.png
07-14 06:37:35.076  7076  7161 D WebViewCache: File: 32906c29547f5cc6af1ce82d9e8e8485_curdelay.png, Size: 682 bytes, Total: 682 bytes
07-14 06:37:35.076  7076  7161 D WebViewCache: Current cache size: 0MB
07-14 06:37:35.076  7076  7161 D WebViewCache: Saved to cache: /data/user/0/com.droidev.flyffuwebviewclient/cache/webgl_cache/32906c29547f5cc6af1ce82d9e8e8485_curdelay.png
07-14 06:37:35.085  7076  7153 D WebViewCache: Requesting URL: https://app.usercentrics.eu/session/1px.png?settingsId=fxO_4ss0Wa26_C, Host: app.usercentrics.eu
07-14 06:37:35.085  7076  7153 D WebViewCache: Bypassing interception for non-target domain: app.usercentrics.eu
07-14 06:37:35.088  7076  7153 D WebViewCache: Requesting URL: https://v1.api.service.cmp.usercentrics.eu/latest/1/cmp/en/TCF/fxO_4ss0Wa26_C/2.0.0/2.0.0?isOutsideEu=true&activeTcfVendorsListVersion=115&previousTcfVendorsListVersion=115&previousTcfPolicyVersion=5, Host: v1.api.service.cmp.usercentrics.eu
07-14 06:37:35.088  7076  7153 D WebViewCache: Bypassing interception for non-target domain: v1.api.service.cmp.usercentrics.eu
07-14 06:37:35.111  7076  7153 D WebViewCache: Requesting URL: https://web.cmp.usercentrics.eu/ui/v/3.60.0/src.6faac6e5.js, Host: web.cmp.usercentrics.eu
07-14 06:37:35.111  7076  7153 D WebViewCache: Bypassing interception for non-target domain: web.cmp.usercentrics.eu
07-14 06:37:35.112  7076  7153 D WebViewCache: Requesting URL: https://web.cmp.usercentrics.eu/ui/v/3.60.0/TcfCmpController.a2867193.js, Host: web.cmp.usercentrics.eu
07-14 06:37:35.112  7076  7153 D WebViewCache: Bypassing interception for non-target domain: web.cmp.usercentrics.eu
07-14 06:37:35.164  7076  7154 D WebViewCache: Requesting URL: https://consent-api.service.consent.usercentrics.eu/consent/uw/3, Host: consent-api.service.consent.usercentrics.eu
07-14 06:37:35.164  7076  7154 D WebViewCache: Bypassing interception for non-target domain: consent-api.service.consent.usercentrics.eu
07-14 06:37:35.346  7076  7153 D WebViewCache: Requesting URL: https://cdn-universe.flyff.com/client/program/web/main-wasm32.js?249, Host: cdn-universe.flyff.com
07-14 06:37:35.346  7076  7153 D WebViewCache: isStaticAsset: Checking URL: https://cdn-universe.flyff.com/client/program/web/main-wasm32.js?249, against extension: .png, processed URL: https://cdn-universe.flyff.com/client/program/web/main-wasm32.js
07-14 06:37:35.346  7076  7153 D WebViewCache: isStaticAsset: Checking URL: https://cdn-universe.flyff.com/client/program/web/main-wasm32.js?249, against extension: .jpg, processed URL: https://cdn-universe.flyff.com/client/program/web/main-wasm32.js
07-14 06:37:35.346  7076  7153 D WebViewCache: isStaticAsset: Checking URL: https://cdn-universe.flyff.com/client/program/web/main-wasm32.js?249, against extension: .jpeg, processed URL: https://cdn-universe.flyff.com/client/program/web/main-wasm32.js
07-14 06:37:35.346  7076  7153 D WebViewCache: isStaticAsset: Checking URL: https://cdn-universe.flyff.com/client/program/web/main-wasm32.js?249, against extension: .gltf, processed URL: https://cdn-universe.flyff.com/client/program/web/main-wasm32.js
07-14 06:37:35.346  7076  7153 D WebViewCache: isStaticAsset: Checking URL: https://cdn-universe.flyff.com/client/program/web/main-wasm32.js?249, against extension: .bin, processed URL: https://cdn-universe.flyff.com/client/program/web/main-wasm32.js
07-14 06:37:35.346  7076  7153 D WebViewCache: isStaticAsset: Checking URL: https://cdn-universe.flyff.com/client/program/web/main-wasm32.js?249, against extension: .mp3, processed URL: https://cdn-universe.flyff.com/client/program/web/main-wasm32.js
07-14 06:37:35.346  7076  7153 D WebViewCache: isStaticAsset: Checking URL: https://cdn-universe.flyff.com/client/program/web/main-wasm32.js?249, against extension: .ogg, processed URL: https://cdn-universe.flyff.com/client/program/web/main-wasm32.js
07-14 06:37:35.346  7076  7153 D WebViewCache: isStaticAsset: https://cdn-universe.flyff.com/client/program/web/main-wasm32.js?249 is NOT a static asset.
07-14 06:37:35.517  7076  7153 D WebViewCache: Requesting URL: https://consent-api.service.consent.usercentrics.eu/consent/uw/3, Host: consent-api.service.consent.usercentrics.eu
07-14 06:37:35.517  7076  7153 D WebViewCache: Bypassing interception for non-target domain: consent-api.service.consent.usercentrics.eu
07-14 06:37:35.529  7076  7153 D WebViewCache: Requesting URL: https://cdn-universe.flyff.com/client/filemap.bin?249, Host: cdn-universe.flyff.com
07-14 06:37:35.529  7076  7153 D WebViewCache: Bypassing cache for critical .bin file: https://cdn-universe.flyff.com/client/filemap.bin?249
07-14 06:37:35.652  7076  7153 D WebViewCache: Requesting URL: https://cdn-universe.flyff.com/client/data/project.bin?10078D3B, Host: cdn-universe.flyff.com
07-14 06:37:35.653  7076  7153 D WebViewCache: Bypassing cache for critical .bin file: https://cdn-universe.flyff.com/client/data/project.bin?10078D3B
07-14 06:37:35.655  7076  7076 D WebViewCache: Page finished loading: https://universe.flyff.com/play
07-14 06:37:35.663  7076  7153 D WebViewCache: Requesting URL: https://cdn-universe.flyff.com/icon/favicon-16x16.png, Host: cdn-universe.flyff.com
07-14 06:37:35.663  7076  7153 D WebViewCache: isStaticAsset: Checking URL: https://cdn-universe.flyff.com/icon/favicon-16x16.png, against extension: .png, processed URL: https://cdn-universe.flyff.com/icon/favicon-16x16.png
07-14 06:37:35.663  7076  7153 D WebViewCache: isStaticAsset: https://cdn-universe.flyff.com/icon/favicon-16x16.png is a static asset (..png)
07-14 06:37:35.663  7076  7153 D WebViewCache: Using shared cache for: https://cdn-universe.flyff.com/icon/favicon-16x16.png
07-14 06:37:35.664  7076  7154 D WebViewCache: Requesting URL: https://cdn-universe.flyff.com/icon/favicon-32x32.png, Host: cdn-universe.flyff.com
07-14 06:37:35.664  7076  7153 D WebViewCache: Checking cache for: /data/user/0/com.droidev.flyffuwebviewclient/cache/webgl_cache/25b814ac7f1d94deeed84d78a409edd0_favicon-16x16.png
07-14 06:37:35.664  7076  7154 D WebViewCache: isStaticAsset: Checking URL: https://cdn-universe.flyff.com/icon/favicon-32x32.png, against extension: .png, processed URL: https://cdn-universe.flyff.com/icon/favicon-32x32.png
07-14 06:37:35.664  7076  7154 D WebViewCache: isStaticAsset: https://cdn-universe.flyff.com/icon/favicon-32x32.png is a static asset (..png)
07-14 06:37:35.664  7076  7153 D WebViewCache: Fetching from network: https://cdn-universe.flyff.com/icon/favicon-16x16.png
07-14 06:37:35.664  7076  7154 D WebViewCache: Using shared cache for: https://cdn-universe.flyff.com/icon/favicon-32x32.png
07-14 06:37:35.666  7076  7154 D WebViewCache: Checking cache for: /data/user/0/com.droidev.flyffuwebviewclient/cache/webgl_cache/c100d48e3a77c246aa5cfa0a7bd5f31c_favicon-32x32.png
07-14 06:37:35.667  7076  7154 D WebViewCache: Fetching from network: https://cdn-universe.flyff.com/icon/favicon-32x32.png
07-14 06:37:35.683  7076  7153 D WebViewCache: Using server Content-Type: image/png for URL: https://cdn-universe.flyff.com/icon/favicon-16x16.png
07-14 06:37:35.684  7076  7153 D WebViewCache: File: 32906c29547f5cc6af1ce82d9e8e8485_curdelay.png, Size: 682 bytes, Total: 682 bytes
07-14 06:37:35.684  7076  7153 D WebViewCache: File: 25b814ac7f1d94deeed84d78a409edd0_favicon-16x16.png, Size: 764 bytes, Total: 1446 bytes
07-14 06:37:35.685  7076  7153 D WebViewCache: Current cache size: 0MB
07-14 06:37:35.685  7076  7153 D WebViewCache: Saved to cache: /data/user/0/com.droidev.flyffuwebviewclient/cache/webgl_cache/25b814ac7f1d94deeed84d78a409edd0_favicon-16x16.png
07-14 06:37:35.711  7076  7154 D WebViewCache: Using server Content-Type: image/png for URL: https://cdn-universe.flyff.com/icon/favicon-32x32.png
07-14 06:37:35.712  7076  7154 D WebViewCache: File: 32906c29547f5cc6af1ce82d9e8e8485_curdelay.png, Size: 682 bytes, Total: 682 bytes
07-14 06:37:35.713  7076  7154 D WebViewCache: File: 25b814ac7f1d94deeed84d78a409edd0_favicon-16x16.png, Size: 764 bytes, Total: 1446 bytes
07-14 06:37:35.713  7076  7154 D WebViewCache: File: c100d48e3a77c246aa5cfa0a7bd5f31c_favicon-32x32.png, Size: 2051 bytes, Total: 3497 bytes
07-14 06:37:35.713  7076  7154 D WebViewCache: Current cache size: 0MB
07-14 06:37:35.713  7076  7154 D WebViewCache: Saved to cache: /data/user/0/com.droidev.flyffuwebviewclient/cache/webgl_cache/c100d48e3a77c246aa5cfa0a7bd5f31c_favicon-32x32.png
07-14 06:37:36.371  7076  7153 D WebViewCache: Requesting URL: https://cdn-universe.flyff.com/client/language/br.bin?100756C8, Host: cdn-universe.flyff.com
07-14 06:37:36.372  7076  7153 D WebViewCache: isStaticAsset: Checking URL: https://cdn-universe.flyff.com/client/language/br.bin?100756C8, against extension: .png, processed URL: https://cdn-universe.flyff.com/client/language/br.bin
07-14 06:37:36.372  7076  7153 D WebViewCache: isStaticAsset: Checking URL: https://cdn-universe.flyff.com/client/language/br.bin?100756C8, against extension: .jpg, processed URL: https://cdn-universe.flyff.com/client/language/br.bin
07-14 06:37:36.372  7076  7153 D WebViewCache: isStaticAsset: Checking URL: https://cdn-universe.flyff.com/client/language/br.bin?100756C8, against extension: .jpeg, processed URL: https://cdn-universe.flyff.com/client/language/br.bin
07-14 06:37:36.372  7076  7153 D WebViewCache: isStaticAsset: Checking URL: https://cdn-universe.flyff.com/client/language/br.bin?100756C8, against extension: .gltf, processed URL: https://cdn-universe.flyff.com/client/language/br.bin
07-14 06:37:36.372  7076  7153 D WebViewCache: isStaticAsset: Checking URL: https://cdn-universe.flyff.com/client/language/br.bin?100756C8, against extension: .bin, processed URL: https://cdn-universe.flyff.com/client/language/br.bin
07-14 06:37:36.372  7076  7153 D WebViewCache: isStaticAsset: https://cdn-universe.flyff.com/client/language/br.bin?100756C8 is a static asset (..bin)
07-14 06:37:36.372  7076  7153 D WebViewCache: Using shared cache for: https://cdn-universe.flyff.com/client/language/br.bin?100756C8
07-14 06:37:36.375  7076  7153 D WebViewCache: Checking cache for: /data/user/0/com.droidev.flyffuwebviewclient/cache/webgl_cache/9432014f2c8c33ed6239d85110fbdf14_br.bin_100756C8
07-14 06:37:36.376  7076  7153 D WebViewCache: Fetching from network: https://cdn-universe.flyff.com/client/language/br.bin?100756C8
07-14 06:37:36.531  7076  7153 D WebViewCache: Using server Content-Type: application/octet-stream for URL: https://cdn-universe.flyff.com/client/language/br.bin?100756C8
07-14 06:37:36.532  7076  7153 D WebViewCache: File: 32906c29547f5cc6af1ce82d9e8e8485_curdelay.png, Size: 682 bytes, Total: 682 bytes
07-14 06:37:36.532  7076  7153 D WebViewCache: File: 25b814ac7f1d94deeed84d78a409edd0_favicon-16x16.png, Size: 764 bytes, Total: 1446 bytes
07-14 06:37:36.532  7076  7153 D WebViewCache: File: c100d48e3a77c246aa5cfa0a7bd5f31c_favicon-32x32.png, Size: 2051 bytes, Total: 3497 bytes
07-14 06:37:36.532  7076  7153 D WebViewCache: File: 9432014f2c8c33ed6239d85110fbdf14_br.bin_100756C8, Size: 792853 bytes, Total: 796350 bytes
07-14 06:37:36.532  7076  7153 D WebViewCache: Current cache size: 0MB
07-14 06:37:36.532  7076  7153 D WebViewCache: Saved to cache: /data/user/0/com.droidev.flyffuwebviewclient/cache/webgl_cache/9432014f2c8c33ed6239d85110fbdf14_br.bin_100756C8
07-14 06:37:36.536  7076  7153 D WebViewCache: Requesting URL: https://cdn-universe.flyff.com/client/language/br.bin?100756C8, Host: cdn-universe.flyff.com
07-14 06:37:36.536  7076  7153 D WebViewCache: isStaticAsset: Checking URL: https://cdn-universe.flyff.com/client/language/br.bin?100756C8, against extension: .png, processed URL: https://cdn-universe.flyff.com/client/language/br.bin
07-14 06:37:36.537  7076  7153 D WebViewCache: isStaticAsset: Checking URL: https://cdn-universe.flyff.com/client/language/br.bin?100756C8, against extension: .jpg, processed URL: https://cdn-universe.flyff.com/client/language/br.bin
07-14 06:37:36.537  7076  7153 D WebViewCache: isStaticAsset: Checking URL: https://cdn-universe.flyff.com/client/language/br.bin?100756C8, against extension: .jpeg, processed URL: https://cdn-universe.flyff.com/client/language/br.bin
07-14 06:37:36.537  7076  7153 D WebViewCache: isStaticAsset: Checking URL: https://cdn-universe.flyff.com/client/language/br.bin?100756C8, against extension: .gltf, processed URL: https://cdn-universe.flyff.com/client/language/br.bin
07-14 06:37:36.537  7076  7153 D WebViewCache: isStaticAsset: Checking URL: https://cdn-universe.flyff.com/client/language/br.bin?100756C8, against extension: .bin, processed URL: https://cdn-universe.flyff.com/client/language/br.bin
07-14 06:37:36.537  7076  7153 D WebViewCache: isStaticAsset: https://cdn-universe.flyff.com/client/language/br.bin?100756C8 is a static asset (..bin)
07-14 06:37:36.537  7076  7153 D WebViewCache: Using shared cache for: https://cdn-universe.flyff.com/client/language/br.bin?100756C8
07-14 06:37:36.537  7076  7153 D WebViewCache: Checking cache for: /data/user/0/com.droidev.flyffuwebviewclient/cache/webgl_cache/9432014f2c8c33ed6239d85110fbdf14_br.bin_100756C8
07-14 06:37:36.538  7076  7153 D WebViewCache: Cache hit for: /data/user/0/com.droidev.flyffuwebviewclient/cache/webgl_cache/9432014f2c8c33ed6239d85110fbdf14_br.bin_100756C8
07-14 06:37:36.539  7076  7153 D WebViewCache: Adding If-None-Match: "7778bc921df50f83318b37b78111a848"
07-14 06:37:36.539  7076  7153 D WebViewCache: Adding If-Modified-Since: Thu, 10 Jul 2025 06:54:36 GMT
07-14 06:37:36.566  7076  7153 D WebViewCache: Serving valid cache for: /data/user/0/com.droidev.flyffuwebviewclient/cache/webgl_cache/9432014f2c8c33ed6239d85110fbdf14_br.bin_100756C8 (304 Not Modified)
07-14 06:37:36.569  7076  7153 D WebViewCache: Requesting URL: https://cdn-universe.flyff.com/client/language/br.bin?100756C8, Host: cdn-universe.flyff.com
07-14 06:37:36.569  7076  7153 D WebViewCache: isStaticAsset: Checking URL: https://cdn-universe.flyff.com/client/language/br.bin?100756C8, against extension: .png, processed URL: https://cdn-universe.flyff.com/client/language/br.bin
07-14 06:37:36.569  7076  7153 D WebViewCache: isStaticAsset: Checking URL: https://cdn-universe.flyff.com/client/language/br.bin?100756C8, against extension: .jpg, processed URL: https://cdn-universe.flyff.com/client/language/br.bin
07-14 06:37:36.569  7076  7153 D WebViewCache: isStaticAsset: Checking URL: https://cdn-universe.flyff.com/client/language/br.bin?100756C8, against extension: .jpeg, processed URL: https://cdn-universe.flyff.com/client/language/br.bin
07-14 06:37:36.569  7076  7153 D WebViewCache: isStaticAsset: Checking URL: https://cdn-universe.flyff.com/client/language/br.bin?100756C8, against extension: .gltf, processed URL: https://cdn-universe.flyff.com/client/language/br.bin
07-14 06:37:36.569  7076  7153 D WebViewCache: isStaticAsset: Checking URL: https://cdn-universe.flyff.com/client/language/br.bin?100756C8, against extension: .bin, processed URL: https://cdn-universe.flyff.com/client/language/br.bin
07-14 06:37:36.569  7076  7153 D WebViewCache: isStaticAsset: https://cdn-universe.flyff.com/client/language/br.bin?100756C8 is a static asset (..bin)
07-14 06:37:36.569  7076  7153 D WebViewCache: Using shared cache for: https://cdn-universe.flyff.com/client/language/br.bin?100756C8
07-14 06:37:36.570  7076  7153 D WebViewCache: Checking cache for: /data/user/0/com.droidev.flyffuwebviewclient/cache/webgl_cache/9432014f2c8c33ed6239d85110fbdf14_br.bin_100756C8
07-14 06:37:36.570  7076  7153 D WebViewCache: Cache hit for: /data/user/0/com.droidev.flyffuwebviewclient/cache/webgl_cache/9432014f2c8c33ed6239d85110fbdf14_br.bin_100756C8
07-14 06:37:36.572  7076  7153 D WebViewCache: Adding If-None-Match: "7778bc921df50f83318b37b78111a848"
07-14 06:37:36.572  7076  7153 D WebViewCache: Adding If-Modified-Since: Thu, 10 Jul 2025 06:54:36 GMT
07-14 06:37:36.593  7076  7153 D WebViewCache: Serving valid cache for: /data/user/0/com.droidev.flyffuwebviewclient/cache/webgl_cache/9432014f2c8c33ed6239d85110fbdf14_br.bin_100756C8 (304 Not Modified)
07-14 06:37:36.596  7076  7153 D WebViewCache: Requesting URL: https://cdn-universe.flyff.com/client/language/br.bin?100756C8, Host: cdn-universe.flyff.com
07-14 06:37:36.597  7076  7153 D WebViewCache: isStaticAsset: Checking URL: https://cdn-universe.flyff.com/client/language/br.bin?100756C8, against extension: .png, processed URL: https://cdn-universe.flyff.com/client/language/br.bin
07-14 06:37:36.597  7076  7153 D WebViewCache: isStaticAsset: Checking URL: https://cdn-universe.flyff.com/client/language/br.bin?100756C8, against extension: .jpg, processed URL: https://cdn-universe.flyff.com/client/language/br.bin
07-14 06:37:36.597  7076  7153 D WebViewCache: isStaticAsset: Checking URL: https://cdn-universe.flyff.com/client/language/br.bin?100756C8, against extension: .jpeg, processed URL: https://cdn-universe.flyff.com/client/language/br.bin
07-14 06:37:36.597  7076  7153 D WebViewCache: isStaticAsset: Checking URL: https://cdn-universe.flyff.com/client/language/br.bin?100756C8, against extension: .gltf, processed URL: https://cdn-universe.flyff.com/client/language/br.bin
07-14 06:37:36.597  7076  7153 D WebViewCache: isStaticAsset: Checking URL: https://cdn-universe.flyff.com/client/language/br.bin?100756C8, against extension: .bin, processed URL: https://cdn-universe.flyff.com/client/language/br.bin
07-14 06:37:36.597  7076  7153 D WebViewCache: isStaticAsset: https://cdn-universe.flyff.com/client/language/br.bin?100756C8 is a static asset (..bin)
07-14 06:37:36.597  7076  7153 D WebViewCache: Using shared cache for: https://cdn-universe.flyff.com/client/language/br.bin?100756C8
07-14 06:37:36.597  7076  7153 D WebViewCache: Checking cache for: /data/user/0/com.droidev.flyffuwebviewclient/cache/webgl_cache/9432014f2c8c33ed6239d85110fbdf14_br.bin_100756C8
07-14 06:37:36.598  7076  7153 D WebViewCache: Cache hit for: /data/user/0/com.droidev.flyffuwebviewclient/cache/webgl_cache/9432014f2c8c33ed6239d85110fbdf14_br.bin_100756C8
07-14 06:37:36.599  7076  7153 D WebViewCache: Adding If-None-Match: "7778bc921df50f83318b37b78111a848"
07-14 06:37:36.599  7076  7153 D WebViewCache: Adding If-Modified-Since: Thu, 10 Jul 2025 06:54:36 GMT
07-14 06:37:36.614  7076  7153 D WebViewCache: Serving valid cache for: /data/user/0/com.droidev.flyffuwebviewclient/cache/webgl_cache/9432014f2c8c33ed6239d85110fbdf14_br.bin_100756C8 (304 Not Modified)
07-14 06:37:39.926  7076  7153 D WebViewCache: Requesting URL: https://js.stripe.com/v3/m-outer-3437aaddcdf6922d623e172c2d6f9278.html#url=https%3A%2F%2Funiverse.flyff.com%2Fplay&title=Flyff%20Universe&referrer=&muid=NA&sid=NA&version=6&preview=false&__shared_params__[version]=basil, Host: js.stripe.com
07-14 06:37:39.926  7076  7153 D WebViewCache: Bypassing interception for non-target domain: js.stripe.com
07-14 06:37:39.973  7076  7153 D WebViewCache: Requesting URL: https://js.stripe.com/v3/fingerprinted/js/m-outer-15a2b40a058ddff1cffdb63779fe3de1.js, Host: js.stripe.com
07-14 06:37:39.974  7076  7153 D WebViewCache: Bypassing interception for non-target domain: js.stripe.com
07-14 06:37:39.993  7076  7154 D WebViewCache: Requesting URL: https://m.stripe.network/inner.html#url=https%3A%2F%2Funiverse.flyff.com%2Fplay&title=Flyff%20Universe&referrer=&muid=NA&sid=NA&version=6&preview=false&__shared_params__[version]=basil, Host: m.stripe.network
07-14 06:37:39.993  7076  7154 D WebViewCache: Bypassing interception for non-target domain: m.stripe.network
07-14 06:37:40.059  7076  7153 D WebViewCache: Requesting URL: https://m.stripe.network/out-4.5.44.js, Host: m.stripe.network
07-14 06:37:40.059  7076  7153 D WebViewCache: Bypassing interception for non-target domain: m.stripe.network
07-14 06:37:40.745  7076  7153 D WebViewCache: Requesting URL: https://m.stripe.com/6, Host: m.stripe.com
07-14 06:37:40.745  7076  7153 D WebViewCache: Bypassing interception for non-target domain: m.stripe.com
07-14 06:37:41.817  7076  7153 D WebViewCache: Requesting URL: https://m.stripe.com/6, Host: m.stripe.com
07-14 06:37:41.817  7076  7153 D WebViewCache: Bypassing interception for non-target domain: m.stripe.com
