--------- beginning of main
07-14 06:42:49.177  8034  8034 D WebViewCache: Loading initial URL: https://universe.flyff.com/play
07-14 06:42:49.178  8034  8106 D WebViewCache: Requesting URL: https://universe.flyff.com/play, Host: universe.flyff.com
07-14 06:42:49.178  8034  8106 D WebViewCache: isStaticAsset: Checking URL: https://universe.flyff.com/play, against extension: .png, processed URL: https://universe.flyff.com/play
07-14 06:42:49.178  8034  8106 D WebViewCache: isStaticAsset: Checking URL: https://universe.flyff.com/play, against extension: .jpg, processed URL: https://universe.flyff.com/play
07-14 06:42:49.178  8034  8106 D WebViewCache: isStaticAsset: Checking URL: https://universe.flyff.com/play, against extension: .jpeg, processed URL: https://universe.flyff.com/play
07-14 06:42:49.178  8034  8106 D WebViewCache: isStaticAsset: Checking URL: https://universe.flyff.com/play, against extension: .gltf, processed URL: https://universe.flyff.com/play
07-14 06:42:49.178  8034  8106 D WebViewCache: isStaticAsset: Checking URL: https://universe.flyff.com/play, against extension: .bin, processed URL: https://universe.flyff.com/play
07-14 06:42:49.178  8034  8106 D WebViewCache: isStaticAsset: Checking URL: https://universe.flyff.com/play, against extension: .mp3, processed URL: https://universe.flyff.com/play
07-14 06:42:49.178  8034  8106 D WebViewCache: isStaticAsset: Checking URL: https://universe.flyff.com/play, against extension: .ogg, processed URL: https://universe.flyff.com/play
07-14 06:42:49.178  8034  8106 D WebViewCache: isStaticAsset: https://universe.flyff.com/play is NOT a static asset.
07-14 06:42:50.158  8034  8107 D WebViewCache: Requesting URL: https://universe.flyff.com/assets/vendor/axios/axios.min.js?v1.1.7, Host: universe.flyff.com
07-14 06:42:50.158  8034  8107 D WebViewCache: isStaticAsset: Checking URL: https://universe.flyff.com/assets/vendor/axios/axios.min.js?v1.1.7, against extension: .png, processed URL: https://universe.flyff.com/assets/vendor/axios/axios.min.js
07-14 06:42:50.158  8034  8107 D WebViewCache: isStaticAsset: Checking URL: https://universe.flyff.com/assets/vendor/axios/axios.min.js?v1.1.7, against extension: .jpg, processed URL: https://universe.flyff.com/assets/vendor/axios/axios.min.js
07-14 06:42:50.158  8034  8107 D WebViewCache: isStaticAsset: Checking URL: https://universe.flyff.com/assets/vendor/axios/axios.min.js?v1.1.7, against extension: .jpeg, processed URL: https://universe.flyff.com/assets/vendor/axios/axios.min.js
07-14 06:42:50.158  8034  8107 D WebViewCache: isStaticAsset: Checking URL: https://universe.flyff.com/assets/vendor/axios/axios.min.js?v1.1.7, against extension: .gltf, processed URL: https://universe.flyff.com/assets/vendor/axios/axios.min.js
07-14 06:42:50.158  8034  8107 D WebViewCache: isStaticAsset: Checking URL: https://universe.flyff.com/assets/vendor/axios/axios.min.js?v1.1.7, against extension: .bin, processed URL: https://universe.flyff.com/assets/vendor/axios/axios.min.js
07-14 06:42:50.158  8034  8107 D WebViewCache: isStaticAsset: Checking URL: https://universe.flyff.com/assets/vendor/axios/axios.min.js?v1.1.7, against extension: .mp3, processed URL: https://universe.flyff.com/assets/vendor/axios/axios.min.js
07-14 06:42:50.158  8034  8107 D WebViewCache: isStaticAsset: Checking URL: https://universe.flyff.com/assets/vendor/axios/axios.min.js?v1.1.7, against extension: .ogg, processed URL: https://universe.flyff.com/assets/vendor/axios/axios.min.js
07-14 06:42:50.158  8034  8107 D WebViewCache: isStaticAsset: https://universe.flyff.com/assets/vendor/axios/axios.min.js?v1.1.7 is NOT a static asset.
07-14 06:42:50.159  8034  8107 D WebViewCache: Requesting URL: https://web.cmp.usercentrics.eu/tcf/stub.js, Host: web.cmp.usercentrics.eu
07-14 06:42:50.159  8034  8107 D WebViewCache: Bypassing interception for non-target domain: web.cmp.usercentrics.eu
07-14 06:42:50.161  8034  8107 D WebViewCache: Requesting URL: https://js.stripe.com/basil/stripe.js, Host: js.stripe.com
07-14 06:42:50.161  8034  8107 D WebViewCache: Bypassing interception for non-target domain: js.stripe.com
07-14 06:42:50.176  8034  8114 D WebViewCache: Requesting URL: https://www.google.com/recaptcha/api.js?render=explicit, Host: www.google.com
07-14 06:42:50.176  8034  8114 D WebViewCache: Bypassing interception for non-target domain: www.google.com
07-14 06:42:50.314  8034  8107 D WebViewCache: Requesting URL: https://cdn-universe.flyff.com/site/assets/js/userCentricsConsentMode.js?v1.1.7.5, Host: cdn-universe.flyff.com
07-14 06:42:50.314  8034  8106 D WebViewCache: Requesting URL: https://web.cmp.usercentrics.eu/ui/loader.js, Host: web.cmp.usercentrics.eu
07-14 06:42:50.314  8034  8107 D WebViewCache: isStaticAsset: Checking URL: https://cdn-universe.flyff.com/site/assets/js/userCentricsConsentMode.js?v1.1.7.5, against extension: .png, processed URL: https://cdn-universe.flyff.com/site/assets/js/usercentricsconsentmode.js
07-14 06:42:50.314  8034  8106 D WebViewCache: Bypassing interception for non-target domain: web.cmp.usercentrics.eu
07-14 06:42:50.314  8034  8107 D WebViewCache: isStaticAsset: Checking URL: https://cdn-universe.flyff.com/site/assets/js/userCentricsConsentMode.js?v1.1.7.5, against extension: .jpg, processed URL: https://cdn-universe.flyff.com/site/assets/js/usercentricsconsentmode.js
07-14 06:42:50.314  8034  8107 D WebViewCache: isStaticAsset: Checking URL: https://cdn-universe.flyff.com/site/assets/js/userCentricsConsentMode.js?v1.1.7.5, against extension: .jpeg, processed URL: https://cdn-universe.flyff.com/site/assets/js/usercentricsconsentmode.js
07-14 06:42:50.314  8034  8107 D WebViewCache: isStaticAsset: Checking URL: https://cdn-universe.flyff.com/site/assets/js/userCentricsConsentMode.js?v1.1.7.5, against extension: .gltf, processed URL: https://cdn-universe.flyff.com/site/assets/js/usercentricsconsentmode.js
07-14 06:42:50.314  8034  8107 D WebViewCache: isStaticAsset: Checking URL: https://cdn-universe.flyff.com/site/assets/js/userCentricsConsentMode.js?v1.1.7.5, against extension: .bin, processed URL: https://cdn-universe.flyff.com/site/assets/js/usercentricsconsentmode.js
07-14 06:42:50.314  8034  8107 D WebViewCache: isStaticAsset: Checking URL: https://cdn-universe.flyff.com/site/assets/js/userCentricsConsentMode.js?v1.1.7.5, against extension: .mp3, processed URL: https://cdn-universe.flyff.com/site/assets/js/usercentricsconsentmode.js
07-14 06:42:50.314  8034  8107 D WebViewCache: isStaticAsset: Checking URL: https://cdn-universe.flyff.com/site/assets/js/userCentricsConsentMode.js?v1.1.7.5, against extension: .ogg, processed URL: https://cdn-universe.flyff.com/site/assets/js/usercentricsconsentmode.js
07-14 06:42:50.315  8034  8107 D WebViewCache: isStaticAsset: https://cdn-universe.flyff.com/site/assets/js/userCentricsConsentMode.js?v1.1.7.5 is NOT a static asset.
07-14 06:42:50.317  8034  8107 D WebViewCache: Requesting URL: https://dynamic.criteo.com/js/ld/ld.js?a=99110, Host: dynamic.criteo.com
07-14 06:42:50.317  8034  8107 D WebViewCache: Bypassing interception for non-target domain: dynamic.criteo.com
07-14 06:42:50.318  8034  8107 D WebViewCache: Requesting URL: https://www.googletagmanager.com/gtm.js?id=GTM-M7SJX2S, Host: www.googletagmanager.com
07-14 06:42:50.318  8034  8107 D WebViewCache: Bypassing interception for non-target domain: www.googletagmanager.com
07-14 06:42:50.346  8034  8108 D WebViewCache: Requesting URL: https://cdn-universe.flyff.com/client/program/web/main-wasm32.wasm?249, Host: cdn-universe.flyff.com
07-14 06:42:50.346  8034  8108 D WebViewCache: isStaticAsset: Checking URL: https://cdn-universe.flyff.com/client/program/web/main-wasm32.wasm?249, against extension: .png, processed URL: https://cdn-universe.flyff.com/client/program/web/main-wasm32.wasm
07-14 06:42:50.346  8034  8108 D WebViewCache: isStaticAsset: Checking URL: https://cdn-universe.flyff.com/client/program/web/main-wasm32.wasm?249, against extension: .jpg, processed URL: https://cdn-universe.flyff.com/client/program/web/main-wasm32.wasm
07-14 06:42:50.346  8034  8108 D WebViewCache: isStaticAsset: Checking URL: https://cdn-universe.flyff.com/client/program/web/main-wasm32.wasm?249, against extension: .jpeg, processed URL: https://cdn-universe.flyff.com/client/program/web/main-wasm32.wasm
07-14 06:42:50.346  8034  8108 D WebViewCache: isStaticAsset: Checking URL: https://cdn-universe.flyff.com/client/program/web/main-wasm32.wasm?249, against extension: .gltf, processed URL: https://cdn-universe.flyff.com/client/program/web/main-wasm32.wasm
07-14 06:42:50.346  8034  8108 D WebViewCache: isStaticAsset: Checking URL: https://cdn-universe.flyff.com/client/program/web/main-wasm32.wasm?249, against extension: .bin, processed URL: https://cdn-universe.flyff.com/client/program/web/main-wasm32.wasm
07-14 06:42:50.346  8034  8108 D WebViewCache: isStaticAsset: Checking URL: https://cdn-universe.flyff.com/client/program/web/main-wasm32.wasm?249, against extension: .mp3, processed URL: https://cdn-universe.flyff.com/client/program/web/main-wasm32.wasm
07-14 06:42:50.346  8034  8108 D WebViewCache: isStaticAsset: Checking URL: https://cdn-universe.flyff.com/client/program/web/main-wasm32.wasm?249, against extension: .ogg, processed URL: https://cdn-universe.flyff.com/client/program/web/main-wasm32.wasm
07-14 06:42:50.346  8034  8108 D WebViewCache: isStaticAsset: https://cdn-universe.flyff.com/client/program/web/main-wasm32.wasm?249 is NOT a static asset.
07-14 06:42:50.348  8034  8114 D WebViewCache: Requesting URL: https://cdn-universe.flyff.com/client/cursor/curdelay.cur, Host: cdn-universe.flyff.com
07-14 06:42:50.348  8034  8114 D WebViewCache: isStaticAsset: Checking URL: https://cdn-universe.flyff.com/client/cursor/curdelay.cur, against extension: .png, processed URL: https://cdn-universe.flyff.com/client/cursor/curdelay.cur
07-14 06:42:50.348  8034  8114 D WebViewCache: isStaticAsset: Checking URL: https://cdn-universe.flyff.com/client/cursor/curdelay.cur, against extension: .jpg, processed URL: https://cdn-universe.flyff.com/client/cursor/curdelay.cur
07-14 06:42:50.348  8034  8114 D WebViewCache: isStaticAsset: Checking URL: https://cdn-universe.flyff.com/client/cursor/curdelay.cur, against extension: .jpeg, processed URL: https://cdn-universe.flyff.com/client/cursor/curdelay.cur
07-14 06:42:50.348  8034  8114 D WebViewCache: isStaticAsset: Checking URL: https://cdn-universe.flyff.com/client/cursor/curdelay.cur, against extension: .gltf, processed URL: https://cdn-universe.flyff.com/client/cursor/curdelay.cur
07-14 06:42:50.348  8034  8114 D WebViewCache: isStaticAsset: Checking URL: https://cdn-universe.flyff.com/client/cursor/curdelay.cur, against extension: .bin, processed URL: https://cdn-universe.flyff.com/client/cursor/curdelay.cur
07-14 06:42:50.348  8034  8108 D WebViewCache: Requesting URL: https://cdn-universe.flyff.com/client/cursor/curdelay.png, Host: cdn-universe.flyff.com
07-14 06:42:50.348  8034  8114 D WebViewCache: isStaticAsset: Checking URL: https://cdn-universe.flyff.com/client/cursor/curdelay.cur, against extension: .mp3, processed URL: https://cdn-universe.flyff.com/client/cursor/curdelay.cur
07-14 06:42:50.348  8034  8114 D WebViewCache: isStaticAsset: Checking URL: https://cdn-universe.flyff.com/client/cursor/curdelay.cur, against extension: .ogg, processed URL: https://cdn-universe.flyff.com/client/cursor/curdelay.cur
07-14 06:42:50.348  8034  8114 D WebViewCache: isStaticAsset: https://cdn-universe.flyff.com/client/cursor/curdelay.cur is NOT a static asset.
07-14 06:42:50.348  8034  8108 D WebViewCache: isStaticAsset: Checking URL: https://cdn-universe.flyff.com/client/cursor/curdelay.png, against extension: .png, processed URL: https://cdn-universe.flyff.com/client/cursor/curdelay.png
07-14 06:42:50.348  8034  8108 D WebViewCache: isStaticAsset: https://cdn-universe.flyff.com/client/cursor/curdelay.png is a static asset (..png)
07-14 06:42:50.348  8034  8108 D WebViewCache: Using shared cache for: https://cdn-universe.flyff.com/client/cursor/curdelay.png
07-14 06:42:50.350  8034  8108 D WebViewCache: Checking cache for: /data/user/0/com.droidev.flyffuwebviewclient/cache/webgl_cache/32906c29547f5cc6af1ce82d9e8e8485_curdelay.png
07-14 06:42:50.350  8034  8108 D WebViewCache: Fetching from network: https://cdn-universe.flyff.com/client/cursor/curdelay.png
07-14 06:42:50.370  8034  8114 D WebViewCache: Requesting URL: https://www.gstatic.com/recaptcha/releases/_cn5mBoBXIA0_T7xBjxkUqUA/recaptcha__pt_br.js, Host: www.gstatic.com
07-14 06:42:50.370  8034  8114 D WebViewCache: Bypassing interception for non-target domain: www.gstatic.com
07-14 06:42:50.513  8034  8108 D WebViewCache: Using server Content-Type: image/png for URL: https://cdn-universe.flyff.com/client/cursor/curdelay.png
07-14 06:42:50.514  8034  8108 D WebViewCache: File: 32906c29547f5cc6af1ce82d9e8e8485_curdelay.png, Size: 682 bytes, Total: 682 bytes
07-14 06:42:50.514  8034  8108 D WebViewCache: Current cache size: 0MB
07-14 06:42:50.514  8034  8108 D WebViewCache: Saved to cache: /data/user/0/com.droidev.flyffuwebviewclient/cache/webgl_cache/32906c29547f5cc6af1ce82d9e8e8485_curdelay.png
07-14 06:42:50.594  8034  8107 D WebViewCache: Requesting URL: https://web.cmp.usercentrics.eu/ui/v/3.61.0/WebSdk.lib.bb0442d7.js, Host: web.cmp.usercentrics.eu
07-14 06:42:50.594  8034  8107 D WebViewCache: Bypassing interception for non-target domain: web.cmp.usercentrics.eu
07-14 06:42:50.899  8034  8106 D WebViewCache: Requesting URL: https://v1.api.service.cmp.usercentrics.eu/latest/core/fxO_4ss0Wa26_C, Host: v1.api.service.cmp.usercentrics.eu
07-14 06:42:50.899  8034  8106 D WebViewCache: Bypassing interception for non-target domain: v1.api.service.cmp.usercentrics.eu
07-14 06:42:50.932  8034  8106 D WebViewCache: Requesting URL: https://cdn-universe.flyff.com/client/program/web/main-wasm32.js?249, Host: cdn-universe.flyff.com
07-14 06:42:50.932  8034  8106 D WebViewCache: isStaticAsset: Checking URL: https://cdn-universe.flyff.com/client/program/web/main-wasm32.js?249, against extension: .png, processed URL: https://cdn-universe.flyff.com/client/program/web/main-wasm32.js
07-14 06:42:50.932  8034  8106 D WebViewCache: isStaticAsset: Checking URL: https://cdn-universe.flyff.com/client/program/web/main-wasm32.js?249, against extension: .jpg, processed URL: https://cdn-universe.flyff.com/client/program/web/main-wasm32.js
07-14 06:42:50.932  8034  8106 D WebViewCache: isStaticAsset: Checking URL: https://cdn-universe.flyff.com/client/program/web/main-wasm32.js?249, against extension: .jpeg, processed URL: https://cdn-universe.flyff.com/client/program/web/main-wasm32.js
07-14 06:42:50.932  8034  8106 D WebViewCache: isStaticAsset: Checking URL: https://cdn-universe.flyff.com/client/program/web/main-wasm32.js?249, against extension: .gltf, processed URL: https://cdn-universe.flyff.com/client/program/web/main-wasm32.js
07-14 06:42:50.932  8034  8106 D WebViewCache: isStaticAsset: Checking URL: https://cdn-universe.flyff.com/client/program/web/main-wasm32.js?249, against extension: .bin, processed URL: https://cdn-universe.flyff.com/client/program/web/main-wasm32.js
07-14 06:42:50.932  8034  8106 D WebViewCache: isStaticAsset: Checking URL: https://cdn-universe.flyff.com/client/program/web/main-wasm32.js?249, against extension: .mp3, processed URL: https://cdn-universe.flyff.com/client/program/web/main-wasm32.js
07-14 06:42:50.932  8034  8106 D WebViewCache: isStaticAsset: Checking URL: https://cdn-universe.flyff.com/client/program/web/main-wasm32.js?249, against extension: .ogg, processed URL: https://cdn-universe.flyff.com/client/program/web/main-wasm32.js
07-14 06:42:50.932  8034  8106 D WebViewCache: isStaticAsset: https://cdn-universe.flyff.com/client/program/web/main-wasm32.js?249 is NOT a static asset.
07-14 06:42:50.966  8034  8106 D WebViewCache: Requesting URL: https://app.usercentrics.eu/session/1px.png?settingsId=fxO_4ss0Wa26_C, Host: app.usercentrics.eu
07-14 06:42:50.966  8034  8106 D WebViewCache: Bypassing interception for non-target domain: app.usercentrics.eu
07-14 06:42:50.968  8034  8106 D WebViewCache: Requesting URL: https://v1.api.service.cmp.usercentrics.eu/latest/1/cmp/en/TCF/fxO_4ss0Wa26_C/2.0.0/2.0.0?isOutsideEu=true&activeTcfVendorsListVersion=115&previousTcfVendorsListVersion=115&previousTcfPolicyVersion=5, Host: v1.api.service.cmp.usercentrics.eu
07-14 06:42:50.968  8034  8106 D WebViewCache: Bypassing interception for non-target domain: v1.api.service.cmp.usercentrics.eu
07-14 06:42:51.000  8034  8106 D WebViewCache: Requesting URL: https://web.cmp.usercentrics.eu/ui/v/3.61.0/src.6faac6e5.js, Host: web.cmp.usercentrics.eu
07-14 06:42:51.000  8034  8106 D WebViewCache: Bypassing interception for non-target domain: web.cmp.usercentrics.eu
07-14 06:42:51.003  8034  8106 D WebViewCache: Requesting URL: https://web.cmp.usercentrics.eu/ui/v/3.61.0/TcfCmpController.a2867193.js, Host: web.cmp.usercentrics.eu
07-14 06:42:51.003  8034  8106 D WebViewCache: Bypassing interception for non-target domain: web.cmp.usercentrics.eu
07-14 06:42:51.066  8034  8106 D WebViewCache: Requesting URL: https://cdn-universe.flyff.com/client/filemap.bin?249, Host: cdn-universe.flyff.com
07-14 06:42:51.066  8034  8106 D WebViewCache: Bypassing cache for critical .bin file: https://cdn-universe.flyff.com/client/filemap.bin?249
07-14 06:42:51.211  8034  8106 D WebViewCache: Requesting URL: https://cdn-universe.flyff.com/client/data/project.bin?10078D3B, Host: cdn-universe.flyff.com
07-14 06:42:51.211  8034  8106 D WebViewCache: Bypassing cache for critical .bin file: https://cdn-universe.flyff.com/client/data/project.bin?10078D3B
07-14 06:42:51.309  8034  8106 D WebViewCache: Requesting URL: https://consent-api.service.consent.usercentrics.eu/consent/uw/3, Host: consent-api.service.consent.usercentrics.eu
07-14 06:42:51.309  8034  8106 D WebViewCache: Bypassing interception for non-target domain: consent-api.service.consent.usercentrics.eu
07-14 06:42:51.313  8034  8034 D WebViewCache: Page finished loading: https://universe.flyff.com/play
07-14 06:42:51.320  8034  8108 D WebViewCache: Requesting URL: https://cdn-universe.flyff.com/icon/favicon-16x16.png, Host: cdn-universe.flyff.com
07-14 06:42:51.320  8034  8108 D WebViewCache: isStaticAsset: Checking URL: https://cdn-universe.flyff.com/icon/favicon-16x16.png, against extension: .png, processed URL: https://cdn-universe.flyff.com/icon/favicon-16x16.png
07-14 06:42:51.320  8034  8108 D WebViewCache: isStaticAsset: https://cdn-universe.flyff.com/icon/favicon-16x16.png is a static asset (..png)
07-14 06:42:51.320  8034  8108 D WebViewCache: Using shared cache for: https://cdn-universe.flyff.com/icon/favicon-16x16.png
07-14 06:42:51.320  8034  8114 D WebViewCache: Requesting URL: https://cdn-universe.flyff.com/icon/favicon-32x32.png, Host: cdn-universe.flyff.com
07-14 06:42:51.320  8034  8108 D WebViewCache: Checking cache for: /data/user/0/com.droidev.flyffuwebviewclient/cache/webgl_cache/25b814ac7f1d94deeed84d78a409edd0_favicon-16x16.png
07-14 06:42:51.320  8034  8114 D WebViewCache: isStaticAsset: Checking URL: https://cdn-universe.flyff.com/icon/favicon-32x32.png, against extension: .png, processed URL: https://cdn-universe.flyff.com/icon/favicon-32x32.png
07-14 06:42:51.321  8034  8114 D WebViewCache: isStaticAsset: https://cdn-universe.flyff.com/icon/favicon-32x32.png is a static asset (..png)
07-14 06:42:51.321  8034  8108 D WebViewCache: Fetching from network: https://cdn-universe.flyff.com/icon/favicon-16x16.png
07-14 06:42:51.321  8034  8114 D WebViewCache: Using shared cache for: https://cdn-universe.flyff.com/icon/favicon-32x32.png
07-14 06:42:51.322  8034  8114 D WebViewCache: Checking cache for: /data/user/0/com.droidev.flyffuwebviewclient/cache/webgl_cache/c100d48e3a77c246aa5cfa0a7bd5f31c_favicon-32x32.png
07-14 06:42:51.324  8034  8114 D WebViewCache: Fetching from network: https://cdn-universe.flyff.com/icon/favicon-32x32.png
07-14 06:42:51.337  8034  8108 D WebViewCache: Using server Content-Type: image/png for URL: https://cdn-universe.flyff.com/icon/favicon-16x16.png
07-14 06:42:51.337  8034  8108 D WebViewCache: File: 32906c29547f5cc6af1ce82d9e8e8485_curdelay.png, Size: 682 bytes, Total: 682 bytes
07-14 06:42:51.337  8034  8108 D WebViewCache: File: 25b814ac7f1d94deeed84d78a409edd0_favicon-16x16.png, Size: 764 bytes, Total: 1446 bytes
07-14 06:42:51.337  8034  8108 D WebViewCache: Current cache size: 0MB
07-14 06:42:51.337  8034  8108 D WebViewCache: Saved to cache: /data/user/0/com.droidev.flyffuwebviewclient/cache/webgl_cache/25b814ac7f1d94deeed84d78a409edd0_favicon-16x16.png
07-14 06:42:51.351  8034  8114 D WebViewCache: Using server Content-Type: image/png for URL: https://cdn-universe.flyff.com/icon/favicon-32x32.png
07-14 06:42:51.352  8034  8114 D WebViewCache: File: 32906c29547f5cc6af1ce82d9e8e8485_curdelay.png, Size: 682 bytes, Total: 682 bytes
07-14 06:42:51.352  8034  8114 D WebViewCache: File: 25b814ac7f1d94deeed84d78a409edd0_favicon-16x16.png, Size: 764 bytes, Total: 1446 bytes
07-14 06:42:51.352  8034  8114 D WebViewCache: File: c100d48e3a77c246aa5cfa0a7bd5f31c_favicon-32x32.png, Size: 2051 bytes, Total: 3497 bytes
07-14 06:42:51.352  8034  8114 D WebViewCache: Current cache size: 0MB
07-14 06:42:51.352  8034  8114 D WebViewCache: Saved to cache: /data/user/0/com.droidev.flyffuwebviewclient/cache/webgl_cache/c100d48e3a77c246aa5cfa0a7bd5f31c_favicon-32x32.png
07-14 06:42:51.576  8034  8106 D WebViewCache: Requesting URL: https://consent-api.service.consent.usercentrics.eu/consent/uw/3, Host: consent-api.service.consent.usercentrics.eu
07-14 06:42:51.576  8034  8106 D WebViewCache: Bypassing interception for non-target domain: consent-api.service.consent.usercentrics.eu
07-14 06:42:51.655  8034  8034 D WebViewCache: Loading initial URL: https://universe.flyff.com/play
07-14 06:42:51.655  8034  8106 D WebViewCache: Requesting URL: https://universe.flyff.com/play, Host: universe.flyff.com
07-14 06:42:51.655  8034  8106 D WebViewCache: isStaticAsset: Checking URL: https://universe.flyff.com/play, against extension: .png, processed URL: https://universe.flyff.com/play
07-14 06:42:51.655  8034  8106 D WebViewCache: isStaticAsset: Checking URL: https://universe.flyff.com/play, against extension: .jpg, processed URL: https://universe.flyff.com/play
07-14 06:42:51.655  8034  8106 D WebViewCache: isStaticAsset: Checking URL: https://universe.flyff.com/play, against extension: .jpeg, processed URL: https://universe.flyff.com/play
07-14 06:42:51.655  8034  8106 D WebViewCache: isStaticAsset: Checking URL: https://universe.flyff.com/play, against extension: .gltf, processed URL: https://universe.flyff.com/play
07-14 06:42:51.655  8034  8106 D WebViewCache: isStaticAsset: Checking URL: https://universe.flyff.com/play, against extension: .bin, processed URL: https://universe.flyff.com/play
07-14 06:42:51.655  8034  8106 D WebViewCache: isStaticAsset: Checking URL: https://universe.flyff.com/play, against extension: .mp3, processed URL: https://universe.flyff.com/play
07-14 06:42:51.655  8034  8106 D WebViewCache: isStaticAsset: Checking URL: https://universe.flyff.com/play, against extension: .ogg, processed URL: https://universe.flyff.com/play
07-14 06:42:51.655  8034  8106 D WebViewCache: isStaticAsset: https://universe.flyff.com/play is NOT a static asset.
07-14 06:42:52.070  8034  8106 D WebViewCache: Requesting URL: https://cdn-universe.flyff.com/client/language/br.bin?100756C8, Host: cdn-universe.flyff.com
07-14 06:42:52.071  8034  8106 D WebViewCache: Bypassing cache for critical .bin file: https://cdn-universe.flyff.com/client/language/br.bin?100756C8
07-14 06:42:52.136  8034  8106 D WebViewCache: Requesting URL: https://web.cmp.usercentrics.eu/ui/loader.js, Host: web.cmp.usercentrics.eu
07-14 06:42:52.136  8034  8106 D WebViewCache: Bypassing interception for non-target domain: web.cmp.usercentrics.eu
07-14 06:42:52.138  8034  8106 D WebViewCache: Requesting URL: https://cdn-universe.flyff.com/site/assets/js/userCentricsConsentMode.js?v1.1.7.5, Host: cdn-universe.flyff.com
07-14 06:42:52.139  8034  8106 D WebViewCache: isStaticAsset: Checking URL: https://cdn-universe.flyff.com/site/assets/js/userCentricsConsentMode.js?v1.1.7.5, against extension: .png, processed URL: https://cdn-universe.flyff.com/site/assets/js/usercentricsconsentmode.js
07-14 06:42:52.139  8034  8106 D WebViewCache: isStaticAsset: Checking URL: https://cdn-universe.flyff.com/site/assets/js/userCentricsConsentMode.js?v1.1.7.5, against extension: .jpg, processed URL: https://cdn-universe.flyff.com/site/assets/js/usercentricsconsentmode.js
07-14 06:42:52.139  8034  8106 D WebViewCache: isStaticAsset: Checking URL: https://cdn-universe.flyff.com/site/assets/js/userCentricsConsentMode.js?v1.1.7.5, against extension: .jpeg, processed URL: https://cdn-universe.flyff.com/site/assets/js/usercentricsconsentmode.js
07-14 06:42:52.139  8034  8106 D WebViewCache: isStaticAsset: Checking URL: https://cdn-universe.flyff.com/site/assets/js/userCentricsConsentMode.js?v1.1.7.5, against extension: .gltf, processed URL: https://cdn-universe.flyff.com/site/assets/js/usercentricsconsentmode.js
07-14 06:42:52.139  8034  8106 D WebViewCache: isStaticAsset: Checking URL: https://cdn-universe.flyff.com/site/assets/js/userCentricsConsentMode.js?v1.1.7.5, against extension: .bin, processed URL: https://cdn-universe.flyff.com/site/assets/js/usercentricsconsentmode.js
07-14 06:42:52.139  8034  8106 D WebViewCache: isStaticAsset: Checking URL: https://cdn-universe.flyff.com/site/assets/js/userCentricsConsentMode.js?v1.1.7.5, against extension: .mp3, processed URL: https://cdn-universe.flyff.com/site/assets/js/usercentricsconsentmode.js
07-14 06:42:52.139  8034  8106 D WebViewCache: isStaticAsset: Checking URL: https://cdn-universe.flyff.com/site/assets/js/userCentricsConsentMode.js?v1.1.7.5, against extension: .ogg, processed URL: https://cdn-universe.flyff.com/site/assets/js/usercentricsconsentmode.js
07-14 06:42:52.139  8034  8106 D WebViewCache: isStaticAsset: https://cdn-universe.flyff.com/site/assets/js/userCentricsConsentMode.js?v1.1.7.5 is NOT a static asset.
07-14 06:42:52.154  8034  8106 D WebViewCache: Requesting URL: https://dynamic.criteo.com/js/ld/ld.js?a=99110, Host: dynamic.criteo.com
07-14 06:42:52.154  8034  8107 D WebViewCache: Requesting URL: https://www.googletagmanager.com/gtm.js?id=GTM-M7SJX2S, Host: www.googletagmanager.com
07-14 06:42:52.154  8034  8107 D WebViewCache: Bypassing interception for non-target domain: www.googletagmanager.com
07-14 06:42:52.154  8034  8108 D WebViewCache: Requesting URL: https://cdn-universe.flyff.com/client/cursor/curdelay.png, Host: cdn-universe.flyff.com
07-14 06:42:52.154  8034  8108 D WebViewCache: isStaticAsset: Checking URL: https://cdn-universe.flyff.com/client/cursor/curdelay.png, against extension: .png, processed URL: https://cdn-universe.flyff.com/client/cursor/curdelay.png
07-14 06:42:52.154  8034  8108 D WebViewCache: isStaticAsset: https://cdn-universe.flyff.com/client/cursor/curdelay.png is a static asset (..png)
07-14 06:42:52.154  8034  8108 D WebViewCache: Using shared cache for: https://cdn-universe.flyff.com/client/cursor/curdelay.png
07-14 06:42:52.155  8034  8108 D WebViewCache: Checking cache for: /data/user/0/com.droidev.flyffuwebviewclient/cache/webgl_cache/32906c29547f5cc6af1ce82d9e8e8485_curdelay.png
07-14 06:42:52.155  8034  8108 D WebViewCache: Cache hit for: /data/user/0/com.droidev.flyffuwebviewclient/cache/webgl_cache/32906c29547f5cc6af1ce82d9e8e8485_curdelay.png
07-14 06:42:52.157  8034  8108 D WebViewCache: Adding If-None-Match: "bdb760ffa566902d68ac62fa3b052bfc"
07-14 06:42:52.157  8034  8108 D WebViewCache: Adding If-Modified-Since: Tue, 27 May 2025 08:36:13 GMT
07-14 06:42:52.159  8034  8106 D WebViewCache: Bypassing interception for non-target domain: dynamic.criteo.com
07-14 06:42:52.217  8034  8108 D WebViewCache: Serving valid cache for: /data/user/0/com.droidev.flyffuwebviewclient/cache/webgl_cache/32906c29547f5cc6af1ce82d9e8e8485_curdelay.png (304 Not Modified)
07-14 06:42:52.422  8034  8106 D WebViewCache: Requesting URL: https://cdn-universe.flyff.com/client/ui/base.bin?FA1E356, Host: cdn-universe.flyff.com
07-14 06:42:52.422  8034  8106 D WebViewCache: isStaticAsset: Checking URL: https://cdn-universe.flyff.com/client/ui/base.bin?FA1E356, against extension: .png, processed URL: https://cdn-universe.flyff.com/client/ui/base.bin
07-14 06:42:52.422  8034  8106 D WebViewCache: isStaticAsset: Checking URL: https://cdn-universe.flyff.com/client/ui/base.bin?FA1E356, against extension: .jpg, processed URL: https://cdn-universe.flyff.com/client/ui/base.bin
07-14 06:42:52.422  8034  8106 D WebViewCache: isStaticAsset: Checking URL: https://cdn-universe.flyff.com/client/ui/base.bin?FA1E356, against extension: .jpeg, processed URL: https://cdn-universe.flyff.com/client/ui/base.bin
07-14 06:42:52.422  8034  8106 D WebViewCache: isStaticAsset: Checking URL: https://cdn-universe.flyff.com/client/ui/base.bin?FA1E356, against extension: .gltf, processed URL: https://cdn-universe.flyff.com/client/ui/base.bin
07-14 06:42:52.422  8034  8106 D WebViewCache: isStaticAsset: Checking URL: https://cdn-universe.flyff.com/client/ui/base.bin?FA1E356, against extension: .bin, processed URL: https://cdn-universe.flyff.com/client/ui/base.bin
07-14 06:42:52.422  8034  8106 D WebViewCache: isStaticAsset: https://cdn-universe.flyff.com/client/ui/base.bin?FA1E356 is a static asset (..bin)
07-14 06:42:52.422  8034  8106 D WebViewCache: Using shared cache for: https://cdn-universe.flyff.com/client/ui/base.bin?FA1E356
07-14 06:42:52.423  8034  8106 D WebViewCache: Checking cache for: /data/user/0/com.droidev.flyffuwebviewclient/cache/webgl_cache/29381009d29deaa903f881f01f4fd84d_base.bin_FA1E356
07-14 06:42:52.424  8034  8106 D WebViewCache: Fetching from network: https://cdn-universe.flyff.com/client/ui/base.bin?FA1E356
07-14 06:42:52.426  8034  8107 D WebViewCache: Requesting URL: https://cdn-universe.flyff.com/client/ui/etc2/screenfwclow.bin?F98B588, Host: cdn-universe.flyff.com
07-14 06:42:52.427  8034  8107 D WebViewCache: isStaticAsset: Checking URL: https://cdn-universe.flyff.com/client/ui/etc2/screenfwclow.bin?F98B588, against extension: .png, processed URL: https://cdn-universe.flyff.com/client/ui/etc2/screenfwclow.bin
07-14 06:42:52.427  8034  8107 D WebViewCache: isStaticAsset: Checking URL: https://cdn-universe.flyff.com/client/ui/etc2/screenfwclow.bin?F98B588, against extension: .jpg, processed URL: https://cdn-universe.flyff.com/client/ui/etc2/screenfwclow.bin
07-14 06:42:52.427  8034  8107 D WebViewCache: isStaticAsset: Checking URL: https://cdn-universe.flyff.com/client/ui/etc2/screenfwclow.bin?F98B588, against extension: .jpeg, processed URL: https://cdn-universe.flyff.com/client/ui/etc2/screenfwclow.bin
07-14 06:42:52.427  8034  8107 D WebViewCache: isStaticAsset: Checking URL: https://cdn-universe.flyff.com/client/ui/etc2/screenfwclow.bin?F98B588, against extension: .gltf, processed URL: https://cdn-universe.flyff.com/client/ui/etc2/screenfwclow.bin
07-14 06:42:52.427  8034  8107 D WebViewCache: isStaticAsset: Checking URL: https://cdn-universe.flyff.com/client/ui/etc2/screenfwclow.bin?F98B588, against extension: .bin, processed URL: https://cdn-universe.flyff.com/client/ui/etc2/screenfwclow.bin
07-14 06:42:52.427  8034  8107 D WebViewCache: isStaticAsset: https://cdn-universe.flyff.com/client/ui/etc2/screenfwclow.bin?F98B588 is a static asset (..bin)
07-14 06:42:52.427  8034  8107 D WebViewCache: Using shared cache for: https://cdn-universe.flyff.com/client/ui/etc2/screenfwclow.bin?F98B588
07-14 06:42:52.427  8034  8107 D WebViewCache: Checking cache for: /data/user/0/com.droidev.flyffuwebviewclient/cache/webgl_cache/7bbae571f95c75c03bd3cab598c30329_screenfwclow.bin_F98B588
07-14 06:42:52.427  8034  8107 D WebViewCache: Fetching from network: https://cdn-universe.flyff.com/client/ui/etc2/screenfwclow.bin?F98B588
07-14 06:42:52.504  8034  8108 D WebViewCache: Requesting URL: https://cdn-universe.flyff.com/client/ui/base_mo.bin?F73BEA0, Host: cdn-universe.flyff.com
07-14 06:42:52.504  8034  8108 D WebViewCache: isStaticAsset: Checking URL: https://cdn-universe.flyff.com/client/ui/base_mo.bin?F73BEA0, against extension: .png, processed URL: https://cdn-universe.flyff.com/client/ui/base_mo.bin
07-14 06:42:52.504  8034  8108 D WebViewCache: isStaticAsset: Checking URL: https://cdn-universe.flyff.com/client/ui/base_mo.bin?F73BEA0, against extension: .jpg, processed URL: https://cdn-universe.flyff.com/client/ui/base_mo.bin
07-14 06:42:52.504  8034  8108 D WebViewCache: isStaticAsset: Checking URL: https://cdn-universe.flyff.com/client/ui/base_mo.bin?F73BEA0, against extension: .jpeg, processed URL: https://cdn-universe.flyff.com/client/ui/base_mo.bin
07-14 06:42:52.504  8034  8108 D WebViewCache: isStaticAsset: Checking URL: https://cdn-universe.flyff.com/client/ui/base_mo.bin?F73BEA0, against extension: .gltf, processed URL: https://cdn-universe.flyff.com/client/ui/base_mo.bin
07-14 06:42:52.504  8034  8108 D WebViewCache: isStaticAsset: Checking URL: https://cdn-universe.flyff.com/client/ui/base_mo.bin?F73BEA0, against extension: .bin, processed URL: https://cdn-universe.flyff.com/client/ui/base_mo.bin
07-14 06:42:52.504  8034  8108 D WebViewCache: isStaticAsset: https://cdn-universe.flyff.com/client/ui/base_mo.bin?F73BEA0 is a static asset (..bin)
07-14 06:42:52.504  8034  8108 D WebViewCache: Using shared cache for: https://cdn-universe.flyff.com/client/ui/base_mo.bin?F73BEA0
07-14 06:42:52.505  8034  8108 D WebViewCache: Checking cache for: /data/user/0/com.droidev.flyffuwebviewclient/cache/webgl_cache/abdcf29f1e4fccb4628e2da9e4f17fe2_base_mo.bin_F73BEA0
07-14 06:42:52.505  8034  8108 D WebViewCache: Fetching from network: https://cdn-universe.flyff.com/client/ui/base_mo.bin?F73BEA0
07-14 06:42:52.508  8034  8114 D WebViewCache: Requesting URL: https://cdn-universe.flyff.com/client/model/mdlbase.bin?EE01E32, Host: cdn-universe.flyff.com
07-14 06:42:52.509  8034  8114 D WebViewCache: isStaticAsset: Checking URL: https://cdn-universe.flyff.com/client/model/mdlbase.bin?EE01E32, against extension: .png, processed URL: https://cdn-universe.flyff.com/client/model/mdlbase.bin
07-14 06:42:52.509  8034  8114 D WebViewCache: isStaticAsset: Checking URL: https://cdn-universe.flyff.com/client/model/mdlbase.bin?EE01E32, against extension: .jpg, processed URL: https://cdn-universe.flyff.com/client/model/mdlbase.bin
07-14 06:42:52.509  8034  8114 D WebViewCache: isStaticAsset: Checking URL: https://cdn-universe.flyff.com/client/model/mdlbase.bin?EE01E32, against extension: .jpeg, processed URL: https://cdn-universe.flyff.com/client/model/mdlbase.bin
07-14 06:42:52.509  8034  8114 D WebViewCache: isStaticAsset: Checking URL: https://cdn-universe.flyff.com/client/model/mdlbase.bin?EE01E32, against extension: .gltf, processed URL: https://cdn-universe.flyff.com/client/model/mdlbase.bin
07-14 06:42:52.509  8034  8114 D WebViewCache: isStaticAsset: Checking URL: https://cdn-universe.flyff.com/client/model/mdlbase.bin?EE01E32, against extension: .bin, processed URL: https://cdn-universe.flyff.com/client/model/mdlbase.bin
07-14 06:42:52.509  8034  8114 D WebViewCache: isStaticAsset: https://cdn-universe.flyff.com/client/model/mdlbase.bin?EE01E32 is a static asset (..bin)
07-14 06:42:52.509  8034  8114 D WebViewCache: Using shared cache for: https://cdn-universe.flyff.com/client/model/mdlbase.bin?EE01E32
07-14 06:42:52.510  8034  8114 D WebViewCache: Checking cache for: /data/user/0/com.droidev.flyffuwebviewclient/cache/webgl_cache/fe4e610ece4e2da4b98f7a8ef6e780b9_mdlbase.bin_EE01E32
07-14 06:42:52.510  8034  8114 D WebViewCache: Fetching from network: https://cdn-universe.flyff.com/client/model/mdlbase.bin?EE01E32
07-14 06:42:52.513  8034  8119 D WebViewCache: Requesting URL: https://cdn-universe.flyff.com/client/model/part_malehair07.bin?A11193B, Host: cdn-universe.flyff.com
07-14 06:42:52.513  8034  8119 D WebViewCache: isStaticAsset: Checking URL: https://cdn-universe.flyff.com/client/model/part_malehair07.bin?A11193B, against extension: .png, processed URL: https://cdn-universe.flyff.com/client/model/part_malehair07.bin
07-14 06:42:52.513  8034  8119 D WebViewCache: isStaticAsset: Checking URL: https://cdn-universe.flyff.com/client/model/part_malehair07.bin?A11193B, against extension: .jpg, processed URL: https://cdn-universe.flyff.com/client/model/part_malehair07.bin
07-14 06:42:52.513  8034  8119 D WebViewCache: isStaticAsset: Checking URL: https://cdn-universe.flyff.com/client/model/part_malehair07.bin?A11193B, against extension: .jpeg, processed URL: https://cdn-universe.flyff.com/client/model/part_malehair07.bin
07-14 06:42:52.513  8034  8119 D WebViewCache: isStaticAsset: Checking URL: https://cdn-universe.flyff.com/client/model/part_malehair07.bin?A11193B, against extension: .gltf, processed URL: https://cdn-universe.flyff.com/client/model/part_malehair07.bin
07-14 06:42:52.513  8034  8119 D WebViewCache: isStaticAsset: Checking URL: https://cdn-universe.flyff.com/client/model/part_malehair07.bin?A11193B, against extension: .bin, processed URL: https://cdn-universe.flyff.com/client/model/part_malehair07.bin
07-14 06:42:52.513  8034  8119 D WebViewCache: isStaticAsset: https://cdn-universe.flyff.com/client/model/part_malehair07.bin?A11193B is a static asset (..bin)
07-14 06:42:52.513  8034  8119 D WebViewCache: Using shared cache for: https://cdn-universe.flyff.com/client/model/part_malehair07.bin?A11193B
07-14 06:42:52.515  8034  8119 D WebViewCache: Checking cache for: /data/user/0/com.droidev.flyffuwebviewclient/cache/webgl_cache/80c0d058090400a5840c0ada186fac0d_part_malehair07.bin_A11193B
07-14 06:42:52.515  8034  8119 D WebViewCache: Fetching from network: https://cdn-universe.flyff.com/client/model/part_malehair07.bin?A11193B
07-14 06:42:52.518  8034  8122 D WebViewCache: Requesting URL: https://cdn-universe.flyff.com/client/model/part_malehead10.bin?A11193B, Host: cdn-universe.flyff.com
07-14 06:42:52.518  8034  8122 D WebViewCache: isStaticAsset: Checking URL: https://cdn-universe.flyff.com/client/model/part_malehead10.bin?A11193B, against extension: .png, processed URL: https://cdn-universe.flyff.com/client/model/part_malehead10.bin
07-14 06:42:52.518  8034  8122 D WebViewCache: isStaticAsset: Checking URL: https://cdn-universe.flyff.com/client/model/part_malehead10.bin?A11193B, against extension: .jpg, processed URL: https://cdn-universe.flyff.com/client/model/part_malehead10.bin
07-14 06:42:52.518  8034  8122 D WebViewCache: isStaticAsset: Checking URL: https://cdn-universe.flyff.com/client/model/part_malehead10.bin?A11193B, against extension: .jpeg, processed URL: https://cdn-universe.flyff.com/client/model/part_malehead10.bin
07-14 06:42:52.518  8034  8122 D WebViewCache: isStaticAsset: Checking URL: https://cdn-universe.flyff.com/client/model/part_malehead10.bin?A11193B, against extension: .gltf, processed URL: https://cdn-universe.flyff.com/client/model/part_malehead10.bin
07-14 06:42:52.518  8034  8122 D WebViewCache: isStaticAsset: Checking URL: https://cdn-universe.flyff.com/client/model/part_malehead10.bin?A11193B, against extension: .bin, processed URL: https://cdn-universe.flyff.com/client/model/part_malehead10.bin
07-14 06:42:52.518  8034  8122 D WebViewCache: isStaticAsset: https://cdn-universe.flyff.com/client/model/part_malehead10.bin?A11193B is a static asset (..bin)
07-14 06:42:52.518  8034  8122 D WebViewCache: Using shared cache for: https://cdn-universe.flyff.com/client/model/part_malehead10.bin?A11193B
07-14 06:42:52.519  8034  8122 D WebViewCache: Checking cache for: /data/user/0/com.droidev.flyffuwebviewclient/cache/webgl_cache/5983787df152ec8bdd2511bc4a3603af_part_malehead10.bin_A11193B
07-14 06:42:52.519  8034  8122 D WebViewCache: Fetching from network: https://cdn-universe.flyff.com/client/model/part_malehead10.bin?A11193B
07-14 06:42:52.521  8034  8106 D WebViewCache: Using server Content-Type: application/octet-stream for URL: https://cdn-universe.flyff.com/client/ui/base.bin?FA1E356
07-14 06:42:52.522  8034  8106 D WebViewCache: File: 32906c29547f5cc6af1ce82d9e8e8485_curdelay.png, Size: 682 bytes, Total: 682 bytes
07-14 06:42:52.522  8034  8106 D WebViewCache: File: 25b814ac7f1d94deeed84d78a409edd0_favicon-16x16.png, Size: 764 bytes, Total: 1446 bytes
07-14 06:42:52.522  8034  8106 D WebViewCache: File: c100d48e3a77c246aa5cfa0a7bd5f31c_favicon-32x32.png, Size: 2051 bytes, Total: 3497 bytes
07-14 06:42:52.522  8034  8106 D WebViewCache: File: 29381009d29deaa903f881f01f4fd84d_base.bin_FA1E356, Size: 455954 bytes, Total: 459451 bytes
07-14 06:42:52.522  8034  8106 D WebViewCache: Current cache size: 0MB
07-14 06:42:52.522  8034  8106 D WebViewCache: Saved to cache: /data/user/0/com.droidev.flyffuwebviewclient/cache/webgl_cache/29381009d29deaa903f881f01f4fd84d_base.bin_FA1E356
07-14 06:42:52.523  8034  8106 D WebViewCache: Requesting URL: https://cdn-universe.flyff.com/client/model/part_mvag01.bin?A11194C, Host: cdn-universe.flyff.com
07-14 06:42:52.523  8034  8106 D WebViewCache: isStaticAsset: Checking URL: https://cdn-universe.flyff.com/client/model/part_mvag01.bin?A11194C, against extension: .png, processed URL: https://cdn-universe.flyff.com/client/model/part_mvag01.bin
07-14 06:42:52.523  8034  8106 D WebViewCache: isStaticAsset: Checking URL: https://cdn-universe.flyff.com/client/model/part_mvag01.bin?A11194C, against extension: .jpg, processed URL: https://cdn-universe.flyff.com/client/model/part_mvag01.bin
07-14 06:42:52.523  8034  8106 D WebViewCache: isStaticAsset: Checking URL: https://cdn-universe.flyff.com/client/model/part_mvag01.bin?A11194C, against extension: .jpeg, processed URL: https://cdn-universe.flyff.com/client/model/part_mvag01.bin
07-14 06:42:52.523  8034  8106 D WebViewCache: isStaticAsset: Checking URL: https://cdn-universe.flyff.com/client/model/part_mvag01.bin?A11194C, against extension: .gltf, processed URL: https://cdn-universe.flyff.com/client/model/part_mvag01.bin
07-14 06:42:52.523  8034  8106 D WebViewCache: isStaticAsset: Checking URL: https://cdn-universe.flyff.com/client/model/part_mvag01.bin?A11194C, against extension: .bin, processed URL: https://cdn-universe.flyff.com/client/model/part_mvag01.bin
07-14 06:42:52.523  8034  8106 D WebViewCache: isStaticAsset: https://cdn-universe.flyff.com/client/model/part_mvag01.bin?A11194C is a static asset (..bin)
07-14 06:42:52.523  8034  8106 D WebViewCache: Using shared cache for: https://cdn-universe.flyff.com/client/model/part_mvag01.bin?A11194C
07-14 06:42:52.524  8034  8106 D WebViewCache: Checking cache for: /data/user/0/com.droidev.flyffuwebviewclient/cache/webgl_cache/710268122c0e8aa600314928d0aa6057_part_mvag01.bin_A11194C
07-14 06:42:52.524  8034  8106 D WebViewCache: Fetching from network: https://cdn-universe.flyff.com/client/model/part_mvag01.bin?A11194C
07-14 06:42:52.585  8034  8108 D WebViewCache: Using server Content-Type: application/octet-stream for URL: https://cdn-universe.flyff.com/client/ui/base_mo.bin?F73BEA0
07-14 06:42:52.587  8034  8119 D WebViewCache: Using server Content-Type: application/octet-stream for URL: https://cdn-universe.flyff.com/client/model/part_malehair07.bin?A11193B
07-14 06:42:52.587  8034  8119 D WebViewCache: File: 32906c29547f5cc6af1ce82d9e8e8485_curdelay.png, Size: 682 bytes, Total: 682 bytes
07-14 06:42:52.588  8034  8119 D WebViewCache: File: 25b814ac7f1d94deeed84d78a409edd0_favicon-16x16.png, Size: 764 bytes, Total: 1446 bytes
07-14 06:42:52.588  8034  8119 D WebViewCache: File: c100d48e3a77c246aa5cfa0a7bd5f31c_favicon-32x32.png, Size: 2051 bytes, Total: 3497 bytes
07-14 06:42:52.588  8034  8119 D WebViewCache: File: 29381009d29deaa903f881f01f4fd84d_base.bin_FA1E356, Size: 455954 bytes, Total: 459451 bytes
07-14 06:42:52.588  8034  8119 D WebViewCache: File: abdcf29f1e4fccb4628e2da9e4f17fe2_base_mo.bin_F73BEA0, Size: 725795 bytes, Total: 1185246 bytes
07-14 06:42:52.588  8034  8119 D WebViewCache: File: 80c0d058090400a5840c0ada186fac0d_part_malehair07.bin_A11193B, Size: 25469 bytes, Total: 1210715 bytes
07-14 06:42:52.588  8034  8119 D WebViewCache: Current cache size: 1MB
07-14 06:42:52.588  8034  8119 D WebViewCache: Saved to cache: /data/user/0/com.droidev.flyffuwebviewclient/cache/webgl_cache/80c0d058090400a5840c0ada186fac0d_part_malehair07.bin_A11193B
07-14 06:42:52.588  8034  8119 D WebViewCache: Requesting URL: https://cdn-universe.flyff.com/client/model/item_weaswowooden.bin?A111910, Host: cdn-universe.flyff.com
07-14 06:42:52.588  8034  8119 D WebViewCache: isStaticAsset: Checking URL: https://cdn-universe.flyff.com/client/model/item_weaswowooden.bin?A111910, against extension: .png, processed URL: https://cdn-universe.flyff.com/client/model/item_weaswowooden.bin
07-14 06:42:52.588  8034  8119 D WebViewCache: isStaticAsset: Checking URL: https://cdn-universe.flyff.com/client/model/item_weaswowooden.bin?A111910, against extension: .jpg, processed URL: https://cdn-universe.flyff.com/client/model/item_weaswowooden.bin
07-14 06:42:52.588  8034  8119 D WebViewCache: isStaticAsset: Checking URL: https://cdn-universe.flyff.com/client/model/item_weaswowooden.bin?A111910, against extension: .jpeg, processed URL: https://cdn-universe.flyff.com/client/model/item_weaswowooden.bin
07-14 06:42:52.588  8034  8119 D WebViewCache: isStaticAsset: Checking URL: https://cdn-universe.flyff.com/client/model/item_weaswowooden.bin?A111910, against extension: .gltf, processed URL: https://cdn-universe.flyff.com/client/model/item_weaswowooden.bin
07-14 06:42:52.588  8034  8119 D WebViewCache: isStaticAsset: Checking URL: https://cdn-universe.flyff.com/client/model/item_weaswowooden.bin?A111910, against extension: .bin, processed URL: https://cdn-universe.flyff.com/client/model/item_weaswowooden.bin
07-14 06:42:52.588  8034  8119 D WebViewCache: isStaticAsset: https://cdn-universe.flyff.com/client/model/item_weaswowooden.bin?A111910 is a static asset (..bin)
07-14 06:42:52.588  8034  8119 D WebViewCache: Using shared cache for: https://cdn-universe.flyff.com/client/model/item_weaswowooden.bin?A111910
07-14 06:42:52.589  8034  8108 D WebViewCache: File: 32906c29547f5cc6af1ce82d9e8e8485_curdelay.png, Size: 682 bytes, Total: 682 bytes
07-14 06:42:52.589  8034  8108 D WebViewCache: File: 25b814ac7f1d94deeed84d78a409edd0_favicon-16x16.png, Size: 764 bytes, Total: 1446 bytes
07-14 06:42:52.589  8034  8108 D WebViewCache: File: c100d48e3a77c246aa5cfa0a7bd5f31c_favicon-32x32.png, Size: 2051 bytes, Total: 3497 bytes
07-14 06:42:52.589  8034  8108 D WebViewCache: File: 29381009d29deaa903f881f01f4fd84d_base.bin_FA1E356, Size: 455954 bytes, Total: 459451 bytes
07-14 06:42:52.589  8034  8108 D WebViewCache: File: abdcf29f1e4fccb4628e2da9e4f17fe2_base_mo.bin_F73BEA0, Size: 725795 bytes, Total: 1185246 bytes
07-14 06:42:52.589  8034  8108 D WebViewCache: File: 80c0d058090400a5840c0ada186fac0d_part_malehair07.bin_A11193B, Size: 25469 bytes, Total: 1210715 bytes
07-14 06:42:52.589  8034  8119 D WebViewCache: Checking cache for: /data/user/0/com.droidev.flyffuwebviewclient/cache/webgl_cache/01a73f28258c88bf32a45ab1295cd455_item_weaswowooden.bin_A111910
07-14 06:42:52.589  8034  8108 D WebViewCache: Current cache size: 1MB
07-14 06:42:52.589  8034  8108 D WebViewCache: Saved to cache: /data/user/0/com.droidev.flyffuwebviewclient/cache/webgl_cache/abdcf29f1e4fccb4628e2da9e4f17fe2_base_mo.bin_F73BEA0
07-14 06:42:52.590  8034  8119 D WebViewCache: Fetching from network: https://cdn-universe.flyff.com/client/model/item_weaswowooden.bin?A111910
07-14 06:42:52.591  8034  8106 D WebViewCache: Using server Content-Type: application/octet-stream for URL: https://cdn-universe.flyff.com/client/model/part_mvag01.bin?A11194C
07-14 06:42:52.592  8034  8106 D WebViewCache: File: 32906c29547f5cc6af1ce82d9e8e8485_curdelay.png, Size: 682 bytes, Total: 682 bytes
07-14 06:42:52.592  8034  8106 D WebViewCache: File: 25b814ac7f1d94deeed84d78a409edd0_favicon-16x16.png, Size: 764 bytes, Total: 1446 bytes
07-14 06:42:52.592  8034  8106 D WebViewCache: File: c100d48e3a77c246aa5cfa0a7bd5f31c_favicon-32x32.png, Size: 2051 bytes, Total: 3497 bytes
07-14 06:42:52.592  8034  8106 D WebViewCache: File: 29381009d29deaa903f881f01f4fd84d_base.bin_FA1E356, Size: 455954 bytes, Total: 459451 bytes
07-14 06:42:52.592  8034  8106 D WebViewCache: File: abdcf29f1e4fccb4628e2da9e4f17fe2_base_mo.bin_F73BEA0, Size: 725795 bytes, Total: 1185246 bytes
07-14 06:42:52.592  8034  8106 D WebViewCache: File: 80c0d058090400a5840c0ada186fac0d_part_malehair07.bin_A11193B, Size: 25469 bytes, Total: 1210715 bytes
07-14 06:42:52.592  8034  8106 D WebViewCache: File: 710268122c0e8aa600314928d0aa6057_part_mvag01.bin_A11194C, Size: 37469 bytes, Total: 1248184 bytes
07-14 06:42:52.592  8034  8106 D WebViewCache: Current cache size: 1MB
07-14 06:42:52.592  8034  8106 D WebViewCache: Saved to cache: /data/user/0/com.droidev.flyffuwebviewclient/cache/webgl_cache/710268122c0e8aa600314928d0aa6057_part_mvag01.bin_A11194C
07-14 06:42:52.595  8034  8122 D WebViewCache: Using server Content-Type: application/octet-stream for URL: https://cdn-universe.flyff.com/client/model/part_malehead10.bin?A11193B
07-14 06:42:52.597  8034  8122 D WebViewCache: File: 32906c29547f5cc6af1ce82d9e8e8485_curdelay.png, Size: 682 bytes, Total: 682 bytes
07-14 06:42:52.597  8034  8122 D WebViewCache: File: 25b814ac7f1d94deeed84d78a409edd0_favicon-16x16.png, Size: 764 bytes, Total: 1446 bytes
07-14 06:42:52.597  8034  8122 D WebViewCache: File: c100d48e3a77c246aa5cfa0a7bd5f31c_favicon-32x32.png, Size: 2051 bytes, Total: 3497 bytes
07-14 06:42:52.598  8034  8122 D WebViewCache: File: 29381009d29deaa903f881f01f4fd84d_base.bin_FA1E356, Size: 455954 bytes, Total: 459451 bytes
