07-14 06:42:53.959  8034  8106 D WebViewCache: Serving valid cache for: /data/user/0/com.droidev.flyffuwebviewclient/cache/webgl_cache/abdcf29f1e4fccb4628e2da9e4f17fe2_base_mo.bin_F73BEA0 (304 Not Modified)
07-14 06:42:53.960  8034  8106 D WebViewCache: Requesting URL: https://cdn-universe.flyff.com/client/model/item_weaswowooden.bin?A111910, Host: cdn-universe.flyff.com
07-14 06:42:53.960  8034  8106 D WebViewCache: isStaticAsset: Checking URL: https://cdn-universe.flyff.com/client/model/item_weaswowooden.bin?A111910, against extension: .png, processed URL: https://cdn-universe.flyff.com/client/model/item_weaswowooden.bin
07-14 06:42:53.960  8034  8106 D WebViewCache: isStaticAsset: Checking URL: https://cdn-universe.flyff.com/client/model/item_weaswowooden.bin?A111910, against extension: .jpg, processed URL: https://cdn-universe.flyff.com/client/model/item_weaswowooden.bin
07-14 06:42:53.960  8034  8106 D WebViewCache: isStaticAsset: Checking URL: https://cdn-universe.flyff.com/client/model/item_weaswowooden.bin?A111910, against extension: .jpeg, processed URL: https://cdn-universe.flyff.com/client/model/item_weaswowooden.bin
07-14 06:42:53.960  8034  8106 D WebViewCache: isStaticAsset: Checking URL: https://cdn-universe.flyff.com/client/model/item_weaswowooden.bin?A111910, against extension: .gltf, processed URL: https://cdn-universe.flyff.com/client/model/item_weaswowooden.bin
07-14 06:42:53.960  8034  8106 D WebViewCache: isStaticAsset: Checking URL: https://cdn-universe.flyff.com/client/model/item_weaswowooden.bin?A111910, against extension: .bin, processed URL: https://cdn-universe.flyff.com/client/model/item_weaswowooden.bin
07-14 06:42:53.960  8034  8106 D WebViewCache: isStaticAsset: https://cdn-universe.flyff.com/client/model/item_weaswowooden.bin?A111910 is a static asset (..bin)
07-14 06:42:53.960  8034  8106 D WebViewCache: Using shared cache for: https://cdn-universe.flyff.com/client/model/item_weaswowooden.bin?A111910
07-14 06:42:53.961  8034  8106 D WebViewCache: Checking cache for: /data/user/0/com.droidev.flyffuwebviewclient/cache/webgl_cache/01a73f28258c88bf32a45ab1295cd455_item_weaswowooden.bin_A111910
07-14 06:42:53.961  8034  8106 D WebViewCache: Cache hit for: /data/user/0/com.droidev.flyffuwebviewclient/cache/webgl_cache/01a73f28258c88bf32a45ab1295cd455_item_weaswowooden.bin_A111910
07-14 06:42:53.962  8034  8106 D WebViewCache: Adding If-None-Match: "b66a6ddbb3d4554261b5c31c7f2552a3"
07-14 06:42:53.962  8034  8106 D WebViewCache: Adding If-Modified-Since: Tue, 27 May 2025 08:41:22 GMT
07-14 06:42:53.963  8034  8108 D WebViewCache: Cache hit for: /data/user/0/com.droidev.flyffuwebviewclient/cache/webgl_cache/fe4e610ece4e2da4b98f7a8ef6e780b9_mdlbase.bin_EE01E32
07-14 06:42:53.963  8034  8114 D WebViewCache: Requesting URL: https://cdn-universe.flyff.com/client/cursor/curbase.png, Host: cdn-universe.flyff.com
07-14 06:42:53.964  8034  8114 D WebViewCache: isStaticAsset: Checking URL: https://cdn-universe.flyff.com/client/cursor/curbase.png, against extension: .png, processed URL: https://cdn-universe.flyff.com/client/cursor/curbase.png
07-14 06:42:53.964  8034  8114 D WebViewCache: isStaticAsset: https://cdn-universe.flyff.com/client/cursor/curbase.png is a static asset (..png)
07-14 06:42:53.964  8034  8114 D WebViewCache: Using shared cache for: https://cdn-universe.flyff.com/client/cursor/curbase.png
07-14 06:42:53.964  8034  8108 D WebViewCache: Adding If-None-Match: "eece0c3b9f6670f62f5f2119ce165818"
07-14 06:42:53.965  8034  8108 D WebViewCache: Adding If-Modified-Since: Tue, 27 May 2025 08:41:46 GMT
07-14 06:42:53.965  8034  8114 D WebViewCache: Checking cache for: /data/user/0/com.droidev.flyffuwebviewclient/cache/webgl_cache/b1c454bc16509eb6c94229647ebf24eb_curbase.png
07-14 06:42:53.966  8034  8107 D WebViewCache: Adding If-Modified-Since: Wed, 28 May 2025 04:10:40 GMT
07-14 06:42:53.968  8034  8114 D WebViewCache: Cache hit for: /data/user/0/com.droidev.flyffuwebviewclient/cache/webgl_cache/b1c454bc16509eb6c94229647ebf24eb_curbase.png
07-14 06:42:53.971  8034  8122 D WebViewCache: Cache hit for: /data/user/0/com.droidev.flyffuwebviewclient/cache/webgl_cache/9ed08ad61d3965d9cbd29ed6105c433e_part_malehead08.bin_A11193B
07-14 06:42:53.971  8034  8114 D WebViewCache: Adding If-None-Match: "fc7e24d67999c26e2b7a59e7559387b2"
07-14 06:42:53.971  8034  8114 D WebViewCache: Adding If-Modified-Since: Tue, 27 May 2025 08:36:13 GMT
07-14 06:42:53.972  8034  8122 D WebViewCache: Adding If-None-Match: "1d1060284ba4d12ea63a1c2a0c3ce9bf"
07-14 06:42:53.972  8034  8122 D WebViewCache: Adding If-Modified-Since: Tue, 27 May 2025 08:48:00 GMT
07-14 06:42:53.991  8034  8108 D WebViewCache: Serving valid cache for: /data/user/0/com.droidev.flyffuwebviewclient/cache/webgl_cache/fe4e610ece4e2da4b98f7a8ef6e780b9_mdlbase.bin_EE01E32 (304 Not Modified)
07-14 06:42:53.992  8034  8106 D WebViewCache: Serving valid cache for: /data/user/0/com.droidev.flyffuwebviewclient/cache/webgl_cache/01a73f28258c88bf32a45ab1295cd455_item_weaswowooden.bin_A111910 (304 Not Modified)
07-14 06:42:53.997  8034  8114 D WebViewCache: Serving valid cache for: /data/user/0/com.droidev.flyffuwebviewclient/cache/webgl_cache/b1c454bc16509eb6c94229647ebf24eb_curbase.png (304 Not Modified)
07-14 06:42:53.998  8034  8114 D WebViewCache: Requesting URL: https://cdn-universe.flyff.com/client/model/part_mvag01.bin?A11194C, Host: cdn-universe.flyff.com
07-14 06:42:53.998  8034  8114 D WebViewCache: isStaticAsset: Checking URL: https://cdn-universe.flyff.com/client/model/part_mvag01.bin?A11194C, against extension: .png, processed URL: https://cdn-universe.flyff.com/client/model/part_mvag01.bin
07-14 06:42:53.998  8034  8114 D WebViewCache: isStaticAsset: Checking URL: https://cdn-universe.flyff.com/client/model/part_mvag01.bin?A11194C, against extension: .jpg, processed URL: https://cdn-universe.flyff.com/client/model/part_mvag01.bin
07-14 06:42:53.998  8034  8114 D WebViewCache: isStaticAsset: Checking URL: https://cdn-universe.flyff.com/client/model/part_mvag01.bin?A11194C, against extension: .jpeg, processed URL: https://cdn-universe.flyff.com/client/model/part_mvag01.bin
07-14 06:42:53.999  8034  8114 D WebViewCache: isStaticAsset: Checking URL: https://cdn-universe.flyff.com/client/model/part_mvag01.bin?A11194C, against extension: .gltf, processed URL: https://cdn-universe.flyff.com/client/model/part_mvag01.bin
07-14 06:42:53.999  8034  8114 D WebViewCache: isStaticAsset: Checking URL: https://cdn-universe.flyff.com/client/model/part_mvag01.bin?A11194C, against extension: .bin, processed URL: https://cdn-universe.flyff.com/client/model/part_mvag01.bin
07-14 06:42:53.999  8034  8114 D WebViewCache: isStaticAsset: https://cdn-universe.flyff.com/client/model/part_mvag01.bin?A11194C is a static asset (..bin)
07-14 06:42:53.999  8034  8114 D WebViewCache: Using shared cache for: https://cdn-universe.flyff.com/client/model/part_mvag01.bin?A11194C
07-14 06:42:53.999  8034  8114 D WebViewCache: Checking cache for: /data/user/0/com.droidev.flyffuwebviewclient/cache/webgl_cache/710268122c0e8aa600314928d0aa6057_part_mvag01.bin_A11194C
07-14 06:42:54.000  8034  8119 D WebViewCache: Serving valid cache for: /data/user/0/com.droidev.flyffuwebviewclient/cache/webgl_cache/83782faee4017e0d227602033c2c759d_part_malehair05.bin_A11193B (304 Not Modified)
07-14 06:42:54.001  8034  8122 D WebViewCache: Serving valid cache for: /data/user/0/com.droidev.flyffuwebviewclient/cache/webgl_cache/9ed08ad61d3965d9cbd29ed6105c433e_part_malehead08.bin_A11193B (304 Not Modified)
07-14 06:42:54.002  8034  8107 D WebViewCache: Serving valid cache for: /data/user/0/com.droidev.flyffuwebviewclient/cache/webgl_cache/7bbae571f95c75c03bd3cab598c30329_screenfwclow.bin_F98B588 (304 Not Modified)
07-14 06:42:54.004  8034  8106 D WebViewCache: Requesting URL: https://cdn-universe.flyff.com/client/model/mdlbase.bin?EE01E32, Host: cdn-universe.flyff.com
07-14 06:42:54.004  8034  8106 D WebViewCache: isStaticAsset: Checking URL: https://cdn-universe.flyff.com/client/model/mdlbase.bin?EE01E32, against extension: .png, processed URL: https://cdn-universe.flyff.com/client/model/mdlbase.bin
07-14 06:42:54.005  8034  8106 D WebViewCache: isStaticAsset: Checking URL: https://cdn-universe.flyff.com/client/model/mdlbase.bin?EE01E32, against extension: .jpg, processed URL: https://cdn-universe.flyff.com/client/model/mdlbase.bin
07-14 06:42:54.005  8034  8106 D WebViewCache: isStaticAsset: Checking URL: https://cdn-universe.flyff.com/client/model/mdlbase.bin?EE01E32, against extension: .jpeg, processed URL: https://cdn-universe.flyff.com/client/model/mdlbase.bin
07-14 06:42:54.005  8034  8106 D WebViewCache: isStaticAsset: Checking URL: https://cdn-universe.flyff.com/client/model/mdlbase.bin?EE01E32, against extension: .gltf, processed URL: https://cdn-universe.flyff.com/client/model/mdlbase.bin
07-14 06:42:54.005  8034  8106 D WebViewCache: isStaticAsset: Checking URL: https://cdn-universe.flyff.com/client/model/mdlbase.bin?EE01E32, against extension: .bin, processed URL: https://cdn-universe.flyff.com/client/model/mdlbase.bin
07-14 06:42:54.005  8034  8106 D WebViewCache: isStaticAsset: https://cdn-universe.flyff.com/client/model/mdlbase.bin?EE01E32 is a static asset (..bin)
07-14 06:42:54.005  8034  8106 D WebViewCache: Using shared cache for: https://cdn-universe.flyff.com/client/model/mdlbase.bin?EE01E32
07-14 06:42:54.008  8034  8106 D WebViewCache: Checking cache for: /data/user/0/com.droidev.flyffuwebviewclient/cache/webgl_cache/fe4e610ece4e2da4b98f7a8ef6e780b9_mdlbase.bin_EE01E32
07-14 06:42:54.009  8034  8108 D WebViewCache: Requesting URL: https://cdn-universe.flyff.com/client/model/item_weaswowooden.bin?A111910, Host: cdn-universe.flyff.com
07-14 06:42:54.010  8034  8108 D WebViewCache: isStaticAsset: Checking URL: https://cdn-universe.flyff.com/client/model/item_weaswowooden.bin?A111910, against extension: .png, processed URL: https://cdn-universe.flyff.com/client/model/item_weaswowooden.bin
07-14 06:42:54.010  8034  8108 D WebViewCache: isStaticAsset: Checking URL: https://cdn-universe.flyff.com/client/model/item_weaswowooden.bin?A111910, against extension: .jpg, processed URL: https://cdn-universe.flyff.com/client/model/item_weaswowooden.bin
07-14 06:42:54.010  8034  8108 D WebViewCache: isStaticAsset: Checking URL: https://cdn-universe.flyff.com/client/model/item_weaswowooden.bin?A111910, against extension: .jpeg, processed URL: https://cdn-universe.flyff.com/client/model/item_weaswowooden.bin
07-14 06:42:54.010  8034  8108 D WebViewCache: isStaticAsset: Checking URL: https://cdn-universe.flyff.com/client/model/item_weaswowooden.bin?A111910, against extension: .gltf, processed URL: https://cdn-universe.flyff.com/client/model/item_weaswowooden.bin
07-14 06:42:54.010  8034  8108 D WebViewCache: isStaticAsset: Checking URL: https://cdn-universe.flyff.com/client/model/item_weaswowooden.bin?A111910, against extension: .bin, processed URL: https://cdn-universe.flyff.com/client/model/item_weaswowooden.bin
07-14 06:42:54.010  8034  8108 D WebViewCache: isStaticAsset: https://cdn-universe.flyff.com/client/model/item_weaswowooden.bin?A111910 is a static asset (..bin)
07-14 06:42:54.010  8034  8108 D WebViewCache: Using shared cache for: https://cdn-universe.flyff.com/client/model/item_weaswowooden.bin?A111910
07-14 06:42:54.010  8034  8108 D WebViewCache: Checking cache for: /data/user/0/com.droidev.flyffuwebviewclient/cache/webgl_cache/01a73f28258c88bf32a45ab1295cd455_item_weaswowooden.bin_A111910
07-14 06:42:54.011  8034  8108 D WebViewCache: Cache hit for: /data/user/0/com.droidev.flyffuwebviewclient/cache/webgl_cache/01a73f28258c88bf32a45ab1295cd455_item_weaswowooden.bin_A111910
07-14 06:42:54.012  8034  8108 D WebViewCache: Adding If-None-Match: "b66a6ddbb3d4554261b5c31c7f2552a3"
07-14 06:42:54.012  8034  8108 D WebViewCache: Adding If-Modified-Since: Tue, 27 May 2025 08:41:22 GMT
07-14 06:42:54.012  8034  8114 D WebViewCache: Cache hit for: /data/user/0/com.droidev.flyffuwebviewclient/cache/webgl_cache/710268122c0e8aa600314928d0aa6057_part_mvag01.bin_A11194C
07-14 06:42:54.013  8034  8114 D WebViewCache: Adding If-None-Match: "c4b9f37e6c7d3ce06d8565cdbd928ae9"
07-14 06:42:54.013  8034  8114 D WebViewCache: Adding If-Modified-Since: Tue, 27 May 2025 08:49:26 GMT
07-14 06:42:54.023  8034  8107 D WebViewCache: Requesting URL: https://cdn-universe.flyff.com/client/model/part_malehair05.bin?A11193B, Host: cdn-universe.flyff.com
07-14 06:42:54.023  8034  8107 D WebViewCache: isStaticAsset: Checking URL: https://cdn-universe.flyff.com/client/model/part_malehair05.bin?A11193B, against extension: .png, processed URL: https://cdn-universe.flyff.com/client/model/part_malehair05.bin
07-14 06:42:54.023  8034  8107 D WebViewCache: isStaticAsset: Checking URL: https://cdn-universe.flyff.com/client/model/part_malehair05.bin?A11193B, against extension: .jpg, processed URL: https://cdn-universe.flyff.com/client/model/part_malehair05.bin
07-14 06:42:54.023  8034  8107 D WebViewCache: isStaticAsset: Checking URL: https://cdn-universe.flyff.com/client/model/part_malehair05.bin?A11193B, against extension: .jpeg, processed URL: https://cdn-universe.flyff.com/client/model/part_malehair05.bin
07-14 06:42:54.023  8034  8107 D WebViewCache: isStaticAsset: Checking URL: https://cdn-universe.flyff.com/client/model/part_malehair05.bin?A11193B, against extension: .gltf, processed URL: https://cdn-universe.flyff.com/client/model/part_malehair05.bin
07-14 06:42:54.023  8034  8107 D WebViewCache: isStaticAsset: Checking URL: https://cdn-universe.flyff.com/client/model/part_malehair05.bin?A11193B, against extension: .bin, processed URL: https://cdn-universe.flyff.com/client/model/part_malehair05.bin
07-14 06:42:54.023  8034  8107 D WebViewCache: isStaticAsset: https://cdn-universe.flyff.com/client/model/part_malehair05.bin?A11193B is a static asset (..bin)
07-14 06:42:54.023  8034  8107 D WebViewCache: Using shared cache for: https://cdn-universe.flyff.com/client/model/part_malehair05.bin?A11193B
07-14 06:42:54.024  8034  8107 D WebViewCache: Checking cache for: /data/user/0/com.droidev.flyffuwebviewclient/cache/webgl_cache/83782faee4017e0d227602033c2c759d_part_malehair05.bin_A11193B
07-14 06:42:54.024  8034  8107 D WebViewCache: Cache hit for: /data/user/0/com.droidev.flyffuwebviewclient/cache/webgl_cache/83782faee4017e0d227602033c2c759d_part_malehair05.bin_A11193B
07-14 06:42:54.025  8034  8119 D WebViewCache: Requesting URL: https://cdn-universe.flyff.com/client/model/part_malehead08.bin?A11193B, Host: cdn-universe.flyff.com
07-14 06:42:54.025  8034  8119 D WebViewCache: isStaticAsset: Checking URL: https://cdn-universe.flyff.com/client/model/part_malehead08.bin?A11193B, against extension: .png, processed URL: https://cdn-universe.flyff.com/client/model/part_malehead08.bin
07-14 06:42:54.025  8034  8119 D WebViewCache: isStaticAsset: Checking URL: https://cdn-universe.flyff.com/client/model/part_malehead08.bin?A11193B, against extension: .jpg, processed URL: https://cdn-universe.flyff.com/client/model/part_malehead08.bin
07-14 06:42:54.025  8034  8119 D WebViewCache: isStaticAsset: Checking URL: https://cdn-universe.flyff.com/client/model/part_malehead08.bin?A11193B, against extension: .jpeg, processed URL: https://cdn-universe.flyff.com/client/model/part_malehead08.bin
07-14 06:42:54.025  8034  8119 D WebViewCache: isStaticAsset: Checking URL: https://cdn-universe.flyff.com/client/model/part_malehead08.bin?A11193B, against extension: .gltf, processed URL: https://cdn-universe.flyff.com/client/model/part_malehead08.bin
07-14 06:42:54.025  8034  8119 D WebViewCache: isStaticAsset: Checking URL: https://cdn-universe.flyff.com/client/model/part_malehead08.bin?A11193B, against extension: .bin, processed URL: https://cdn-universe.flyff.com/client/model/part_malehead08.bin
07-14 06:42:54.025  8034  8119 D WebViewCache: isStaticAsset: https://cdn-universe.flyff.com/client/model/part_malehead08.bin?A11193B is a static asset (..bin)
07-14 06:42:54.025  8034  8119 D WebViewCache: Using shared cache for: https://cdn-universe.flyff.com/client/model/part_malehead08.bin?A11193B
07-14 06:42:54.025  8034  8119 D WebViewCache: Checking cache for: /data/user/0/com.droidev.flyffuwebviewclient/cache/webgl_cache/9ed08ad61d3965d9cbd29ed6105c433e_part_malehead08.bin_A11193B
07-14 06:42:54.025  8034  8107 D WebViewCache: Adding If-None-Match: "5299e44ed6063981419207cf849403e7"
07-14 06:42:54.025  8034  8107 D WebViewCache: Adding If-Modified-Since: Tue, 27 May 2025 08:47:58 GMT
07-14 06:42:54.026  8034  8119 D WebViewCache: Cache hit for: /data/user/0/com.droidev.flyffuwebviewclient/cache/webgl_cache/9ed08ad61d3965d9cbd29ed6105c433e_part_malehead08.bin_A11193B
07-14 06:42:54.027  8034  8119 D WebViewCache: Adding If-None-Match: "1d1060284ba4d12ea63a1c2a0c3ce9bf"
07-14 06:42:54.027  8034  8119 D WebViewCache: Adding If-Modified-Since: Tue, 27 May 2025 08:48:00 GMT
07-14 06:42:54.032  8034  8108 D WebViewCache: Serving valid cache for: /data/user/0/com.droidev.flyffuwebviewclient/cache/webgl_cache/01a73f28258c88bf32a45ab1295cd455_item_weaswowooden.bin_A111910 (304 Not Modified)
07-14 06:42:54.034  8034  8114 D WebViewCache: Serving valid cache for: /data/user/0/com.droidev.flyffuwebviewclient/cache/webgl_cache/710268122c0e8aa600314928d0aa6057_part_mvag01.bin_A11194C (304 Not Modified)
07-14 06:42:54.039  8034  8106 D WebViewCache: Cache hit for: /data/user/0/com.droidev.flyffuwebviewclient/cache/webgl_cache/fe4e610ece4e2da4b98f7a8ef6e780b9_mdlbase.bin_EE01E32
07-14 06:42:54.040  8034  8106 D WebViewCache: Adding If-None-Match: "eece0c3b9f6670f62f5f2119ce165818"
07-14 06:42:54.040  8034  8106 D WebViewCache: Adding If-Modified-Since: Tue, 27 May 2025 08:41:46 GMT
07-14 06:42:54.048  8034  8107 D WebViewCache: Serving valid cache for: /data/user/0/com.droidev.flyffuwebviewclient/cache/webgl_cache/83782faee4017e0d227602033c2c759d_part_malehair05.bin_A11193B (304 Not Modified)
07-14 06:42:54.049  8034  8119 D WebViewCache: Serving valid cache for: /data/user/0/com.droidev.flyffuwebviewclient/cache/webgl_cache/9ed08ad61d3965d9cbd29ed6105c433e_part_malehead08.bin_A11193B (304 Not Modified)
07-14 06:42:54.056  8034  8106 D WebViewCache: Serving valid cache for: /data/user/0/com.droidev.flyffuwebviewclient/cache/webgl_cache/fe4e610ece4e2da4b98f7a8ef6e780b9_mdlbase.bin_EE01E32 (304 Not Modified)
07-14 06:42:54.135  8034  8114 D WebViewCache: Requesting URL: https://cdn-universe.flyff.com/client/model/part_mvag01.bin?A11194C, Host: cdn-universe.flyff.com
07-14 06:42:54.135  8034  8114 D WebViewCache: isStaticAsset: Checking URL: https://cdn-universe.flyff.com/client/model/part_mvag01.bin?A11194C, against extension: .png, processed URL: https://cdn-universe.flyff.com/client/model/part_mvag01.bin
07-14 06:42:54.135  8034  8114 D WebViewCache: isStaticAsset: Checking URL: https://cdn-universe.flyff.com/client/model/part_mvag01.bin?A11194C, against extension: .jpg, processed URL: https://cdn-universe.flyff.com/client/model/part_mvag01.bin
07-14 06:42:54.135  8034  8114 D WebViewCache: isStaticAsset: Checking URL: https://cdn-universe.flyff.com/client/model/part_mvag01.bin?A11194C, against extension: .jpeg, processed URL: https://cdn-universe.flyff.com/client/model/part_mvag01.bin
07-14 06:42:54.135  8034  8114 D WebViewCache: isStaticAsset: Checking URL: https://cdn-universe.flyff.com/client/model/part_mvag01.bin?A11194C, against extension: .gltf, processed URL: https://cdn-universe.flyff.com/client/model/part_mvag01.bin
07-14 06:42:54.135  8034  8114 D WebViewCache: isStaticAsset: Checking URL: https://cdn-universe.flyff.com/client/model/part_mvag01.bin?A11194C, against extension: .bin, processed URL: https://cdn-universe.flyff.com/client/model/part_mvag01.bin
07-14 06:42:54.135  8034  8114 D WebViewCache: isStaticAsset: https://cdn-universe.flyff.com/client/model/part_mvag01.bin?A11194C is a static asset (..bin)
07-14 06:42:54.135  8034  8114 D WebViewCache: Using shared cache for: https://cdn-universe.flyff.com/client/model/part_mvag01.bin?A11194C
07-14 06:42:54.136  8034  8114 D WebViewCache: Checking cache for: /data/user/0/com.droidev.flyffuwebviewclient/cache/webgl_cache/710268122c0e8aa600314928d0aa6057_part_mvag01.bin_A11194C
07-14 06:42:54.137  8034  8114 D WebViewCache: Cache hit for: /data/user/0/com.droidev.flyffuwebviewclient/cache/webgl_cache/710268122c0e8aa600314928d0aa6057_part_mvag01.bin_A11194C
07-14 06:42:54.138  8034  8114 D WebViewCache: Adding If-None-Match: "c4b9f37e6c7d3ce06d8565cdbd928ae9"
07-14 06:42:54.138  8034  8114 D WebViewCache: Adding If-Modified-Since: Tue, 27 May 2025 08:49:26 GMT
07-14 06:42:54.140  8034  8106 D WebViewCache: Requesting URL: https://cdn-universe.flyff.com/client/model/mdlbase.bin?EE01E32, Host: cdn-universe.flyff.com
07-14 06:42:54.140  8034  8106 D WebViewCache: isStaticAsset: Checking URL: https://cdn-universe.flyff.com/client/model/mdlbase.bin?EE01E32, against extension: .png, processed URL: https://cdn-universe.flyff.com/client/model/mdlbase.bin
07-14 06:42:54.141  8034  8106 D WebViewCache: isStaticAsset: Checking URL: https://cdn-universe.flyff.com/client/model/mdlbase.bin?EE01E32, against extension: .jpg, processed URL: https://cdn-universe.flyff.com/client/model/mdlbase.bin
07-14 06:42:54.141  8034  8106 D WebViewCache: isStaticAsset: Checking URL: https://cdn-universe.flyff.com/client/model/mdlbase.bin?EE01E32, against extension: .jpeg, processed URL: https://cdn-universe.flyff.com/client/model/mdlbase.bin
07-14 06:42:54.141  8034  8106 D WebViewCache: isStaticAsset: Checking URL: https://cdn-universe.flyff.com/client/model/mdlbase.bin?EE01E32, against extension: .gltf, processed URL: https://cdn-universe.flyff.com/client/model/mdlbase.bin
07-14 06:42:54.141  8034  8106 D WebViewCache: isStaticAsset: Checking URL: https://cdn-universe.flyff.com/client/model/mdlbase.bin?EE01E32, against extension: .bin, processed URL: https://cdn-universe.flyff.com/client/model/mdlbase.bin
07-14 06:42:54.141  8034  8106 D WebViewCache: isStaticAsset: https://cdn-universe.flyff.com/client/model/mdlbase.bin?EE01E32 is a static asset (..bin)
07-14 06:42:54.141  8034  8108 D WebViewCache: Requesting URL: https://cdn-universe.flyff.com/client/model/part_malehair05.bin?A11193B, Host: cdn-universe.flyff.com
07-14 06:42:54.141  8034  8108 D WebViewCache: isStaticAsset: Checking URL: https://cdn-universe.flyff.com/client/model/part_malehair05.bin?A11193B, against extension: .png, processed URL: https://cdn-universe.flyff.com/client/model/part_malehair05.bin
07-14 06:42:54.141  8034  8108 D WebViewCache: isStaticAsset: Checking URL: https://cdn-universe.flyff.com/client/model/part_malehair05.bin?A11193B, against extension: .jpg, processed URL: https://cdn-universe.flyff.com/client/model/part_malehair05.bin
07-14 06:42:54.141  8034  8108 D WebViewCache: isStaticAsset: Checking URL: https://cdn-universe.flyff.com/client/model/part_malehair05.bin?A11193B, against extension: .jpeg, processed URL: https://cdn-universe.flyff.com/client/model/part_malehair05.bin
07-14 06:42:54.141  8034  8108 D WebViewCache: isStaticAsset: Checking URL: https://cdn-universe.flyff.com/client/model/part_malehair05.bin?A11193B, against extension: .gltf, processed URL: https://cdn-universe.flyff.com/client/model/part_malehair05.bin
07-14 06:42:54.141  8034  8108 D WebViewCache: isStaticAsset: Checking URL: https://cdn-universe.flyff.com/client/model/part_malehair05.bin?A11193B, against extension: .bin, processed URL: https://cdn-universe.flyff.com/client/model/part_malehair05.bin
07-14 06:42:54.141  8034  8108 D WebViewCache: isStaticAsset: https://cdn-universe.flyff.com/client/model/part_malehair05.bin?A11193B is a static asset (..bin)
07-14 06:42:54.141  8034  8108 D WebViewCache: Using shared cache for: https://cdn-universe.flyff.com/client/model/part_malehair05.bin?A11193B
07-14 06:42:54.142  8034  8108 D WebViewCache: Checking cache for: /data/user/0/com.droidev.flyffuwebviewclient/cache/webgl_cache/83782faee4017e0d227602033c2c759d_part_malehair05.bin_A11193B
07-14 06:42:54.142  8034  8106 D WebViewCache: Using shared cache for: https://cdn-universe.flyff.com/client/model/mdlbase.bin?EE01E32
07-14 06:42:54.142  8034  8108 D WebViewCache: Cache hit for: /data/user/0/com.droidev.flyffuwebviewclient/cache/webgl_cache/83782faee4017e0d227602033c2c759d_part_malehair05.bin_A11193B
07-14 06:42:54.143  8034  8119 D WebViewCache: Requesting URL: https://cdn-universe.flyff.com/client/model/part_malehead08.bin?A11193B, Host: cdn-universe.flyff.com
07-14 06:42:54.143  8034  8108 D WebViewCache: Adding If-None-Match: "5299e44ed6063981419207cf849403e7"
07-14 06:42:54.143  8034  8119 D WebViewCache: isStaticAsset: Checking URL: https://cdn-universe.flyff.com/client/model/part_malehead08.bin?A11193B, against extension: .png, processed URL: https://cdn-universe.flyff.com/client/model/part_malehead08.bin
07-14 06:42:54.143  8034  8119 D WebViewCache: isStaticAsset: Checking URL: https://cdn-universe.flyff.com/client/model/part_malehead08.bin?A11193B, against extension: .jpg, processed URL: https://cdn-universe.flyff.com/client/model/part_malehead08.bin
07-14 06:42:54.143  8034  8119 D WebViewCache: isStaticAsset: Checking URL: https://cdn-universe.flyff.com/client/model/part_malehead08.bin?A11193B, against extension: .jpeg, processed URL: https://cdn-universe.flyff.com/client/model/part_malehead08.bin
07-14 06:42:54.143  8034  8108 D WebViewCache: Adding If-Modified-Since: Tue, 27 May 2025 08:47:58 GMT
07-14 06:42:54.143  8034  8119 D WebViewCache: isStaticAsset: Checking URL: https://cdn-universe.flyff.com/client/model/part_malehead08.bin?A11193B, against extension: .gltf, processed URL: https://cdn-universe.flyff.com/client/model/part_malehead08.bin
07-14 06:42:54.143  8034  8119 D WebViewCache: isStaticAsset: Checking URL: https://cdn-universe.flyff.com/client/model/part_malehead08.bin?A11193B, against extension: .bin, processed URL: https://cdn-universe.flyff.com/client/model/part_malehead08.bin
07-14 06:42:54.143  8034  8119 D WebViewCache: isStaticAsset: https://cdn-universe.flyff.com/client/model/part_malehead08.bin?A11193B is a static asset (..bin)
07-14 06:42:54.143  8034  8119 D WebViewCache: Using shared cache for: https://cdn-universe.flyff.com/client/model/part_malehead08.bin?A11193B
07-14 06:42:54.143  8034  8106 D WebViewCache: Checking cache for: /data/user/0/com.droidev.flyffuwebviewclient/cache/webgl_cache/fe4e610ece4e2da4b98f7a8ef6e780b9_mdlbase.bin_EE01E32
07-14 06:42:54.144  8034  8119 D WebViewCache: Checking cache for: /data/user/0/com.droidev.flyffuwebviewclient/cache/webgl_cache/9ed08ad61d3965d9cbd29ed6105c433e_part_malehead08.bin_A11193B
07-14 06:42:54.144  8034  8119 D WebViewCache: Cache hit for: /data/user/0/com.droidev.flyffuwebviewclient/cache/webgl_cache/9ed08ad61d3965d9cbd29ed6105c433e_part_malehead08.bin_A11193B
07-14 06:42:54.146  8034  8107 D WebViewCache: Requesting URL: https://cdn-universe.flyff.com/client/model/item_weaswowooden.bin?A111910, Host: cdn-universe.flyff.com
07-14 06:42:54.146  8034  8107 D WebViewCache: isStaticAsset: Checking URL: https://cdn-universe.flyff.com/client/model/item_weaswowooden.bin?A111910, against extension: .png, processed URL: https://cdn-universe.flyff.com/client/model/item_weaswowooden.bin
07-14 06:42:54.146  8034  8107 D WebViewCache: isStaticAsset: Checking URL: https://cdn-universe.flyff.com/client/model/item_weaswowooden.bin?A111910, against extension: .jpg, processed URL: https://cdn-universe.flyff.com/client/model/item_weaswowooden.bin
07-14 06:42:54.146  8034  8107 D WebViewCache: isStaticAsset: Checking URL: https://cdn-universe.flyff.com/client/model/item_weaswowooden.bin?A111910, against extension: .jpeg, processed URL: https://cdn-universe.flyff.com/client/model/item_weaswowooden.bin
07-14 06:42:54.146  8034  8107 D WebViewCache: isStaticAsset: Checking URL: https://cdn-universe.flyff.com/client/model/item_weaswowooden.bin?A111910, against extension: .gltf, processed URL: https://cdn-universe.flyff.com/client/model/item_weaswowooden.bin
07-14 06:42:54.146  8034  8107 D WebViewCache: isStaticAsset: Checking URL: https://cdn-universe.flyff.com/client/model/item_weaswowooden.bin?A111910, against extension: .bin, processed URL: https://cdn-universe.flyff.com/client/model/item_weaswowooden.bin
07-14 06:42:54.146  8034  8107 D WebViewCache: isStaticAsset: https://cdn-universe.flyff.com/client/model/item_weaswowooden.bin?A111910 is a static asset (..bin)
07-14 06:42:54.146  8034  8107 D WebViewCache: Using shared cache for: https://cdn-universe.flyff.com/client/model/item_weaswowooden.bin?A111910
07-14 06:42:54.147  8034  8107 D WebViewCache: Checking cache for: /data/user/0/com.droidev.flyffuwebviewclient/cache/webgl_cache/01a73f28258c88bf32a45ab1295cd455_item_weaswowooden.bin_A111910
07-14 06:42:54.147  8034  8119 D WebViewCache: Adding If-None-Match: "1d1060284ba4d12ea63a1c2a0c3ce9bf"
07-14 06:42:54.147  8034  8119 D WebViewCache: Adding If-Modified-Since: Tue, 27 May 2025 08:48:00 GMT
07-14 06:42:54.147  8034  8107 D WebViewCache: Cache hit for: /data/user/0/com.droidev.flyffuwebviewclient/cache/webgl_cache/01a73f28258c88bf32a45ab1295cd455_item_weaswowooden.bin_A111910
07-14 06:42:54.148  8034  8107 D WebViewCache: Adding If-None-Match: "b66a6ddbb3d4554261b5c31c7f2552a3"
07-14 06:42:54.148  8034  8107 D WebViewCache: Adding If-Modified-Since: Tue, 27 May 2025 08:41:22 GMT
07-14 06:42:54.148  8034  8106 D WebViewCache: Cache hit for: /data/user/0/com.droidev.flyffuwebviewclient/cache/webgl_cache/fe4e610ece4e2da4b98f7a8ef6e780b9_mdlbase.bin_EE01E32
07-14 06:42:54.150  8034  8106 D WebViewCache: Adding If-None-Match: "eece0c3b9f6670f62f5f2119ce165818"
07-14 06:42:54.150  8034  8106 D WebViewCache: Adding If-Modified-Since: Tue, 27 May 2025 08:41:46 GMT
07-14 06:42:54.162  8034  8114 D WebViewCache: Serving valid cache for: /data/user/0/com.droidev.flyffuwebviewclient/cache/webgl_cache/710268122c0e8aa600314928d0aa6057_part_mvag01.bin_A11194C (304 Not Modified)
07-14 06:42:54.169  8034  8108 D WebViewCache: Serving valid cache for: /data/user/0/com.droidev.flyffuwebviewclient/cache/webgl_cache/83782faee4017e0d227602033c2c759d_part_malehair05.bin_A11193B (304 Not Modified)
07-14 06:42:54.171  8034  8106 D WebViewCache: Serving valid cache for: /data/user/0/com.droidev.flyffuwebviewclient/cache/webgl_cache/fe4e610ece4e2da4b98f7a8ef6e780b9_mdlbase.bin_EE01E32 (304 Not Modified)
07-14 06:42:54.171  8034  8119 D WebViewCache: Serving valid cache for: /data/user/0/com.droidev.flyffuwebviewclient/cache/webgl_cache/9ed08ad61d3965d9cbd29ed6105c433e_part_malehead08.bin_A11193B (304 Not Modified)
07-14 06:42:54.171  8034  8107 D WebViewCache: Serving valid cache for: /data/user/0/com.droidev.flyffuwebviewclient/cache/webgl_cache/01a73f28258c88bf32a45ab1295cd455_item_weaswowooden.bin_A111910 (304 Not Modified)
07-14 06:42:57.168  8034  8106 D WebViewCache: Requesting URL: https://js.stripe.com/v3/m-outer-3437aaddcdf6922d623e172c2d6f9278.html#url=https%3A%2F%2Funiverse.flyff.com%2Fplay&title=Flyff%20Universe&referrer=&muid=NA&sid=NA&version=6&preview=false&__shared_params__[version]=basil, Host: js.stripe.com
07-14 06:42:57.168  8034  8106 D WebViewCache: Bypassing interception for non-target domain: js.stripe.com
07-14 06:42:57.204  8034  8106 D WebViewCache: Requesting URL: https://js.stripe.com/v3/fingerprinted/js/m-outer-15a2b40a058ddff1cffdb63779fe3de1.js, Host: js.stripe.com
07-14 06:42:57.204  8034  8106 D WebViewCache: Bypassing interception for non-target domain: js.stripe.com
07-14 06:42:57.224  8034  8106 D WebViewCache: Requesting URL: https://m.stripe.network/inner.html#url=https%3A%2F%2Funiverse.flyff.com%2Fplay&title=Flyff%20Universe&referrer=&muid=NA&sid=NA&version=6&preview=false&__shared_params__[version]=basil, Host: m.stripe.network
07-14 06:42:57.224  8034  8106 D WebViewCache: Bypassing interception for non-target domain: m.stripe.network
07-14 06:42:57.280  8034  8106 D WebViewCache: Requesting URL: https://m.stripe.network/out-4.5.44.js, Host: m.stripe.network
07-14 06:42:57.280  8034  8106 D WebViewCache: Bypassing interception for non-target domain: m.stripe.network
07-14 06:42:57.745  8034  8106 D WebViewCache: Requesting URL: https://m.stripe.com/6, Host: m.stripe.com
07-14 06:42:57.745  8034  8106 D WebViewCache: Bypassing interception for non-target domain: m.stripe.com
07-14 06:43:02.679  8034  8106 D WebViewCache: Requesting URL: https://gum.criteo.com/syncframe?topUrl=universe.flyff.com&origin=onetag#{%22bundle%22:{%22identifierExtractor%22:{%22origin%22:0},%22value%22:null},%22cw%22:true,%22optout%22:{%22identifierExtractor%22:{%22origin%22:0},%22value%22:null},%22origin%22:%22onetag%22,%22tld%22:%22flyff.com%22,%22topUrl%22:%22universe.flyff.com%22,%22version%22:%225_37_0%22,%22ifa%22:{%22identifierExtractor%22:{%22origin%22:0},%22value%22:null},%22lsw%22:true,%22pm%22:0}, Host: gum.criteo.com
07-14 06:43:02.680  8034  8106 D WebViewCache: Bypassing interception for non-target domain: gum.criteo.com
07-14 06:43:02.699  8034  8106 D WebViewCache: Requesting URL: https://sslwidget.criteo.com/event?a=%5B99110%5D&v=5.37.0&otl=1&p0=e%3Dvpg&tld=flyff.com&dy=1&fu=https%253A%252F%252Funiverse.flyff.com%252Fplay&ceid=e0ca4ed1-9a7d-4efa-a012-78fd0310f7c5, Host: sslwidget.criteo.com
07-14 06:43:02.699  8034  8106 D WebViewCache: Bypassing interception for non-target domain: sslwidget.criteo.com
