07-14 06:48:04.146  9390  9454 D WebViewCache: Cache hit for: /data/user/0/com.droidev.flyffuwebviewclient/cache/webgl_cache/32906c29547f5cc6af1ce82d9e8e8485_curdelay.png
07-14 06:48:04.149  9390  9454 D WebViewCache: Adding If-None-Match: "bdb760ffa566902d68ac62fa3b052bfc"
07-14 06:48:04.150  9390  9454 D WebViewCache: Adding If-Modified-Since: Tue, 27 May 2025 08:36:13 GMT
07-14 06:48:04.160  9390  9453 D WebViewCache: Requesting URL: https://cdn-universe.flyff.com/client/program/web/main-wasm32.wasm?249, Host: cdn-universe.flyff.com
07-14 06:48:04.160  9390  9453 D WebViewCache: isStaticAsset: Checking URL: https://cdn-universe.flyff.com/client/program/web/main-wasm32.wasm?249, against extension: .png, processed URL: https://cdn-universe.flyff.com/client/program/web/main-wasm32.wasm
07-14 06:48:04.160  9390  9453 D WebViewCache: isStaticAsset: Checking URL: https://cdn-universe.flyff.com/client/program/web/main-wasm32.wasm?249, against extension: .jpg, processed URL: https://cdn-universe.flyff.com/client/program/web/main-wasm32.wasm
07-14 06:48:04.160  9390  9453 D WebViewCache: isStaticAsset: Checking URL: https://cdn-universe.flyff.com/client/program/web/main-wasm32.wasm?249, against extension: .jpeg, processed URL: https://cdn-universe.flyff.com/client/program/web/main-wasm32.wasm
07-14 06:48:04.160  9390  9453 D WebViewCache: isStaticAsset: Checking URL: https://cdn-universe.flyff.com/client/program/web/main-wasm32.wasm?249, against extension: .gltf, processed URL: https://cdn-universe.flyff.com/client/program/web/main-wasm32.wasm
07-14 06:48:04.160  9390  9453 D WebViewCache: isStaticAsset: Checking URL: https://cdn-universe.flyff.com/client/program/web/main-wasm32.wasm?249, against extension: .bin, processed URL: https://cdn-universe.flyff.com/client/program/web/main-wasm32.wasm
07-14 06:48:04.161  9390  9453 D WebViewCache: isStaticAsset: Checking URL: https://cdn-universe.flyff.com/client/program/web/main-wasm32.wasm?249, against extension: .mp3, processed URL: https://cdn-universe.flyff.com/client/program/web/main-wasm32.wasm
07-14 06:48:04.161  9390  9453 D WebViewCache: isStaticAsset: Checking URL: https://cdn-universe.flyff.com/client/program/web/main-wasm32.wasm?249, against extension: .ogg, processed URL: https://cdn-universe.flyff.com/client/program/web/main-wasm32.wasm
07-14 06:48:04.161  9390  9453 D WebViewCache: isStaticAsset: https://cdn-universe.flyff.com/client/program/web/main-wasm32.wasm?249 is NOT a static asset.
07-14 06:48:04.164  9390  9486 D WebViewCache: Requesting URL: https://web.cmp.usercentrics.eu/ui/v/3.61.0/WebSdk.lib.bb0442d7.js, Host: web.cmp.usercentrics.eu
07-14 06:48:04.164  9390  9486 D WebViewCache: Bypassing interception for non-target domain: web.cmp.usercentrics.eu
07-14 06:48:04.170  9390  9453 D WebViewCache: Requesting URL: https://www.gstatic.com/recaptcha/releases/_cn5mBoBXIA0_T7xBjxkUqUA/recaptcha__pt_br.js, Host: www.gstatic.com
07-14 06:48:04.170  9390  9453 D WebViewCache: Bypassing interception for non-target domain: www.gstatic.com
07-14 06:48:04.255  9390  9486 D WebViewCache: Requesting URL: https://v1.api.service.cmp.usercentrics.eu/latest/core/fxO_4ss0Wa26_C, Host: v1.api.service.cmp.usercentrics.eu
07-14 06:48:04.255  9390  9486 D WebViewCache: Bypassing interception for non-target domain: v1.api.service.cmp.usercentrics.eu
07-14 06:48:04.272  9390  9453 D WebViewCache: Requesting URL: https://app.usercentrics.eu/session/1px.png?settingsId=fxO_4ss0Wa26_C, Host: app.usercentrics.eu
07-14 06:48:04.272  9390  9453 D WebViewCache: Bypassing interception for non-target domain: app.usercentrics.eu
07-14 06:48:04.274  9390  9486 D WebViewCache: Requesting URL: https://v1.api.service.cmp.usercentrics.eu/latest/1/cmp/en/TCF/fxO_4ss0Wa26_C/2.0.0/2.0.0?isOutsideEu=true&activeTcfVendorsListVersion=115&previousTcfVendorsListVersion=115&previousTcfPolicyVersion=5, Host: v1.api.service.cmp.usercentrics.eu
07-14 06:48:04.274  9390  9486 D WebViewCache: Bypassing interception for non-target domain: v1.api.service.cmp.usercentrics.eu
07-14 06:48:04.283  9390  9454 D WebViewCache: Serving valid cache for: /data/user/0/com.droidev.flyffuwebviewclient/cache/webgl_cache/32906c29547f5cc6af1ce82d9e8e8485_curdelay.png (304 Not Modified)
07-14 06:48:04.285  9390  9454 D WebViewCache: Requesting URL: https://web.cmp.usercentrics.eu/ui/v/3.61.0/src.6faac6e5.js, Host: web.cmp.usercentrics.eu
07-14 06:48:04.285  9390  9454 D WebViewCache: Bypassing interception for non-target domain: web.cmp.usercentrics.eu
07-14 06:48:04.285  9390  9453 D WebViewCache: Requesting URL: https://web.cmp.usercentrics.eu/ui/v/3.61.0/TcfCmpController.a2867193.js, Host: web.cmp.usercentrics.eu
07-14 06:48:04.285  9390  9453 D WebViewCache: Bypassing interception for non-target domain: web.cmp.usercentrics.eu
07-14 06:48:04.309  9390  9390 D WebViewCache: Page finished loading: https://universe.flyff.com/play
07-14 06:48:04.312  9390  9453 D WebViewCache: Requesting URL: https://cdn-universe.flyff.com/icon/favicon-16x16.png, Host: cdn-universe.flyff.com
07-14 06:48:04.312  9390  9453 D WebViewCache: isStaticAsset: Checking URL: https://cdn-universe.flyff.com/icon/favicon-16x16.png, against extension: .png, processed URL: https://cdn-universe.flyff.com/icon/favicon-16x16.png
07-14 06:48:04.312  9390  9453 D WebViewCache: isStaticAsset: https://cdn-universe.flyff.com/icon/favicon-16x16.png is a static asset (..png)
07-14 06:48:04.312  9390  9453 D WebViewCache: Using shared cache for: https://cdn-universe.flyff.com/icon/favicon-16x16.png
07-14 06:48:04.313  9390  9453 D WebViewCache: Checking cache for: /data/user/0/com.droidev.flyffuwebviewclient/cache/webgl_cache/25b814ac7f1d94deeed84d78a409edd0_favicon-16x16.png
07-14 06:48:04.313  9390  9453 D WebViewCache: Cache hit for: /data/user/0/com.droidev.flyffuwebviewclient/cache/webgl_cache/25b814ac7f1d94deeed84d78a409edd0_favicon-16x16.png
07-14 06:48:04.314  9390  9453 D WebViewCache: Adding If-None-Match: "5d177f8156a8fcab89b127cd11816872"
07-14 06:48:04.314  9390  9453 D WebViewCache: Adding If-Modified-Since: Thu, 29 May 2025 09:34:44 GMT
07-14 06:48:04.317  9390  9486 D WebViewCache: Requesting URL: https://cdn-universe.flyff.com/icon/favicon-32x32.png, Host: cdn-universe.flyff.com
07-14 06:48:04.317  9390  9486 D WebViewCache: isStaticAsset: Checking URL: https://cdn-universe.flyff.com/icon/favicon-32x32.png, against extension: .png, processed URL: https://cdn-universe.flyff.com/icon/favicon-32x32.png
07-14 06:48:04.317  9390  9486 D WebViewCache: isStaticAsset: https://cdn-universe.flyff.com/icon/favicon-32x32.png is a static asset (..png)
07-14 06:48:04.317  9390  9486 D WebViewCache: Using shared cache for: https://cdn-universe.flyff.com/icon/favicon-32x32.png
07-14 06:48:04.318  9390  9486 D WebViewCache: Checking cache for: /data/user/0/com.droidev.flyffuwebviewclient/cache/webgl_cache/c100d48e3a77c246aa5cfa0a7bd5f31c_favicon-32x32.png
07-14 06:48:04.318  9390  9486 D WebViewCache: Cache hit for: /data/user/0/com.droidev.flyffuwebviewclient/cache/webgl_cache/c100d48e3a77c246aa5cfa0a7bd5f31c_favicon-32x32.png
07-14 06:48:04.319  9390  9486 D WebViewCache: Adding If-None-Match: "eae9e6d9ab72cd3fbb9b652677f8a1dc"
07-14 06:48:04.319  9390  9486 D WebViewCache: Adding If-Modified-Since: Thu, 29 May 2025 09:34:44 GMT
07-14 06:48:04.320  9390  9493 D WebViewCache: Requesting URL: https://cdn-universe.flyff.com/client/program/web/main-wasm32.js?249, Host: cdn-universe.flyff.com
07-14 06:48:04.320  9390  9493 D WebViewCache: isStaticAsset: Checking URL: https://cdn-universe.flyff.com/client/program/web/main-wasm32.js?249, against extension: .png, processed URL: https://cdn-universe.flyff.com/client/program/web/main-wasm32.js
07-14 06:48:04.320  9390  9493 D WebViewCache: isStaticAsset: Checking URL: https://cdn-universe.flyff.com/client/program/web/main-wasm32.js?249, against extension: .jpg, processed URL: https://cdn-universe.flyff.com/client/program/web/main-wasm32.js
07-14 06:48:04.320  9390  9493 D WebViewCache: isStaticAsset: Checking URL: https://cdn-universe.flyff.com/client/program/web/main-wasm32.js?249, against extension: .jpeg, processed URL: https://cdn-universe.flyff.com/client/program/web/main-wasm32.js
07-14 06:48:04.320  9390  9493 D WebViewCache: isStaticAsset: Checking URL: https://cdn-universe.flyff.com/client/program/web/main-wasm32.js?249, against extension: .gltf, processed URL: https://cdn-universe.flyff.com/client/program/web/main-wasm32.js
07-14 06:48:04.320  9390  9493 D WebViewCache: isStaticAsset: Checking URL: https://cdn-universe.flyff.com/client/program/web/main-wasm32.js?249, against extension: .bin, processed URL: https://cdn-universe.flyff.com/client/program/web/main-wasm32.js
07-14 06:48:04.320  9390  9493 D WebViewCache: isStaticAsset: Checking URL: https://cdn-universe.flyff.com/client/program/web/main-wasm32.js?249, against extension: .mp3, processed URL: https://cdn-universe.flyff.com/client/program/web/main-wasm32.js
07-14 06:48:04.320  9390  9493 D WebViewCache: isStaticAsset: Checking URL: https://cdn-universe.flyff.com/client/program/web/main-wasm32.js?249, against extension: .ogg, processed URL: https://cdn-universe.flyff.com/client/program/web/main-wasm32.js
07-14 06:48:04.320  9390  9493 D WebViewCache: isStaticAsset: https://cdn-universe.flyff.com/client/program/web/main-wasm32.js?249 is NOT a static asset.
07-14 06:48:04.331  9390  9453 D WebViewCache: Serving valid cache for: /data/user/0/com.droidev.flyffuwebviewclient/cache/webgl_cache/25b814ac7f1d94deeed84d78a409edd0_favicon-16x16.png (304 Not Modified)
07-14 06:48:04.349  9390  9486 D WebViewCache: Serving valid cache for: /data/user/0/com.droidev.flyffuwebviewclient/cache/webgl_cache/c100d48e3a77c246aa5cfa0a7bd5f31c_favicon-32x32.png (304 Not Modified)
07-14 06:48:04.363  9390  9453 D WebViewCache: Requesting URL: https://cdn-universe.flyff.com/client/filemap.bin?249, Host: cdn-universe.flyff.com
07-14 06:48:04.363  9390  9453 D WebViewCache: Bypassing cache for critical .bin file: https://cdn-universe.flyff.com/client/filemap.bin?249
07-14 06:48:04.409  9390  9453 D WebViewCache: Requesting URL: https://cdn-universe.flyff.com/client/data/project.bin?10078D3B, Host: cdn-universe.flyff.com
07-14 06:48:04.409  9390  9453 D WebViewCache: Bypassing cache for critical .bin file: https://cdn-universe.flyff.com/client/data/project.bin?10078D3B
07-14 06:48:04.915  9390  9453 D WebViewCache: Requesting URL: https://cdn-universe.flyff.com/client/language/br.bin?100756C8, Host: cdn-universe.flyff.com
07-14 06:48:04.915  9390  9453 D WebViewCache: Bypassing cache for critical .bin file: https://cdn-universe.flyff.com/client/language/br.bin?100756C8
07-14 06:48:05.068  9390  9453 D WebViewCache: Requesting URL: https://cdn-universe.flyff.com/client/ui/base.bin?FA1E356, Host: cdn-universe.flyff.com
07-14 06:48:05.068  9390  9453 D WebViewCache: Bypassing cache for critical .bin file: https://cdn-universe.flyff.com/client/ui/base.bin?FA1E356
07-14 06:48:05.073  9390  9453 D WebViewCache: Requesting URL: https://cdn-universe.flyff.com/client/ui/etc2/screenfwclow.bin?F98B588, Host: cdn-universe.flyff.com
07-14 06:48:05.073  9390  9453 D WebViewCache: isStaticAsset: Checking URL: https://cdn-universe.flyff.com/client/ui/etc2/screenfwclow.bin?F98B588, against extension: .png, processed URL: https://cdn-universe.flyff.com/client/ui/etc2/screenfwclow.bin
07-14 06:48:05.073  9390  9453 D WebViewCache: isStaticAsset: Checking URL: https://cdn-universe.flyff.com/client/ui/etc2/screenfwclow.bin?F98B588, against extension: .jpg, processed URL: https://cdn-universe.flyff.com/client/ui/etc2/screenfwclow.bin
07-14 06:48:05.073  9390  9453 D WebViewCache: isStaticAsset: Checking URL: https://cdn-universe.flyff.com/client/ui/etc2/screenfwclow.bin?F98B588, against extension: .jpeg, processed URL: https://cdn-universe.flyff.com/client/ui/etc2/screenfwclow.bin
07-14 06:48:05.073  9390  9453 D WebViewCache: isStaticAsset: Checking URL: https://cdn-universe.flyff.com/client/ui/etc2/screenfwclow.bin?F98B588, against extension: .gltf, processed URL: https://cdn-universe.flyff.com/client/ui/etc2/screenfwclow.bin
07-14 06:48:05.073  9390  9453 D WebViewCache: isStaticAsset: Checking URL: https://cdn-universe.flyff.com/client/ui/etc2/screenfwclow.bin?F98B588, against extension: .bin, processed URL: https://cdn-universe.flyff.com/client/ui/etc2/screenfwclow.bin
07-14 06:48:05.073  9390  9453 D WebViewCache: isStaticAsset: https://cdn-universe.flyff.com/client/ui/etc2/screenfwclow.bin?F98B588 is a static asset (..bin)
07-14 06:48:05.073  9390  9453 D WebViewCache: Using shared cache for: https://cdn-universe.flyff.com/client/ui/etc2/screenfwclow.bin?F98B588
07-14 06:48:05.074  9390  9453 D WebViewCache: Checking cache for: /data/user/0/com.droidev.flyffuwebviewclient/cache/webgl_cache/7bbae571f95c75c03bd3cab598c30329_screenfwclow.bin_F98B588
07-14 06:48:05.075  9390  9453 D WebViewCache: Cache hit for: /data/user/0/com.droidev.flyffuwebviewclient/cache/webgl_cache/7bbae571f95c75c03bd3cab598c30329_screenfwclow.bin_F98B588
07-14 06:48:05.076  9390  9453 D WebViewCache: Adding If-None-Match: "6f269b5cf7d971672cf00938d213ca8f"
07-14 06:48:05.076  9390  9453 D WebViewCache: Adding If-Modified-Since: Wed, 28 May 2025 04:10:40 GMT
07-14 06:48:05.098  9390  9454 D WebViewCache: Requesting URL: https://cdn-universe.flyff.com/client/ui/base_mo.bin?F73BEA0, Host: cdn-universe.flyff.com
07-14 06:48:05.098  9390  9454 D WebViewCache: isStaticAsset: Checking URL: https://cdn-universe.flyff.com/client/ui/base_mo.bin?F73BEA0, against extension: .png, processed URL: https://cdn-universe.flyff.com/client/ui/base_mo.bin
07-14 06:48:05.098  9390  9454 D WebViewCache: isStaticAsset: Checking URL: https://cdn-universe.flyff.com/client/ui/base_mo.bin?F73BEA0, against extension: .jpg, processed URL: https://cdn-universe.flyff.com/client/ui/base_mo.bin
07-14 06:48:05.098  9390  9454 D WebViewCache: isStaticAsset: Checking URL: https://cdn-universe.flyff.com/client/ui/base_mo.bin?F73BEA0, against extension: .jpeg, processed URL: https://cdn-universe.flyff.com/client/ui/base_mo.bin
07-14 06:48:05.098  9390  9454 D WebViewCache: isStaticAsset: Checking URL: https://cdn-universe.flyff.com/client/ui/base_mo.bin?F73BEA0, against extension: .gltf, processed URL: https://cdn-universe.flyff.com/client/ui/base_mo.bin
07-14 06:48:05.098  9390  9454 D WebViewCache: isStaticAsset: Checking URL: https://cdn-universe.flyff.com/client/ui/base_mo.bin?F73BEA0, against extension: .bin, processed URL: https://cdn-universe.flyff.com/client/ui/base_mo.bin
07-14 06:48:05.098  9390  9454 D WebViewCache: isStaticAsset: https://cdn-universe.flyff.com/client/ui/base_mo.bin?F73BEA0 is a static asset (..bin)
07-14 06:48:05.098  9390  9454 D WebViewCache: Using shared cache for: https://cdn-universe.flyff.com/client/ui/base_mo.bin?F73BEA0
07-14 06:48:05.099  9390  9454 D WebViewCache: Checking cache for: /data/user/0/com.droidev.flyffuwebviewclient/cache/webgl_cache/abdcf29f1e4fccb4628e2da9e4f17fe2_base_mo.bin_F73BEA0
07-14 06:48:05.100  9390  9454 D WebViewCache: Cache hit for: /data/user/0/com.droidev.flyffuwebviewclient/cache/webgl_cache/abdcf29f1e4fccb4628e2da9e4f17fe2_base_mo.bin_F73BEA0
07-14 06:48:05.102  9390  9453 D WebViewCache: Serving valid cache for: /data/user/0/com.droidev.flyffuwebviewclient/cache/webgl_cache/7bbae571f95c75c03bd3cab598c30329_screenfwclow.bin_F98B588 (304 Not Modified)
07-14 06:48:05.103  9390  9454 D WebViewCache: Adding If-None-Match: "cef829d5909ccda4d6187f3eb058e50b"
07-14 06:48:05.103  9390  9454 D WebViewCache: Adding If-Modified-Since: Wed, 28 May 2025 04:10:17 GMT
07-14 06:48:05.108  9390  9453 D WebViewCache: Requesting URL: https://cdn-universe.flyff.com/client/model/mdlbase.bin?EE01E32, Host: cdn-universe.flyff.com
07-14 06:48:05.108  9390  9453 D WebViewCache: Bypassing cache for critical .bin file: https://cdn-universe.flyff.com/client/model/mdlbase.bin?EE01E32
07-14 06:48:05.109  9390  9453 D WebViewCache: Requesting URL: https://cdn-universe.flyff.com/client/model/part_malehair05.bin?A11193B, Host: cdn-universe.flyff.com
07-14 06:48:05.109  9390  9453 D WebViewCache: isStaticAsset: Checking URL: https://cdn-universe.flyff.com/client/model/part_malehair05.bin?A11193B, against extension: .png, processed URL: https://cdn-universe.flyff.com/client/model/part_malehair05.bin
07-14 06:48:05.109  9390  9453 D WebViewCache: isStaticAsset: Checking URL: https://cdn-universe.flyff.com/client/model/part_malehair05.bin?A11193B, against extension: .jpg, processed URL: https://cdn-universe.flyff.com/client/model/part_malehair05.bin
07-14 06:48:05.109  9390  9486 D WebViewCache: Requesting URL: https://cdn-universe.flyff.com/client/model/part_malehead13.bin?A11193B, Host: cdn-universe.flyff.com
07-14 06:48:05.109  9390  9453 D WebViewCache: isStaticAsset: Checking URL: https://cdn-universe.flyff.com/client/model/part_malehair05.bin?A11193B, against extension: .jpeg, processed URL: https://cdn-universe.flyff.com/client/model/part_malehair05.bin
07-14 06:48:05.109  9390  9453 D WebViewCache: isStaticAsset: Checking URL: https://cdn-universe.flyff.com/client/model/part_malehair05.bin?A11193B, against extension: .gltf, processed URL: https://cdn-universe.flyff.com/client/model/part_malehair05.bin
07-14 06:48:05.109  9390  9453 D WebViewCache: isStaticAsset: Checking URL: https://cdn-universe.flyff.com/client/model/part_malehair05.bin?A11193B, against extension: .bin, processed URL: https://cdn-universe.flyff.com/client/model/part_malehair05.bin
07-14 06:48:05.109  9390  9486 D WebViewCache: isStaticAsset: Checking URL: https://cdn-universe.flyff.com/client/model/part_malehead13.bin?A11193B, against extension: .png, processed URL: https://cdn-universe.flyff.com/client/model/part_malehead13.bin
07-14 06:48:05.109  9390  9453 D WebViewCache: isStaticAsset: https://cdn-universe.flyff.com/client/model/part_malehair05.bin?A11193B is a static asset (..bin)
07-14 06:48:05.109  9390  9486 D WebViewCache: isStaticAsset: Checking URL: https://cdn-universe.flyff.com/client/model/part_malehead13.bin?A11193B, against extension: .jpg, processed URL: https://cdn-universe.flyff.com/client/model/part_malehead13.bin
07-14 06:48:05.109  9390  9453 D WebViewCache: Using shared cache for: https://cdn-universe.flyff.com/client/model/part_malehair05.bin?A11193B
07-14 06:48:05.109  9390  9486 D WebViewCache: isStaticAsset: Checking URL: https://cdn-universe.flyff.com/client/model/part_malehead13.bin?A11193B, against extension: .jpeg, processed URL: https://cdn-universe.flyff.com/client/model/part_malehead13.bin
07-14 06:48:05.109  9390  9486 D WebViewCache: isStaticAsset: Checking URL: https://cdn-universe.flyff.com/client/model/part_malehead13.bin?A11193B, against extension: .gltf, processed URL: https://cdn-universe.flyff.com/client/model/part_malehead13.bin
07-14 06:48:05.109  9390  9486 D WebViewCache: isStaticAsset: Checking URL: https://cdn-universe.flyff.com/client/model/part_malehead13.bin?A11193B, against extension: .bin, processed URL: https://cdn-universe.flyff.com/client/model/part_malehead13.bin
07-14 06:48:05.109  9390  9486 D WebViewCache: isStaticAsset: https://cdn-universe.flyff.com/client/model/part_malehead13.bin?A11193B is a static asset (..bin)
07-14 06:48:05.109  9390  9486 D WebViewCache: Using shared cache for: https://cdn-universe.flyff.com/client/model/part_malehead13.bin?A11193B
07-14 06:48:05.110  9390  9486 D WebViewCache: Checking cache for: /data/user/0/com.droidev.flyffuwebviewclient/cache/webgl_cache/dc9300fa7e4cfc1c34a6540badc8653f_part_malehead13.bin_A11193B
07-14 06:48:05.110  9390  9486 D WebViewCache: Fetching from network: https://cdn-universe.flyff.com/client/model/part_malehead13.bin?A11193B
07-14 06:48:05.110  9390  9455 D WebViewCache: Requesting URL: https://cdn-universe.flyff.com/client/model/part_mvag01.bin?A11194C, Host: cdn-universe.flyff.com
07-14 06:48:05.110  9390  9455 D WebViewCache: isStaticAsset: Checking URL: https://cdn-universe.flyff.com/client/model/part_mvag01.bin?A11194C, against extension: .png, processed URL: https://cdn-universe.flyff.com/client/model/part_mvag01.bin
07-14 06:48:05.110  9390  9453 D WebViewCache: Checking cache for: /data/user/0/com.droidev.flyffuwebviewclient/cache/webgl_cache/83782faee4017e0d227602033c2c759d_part_malehair05.bin_A11193B
07-14 06:48:05.110  9390  9455 D WebViewCache: isStaticAsset: Checking URL: https://cdn-universe.flyff.com/client/model/part_mvag01.bin?A11194C, against extension: .jpg, processed URL: https://cdn-universe.flyff.com/client/model/part_mvag01.bin
07-14 06:48:05.110  9390  9455 D WebViewCache: isStaticAsset: Checking URL: https://cdn-universe.flyff.com/client/model/part_mvag01.bin?A11194C, against extension: .jpeg, processed URL: https://cdn-universe.flyff.com/client/model/part_mvag01.bin
07-14 06:48:05.110  9390  9455 D WebViewCache: isStaticAsset: Checking URL: https://cdn-universe.flyff.com/client/model/part_mvag01.bin?A11194C, against extension: .gltf, processed URL: https://cdn-universe.flyff.com/client/model/part_mvag01.bin
07-14 06:48:05.110  9390  9455 D WebViewCache: isStaticAsset: Checking URL: https://cdn-universe.flyff.com/client/model/part_mvag01.bin?A11194C, against extension: .bin, processed URL: https://cdn-universe.flyff.com/client/model/part_mvag01.bin
07-14 06:48:05.110  9390  9455 D WebViewCache: isStaticAsset: https://cdn-universe.flyff.com/client/model/part_mvag01.bin?A11194C is a static asset (..bin)
07-14 06:48:05.110  9390  9455 D WebViewCache: Using shared cache for: https://cdn-universe.flyff.com/client/model/part_mvag01.bin?A11194C
07-14 06:48:05.111  9390  9453 D WebViewCache: Cache hit for: /data/user/0/com.droidev.flyffuwebviewclient/cache/webgl_cache/83782faee4017e0d227602033c2c759d_part_malehair05.bin_A11193B
07-14 06:48:05.111  9390  9455 D WebViewCache: Checking cache for: /data/user/0/com.droidev.flyffuwebviewclient/cache/webgl_cache/710268122c0e8aa600314928d0aa6057_part_mvag01.bin_A11194C
07-14 06:48:05.111  9390  9455 D WebViewCache: Cache hit for: /data/user/0/com.droidev.flyffuwebviewclient/cache/webgl_cache/710268122c0e8aa600314928d0aa6057_part_mvag01.bin_A11194C
07-14 06:48:05.112  9390  9453 D WebViewCache: Adding If-None-Match: "5299e44ed6063981419207cf849403e7"
07-14 06:48:05.113  9390  9453 D WebViewCache: Adding If-Modified-Since: Tue, 27 May 2025 08:47:58 GMT
07-14 06:48:05.114  9390  9455 D WebViewCache: Adding If-None-Match: "c4b9f37e6c7d3ce06d8565cdbd928ae9"
07-14 06:48:05.114  9390  9455 D WebViewCache: Adding If-Modified-Since: Tue, 27 May 2025 08:49:26 GMT
07-14 06:48:05.116  9390  9494 D WebViewCache: Requesting URL: https://cdn-universe.flyff.com/client/model/item_weaswowooden.bin?A111910, Host: cdn-universe.flyff.com
07-14 06:48:05.116  9390  9494 D WebViewCache: isStaticAsset: Checking URL: https://cdn-universe.flyff.com/client/model/item_weaswowooden.bin?A111910, against extension: .png, processed URL: https://cdn-universe.flyff.com/client/model/item_weaswowooden.bin
07-14 06:48:05.116  9390  9494 D WebViewCache: isStaticAsset: Checking URL: https://cdn-universe.flyff.com/client/model/item_weaswowooden.bin?A111910, against extension: .jpg, processed URL: https://cdn-universe.flyff.com/client/model/item_weaswowooden.bin
07-14 06:48:05.116  9390  9494 D WebViewCache: isStaticAsset: Checking URL: https://cdn-universe.flyff.com/client/model/item_weaswowooden.bin?A111910, against extension: .jpeg, processed URL: https://cdn-universe.flyff.com/client/model/item_weaswowooden.bin
07-14 06:48:05.116  9390  9494 D WebViewCache: isStaticAsset: Checking URL: https://cdn-universe.flyff.com/client/model/item_weaswowooden.bin?A111910, against extension: .gltf, processed URL: https://cdn-universe.flyff.com/client/model/item_weaswowooden.bin
07-14 06:48:05.116  9390  9494 D WebViewCache: isStaticAsset: Checking URL: https://cdn-universe.flyff.com/client/model/item_weaswowooden.bin?A111910, against extension: .bin, processed URL: https://cdn-universe.flyff.com/client/model/item_weaswowooden.bin
07-14 06:48:05.116  9390  9494 D WebViewCache: isStaticAsset: https://cdn-universe.flyff.com/client/model/item_weaswowooden.bin?A111910 is a static asset (..bin)
07-14 06:48:05.116  9390  9494 D WebViewCache: Using shared cache for: https://cdn-universe.flyff.com/client/model/item_weaswowooden.bin?A111910
07-14 06:48:05.117  9390  9494 D WebViewCache: Checking cache for: /data/user/0/com.droidev.flyffuwebviewclient/cache/webgl_cache/01a73f28258c88bf32a45ab1295cd455_item_weaswowooden.bin_A111910
07-14 06:48:05.117  9390  9494 D WebViewCache: Cache hit for: /data/user/0/com.droidev.flyffuwebviewclient/cache/webgl_cache/01a73f28258c88bf32a45ab1295cd455_item_weaswowooden.bin_A111910
07-14 06:48:05.118  9390  9494 D WebViewCache: Adding If-None-Match: "b66a6ddbb3d4554261b5c31c7f2552a3"
07-14 06:48:05.118  9390  9494 D WebViewCache: Adding If-Modified-Since: Tue, 27 May 2025 08:41:22 GMT
07-14 06:48:05.135  9390  9486 D WebViewCache: Using server Content-Type: application/octet-stream for URL: https://cdn-universe.flyff.com/client/model/part_malehead13.bin?A11193B
07-14 06:48:05.137  9390  9486 D WebViewCache: File: 32906c29547f5cc6af1ce82d9e8e8485_curdelay.png, Size: 682 bytes, Total: 682 bytes
07-14 06:48:05.137  9390  9486 D WebViewCache: File: 25b814ac7f1d94deeed84d78a409edd0_favicon-16x16.png, Size: 764 bytes, Total: 1446 bytes
07-14 06:48:05.137  9390  9486 D WebViewCache: File: c100d48e3a77c246aa5cfa0a7bd5f31c_favicon-32x32.png, Size: 2051 bytes, Total: 3497 bytes
07-14 06:48:05.137  9390  9486 D WebViewCache: File: 7bbae571f95c75c03bd3cab598c30329_screenfwclow.bin_F98B588, Size: 637417 bytes, Total: 640914 bytes
07-14 06:48:05.137  9390  9486 D WebViewCache: File: 710268122c0e8aa600314928d0aa6057_part_mvag01.bin_A11194C, Size: 37469 bytes, Total: 678383 bytes
07-14 06:48:05.137  9390  9486 D WebViewCache: File: f46a89d90d3825fe29769221070510d8_part_malehair11.bin_A11193B, Size: 3117 bytes, Total: 681500 bytes
07-14 06:48:05.137  9390  9454 D WebViewCache: Serving valid cache for: /data/user/0/com.droidev.flyffuwebviewclient/cache/webgl_cache/abdcf29f1e4fccb4628e2da9e4f17fe2_base_mo.bin_F73BEA0 (304 Not Modified)
07-14 06:48:05.137  9390  9486 D WebViewCache: File: abdcf29f1e4fccb4628e2da9e4f17fe2_base_mo.bin_F73BEA0, Size: 725795 bytes, Total: 1407295 bytes
07-14 06:48:05.137  9390  9486 D WebViewCache: File: 01a73f28258c88bf32a45ab1295cd455_item_weaswowooden.bin_A111910, Size: 2181 bytes, Total: 1409476 bytes
07-14 06:48:05.137  9390  9486 D WebViewCache: File: 19da59d65bd0f5d836af122ebb68fd88_part_malehead12.bin_A11193B, Size: 6341 bytes, Total: 1415817 bytes
07-14 06:48:05.137  9390  9486 D WebViewCache: File: b1c454bc16509eb6c94229647ebf24eb_curbase.png, Size: 629 bytes, Total: 1416446 bytes
07-14 06:48:05.137  9390  9486 D WebViewCache: File: 7e3729ef0c1b71efad88b07e8231c0c0_flyca_sfx_cloud.bin_A10F8CC, Size: 3472 bytes, Total: 1419918 bytes
07-14 06:48:05.137  9390  9486 D WebViewCache: File: 83782faee4017e0d227602033c2c759d_part_malehair05.bin_A11193B, Size: 7445 bytes, Total: 1427363 bytes
07-14 06:48:05.137  9390  9486 D WebViewCache: File: 5983787df152ec8bdd2511bc4a3603af_part_malehead10.bin_A11193B, Size: 6381 bytes, Total: 1433744 bytes
07-14 06:48:05.137  9390  9486 D WebViewCache: File: 93f470587c4297b9dade2aeea219566a_part_femalehair03.bin_A111932, Size: 7741 bytes, Total: 1441485 bytes
07-14 06:48:05.137  9390  9486 D WebViewCache: File: 47c71124d1169d7bd93edebd3448e0ca_part_fvag01.bin_A111939, Size: 39157 bytes, Total: 1480642 bytes
07-14 06:48:05.138  9390  9486 D WebViewCache: File: 705e8745956f642f357418a4fef1a9d1_part_femalehead11.bin_A111933, Size: 6389 bytes, Total: 1487031 bytes
07-14 06:48:05.138  9390  9486 D WebViewCache: File: dc9300fa7e4cfc1c34a6540badc8653f_part_malehead13.bin_A11193B, Size: 6109 bytes, Total: 1493140 bytes
07-14 06:48:05.138  9390  9486 D WebViewCache: Current cache size: 1MB
07-14 06:48:05.138  9390  9486 D WebViewCache: Saved to cache: /data/user/0/com.droidev.flyffuwebviewclient/cache/webgl_cache/dc9300fa7e4cfc1c34a6540badc8653f_part_malehead13.bin_A11193B
07-14 06:48:05.138  9390  9453 D WebViewCache: Serving valid cache for: /data/user/0/com.droidev.flyffuwebviewclient/cache/webgl_cache/83782faee4017e0d227602033c2c759d_part_malehair05.bin_A11193B (304 Not Modified)
07-14 06:48:05.139  9390  9455 D WebViewCache: Serving valid cache for: /data/user/0/com.droidev.flyffuwebviewclient/cache/webgl_cache/710268122c0e8aa600314928d0aa6057_part_mvag01.bin_A11194C (304 Not Modified)
07-14 06:48:05.144  9390  9494 D WebViewCache: Serving valid cache for: /data/user/0/com.droidev.flyffuwebviewclient/cache/webgl_cache/01a73f28258c88bf32a45ab1295cd455_item_weaswowooden.bin_A111910 (304 Not Modified)
07-14 06:48:05.176  9390  9486 D WebViewCache: Requesting URL: https://cdn-universe.flyff.com/client/cursor/curbase.png, Host: cdn-universe.flyff.com
07-14 06:48:05.176  9390  9486 D WebViewCache: isStaticAsset: Checking URL: https://cdn-universe.flyff.com/client/cursor/curbase.png, against extension: .png, processed URL: https://cdn-universe.flyff.com/client/cursor/curbase.png
07-14 06:48:05.176  9390  9486 D WebViewCache: isStaticAsset: https://cdn-universe.flyff.com/client/cursor/curbase.png is a static asset (..png)
07-14 06:48:05.176  9390  9486 D WebViewCache: Using shared cache for: https://cdn-universe.flyff.com/client/cursor/curbase.png
07-14 06:48:05.177  9390  9486 D WebViewCache: Checking cache for: /data/user/0/com.droidev.flyffuwebviewclient/cache/webgl_cache/b1c454bc16509eb6c94229647ebf24eb_curbase.png
07-14 06:48:05.177  9390  9486 D WebViewCache: Cache hit for: /data/user/0/com.droidev.flyffuwebviewclient/cache/webgl_cache/b1c454bc16509eb6c94229647ebf24eb_curbase.png
07-14 06:48:05.177  9390  9454 D WebViewCache: Requesting URL: https://cdn-universe.flyff.com/client/ui/base_mo.bin?F73BEA0, Host: cdn-universe.flyff.com
07-14 06:48:05.177  9390  9454 D WebViewCache: isStaticAsset: Checking URL: https://cdn-universe.flyff.com/client/ui/base_mo.bin?F73BEA0, against extension: .png, processed URL: https://cdn-universe.flyff.com/client/ui/base_mo.bin
07-14 06:48:05.177  9390  9454 D WebViewCache: isStaticAsset: Checking URL: https://cdn-universe.flyff.com/client/ui/base_mo.bin?F73BEA0, against extension: .jpg, processed URL: https://cdn-universe.flyff.com/client/ui/base_mo.bin
07-14 06:48:05.177  9390  9454 D WebViewCache: isStaticAsset: Checking URL: https://cdn-universe.flyff.com/client/ui/base_mo.bin?F73BEA0, against extension: .jpeg, processed URL: https://cdn-universe.flyff.com/client/ui/base_mo.bin
07-14 06:48:05.177  9390  9454 D WebViewCache: isStaticAsset: Checking URL: https://cdn-universe.flyff.com/client/ui/base_mo.bin?F73BEA0, against extension: .gltf, processed URL: https://cdn-universe.flyff.com/client/ui/base_mo.bin
07-14 06:48:05.177  9390  9454 D WebViewCache: isStaticAsset: Checking URL: https://cdn-universe.flyff.com/client/ui/base_mo.bin?F73BEA0, against extension: .bin, processed URL: https://cdn-universe.flyff.com/client/ui/base_mo.bin
07-14 06:48:05.177  9390  9454 D WebViewCache: isStaticAsset: https://cdn-universe.flyff.com/client/ui/base_mo.bin?F73BEA0 is a static asset (..bin)
07-14 06:48:05.177  9390  9454 D WebViewCache: Using shared cache for: https://cdn-universe.flyff.com/client/ui/base_mo.bin?F73BEA0
07-14 06:48:05.178  9390  9486 D WebViewCache: Adding If-None-Match: "fc7e24d67999c26e2b7a59e7559387b2"
07-14 06:48:05.178  9390  9455 D WebViewCache: Requesting URL: https://cdn-universe.flyff.com/client/model/part_malehead13.bin?A11193B, Host: cdn-universe.flyff.com
07-14 06:48:05.178  9390  9455 D WebViewCache: isStaticAsset: Checking URL: https://cdn-universe.flyff.com/client/model/part_malehead13.bin?A11193B, against extension: .png, processed URL: https://cdn-universe.flyff.com/client/model/part_malehead13.bin
07-14 06:48:05.178  9390  9455 D WebViewCache: isStaticAsset: Checking URL: https://cdn-universe.flyff.com/client/model/part_malehead13.bin?A11193B, against extension: .jpg, processed URL: https://cdn-universe.flyff.com/client/model/part_malehead13.bin
07-14 06:48:05.178  9390  9455 D WebViewCache: isStaticAsset: Checking URL: https://cdn-universe.flyff.com/client/model/part_malehead13.bin?A11193B, against extension: .jpeg, processed URL: https://cdn-universe.flyff.com/client/model/part_malehead13.bin
07-14 06:48:05.178  9390  9455 D WebViewCache: isStaticAsset: Checking URL: https://cdn-universe.flyff.com/client/model/part_malehead13.bin?A11193B, against extension: .gltf, processed URL: https://cdn-universe.flyff.com/client/model/part_malehead13.bin
07-14 06:48:05.178  9390  9455 D WebViewCache: isStaticAsset: Checking URL: https://cdn-universe.flyff.com/client/model/part_malehead13.bin?A11193B, against extension: .bin, processed URL: https://cdn-universe.flyff.com/client/model/part_malehead13.bin
07-14 06:48:05.178  9390  9455 D WebViewCache: isStaticAsset: https://cdn-universe.flyff.com/client/model/part_malehead13.bin?A11193B is a static asset (..bin)
07-14 06:48:05.178  9390  9455 D WebViewCache: Using shared cache for: https://cdn-universe.flyff.com/client/model/part_malehead13.bin?A11193B
07-14 06:48:05.179  9390  9455 D WebViewCache: Checking cache for: /data/user/0/com.droidev.flyffuwebviewclient/cache/webgl_cache/dc9300fa7e4cfc1c34a6540badc8653f_part_malehead13.bin_A11193B
07-14 06:48:05.179  9390  9486 D WebViewCache: Adding If-Modified-Since: Tue, 27 May 2025 08:36:13 GMT
07-14 06:48:05.180  9390  9455 D WebViewCache: Cache hit for: /data/user/0/com.droidev.flyffuwebviewclient/cache/webgl_cache/dc9300fa7e4cfc1c34a6540badc8653f_part_malehead13.bin_A11193B
07-14 06:48:05.180  9390  9493 D WebViewCache: Requesting URL: https://cdn-universe.flyff.com/client/model/part_malehair05.bin?A11193B, Host: cdn-universe.flyff.com
07-14 06:48:05.180  9390  9493 D WebViewCache: isStaticAsset: Checking URL: https://cdn-universe.flyff.com/client/model/part_malehair05.bin?A11193B, against extension: .png, processed URL: https://cdn-universe.flyff.com/client/model/part_malehair05.bin
07-14 06:48:05.180  9390  9493 D WebViewCache: isStaticAsset: Checking URL: https://cdn-universe.flyff.com/client/model/part_malehair05.bin?A11193B, against extension: .jpg, processed URL: https://cdn-universe.flyff.com/client/model/part_malehair05.bin
07-14 06:48:05.180  9390  9493 D WebViewCache: isStaticAsset: Checking URL: https://cdn-universe.flyff.com/client/model/part_malehair05.bin?A11193B, against extension: .jpeg, processed URL: https://cdn-universe.flyff.com/client/model/part_malehair05.bin
07-14 06:48:05.180  9390  9493 D WebViewCache: isStaticAsset: Checking URL: https://cdn-universe.flyff.com/client/model/part_malehair05.bin?A11193B, against extension: .gltf, processed URL: https://cdn-universe.flyff.com/client/model/part_malehair05.bin
07-14 06:48:05.180  9390  9493 D WebViewCache: isStaticAsset: Checking URL: https://cdn-universe.flyff.com/client/model/part_malehair05.bin?A11193B, against extension: .bin, processed URL: https://cdn-universe.flyff.com/client/model/part_malehair05.bin
07-14 06:48:05.180  9390  9493 D WebViewCache: isStaticAsset: https://cdn-universe.flyff.com/client/model/part_malehair05.bin?A11193B is a static asset (..bin)
07-14 06:48:05.180  9390  9493 D WebViewCache: Using shared cache for: https://cdn-universe.flyff.com/client/model/part_malehair05.bin?A11193B
07-14 06:48:05.180  9390  9453 D WebViewCache: Requesting URL: https://cdn-universe.flyff.com/client/ui/etc2/screenfwclow.bin?F98B588, Host: cdn-universe.flyff.com
07-14 06:48:05.180  9390  9453 D WebViewCache: isStaticAsset: Checking URL: https://cdn-universe.flyff.com/client/ui/etc2/screenfwclow.bin?F98B588, against extension: .png, processed URL: https://cdn-universe.flyff.com/client/ui/etc2/screenfwclow.bin
07-14 06:48:05.180  9390  9453 D WebViewCache: isStaticAsset: Checking URL: https://cdn-universe.flyff.com/client/ui/etc2/screenfwclow.bin?F98B588, against extension: .jpg, processed URL: https://cdn-universe.flyff.com/client/ui/etc2/screenfwclow.bin
07-14 06:48:05.180  9390  9453 D WebViewCache: isStaticAsset: Checking URL: https://cdn-universe.flyff.com/client/ui/etc2/screenfwclow.bin?F98B588, against extension: .jpeg, processed URL: https://cdn-universe.flyff.com/client/ui/etc2/screenfwclow.bin
07-14 06:48:05.180  9390  9453 D WebViewCache: isStaticAsset: Checking URL: https://cdn-universe.flyff.com/client/ui/etc2/screenfwclow.bin?F98B588, against extension: .gltf, processed URL: https://cdn-universe.flyff.com/client/ui/etc2/screenfwclow.bin
07-14 06:48:05.180  9390  9453 D WebViewCache: isStaticAsset: Checking URL: https://cdn-universe.flyff.com/client/ui/etc2/screenfwclow.bin?F98B588, against extension: .bin, processed URL: https://cdn-universe.flyff.com/client/ui/etc2/screenfwclow.bin
07-14 06:48:05.181  9390  9454 D WebViewCache: Checking cache for: /data/user/0/com.droidev.flyffuwebviewclient/cache/webgl_cache/abdcf29f1e4fccb4628e2da9e4f17fe2_base_mo.bin_F73BEA0
07-14 06:48:05.181  9390  9493 D WebViewCache: Checking cache for: /data/user/0/com.droidev.flyffuwebviewclient/cache/webgl_cache/83782faee4017e0d227602033c2c759d_part_malehair05.bin_A11193B
07-14 06:48:05.181  9390  9455 D WebViewCache: Adding If-None-Match: "f66e7e5c2bb02242d00d0a4b1a0f263c"
07-14 06:48:05.181  9390  9455 D WebViewCache: Adding If-Modified-Since: Tue, 27 May 2025 08:48:01 GMT
07-14 06:48:05.181  9390  9493 D WebViewCache: Cache hit for: /data/user/0/com.droidev.flyffuwebviewclient/cache/webgl_cache/83782faee4017e0d227602033c2c759d_part_malehair05.bin_A11193B
07-14 06:48:05.181  9390  9454 D WebViewCache: Cache hit for: /data/user/0/com.droidev.flyffuwebviewclient/cache/webgl_cache/abdcf29f1e4fccb4628e2da9e4f17fe2_base_mo.bin_F73BEA0
07-14 06:48:05.183  9390  9493 D WebViewCache: Adding If-None-Match: "5299e44ed6063981419207cf849403e7"
07-14 06:48:05.183  9390  9493 D WebViewCache: Adding If-Modified-Since: Tue, 27 May 2025 08:47:58 GMT
07-14 06:48:05.184  9390  9454 D WebViewCache: Adding If-None-Match: "cef829d5909ccda4d6187f3eb058e50b"
07-14 06:48:05.184  9390  9494 D WebViewCache: Requesting URL: https://cdn-universe.flyff.com/client/model/part_mvag01.bin?A11194C, Host: cdn-universe.flyff.com
07-14 06:48:05.184  9390  9494 D WebViewCache: isStaticAsset: Checking URL: https://cdn-universe.flyff.com/client/model/part_mvag01.bin?A11194C, against extension: .png, processed URL: https://cdn-universe.flyff.com/client/model/part_mvag01.bin
07-14 06:48:05.184  9390  9494 D WebViewCache: isStaticAsset: Checking URL: https://cdn-universe.flyff.com/client/model/part_mvag01.bin?A11194C, against extension: .jpg, processed URL: https://cdn-universe.flyff.com/client/model/part_mvag01.bin
07-14 06:48:05.184  9390  9494 D WebViewCache: isStaticAsset: Checking URL: https://cdn-universe.flyff.com/client/model/part_mvag01.bin?A11194C, against extension: .jpeg, processed URL: https://cdn-universe.flyff.com/client/model/part_mvag01.bin
07-14 06:48:05.184  9390  9494 D WebViewCache: isStaticAsset: Checking URL: https://cdn-universe.flyff.com/client/model/part_mvag01.bin?A11194C, against extension: .gltf, processed URL: https://cdn-universe.flyff.com/client/model/part_mvag01.bin
07-14 06:48:05.184  9390  9494 D WebViewCache: isStaticAsset: Checking URL: https://cdn-universe.flyff.com/client/model/part_mvag01.bin?A11194C, against extension: .bin, processed URL: https://cdn-universe.flyff.com/client/model/part_mvag01.bin
07-14 06:48:05.184  9390  9494 D WebViewCache: isStaticAsset: https://cdn-universe.flyff.com/client/model/part_mvag01.bin?A11194C is a static asset (..bin)
07-14 06:48:05.184  9390  9494 D WebViewCache: Using shared cache for: https://cdn-universe.flyff.com/client/model/part_mvag01.bin?A11194C
07-14 06:48:05.185  9390  9453 D WebViewCache: isStaticAsset: https://cdn-universe.flyff.com/client/ui/etc2/screenfwclow.bin?F98B588 is a static asset (..bin)
07-14 06:48:05.185  9390  9453 D WebViewCache: Using shared cache for: https://cdn-universe.flyff.com/client/ui/etc2/screenfwclow.bin?F98B588
07-14 06:48:05.185  9390  9494 D WebViewCache: Checking cache for: /data/user/0/com.droidev.flyffuwebviewclient/cache/webgl_cache/710268122c0e8aa600314928d0aa6057_part_mvag01.bin_A11194C
07-14 06:48:05.186  9390  9453 D WebViewCache: Checking cache for: /data/user/0/com.droidev.flyffuwebviewclient/cache/webgl_cache/7bbae571f95c75c03bd3cab598c30329_screenfwclow.bin_F98B588
07-14 06:48:05.186  9390  9494 D WebViewCache: Cache hit for: /data/user/0/com.droidev.flyffuwebviewclient/cache/webgl_cache/710268122c0e8aa600314928d0aa6057_part_mvag01.bin_A11194C
07-14 06:48:05.186  9390  9453 D WebViewCache: Cache hit for: /data/user/0/com.droidev.flyffuwebviewclient/cache/webgl_cache/7bbae571f95c75c03bd3cab598c30329_screenfwclow.bin_F98B588
07-14 06:48:05.188  9390  9453 D WebViewCache: Adding If-None-Match: "6f269b5cf7d971672cf00938d213ca8f"
07-14 06:48:05.188  9390  9453 D WebViewCache: Adding If-Modified-Since: Wed, 28 May 2025 04:10:40 GMT
07-14 06:48:05.188  9390  9494 D WebViewCache: Adding If-None-Match: "c4b9f37e6c7d3ce06d8565cdbd928ae9"
07-14 06:48:05.189  9390  9454 D WebViewCache: Adding If-Modified-Since: Wed, 28 May 2025 04:10:17 GMT
07-14 06:48:05.189  9390  9494 D WebViewCache: Adding If-Modified-Since: Tue, 27 May 2025 08:49:26 GMT
07-14 06:48:05.200  9390  9486 D WebViewCache: Serving valid cache for: /data/user/0/com.droidev.flyffuwebviewclient/cache/webgl_cache/b1c454bc16509eb6c94229647ebf24eb_curbase.png (304 Not Modified)
07-14 06:48:05.200  9390  9486 D WebViewCache: Requesting URL: https://cdn-universe.flyff.com/client/model/item_weaswowooden.bin?A111910, Host: cdn-universe.flyff.com
07-14 06:48:05.201  9390  9486 D WebViewCache: isStaticAsset: Checking URL: https://cdn-universe.flyff.com/client/model/item_weaswowooden.bin?A111910, against extension: .png, processed URL: https://cdn-universe.flyff.com/client/model/item_weaswowooden.bin
07-14 06:48:05.201  9390  9486 D WebViewCache: isStaticAsset: Checking URL: https://cdn-universe.flyff.com/client/model/item_weaswowooden.bin?A111910, against extension: .jpg, processed URL: https://cdn-universe.flyff.com/client/model/item_weaswowooden.bin
07-14 06:48:05.201  9390  9486 D WebViewCache: isStaticAsset: Checking URL: https://cdn-universe.flyff.com/client/model/item_weaswowooden.bin?A111910, against extension: .jpeg, processed URL: https://cdn-universe.flyff.com/client/model/item_weaswowooden.bin
07-14 06:48:05.201  9390  9486 D WebViewCache: isStaticAsset: Checking URL: https://cdn-universe.flyff.com/client/model/item_weaswowooden.bin?A111910, against extension: .gltf, processed URL: https://cdn-universe.flyff.com/client/model/item_weaswowooden.bin
07-14 06:48:05.201  9390  9486 D WebViewCache: isStaticAsset: Checking URL: https://cdn-universe.flyff.com/client/model/item_weaswowooden.bin?A111910, against extension: .bin, processed URL: https://cdn-universe.flyff.com/client/model/item_weaswowooden.bin
07-14 06:48:05.201  9390  9486 D WebViewCache: isStaticAsset: https://cdn-universe.flyff.com/client/model/item_weaswowooden.bin?A111910 is a static asset (..bin)
07-14 06:48:05.201  9390  9486 D WebViewCache: Using shared cache for: https://cdn-universe.flyff.com/client/model/item_weaswowooden.bin?A111910
07-14 06:48:05.201  9390  9486 D WebViewCache: Checking cache for: /data/user/0/com.droidev.flyffuwebviewclient/cache/webgl_cache/01a73f28258c88bf32a45ab1295cd455_item_weaswowooden.bin_A111910
07-14 06:48:05.202  9390  9486 D WebViewCache: Cache hit for: /data/user/0/com.droidev.flyffuwebviewclient/cache/webgl_cache/01a73f28258c88bf32a45ab1295cd455_item_weaswowooden.bin_A111910
07-14 06:48:05.203  9390  9486 D WebViewCache: Adding If-None-Match: "b66a6ddbb3d4554261b5c31c7f2552a3"
07-14 06:48:05.203  9390  9486 D WebViewCache: Adding If-Modified-Since: Tue, 27 May 2025 08:41:22 GMT
07-14 06:48:05.213  9390  9455 D WebViewCache: Serving valid cache for: /data/user/0/com.droidev.flyffuwebviewclient/cache/webgl_cache/dc9300fa7e4cfc1c34a6540badc8653f_part_malehead13.bin_A11193B (304 Not Modified)
07-14 06:48:05.213  9390  9453 D WebViewCache: Serving valid cache for: /data/user/0/com.droidev.flyffuwebviewclient/cache/webgl_cache/7bbae571f95c75c03bd3cab598c30329_screenfwclow.bin_F98B588 (304 Not Modified)
07-14 06:48:05.217  9390  9493 D WebViewCache: Serving valid cache for: /data/user/0/com.droidev.flyffuwebviewclient/cache/webgl_cache/83782faee4017e0d227602033c2c759d_part_malehair05.bin_A11193B (304 Not Modified)
07-14 06:48:05.218  9390  9494 D WebViewCache: Serving valid cache for: /data/user/0/com.droidev.flyffuwebviewclient/cache/webgl_cache/710268122c0e8aa600314928d0aa6057_part_mvag01.bin_A11194C (304 Not Modified)
07-14 06:48:05.222  9390  9453 D WebViewCache: Requesting URL: https://cdn-universe.flyff.com/client/model/part_malehead13.bin?A11193B, Host: cdn-universe.flyff.com
07-14 06:48:05.222  9390  9453 D WebViewCache: isStaticAsset: Checking URL: https://cdn-universe.flyff.com/client/model/part_malehead13.bin?A11193B, against extension: .png, processed URL: https://cdn-universe.flyff.com/client/model/part_malehead13.bin
07-14 06:48:05.222  9390  9453 D WebViewCache: isStaticAsset: Checking URL: https://cdn-universe.flyff.com/client/model/part_malehead13.bin?A11193B, against extension: .jpg, processed URL: https://cdn-universe.flyff.com/client/model/part_malehead13.bin
07-14 06:48:05.222  9390  9453 D WebViewCache: isStaticAsset: Checking URL: https://cdn-universe.flyff.com/client/model/part_malehead13.bin?A11193B, against extension: .jpeg, processed URL: https://cdn-universe.flyff.com/client/model/part_malehead13.bin
07-14 06:48:05.222  9390  9453 D WebViewCache: isStaticAsset: Checking URL: https://cdn-universe.flyff.com/client/model/part_malehead13.bin?A11193B, against extension: .gltf, processed URL: https://cdn-universe.flyff.com/client/model/part_malehead13.bin
07-14 06:48:05.222  9390  9453 D WebViewCache: isStaticAsset: Checking URL: https://cdn-universe.flyff.com/client/model/part_malehead13.bin?A11193B, against extension: .bin, processed URL: https://cdn-universe.flyff.com/client/model/part_malehead13.bin
07-14 06:48:05.222  9390  9453 D WebViewCache: isStaticAsset: https://cdn-universe.flyff.com/client/model/part_malehead13.bin?A11193B is a static asset (..bin)
07-14 06:48:05.222  9390  9453 D WebViewCache: Using shared cache for: https://cdn-universe.flyff.com/client/model/part_malehead13.bin?A11193B
07-14 06:48:05.222  9390  9454 D WebViewCache: Serving valid cache for: /data/user/0/com.droidev.flyffuwebviewclient/cache/webgl_cache/abdcf29f1e4fccb4628e2da9e4f17fe2_base_mo.bin_F73BEA0 (304 Not Modified)
07-14 06:48:05.224  9390  9453 D WebViewCache: Checking cache for: /data/user/0/com.droidev.flyffuwebviewclient/cache/webgl_cache/dc9300fa7e4cfc1c34a6540badc8653f_part_malehead13.bin_A11193B
07-14 06:48:05.224  9390  9453 D WebViewCache: Cache hit for: /data/user/0/com.droidev.flyffuwebviewclient/cache/webgl_cache/dc9300fa7e4cfc1c34a6540badc8653f_part_malehead13.bin_A11193B
07-14 06:48:05.225  9390  9493 D WebViewCache: Requesting URL: https://cdn-universe.flyff.com/client/model/part_malehair05.bin?A11193B, Host: cdn-universe.flyff.com
07-14 06:48:05.225  9390  9493 D WebViewCache: isStaticAsset: Checking URL: https://cdn-universe.flyff.com/client/model/part_malehair05.bin?A11193B, against extension: .png, processed URL: https://cdn-universe.flyff.com/client/model/part_malehair05.bin
07-14 06:48:05.225  9390  9493 D WebViewCache: isStaticAsset: Checking URL: https://cdn-universe.flyff.com/client/model/part_malehair05.bin?A11193B, against extension: .jpg, processed URL: https://cdn-universe.flyff.com/client/model/part_malehair05.bin
07-14 06:48:05.225  9390  9493 D WebViewCache: isStaticAsset: Checking URL: https://cdn-universe.flyff.com/client/model/part_malehair05.bin?A11193B, against extension: .jpeg, processed URL: https://cdn-universe.flyff.com/client/model/part_malehair05.bin
07-14 06:48:05.225  9390  9493 D WebViewCache: isStaticAsset: Checking URL: https://cdn-universe.flyff.com/client/model/part_malehair05.bin?A11193B, against extension: .gltf, processed URL: https://cdn-universe.flyff.com/client/model/part_malehair05.bin
07-14 06:48:05.225  9390  9493 D WebViewCache: isStaticAsset: Checking URL: https://cdn-universe.flyff.com/client/model/part_malehair05.bin?A11193B, against extension: .bin, processed URL: https://cdn-universe.flyff.com/client/model/part_malehair05.bin
07-14 06:48:05.225  9390  9493 D WebViewCache: isStaticAsset: https://cdn-universe.flyff.com/client/model/part_malehair05.bin?A11193B is a static asset (..bin)
07-14 06:48:05.225  9390  9493 D WebViewCache: Using shared cache for: https://cdn-universe.flyff.com/client/model/part_malehair05.bin?A11193B
07-14 06:48:05.226  9390  9453 D WebViewCache: Adding If-None-Match: "f66e7e5c2bb02242d00d0a4b1a0f263c"
07-14 06:48:05.226  9390  9453 D WebViewCache: Adding If-Modified-Since: Tue, 27 May 2025 08:48:01 GMT
07-14 06:48:05.226  9390  9493 D WebViewCache: Checking cache for: /data/user/0/com.droidev.flyffuwebviewclient/cache/webgl_cache/83782faee4017e0d227602033c2c759d_part_malehair05.bin_A11193B
07-14 06:48:05.226  9390  9493 D WebViewCache: Cache hit for: /data/user/0/com.droidev.flyffuwebviewclient/cache/webgl_cache/83782faee4017e0d227602033c2c759d_part_malehair05.bin_A11193B
07-14 06:48:05.228  9390  9493 D WebViewCache: Adding If-None-Match: "5299e44ed6063981419207cf849403e7"
07-14 06:48:05.228  9390  9493 D WebViewCache: Adding If-Modified-Since: Tue, 27 May 2025 08:47:58 GMT
07-14 06:48:05.229  9390  9486 D WebViewCache: Serving valid cache for: /data/user/0/com.droidev.flyffuwebviewclient/cache/webgl_cache/01a73f28258c88bf32a45ab1295cd455_item_weaswowooden.bin_A111910 (304 Not Modified)
07-14 06:48:05.230  9390  9454 D WebViewCache: Requesting URL: https://cdn-universe.flyff.com/client/model/part_mvag01.bin?A11194C, Host: cdn-universe.flyff.com
