07-14 06:47:46.769  9390  9453 D WebViewCache: isStaticAsset: Checking URL: https://cdn-universe.flyff.com/client/ui/etc2/screenfwclow.bin?F98B588, against extension: .jpeg, processed URL: https://cdn-universe.flyff.com/client/ui/etc2/screenfwclow.bin
07-14 06:47:46.769  9390  9453 D WebViewCache: isStaticAsset: Checking URL: https://cdn-universe.flyff.com/client/ui/etc2/screenfwclow.bin?F98B588, against extension: .gltf, processed URL: https://cdn-universe.flyff.com/client/ui/etc2/screenfwclow.bin
07-14 06:47:46.769  9390  9453 D WebViewCache: isStaticAsset: Checking URL: https://cdn-universe.flyff.com/client/ui/etc2/screenfwclow.bin?F98B588, against extension: .bin, processed URL: https://cdn-universe.flyff.com/client/ui/etc2/screenfwclow.bin
07-14 06:47:46.770  9390  9453 D WebViewCache: isStaticAsset: https://cdn-universe.flyff.com/client/ui/etc2/screenfwclow.bin?F98B588 is a static asset (..bin)
07-14 06:47:46.770  9390  9453 D WebViewCache: Using shared cache for: https://cdn-universe.flyff.com/client/ui/etc2/screenfwclow.bin?F98B588
07-14 06:47:46.770  9390  9454 D WebViewCache: Cache hit for: /data/user/0/com.droidev.flyffuwebviewclient/cache/webgl_cache/710268122c0e8aa600314928d0aa6057_part_mvag01.bin_A11194C
07-14 06:47:46.770  9390  9453 D WebViewCache: Checking cache for: /data/user/0/com.droidev.flyffuwebviewclient/cache/webgl_cache/7bbae571f95c75c03bd3cab598c30329_screenfwclow.bin_F98B588
07-14 06:47:46.771  9390  9453 D WebViewCache: Cache hit for: /data/user/0/com.droidev.flyffuwebviewclient/cache/webgl_cache/7bbae571f95c75c03bd3cab598c30329_screenfwclow.bin_F98B588
07-14 06:47:46.772  9390  9493 D WebViewCache: Requesting URL: https://cdn-universe.flyff.com/client/model/part_malehair11.bin?A11193B, Host: cdn-universe.flyff.com
07-14 06:47:46.772  9390  9493 D WebViewCache: isStaticAsset: Checking URL: https://cdn-universe.flyff.com/client/model/part_malehair11.bin?A11193B, against extension: .png, processed URL: https://cdn-universe.flyff.com/client/model/part_malehair11.bin
07-14 06:47:46.772  9390  9493 D WebViewCache: isStaticAsset: Checking URL: https://cdn-universe.flyff.com/client/model/part_malehair11.bin?A11193B, against extension: .jpg, processed URL: https://cdn-universe.flyff.com/client/model/part_malehair11.bin
07-14 06:47:46.772  9390  9493 D WebViewCache: isStaticAsset: Checking URL: https://cdn-universe.flyff.com/client/model/part_malehair11.bin?A11193B, against extension: .jpeg, processed URL: https://cdn-universe.flyff.com/client/model/part_malehair11.bin
07-14 06:47:46.772  9390  9493 D WebViewCache: isStaticAsset: Checking URL: https://cdn-universe.flyff.com/client/model/part_malehair11.bin?A11193B, against extension: .gltf, processed URL: https://cdn-universe.flyff.com/client/model/part_malehair11.bin
07-14 06:47:46.772  9390  9493 D WebViewCache: isStaticAsset: Checking URL: https://cdn-universe.flyff.com/client/model/part_malehair11.bin?A11193B, against extension: .bin, processed URL: https://cdn-universe.flyff.com/client/model/part_malehair11.bin
07-14 06:47:46.772  9390  9493 D WebViewCache: isStaticAsset: https://cdn-universe.flyff.com/client/model/part_malehair11.bin?A11193B is a static asset (..bin)
07-14 06:47:46.772  9390  9493 D WebViewCache: Using shared cache for: https://cdn-universe.flyff.com/client/model/part_malehair11.bin?A11193B
07-14 06:47:46.772  9390  9453 D WebViewCache: Adding If-None-Match: "6f269b5cf7d971672cf00938d213ca8f"
07-14 06:47:46.772  9390  9453 D WebViewCache: Adding If-Modified-Since: Wed, 28 May 2025 04:10:40 GMT
07-14 06:47:46.773  9390  9493 D WebViewCache: Checking cache for: /data/user/0/com.droidev.flyffuwebviewclient/cache/webgl_cache/f46a89d90d3825fe29769221070510d8_part_malehair11.bin_A11193B
07-14 06:47:46.773  9390  9493 D WebViewCache: Cache hit for: /data/user/0/com.droidev.flyffuwebviewclient/cache/webgl_cache/f46a89d90d3825fe29769221070510d8_part_malehair11.bin_A11193B
07-14 06:47:46.774  9390  9493 D WebViewCache: Adding If-None-Match: "56b2d6100cf1a58e67d5017d28df7d04"
07-14 06:47:46.774  9390  9493 D WebViewCache: Adding If-Modified-Since: Tue, 27 May 2025 08:47:59 GMT
07-14 06:47:46.775  9390  9454 D WebViewCache: Adding If-None-Match: "c4b9f37e6c7d3ce06d8565cdbd928ae9"
07-14 06:47:46.775  9390  9454 D WebViewCache: Adding If-Modified-Since: Tue, 27 May 2025 08:49:26 GMT
07-14 06:47:46.793  9390  9486 D WebViewCache: Requesting URL: https://www.googletagmanager.com/gtm.js?id=GTM-M7SJX2S, Host: www.googletagmanager.com
07-14 06:47:46.793  9390  9486 D WebViewCache: Bypassing interception for non-target domain: www.googletagmanager.com
07-14 06:47:46.794  9390  9486 D WebViewCache: Requesting URL: https://cdn-universe.flyff.com/client/cursor/curdelay.png, Host: cdn-universe.flyff.com
07-14 06:47:46.794  9390  9486 D WebViewCache: isStaticAsset: Checking URL: https://cdn-universe.flyff.com/client/cursor/curdelay.png, against extension: .png, processed URL: https://cdn-universe.flyff.com/client/cursor/curdelay.png
07-14 06:47:46.794  9390  9486 D WebViewCache: isStaticAsset: https://cdn-universe.flyff.com/client/cursor/curdelay.png is a static asset (..png)
07-14 06:47:46.794  9390  9486 D WebViewCache: Using shared cache for: https://cdn-universe.flyff.com/client/cursor/curdelay.png
07-14 06:47:46.794  9390  9486 D WebViewCache: Checking cache for: /data/user/0/com.droidev.flyffuwebviewclient/cache/webgl_cache/32906c29547f5cc6af1ce82d9e8e8485_curdelay.png
07-14 06:47:46.795  9390  9486 D WebViewCache: Cache hit for: /data/user/0/com.droidev.flyffuwebviewclient/cache/webgl_cache/32906c29547f5cc6af1ce82d9e8e8485_curdelay.png
07-14 06:47:46.796  9390  9486 D WebViewCache: Adding If-None-Match: "bdb760ffa566902d68ac62fa3b052bfc"
07-14 06:47:46.796  9390  9486 D WebViewCache: Adding If-Modified-Since: Tue, 27 May 2025 08:36:13 GMT
07-14 06:47:46.798  9390  9494 D WebViewCache: Requesting URL: https://cdn-universe.flyff.com/client/ui/base_mo.bin?F73BEA0, Host: cdn-universe.flyff.com
07-14 06:47:46.799  9390  9494 D WebViewCache: isStaticAsset: Checking URL: https://cdn-universe.flyff.com/client/ui/base_mo.bin?F73BEA0, against extension: .png, processed URL: https://cdn-universe.flyff.com/client/ui/base_mo.bin
07-14 06:47:46.799  9390  9494 D WebViewCache: isStaticAsset: Checking URL: https://cdn-universe.flyff.com/client/ui/base_mo.bin?F73BEA0, against extension: .jpg, processed URL: https://cdn-universe.flyff.com/client/ui/base_mo.bin
07-14 06:47:46.799  9390  9494 D WebViewCache: isStaticAsset: Checking URL: https://cdn-universe.flyff.com/client/ui/base_mo.bin?F73BEA0, against extension: .jpeg, processed URL: https://cdn-universe.flyff.com/client/ui/base_mo.bin
07-14 06:47:46.799  9390  9494 D WebViewCache: isStaticAsset: Checking URL: https://cdn-universe.flyff.com/client/ui/base_mo.bin?F73BEA0, against extension: .gltf, processed URL: https://cdn-universe.flyff.com/client/ui/base_mo.bin
07-14 06:47:46.799  9390  9494 D WebViewCache: isStaticAsset: Checking URL: https://cdn-universe.flyff.com/client/ui/base_mo.bin?F73BEA0, against extension: .bin, processed URL: https://cdn-universe.flyff.com/client/ui/base_mo.bin
07-14 06:47:46.799  9390  9494 D WebViewCache: isStaticAsset: https://cdn-universe.flyff.com/client/ui/base_mo.bin?F73BEA0 is a static asset (..bin)
07-14 06:47:46.799  9390  9494 D WebViewCache: Using shared cache for: https://cdn-universe.flyff.com/client/ui/base_mo.bin?F73BEA0
07-14 06:47:46.799  9390  9494 D WebViewCache: Checking cache for: /data/user/0/com.droidev.flyffuwebviewclient/cache/webgl_cache/abdcf29f1e4fccb4628e2da9e4f17fe2_base_mo.bin_F73BEA0
07-14 06:47:46.800  9390  9494 D WebViewCache: Cache hit for: /data/user/0/com.droidev.flyffuwebviewclient/cache/webgl_cache/abdcf29f1e4fccb4628e2da9e4f17fe2_base_mo.bin_F73BEA0
07-14 06:47:46.802  9390  9455 D WebViewCache: Requesting URL: https://cdn-universe.flyff.com/client/model/part_malehead12.bin?A11193B, Host: cdn-universe.flyff.com
07-14 06:47:46.802  9390  9455 D WebViewCache: isStaticAsset: Checking URL: https://cdn-universe.flyff.com/client/model/part_malehead12.bin?A11193B, against extension: .png, processed URL: https://cdn-universe.flyff.com/client/model/part_malehead12.bin
07-14 06:47:46.802  9390  9455 D WebViewCache: isStaticAsset: Checking URL: https://cdn-universe.flyff.com/client/model/part_malehead12.bin?A11193B, against extension: .jpg, processed URL: https://cdn-universe.flyff.com/client/model/part_malehead12.bin
07-14 06:47:46.802  9390  9455 D WebViewCache: isStaticAsset: Checking URL: https://cdn-universe.flyff.com/client/model/part_malehead12.bin?A11193B, against extension: .jpeg, processed URL: https://cdn-universe.flyff.com/client/model/part_malehead12.bin
07-14 06:47:46.802  9390  9455 D WebViewCache: isStaticAsset: Checking URL: https://cdn-universe.flyff.com/client/model/part_malehead12.bin?A11193B, against extension: .gltf, processed URL: https://cdn-universe.flyff.com/client/model/part_malehead12.bin
07-14 06:47:46.802  9390  9455 D WebViewCache: isStaticAsset: Checking URL: https://cdn-universe.flyff.com/client/model/part_malehead12.bin?A11193B, against extension: .bin, processed URL: https://cdn-universe.flyff.com/client/model/part_malehead12.bin
07-14 06:47:46.802  9390  9455 D WebViewCache: isStaticAsset: https://cdn-universe.flyff.com/client/model/part_malehead12.bin?A11193B is a static asset (..bin)
07-14 06:47:46.802  9390  9455 D WebViewCache: Using shared cache for: https://cdn-universe.flyff.com/client/model/part_malehead12.bin?A11193B
07-14 06:47:46.803  9390  9494 D WebViewCache: Adding If-None-Match: "cef829d5909ccda4d6187f3eb058e50b"
07-14 06:47:46.803  9390  9494 D WebViewCache: Adding If-Modified-Since: Wed, 28 May 2025 04:10:17 GMT
07-14 06:47:46.803  9390  9453 D WebViewCache: Serving valid cache for: /data/user/0/com.droidev.flyffuwebviewclient/cache/webgl_cache/7bbae571f95c75c03bd3cab598c30329_screenfwclow.bin_F98B588 (304 Not Modified)
07-14 06:47:46.803  9390  9455 D WebViewCache: Checking cache for: /data/user/0/com.droidev.flyffuwebviewclient/cache/webgl_cache/19da59d65bd0f5d836af122ebb68fd88_part_malehead12.bin_A11193B
07-14 06:47:46.803  9390  9453 D WebViewCache: Requesting URL: https://cdn-universe.flyff.com/client/model/item_weaswowooden.bin?A111910, Host: cdn-universe.flyff.com
07-14 06:47:46.803  9390  9455 D WebViewCache: Cache hit for: /data/user/0/com.droidev.flyffuwebviewclient/cache/webgl_cache/19da59d65bd0f5d836af122ebb68fd88_part_malehead12.bin_A11193B
07-14 06:47:46.803  9390  9453 D WebViewCache: isStaticAsset: Checking URL: https://cdn-universe.flyff.com/client/model/item_weaswowooden.bin?A111910, against extension: .png, processed URL: https://cdn-universe.flyff.com/client/model/item_weaswowooden.bin
07-14 06:47:46.803  9390  9453 D WebViewCache: isStaticAsset: Checking URL: https://cdn-universe.flyff.com/client/model/item_weaswowooden.bin?A111910, against extension: .jpg, processed URL: https://cdn-universe.flyff.com/client/model/item_weaswowooden.bin
07-14 06:47:46.803  9390  9453 D WebViewCache: isStaticAsset: Checking URL: https://cdn-universe.flyff.com/client/model/item_weaswowooden.bin?A111910, against extension: .jpeg, processed URL: https://cdn-universe.flyff.com/client/model/item_weaswowooden.bin
07-14 06:47:46.804  9390  9453 D WebViewCache: isStaticAsset: Checking URL: https://cdn-universe.flyff.com/client/model/item_weaswowooden.bin?A111910, against extension: .gltf, processed URL: https://cdn-universe.flyff.com/client/model/item_weaswowooden.bin
07-14 06:47:46.804  9390  9453 D WebViewCache: isStaticAsset: Checking URL: https://cdn-universe.flyff.com/client/model/item_weaswowooden.bin?A111910, against extension: .bin, processed URL: https://cdn-universe.flyff.com/client/model/item_weaswowooden.bin
07-14 06:47:46.804  9390  9453 D WebViewCache: isStaticAsset: https://cdn-universe.flyff.com/client/model/item_weaswowooden.bin?A111910 is a static asset (..bin)
07-14 06:47:46.804  9390  9453 D WebViewCache: Using shared cache for: https://cdn-universe.flyff.com/client/model/item_weaswowooden.bin?A111910
07-14 06:47:46.804  9390  9453 D WebViewCache: Checking cache for: /data/user/0/com.droidev.flyffuwebviewclient/cache/webgl_cache/01a73f28258c88bf32a45ab1295cd455_item_weaswowooden.bin_A111910
07-14 06:47:46.805  9390  9453 D WebViewCache: Cache hit for: /data/user/0/com.droidev.flyffuwebviewclient/cache/webgl_cache/01a73f28258c88bf32a45ab1295cd455_item_weaswowooden.bin_A111910
07-14 06:47:46.805  9390  9455 D WebViewCache: Adding If-None-Match: "864fd50b5bb9119fe9c19fb5d0373b85"
07-14 06:47:46.805  9390  9455 D WebViewCache: Adding If-Modified-Since: Tue, 27 May 2025 08:48:01 GMT
07-14 06:47:46.807  9390  9453 D WebViewCache: Adding If-None-Match: "b66a6ddbb3d4554261b5c31c7f2552a3"
07-14 06:47:46.807  9390  9453 D WebViewCache: Adding If-Modified-Since: Tue, 27 May 2025 08:41:22 GMT
07-14 06:47:46.818  9390  9493 D WebViewCache: Serving valid cache for: /data/user/0/com.droidev.flyffuwebviewclient/cache/webgl_cache/f46a89d90d3825fe29769221070510d8_part_malehair11.bin_A11193B (304 Not Modified)
07-14 06:47:46.818  9390  9454 D WebViewCache: Serving valid cache for: /data/user/0/com.droidev.flyffuwebviewclient/cache/webgl_cache/710268122c0e8aa600314928d0aa6057_part_mvag01.bin_A11194C (304 Not Modified)
07-14 06:47:46.832  9390  9453 D WebViewCache: Serving valid cache for: /data/user/0/com.droidev.flyffuwebviewclient/cache/webgl_cache/01a73f28258c88bf32a45ab1295cd455_item_weaswowooden.bin_A111910 (304 Not Modified)
07-14 06:47:46.832  9390  9494 D WebViewCache: Serving valid cache for: /data/user/0/com.droidev.flyffuwebviewclient/cache/webgl_cache/abdcf29f1e4fccb4628e2da9e4f17fe2_base_mo.bin_F73BEA0 (304 Not Modified)
07-14 06:47:46.833  9390  9455 D WebViewCache: Serving valid cache for: /data/user/0/com.droidev.flyffuwebviewclient/cache/webgl_cache/19da59d65bd0f5d836af122ebb68fd88_part_malehead12.bin_A11193B (304 Not Modified)
07-14 06:47:46.845  9390  9453 D WebViewCache: Requesting URL: https://cdn-universe.flyff.com/client/program/web/main-wasm32.wasm?249, Host: cdn-universe.flyff.com
07-14 06:47:46.845  9390  9453 D WebViewCache: isStaticAsset: Checking URL: https://cdn-universe.flyff.com/client/program/web/main-wasm32.wasm?249, against extension: .png, processed URL: https://cdn-universe.flyff.com/client/program/web/main-wasm32.wasm
07-14 06:47:46.845  9390  9453 D WebViewCache: isStaticAsset: Checking URL: https://cdn-universe.flyff.com/client/program/web/main-wasm32.wasm?249, against extension: .jpg, processed URL: https://cdn-universe.flyff.com/client/program/web/main-wasm32.wasm
07-14 06:47:46.845  9390  9453 D WebViewCache: isStaticAsset: Checking URL: https://cdn-universe.flyff.com/client/program/web/main-wasm32.wasm?249, against extension: .jpeg, processed URL: https://cdn-universe.flyff.com/client/program/web/main-wasm32.wasm
07-14 06:47:46.845  9390  9453 D WebViewCache: isStaticAsset: Checking URL: https://cdn-universe.flyff.com/client/program/web/main-wasm32.wasm?249, against extension: .gltf, processed URL: https://cdn-universe.flyff.com/client/program/web/main-wasm32.wasm
07-14 06:47:46.845  9390  9453 D WebViewCache: isStaticAsset: Checking URL: https://cdn-universe.flyff.com/client/program/web/main-wasm32.wasm?249, against extension: .bin, processed URL: https://cdn-universe.flyff.com/client/program/web/main-wasm32.wasm
07-14 06:47:46.845  9390  9453 D WebViewCache: isStaticAsset: Checking URL: https://cdn-universe.flyff.com/client/program/web/main-wasm32.wasm?249, against extension: .mp3, processed URL: https://cdn-universe.flyff.com/client/program/web/main-wasm32.wasm
07-14 06:47:46.845  9390  9453 D WebViewCache: isStaticAsset: Checking URL: https://cdn-universe.flyff.com/client/program/web/main-wasm32.wasm?249, against extension: .ogg, processed URL: https://cdn-universe.flyff.com/client/program/web/main-wasm32.wasm
07-14 06:47:46.845  9390  9453 D WebViewCache: isStaticAsset: https://cdn-universe.flyff.com/client/program/web/main-wasm32.wasm?249 is NOT a static asset.
07-14 06:47:46.850  9390  9453 D WebViewCache: Requesting URL: https://web.cmp.usercentrics.eu/ui/v/3.61.0/WebSdk.lib.bb0442d7.js, Host: web.cmp.usercentrics.eu
07-14 06:47:46.850  9390  9453 D WebViewCache: Bypassing interception for non-target domain: web.cmp.usercentrics.eu
07-14 06:47:46.870  9390  9453 D WebViewCache: Requesting URL: https://cdn-universe.flyff.com/client/model/part_malehair11.bin?A11193B, Host: cdn-universe.flyff.com
07-14 06:47:46.870  9390  9453 D WebViewCache: isStaticAsset: Checking URL: https://cdn-universe.flyff.com/client/model/part_malehair11.bin?A11193B, against extension: .png, processed URL: https://cdn-universe.flyff.com/client/model/part_malehair11.bin
07-14 06:47:46.870  9390  9453 D WebViewCache: isStaticAsset: Checking URL: https://cdn-universe.flyff.com/client/model/part_malehair11.bin?A11193B, against extension: .jpg, processed URL: https://cdn-universe.flyff.com/client/model/part_malehair11.bin
07-14 06:47:46.870  9390  9453 D WebViewCache: isStaticAsset: Checking URL: https://cdn-universe.flyff.com/client/model/part_malehair11.bin?A11193B, against extension: .jpeg, processed URL: https://cdn-universe.flyff.com/client/model/part_malehair11.bin
07-14 06:47:46.870  9390  9453 D WebViewCache: isStaticAsset: Checking URL: https://cdn-universe.flyff.com/client/model/part_malehair11.bin?A11193B, against extension: .gltf, processed URL: https://cdn-universe.flyff.com/client/model/part_malehair11.bin
07-14 06:47:46.870  9390  9453 D WebViewCache: isStaticAsset: Checking URL: https://cdn-universe.flyff.com/client/model/part_malehair11.bin?A11193B, against extension: .bin, processed URL: https://cdn-universe.flyff.com/client/model/part_malehair11.bin
07-14 06:47:46.870  9390  9453 D WebViewCache: isStaticAsset: https://cdn-universe.flyff.com/client/model/part_malehair11.bin?A11193B is a static asset (..bin)
07-14 06:47:46.870  9390  9453 D WebViewCache: Using shared cache for: https://cdn-universe.flyff.com/client/model/part_malehair11.bin?A11193B
07-14 06:47:46.871  9390  9454 D WebViewCache: Requesting URL: https://cdn-universe.flyff.com/client/model/part_mvag01.bin?A11194C, Host: cdn-universe.flyff.com
07-14 06:47:46.871  9390  9454 D WebViewCache: isStaticAsset: Checking URL: https://cdn-universe.flyff.com/client/model/part_mvag01.bin?A11194C, against extension: .png, processed URL: https://cdn-universe.flyff.com/client/model/part_mvag01.bin
07-14 06:47:46.871  9390  9454 D WebViewCache: isStaticAsset: Checking URL: https://cdn-universe.flyff.com/client/model/part_mvag01.bin?A11194C, against extension: .jpg, processed URL: https://cdn-universe.flyff.com/client/model/part_mvag01.bin
07-14 06:47:46.871  9390  9454 D WebViewCache: isStaticAsset: Checking URL: https://cdn-universe.flyff.com/client/model/part_mvag01.bin?A11194C, against extension: .jpeg, processed URL: https://cdn-universe.flyff.com/client/model/part_mvag01.bin
07-14 06:47:46.872  9390  9454 D WebViewCache: isStaticAsset: Checking URL: https://cdn-universe.flyff.com/client/model/part_mvag01.bin?A11194C, against extension: .gltf, processed URL: https://cdn-universe.flyff.com/client/model/part_mvag01.bin
07-14 06:47:46.872  9390  9454 D WebViewCache: isStaticAsset: Checking URL: https://cdn-universe.flyff.com/client/model/part_mvag01.bin?A11194C, against extension: .bin, processed URL: https://cdn-universe.flyff.com/client/model/part_mvag01.bin
07-14 06:47:46.872  9390  9454 D WebViewCache: isStaticAsset: https://cdn-universe.flyff.com/client/model/part_mvag01.bin?A11194C is a static asset (..bin)
07-14 06:47:46.872  9390  9453 D WebViewCache: Checking cache for: /data/user/0/com.droidev.flyffuwebviewclient/cache/webgl_cache/f46a89d90d3825fe29769221070510d8_part_malehair11.bin_A11193B
07-14 06:47:46.872  9390  9455 D WebViewCache: Requesting URL: https://cdn-universe.flyff.com/client/model/item_weaswowooden.bin?A111910, Host: cdn-universe.flyff.com
07-14 06:47:46.872  9390  9455 D WebViewCache: isStaticAsset: Checking URL: https://cdn-universe.flyff.com/client/model/item_weaswowooden.bin?A111910, against extension: .png, processed URL: https://cdn-universe.flyff.com/client/model/item_weaswowooden.bin
07-14 06:47:46.872  9390  9455 D WebViewCache: isStaticAsset: Checking URL: https://cdn-universe.flyff.com/client/model/item_weaswowooden.bin?A111910, against extension: .jpg, processed URL: https://cdn-universe.flyff.com/client/model/item_weaswowooden.bin
07-14 06:47:46.872  9390  9454 D WebViewCache: Using shared cache for: https://cdn-universe.flyff.com/client/model/part_mvag01.bin?A11194C
07-14 06:47:46.872  9390  9455 D WebViewCache: isStaticAsset: Checking URL: https://cdn-universe.flyff.com/client/model/item_weaswowooden.bin?A111910, against extension: .jpeg, processed URL: https://cdn-universe.flyff.com/client/model/item_weaswowooden.bin
07-14 06:47:46.872  9390  9455 D WebViewCache: isStaticAsset: Checking URL: https://cdn-universe.flyff.com/client/model/item_weaswowooden.bin?A111910, against extension: .gltf, processed URL: https://cdn-universe.flyff.com/client/model/item_weaswowooden.bin
07-14 06:47:46.872  9390  9493 D WebViewCache: Requesting URL: https://cdn-universe.flyff.com/client/model/part_malehead12.bin?A11193B, Host: cdn-universe.flyff.com
07-14 06:47:46.872  9390  9455 D WebViewCache: isStaticAsset: Checking URL: https://cdn-universe.flyff.com/client/model/item_weaswowooden.bin?A111910, against extension: .bin, processed URL: https://cdn-universe.flyff.com/client/model/item_weaswowooden.bin
07-14 06:47:46.872  9390  9455 D WebViewCache: isStaticAsset: https://cdn-universe.flyff.com/client/model/item_weaswowooden.bin?A111910 is a static asset (..bin)
07-14 06:47:46.872  9390  9455 D WebViewCache: Using shared cache for: https://cdn-universe.flyff.com/client/model/item_weaswowooden.bin?A111910
07-14 06:47:46.873  9390  9493 D WebViewCache: isStaticAsset: Checking URL: https://cdn-universe.flyff.com/client/model/part_malehead12.bin?A11193B, against extension: .png, processed URL: https://cdn-universe.flyff.com/client/model/part_malehead12.bin
07-14 06:47:46.873  9390  9493 D WebViewCache: isStaticAsset: Checking URL: https://cdn-universe.flyff.com/client/model/part_malehead12.bin?A11193B, against extension: .jpg, processed URL: https://cdn-universe.flyff.com/client/model/part_malehead12.bin
07-14 06:47:46.873  9390  9493 D WebViewCache: isStaticAsset: Checking URL: https://cdn-universe.flyff.com/client/model/part_malehead12.bin?A11193B, against extension: .jpeg, processed URL: https://cdn-universe.flyff.com/client/model/part_malehead12.bin
07-14 06:47:46.873  9390  9493 D WebViewCache: isStaticAsset: Checking URL: https://cdn-universe.flyff.com/client/model/part_malehead12.bin?A11193B, against extension: .gltf, processed URL: https://cdn-universe.flyff.com/client/model/part_malehead12.bin
07-14 06:47:46.873  9390  9493 D WebViewCache: isStaticAsset: Checking URL: https://cdn-universe.flyff.com/client/model/part_malehead12.bin?A11193B, against extension: .bin, processed URL: https://cdn-universe.flyff.com/client/model/part_malehead12.bin
07-14 06:47:46.873  9390  9493 D WebViewCache: isStaticAsset: https://cdn-universe.flyff.com/client/model/part_malehead12.bin?A11193B is a static asset (..bin)
07-14 06:47:46.873  9390  9493 D WebViewCache: Using shared cache for: https://cdn-universe.flyff.com/client/model/part_malehead12.bin?A11193B
07-14 06:47:46.873  9390  9455 D WebViewCache: Checking cache for: /data/user/0/com.droidev.flyffuwebviewclient/cache/webgl_cache/01a73f28258c88bf32a45ab1295cd455_item_weaswowooden.bin_A111910
07-14 06:47:46.873  9390  9455 D WebViewCache: Cache hit for: /data/user/0/com.droidev.flyffuwebviewclient/cache/webgl_cache/01a73f28258c88bf32a45ab1295cd455_item_weaswowooden.bin_A111910
07-14 06:47:46.874  9390  9493 D WebViewCache: Checking cache for: /data/user/0/com.droidev.flyffuwebviewclient/cache/webgl_cache/19da59d65bd0f5d836af122ebb68fd88_part_malehead12.bin_A11193B
07-14 06:47:46.874  9390  9494 D WebViewCache: Requesting URL: https://www.gstatic.com/recaptcha/releases/_cn5mBoBXIA0_T7xBjxkUqUA/recaptcha__pt_br.js, Host: www.gstatic.com
07-14 06:47:46.874  9390  9494 D WebViewCache: Bypassing interception for non-target domain: www.gstatic.com
07-14 06:47:46.874  9390  9493 D WebViewCache: Cache hit for: /data/user/0/com.droidev.flyffuwebviewclient/cache/webgl_cache/19da59d65bd0f5d836af122ebb68fd88_part_malehead12.bin_A11193B
07-14 06:47:46.874  9390  9454 D WebViewCache: Checking cache for: /data/user/0/com.droidev.flyffuwebviewclient/cache/webgl_cache/710268122c0e8aa600314928d0aa6057_part_mvag01.bin_A11194C
07-14 06:47:46.875  9390  9454 D WebViewCache: Cache hit for: /data/user/0/com.droidev.flyffuwebviewclient/cache/webgl_cache/710268122c0e8aa600314928d0aa6057_part_mvag01.bin_A11194C
07-14 06:47:46.875  9390  9455 D WebViewCache: Adding If-None-Match: "b66a6ddbb3d4554261b5c31c7f2552a3"
07-14 06:47:46.875  9390  9455 D WebViewCache: Adding If-Modified-Since: Tue, 27 May 2025 08:41:22 GMT
07-14 06:47:46.876  9390  9493 D WebViewCache: Adding If-None-Match: "864fd50b5bb9119fe9c19fb5d0373b85"
07-14 06:47:46.876  9390  9493 D WebViewCache: Adding If-Modified-Since: Tue, 27 May 2025 08:48:01 GMT
07-14 06:47:46.877  9390  9454 D WebViewCache: Adding If-None-Match: "c4b9f37e6c7d3ce06d8565cdbd928ae9"
07-14 06:47:46.877  9390  9454 D WebViewCache: Adding If-Modified-Since: Tue, 27 May 2025 08:49:26 GMT
07-14 06:47:46.879  9390  9453 D WebViewCache: Cache hit for: /data/user/0/com.droidev.flyffuwebviewclient/cache/webgl_cache/f46a89d90d3825fe29769221070510d8_part_malehair11.bin_A11193B
07-14 06:47:46.886  9390  9453 D WebViewCache: Adding If-None-Match: "56b2d6100cf1a58e67d5017d28df7d04"
07-14 06:47:46.886  9390  9453 D WebViewCache: Adding If-Modified-Since: Tue, 27 May 2025 08:47:59 GMT
07-14 06:47:46.905  9390  9486 D WebViewCache: Serving valid cache for: /data/user/0/com.droidev.flyffuwebviewclient/cache/webgl_cache/32906c29547f5cc6af1ce82d9e8e8485_curdelay.png (304 Not Modified)
07-14 06:47:46.917  9390  9455 D WebViewCache: Serving valid cache for: /data/user/0/com.droidev.flyffuwebviewclient/cache/webgl_cache/01a73f28258c88bf32a45ab1295cd455_item_weaswowooden.bin_A111910 (304 Not Modified)
07-14 06:47:46.920  9390  9454 D WebViewCache: Serving valid cache for: /data/user/0/com.droidev.flyffuwebviewclient/cache/webgl_cache/710268122c0e8aa600314928d0aa6057_part_mvag01.bin_A11194C (304 Not Modified)
07-14 06:47:46.946  9390  9493 D WebViewCache: Serving valid cache for: /data/user/0/com.droidev.flyffuwebviewclient/cache/webgl_cache/19da59d65bd0f5d836af122ebb68fd88_part_malehead12.bin_A11193B (304 Not Modified)
07-14 06:47:46.950  9390  9453 D WebViewCache: Serving valid cache for: /data/user/0/com.droidev.flyffuwebviewclient/cache/webgl_cache/f46a89d90d3825fe29769221070510d8_part_malehair11.bin_A11193B (304 Not Modified)
07-14 06:47:46.952  9390  9453 D WebViewCache: Requesting URL: https://v1.api.service.cmp.usercentrics.eu/latest/core/fxO_4ss0Wa26_C, Host: v1.api.service.cmp.usercentrics.eu
07-14 06:47:46.952  9390  9453 D WebViewCache: Bypassing interception for non-target domain: v1.api.service.cmp.usercentrics.eu
07-14 06:47:46.967  9390  9454 D WebViewCache: Requesting URL: https://cdn-universe.flyff.com/client/model/item_weaswowooden.bin?A111910, Host: cdn-universe.flyff.com
07-14 06:47:46.967  9390  9454 D WebViewCache: isStaticAsset: Checking URL: https://cdn-universe.flyff.com/client/model/item_weaswowooden.bin?A111910, against extension: .png, processed URL: https://cdn-universe.flyff.com/client/model/item_weaswowooden.bin
07-14 06:47:46.967  9390  9454 D WebViewCache: isStaticAsset: Checking URL: https://cdn-universe.flyff.com/client/model/item_weaswowooden.bin?A111910, against extension: .jpg, processed URL: https://cdn-universe.flyff.com/client/model/item_weaswowooden.bin
07-14 06:47:46.968  9390  9454 D WebViewCache: isStaticAsset: Checking URL: https://cdn-universe.flyff.com/client/model/item_weaswowooden.bin?A111910, against extension: .jpeg, processed URL: https://cdn-universe.flyff.com/client/model/item_weaswowooden.bin
07-14 06:47:46.968  9390  9454 D WebViewCache: isStaticAsset: Checking URL: https://cdn-universe.flyff.com/client/model/item_weaswowooden.bin?A111910, against extension: .gltf, processed URL: https://cdn-universe.flyff.com/client/model/item_weaswowooden.bin
07-14 06:47:46.968  9390  9454 D WebViewCache: isStaticAsset: Checking URL: https://cdn-universe.flyff.com/client/model/item_weaswowooden.bin?A111910, against extension: .bin, processed URL: https://cdn-universe.flyff.com/client/model/item_weaswowooden.bin
07-14 06:47:46.968  9390  9454 D WebViewCache: isStaticAsset: https://cdn-universe.flyff.com/client/model/item_weaswowooden.bin?A111910 is a static asset (..bin)
07-14 06:47:46.968  9390  9454 D WebViewCache: Using shared cache for: https://cdn-universe.flyff.com/client/model/item_weaswowooden.bin?A111910
07-14 06:47:46.968  9390  9453 D WebViewCache: Requesting URL: https://cdn-universe.flyff.com/client/model/part_mvag01.bin?A11194C, Host: cdn-universe.flyff.com
07-14 06:47:46.968  9390  9453 D WebViewCache: isStaticAsset: Checking URL: https://cdn-universe.flyff.com/client/model/part_mvag01.bin?A11194C, against extension: .png, processed URL: https://cdn-universe.flyff.com/client/model/part_mvag01.bin
07-14 06:47:46.968  9390  9454 D WebViewCache: Checking cache for: /data/user/0/com.droidev.flyffuwebviewclient/cache/webgl_cache/01a73f28258c88bf32a45ab1295cd455_item_weaswowooden.bin_A111910
07-14 06:47:46.968  9390  9453 D WebViewCache: isStaticAsset: Checking URL: https://cdn-universe.flyff.com/client/model/part_mvag01.bin?A11194C, against extension: .jpg, processed URL: https://cdn-universe.flyff.com/client/model/part_mvag01.bin
07-14 06:47:46.968  9390  9453 D WebViewCache: isStaticAsset: Checking URL: https://cdn-universe.flyff.com/client/model/part_mvag01.bin?A11194C, against extension: .jpeg, processed URL: https://cdn-universe.flyff.com/client/model/part_mvag01.bin
07-14 06:47:46.968  9390  9453 D WebViewCache: isStaticAsset: Checking URL: https://cdn-universe.flyff.com/client/model/part_mvag01.bin?A11194C, against extension: .gltf, processed URL: https://cdn-universe.flyff.com/client/model/part_mvag01.bin
07-14 06:47:46.968  9390  9453 D WebViewCache: isStaticAsset: Checking URL: https://cdn-universe.flyff.com/client/model/part_mvag01.bin?A11194C, against extension: .bin, processed URL: https://cdn-universe.flyff.com/client/model/part_mvag01.bin
07-14 06:47:46.968  9390  9453 D WebViewCache: isStaticAsset: https://cdn-universe.flyff.com/client/model/part_mvag01.bin?A11194C is a static asset (..bin)
07-14 06:47:46.969  9390  9453 D WebViewCache: Using shared cache for: https://cdn-universe.flyff.com/client/model/part_mvag01.bin?A11194C
07-14 06:47:46.969  9390  9454 D WebViewCache: Cache hit for: /data/user/0/com.droidev.flyffuwebviewclient/cache/webgl_cache/01a73f28258c88bf32a45ab1295cd455_item_weaswowooden.bin_A111910
07-14 06:47:46.970  9390  9454 D WebViewCache: Adding If-None-Match: "b66a6ddbb3d4554261b5c31c7f2552a3"
07-14 06:47:46.970  9390  9454 D WebViewCache: Adding If-Modified-Since: Tue, 27 May 2025 08:41:22 GMT
07-14 06:47:46.971  9390  9453 D WebViewCache: Checking cache for: /data/user/0/com.droidev.flyffuwebviewclient/cache/webgl_cache/710268122c0e8aa600314928d0aa6057_part_mvag01.bin_A11194C
07-14 06:47:46.982  9390  9453 D WebViewCache: Cache hit for: /data/user/0/com.droidev.flyffuwebviewclient/cache/webgl_cache/710268122c0e8aa600314928d0aa6057_part_mvag01.bin_A11194C
07-14 06:47:46.992  9390  9454 D WebViewCache: Serving valid cache for: /data/user/0/com.droidev.flyffuwebviewclient/cache/webgl_cache/01a73f28258c88bf32a45ab1295cd455_item_weaswowooden.bin_A111910 (304 Not Modified)
07-14 06:47:46.993  9390  9453 D WebViewCache: Adding If-None-Match: "c4b9f37e6c7d3ce06d8565cdbd928ae9"
07-14 06:47:46.994  9390  9453 D WebViewCache: Adding If-Modified-Since: Tue, 27 May 2025 08:49:26 GMT
07-14 06:47:47.024  9390  9453 D WebViewCache: Serving valid cache for: /data/user/0/com.droidev.flyffuwebviewclient/cache/webgl_cache/710268122c0e8aa600314928d0aa6057_part_mvag01.bin_A11194C (304 Not Modified)
07-14 06:47:47.132  9390  9453 D WebViewCache: Requesting URL: https://cdn-universe.flyff.com/client/model/texture/etc2/texbase.bin?F854B4A, Host: cdn-universe.flyff.com
07-14 06:47:47.132  9390  9453 D WebViewCache: Bypassing cache for critical .bin file: https://cdn-universe.flyff.com/client/model/texture/etc2/texbase.bin?F854B4A
07-14 06:47:47.133  9390  9453 D WebViewCache: Requesting URL: https://cdn-universe.flyff.com/client/model/texture/etc2/flyca_sfx_cloud.bin?A10F8CC, Host: cdn-universe.flyff.com
07-14 06:47:47.134  9390  9453 D WebViewCache: isStaticAsset: Checking URL: https://cdn-universe.flyff.com/client/model/texture/etc2/flyca_sfx_cloud.bin?A10F8CC, against extension: .png, processed URL: https://cdn-universe.flyff.com/client/model/texture/etc2/flyca_sfx_cloud.bin
07-14 06:47:47.134  9390  9453 D WebViewCache: isStaticAsset: Checking URL: https://cdn-universe.flyff.com/client/model/texture/etc2/flyca_sfx_cloud.bin?A10F8CC, against extension: .jpg, processed URL: https://cdn-universe.flyff.com/client/model/texture/etc2/flyca_sfx_cloud.bin
07-14 06:47:47.134  9390  9453 D WebViewCache: isStaticAsset: Checking URL: https://cdn-universe.flyff.com/client/model/texture/etc2/flyca_sfx_cloud.bin?A10F8CC, against extension: .jpeg, processed URL: https://cdn-universe.flyff.com/client/model/texture/etc2/flyca_sfx_cloud.bin
07-14 06:47:47.134  9390  9453 D WebViewCache: isStaticAsset: Checking URL: https://cdn-universe.flyff.com/client/model/texture/etc2/flyca_sfx_cloud.bin?A10F8CC, against extension: .gltf, processed URL: https://cdn-universe.flyff.com/client/model/texture/etc2/flyca_sfx_cloud.bin
07-14 06:47:47.134  9390  9453 D WebViewCache: isStaticAsset: Checking URL: https://cdn-universe.flyff.com/client/model/texture/etc2/flyca_sfx_cloud.bin?A10F8CC, against extension: .bin, processed URL: https://cdn-universe.flyff.com/client/model/texture/etc2/flyca_sfx_cloud.bin
07-14 06:47:47.134  9390  9453 D WebViewCache: isStaticAsset: https://cdn-universe.flyff.com/client/model/texture/etc2/flyca_sfx_cloud.bin?A10F8CC is a static asset (..bin)
07-14 06:47:47.134  9390  9453 D WebViewCache: Using shared cache for: https://cdn-universe.flyff.com/client/model/texture/etc2/flyca_sfx_cloud.bin?A10F8CC
07-14 06:47:47.134  9390  9453 D WebViewCache: Checking cache for: /data/user/0/com.droidev.flyffuwebviewclient/cache/webgl_cache/7e3729ef0c1b71efad88b07e8231c0c0_flyca_sfx_cloud.bin_A10F8CC
07-14 06:47:47.134  9390  9453 D WebViewCache: Fetching from network: https://cdn-universe.flyff.com/client/model/texture/etc2/flyca_sfx_cloud.bin?A10F8CC
07-14 06:47:47.142  9390  9454 D WebViewCache: Requesting URL: https://cdn-universe.flyff.com/client/model/part_malehead12.bin?A11193B, Host: cdn-universe.flyff.com
07-14 06:47:47.142  9390  9454 D WebViewCache: isStaticAsset: Checking URL: https://cdn-universe.flyff.com/client/model/part_malehead12.bin?A11193B, against extension: .png, processed URL: https://cdn-universe.flyff.com/client/model/part_malehead12.bin
07-14 06:47:47.142  9390  9454 D WebViewCache: isStaticAsset: Checking URL: https://cdn-universe.flyff.com/client/model/part_malehead12.bin?A11193B, against extension: .jpg, processed URL: https://cdn-universe.flyff.com/client/model/part_malehead12.bin
07-14 06:47:47.142  9390  9454 D WebViewCache: isStaticAsset: Checking URL: https://cdn-universe.flyff.com/client/model/part_malehead12.bin?A11193B, against extension: .jpeg, processed URL: https://cdn-universe.flyff.com/client/model/part_malehead12.bin
07-14 06:47:47.142  9390  9454 D WebViewCache: isStaticAsset: Checking URL: https://cdn-universe.flyff.com/client/model/part_malehead12.bin?A11193B, against extension: .gltf, processed URL: https://cdn-universe.flyff.com/client/model/part_malehead12.bin
07-14 06:47:47.142  9390  9454 D WebViewCache: isStaticAsset: Checking URL: https://cdn-universe.flyff.com/client/model/part_malehead12.bin?A11193B, against extension: .bin, processed URL: https://cdn-universe.flyff.com/client/model/part_malehead12.bin
07-14 06:47:47.142  9390  9454 D WebViewCache: isStaticAsset: https://cdn-universe.flyff.com/client/model/part_malehead12.bin?A11193B is a static asset (..bin)
07-14 06:47:47.142  9390  9454 D WebViewCache: Using shared cache for: https://cdn-universe.flyff.com/client/model/part_malehead12.bin?A11193B
07-14 06:47:47.143  9390  9454 D WebViewCache: Checking cache for: /data/user/0/com.droidev.flyffuwebviewclient/cache/webgl_cache/19da59d65bd0f5d836af122ebb68fd88_part_malehead12.bin_A11193B
07-14 06:47:47.143  9390  9454 D WebViewCache: Cache hit for: /data/user/0/com.droidev.flyffuwebviewclient/cache/webgl_cache/19da59d65bd0f5d836af122ebb68fd88_part_malehead12.bin_A11193B
07-14 06:47:47.144  9390  9486 D WebViewCache: Requesting URL: https://cdn-universe.flyff.com/client/model/part_malehair11.bin?A11193B, Host: cdn-universe.flyff.com
07-14 06:47:47.144  9390  9454 D WebViewCache: Adding If-None-Match: "864fd50b5bb9119fe9c19fb5d0373b85"
07-14 06:47:47.144  9390  9486 D WebViewCache: isStaticAsset: Checking URL: https://cdn-universe.flyff.com/client/model/part_malehair11.bin?A11193B, against extension: .png, processed URL: https://cdn-universe.flyff.com/client/model/part_malehair11.bin
07-14 06:47:47.144  9390  9486 D WebViewCache: isStaticAsset: Checking URL: https://cdn-universe.flyff.com/client/model/part_malehair11.bin?A11193B, against extension: .jpg, processed URL: https://cdn-universe.flyff.com/client/model/part_malehair11.bin
07-14 06:47:47.144  9390  9454 D WebViewCache: Adding If-Modified-Since: Tue, 27 May 2025 08:48:01 GMT
07-14 06:47:47.144  9390  9486 D WebViewCache: isStaticAsset: Checking URL: https://cdn-universe.flyff.com/client/model/part_malehair11.bin?A11193B, against extension: .jpeg, processed URL: https://cdn-universe.flyff.com/client/model/part_malehair11.bin
07-14 06:47:47.144  9390  9486 D WebViewCache: isStaticAsset: Checking URL: https://cdn-universe.flyff.com/client/model/part_malehair11.bin?A11193B, against extension: .gltf, processed URL: https://cdn-universe.flyff.com/client/model/part_malehair11.bin
07-14 06:47:47.144  9390  9486 D WebViewCache: isStaticAsset: Checking URL: https://cdn-universe.flyff.com/client/model/part_malehair11.bin?A11193B, against extension: .bin, processed URL: https://cdn-universe.flyff.com/client/model/part_malehair11.bin
07-14 06:47:47.144  9390  9486 D WebViewCache: isStaticAsset: https://cdn-universe.flyff.com/client/model/part_malehair11.bin?A11193B is a static asset (..bin)
07-14 06:47:47.144  9390  9486 D WebViewCache: Using shared cache for: https://cdn-universe.flyff.com/client/model/part_malehair11.bin?A11193B
07-14 06:47:47.145  9390  9486 D WebViewCache: Checking cache for: /data/user/0/com.droidev.flyffuwebviewclient/cache/webgl_cache/f46a89d90d3825fe29769221070510d8_part_malehair11.bin_A11193B
07-14 06:47:47.145  9390  9486 D WebViewCache: Cache hit for: /data/user/0/com.droidev.flyffuwebviewclient/cache/webgl_cache/f46a89d90d3825fe29769221070510d8_part_malehair11.bin_A11193B
07-14 06:47:47.146  9390  9486 D WebViewCache: Adding If-None-Match: "56b2d6100cf1a58e67d5017d28df7d04"
07-14 06:47:47.146  9390  9486 D WebViewCache: Adding If-Modified-Since: Tue, 27 May 2025 08:47:59 GMT
07-14 06:47:47.154  9390  9455 D WebViewCache: Requesting URL: https://cdn-universe.flyff.com/client/cursor/curbase.cur, Host: cdn-universe.flyff.com
07-14 06:47:47.155  9390  9455 D WebViewCache: isStaticAsset: Checking URL: https://cdn-universe.flyff.com/client/cursor/curbase.cur, against extension: .png, processed URL: https://cdn-universe.flyff.com/client/cursor/curbase.cur
07-14 06:47:47.155  9390  9455 D WebViewCache: isStaticAsset: Checking URL: https://cdn-universe.flyff.com/client/cursor/curbase.cur, against extension: .jpg, processed URL: https://cdn-universe.flyff.com/client/cursor/curbase.cur
07-14 06:47:47.155  9390  9455 D WebViewCache: isStaticAsset: Checking URL: https://cdn-universe.flyff.com/client/cursor/curbase.cur, against extension: .jpeg, processed URL: https://cdn-universe.flyff.com/client/cursor/curbase.cur
07-14 06:47:47.155  9390  9455 D WebViewCache: isStaticAsset: Checking URL: https://cdn-universe.flyff.com/client/cursor/curbase.cur, against extension: .gltf, processed URL: https://cdn-universe.flyff.com/client/cursor/curbase.cur
07-14 06:47:47.155  9390  9455 D WebViewCache: isStaticAsset: Checking URL: https://cdn-universe.flyff.com/client/cursor/curbase.cur, against extension: .bin, processed URL: https://cdn-universe.flyff.com/client/cursor/curbase.cur
07-14 06:47:47.155  9390  9455 D WebViewCache: isStaticAsset: Checking URL: https://cdn-universe.flyff.com/client/cursor/curbase.cur, against extension: .mp3, processed URL: https://cdn-universe.flyff.com/client/cursor/curbase.cur
07-14 06:47:47.155  9390  9455 D WebViewCache: isStaticAsset: Checking URL: https://cdn-universe.flyff.com/client/cursor/curbase.cur, against extension: .ogg, processed URL: https://cdn-universe.flyff.com/client/cursor/curbase.cur
07-14 06:47:47.155  9390  9455 D WebViewCache: isStaticAsset: https://cdn-universe.flyff.com/client/cursor/curbase.cur is NOT a static asset.
07-14 06:47:47.155  9390  9455 D WebViewCache: Requesting URL: https://cdn-universe.flyff.com/client/cursor/curbase.png, Host: cdn-universe.flyff.com
07-14 06:47:47.155  9390  9455 D WebViewCache: isStaticAsset: Checking URL: https://cdn-universe.flyff.com/client/cursor/curbase.png, against extension: .png, processed URL: https://cdn-universe.flyff.com/client/cursor/curbase.png
07-14 06:47:47.155  9390  9455 D WebViewCache: isStaticAsset: https://cdn-universe.flyff.com/client/cursor/curbase.png is a static asset (..png)
07-14 06:47:47.155  9390  9455 D WebViewCache: Using shared cache for: https://cdn-universe.flyff.com/client/cursor/curbase.png
07-14 06:47:47.157  9390  9455 D WebViewCache: Checking cache for: /data/user/0/com.droidev.flyffuwebviewclient/cache/webgl_cache/b1c454bc16509eb6c94229647ebf24eb_curbase.png
07-14 06:47:47.157  9390  9455 D WebViewCache: Fetching from network: https://cdn-universe.flyff.com/client/cursor/curbase.png
07-14 06:47:47.158  9390  9454 D WebViewCache: Serving valid cache for: /data/user/0/com.droidev.flyffuwebviewclient/cache/webgl_cache/19da59d65bd0f5d836af122ebb68fd88_part_malehead12.bin_A11193B (304 Not Modified)
07-14 06:47:47.164  9390  9486 D WebViewCache: Serving valid cache for: /data/user/0/com.droidev.flyffuwebviewclient/cache/webgl_cache/f46a89d90d3825fe29769221070510d8_part_malehair11.bin_A11193B (304 Not Modified)
07-14 06:47:47.180  9390  9455 D WebViewCache: Using server Content-Type: image/png for URL: https://cdn-universe.flyff.com/client/cursor/curbase.png
07-14 06:47:47.181  9390  9455 D WebViewCache: File: 32906c29547f5cc6af1ce82d9e8e8485_curdelay.png, Size: 682 bytes, Total: 682 bytes
07-14 06:47:47.181  9390  9455 D WebViewCache: File: 25b814ac7f1d94deeed84d78a409edd0_favicon-16x16.png, Size: 764 bytes, Total: 1446 bytes
07-14 06:47:47.181  9390  9455 D WebViewCache: File: c100d48e3a77c246aa5cfa0a7bd5f31c_favicon-32x32.png, Size: 2051 bytes, Total: 3497 bytes
07-14 06:47:47.181  9390  9455 D WebViewCache: File: 7bbae571f95c75c03bd3cab598c30329_screenfwclow.bin_F98B588, Size: 637417 bytes, Total: 640914 bytes
07-14 06:47:47.181  9390  9455 D WebViewCache: File: 710268122c0e8aa600314928d0aa6057_part_mvag01.bin_A11194C, Size: 37469 bytes, Total: 678383 bytes
07-14 06:47:47.181  9390  9455 D WebViewCache: File: f46a89d90d3825fe29769221070510d8_part_malehair11.bin_A11193B, Size: 3117 bytes, Total: 681500 bytes
07-14 06:47:47.181  9390  9455 D WebViewCache: File: abdcf29f1e4fccb4628e2da9e4f17fe2_base_mo.bin_F73BEA0, Size: 725795 bytes, Total: 1407295 bytes
07-14 06:47:47.181  9390  9455 D WebViewCache: File: 01a73f28258c88bf32a45ab1295cd455_item_weaswowooden.bin_A111910, Size: 2181 bytes, Total: 1409476 bytes
07-14 06:47:47.181  9390  9455 D WebViewCache: File: 19da59d65bd0f5d836af122ebb68fd88_part_malehead12.bin_A11193B, Size: 6341 bytes, Total: 1415817 bytes
07-14 06:47:47.181  9390  9455 D WebViewCache: File: b1c454bc16509eb6c94229647ebf24eb_curbase.png, Size: 629 bytes, Total: 1416446 bytes
07-14 06:47:47.181  9390  9455 D WebViewCache: Current cache size: 1MB
07-14 06:47:47.181  9390  9455 D WebViewCache: Saved to cache: /data/user/0/com.droidev.flyffuwebviewclient/cache/webgl_cache/b1c454bc16509eb6c94229647ebf24eb_curbase.png
07-14 06:47:47.186  9390  9454 D WebViewCache: Requesting URL: https://app.usercentrics.eu/session/1px.png?settingsId=fxO_4ss0Wa26_C, Host: app.usercentrics.eu
07-14 06:47:47.186  9390  9454 D WebViewCache: Bypassing interception for non-target domain: app.usercentrics.eu
07-14 06:47:47.190  9390  9454 D WebViewCache: Requesting URL: https://v1.api.service.cmp.usercentrics.eu/latest/1/cmp/en/TCF/fxO_4ss0Wa26_C/2.0.0/2.0.0?isOutsideEu=true&activeTcfVendorsListVersion=115&previousTcfVendorsListVersion=115&previousTcfPolicyVersion=5, Host: v1.api.service.cmp.usercentrics.eu
07-14 06:47:47.191  9390  9454 D WebViewCache: Bypassing interception for non-target domain: v1.api.service.cmp.usercentrics.eu
07-14 06:47:47.196  9390  9454 D WebViewCache: Requesting URL: https://cdn-universe.flyff.com/client/program/web/main-wasm32.js?249, Host: cdn-universe.flyff.com
07-14 06:47:47.196  9390  9454 D WebViewCache: isStaticAsset: Checking URL: https://cdn-universe.flyff.com/client/program/web/main-wasm32.js?249, against extension: .png, processed URL: https://cdn-universe.flyff.com/client/program/web/main-wasm32.js
07-14 06:47:47.196  9390  9454 D WebViewCache: isStaticAsset: Checking URL: https://cdn-universe.flyff.com/client/program/web/main-wasm32.js?249, against extension: .jpg, processed URL: https://cdn-universe.flyff.com/client/program/web/main-wasm32.js
07-14 06:47:47.196  9390  9454 D WebViewCache: isStaticAsset: Checking URL: https://cdn-universe.flyff.com/client/program/web/main-wasm32.js?249, against extension: .jpeg, processed URL: https://cdn-universe.flyff.com/client/program/web/main-wasm32.js
07-14 06:47:47.196  9390  9454 D WebViewCache: isStaticAsset: Checking URL: https://cdn-universe.flyff.com/client/program/web/main-wasm32.js?249, against extension: .gltf, processed URL: https://cdn-universe.flyff.com/client/program/web/main-wasm32.js
07-14 06:47:47.196  9390  9454 D WebViewCache: isStaticAsset: Checking URL: https://cdn-universe.flyff.com/client/program/web/main-wasm32.js?249, against extension: .bin, processed URL: https://cdn-universe.flyff.com/client/program/web/main-wasm32.js
07-14 06:47:47.196  9390  9454 D WebViewCache: isStaticAsset: Checking URL: https://cdn-universe.flyff.com/client/program/web/main-wasm32.js?249, against extension: .mp3, processed URL: https://cdn-universe.flyff.com/client/program/web/main-wasm32.js
07-14 06:47:47.196  9390  9454 D WebViewCache: isStaticAsset: Checking URL: https://cdn-universe.flyff.com/client/program/web/main-wasm32.js?249, against extension: .ogg, processed URL: https://cdn-universe.flyff.com/client/program/web/main-wasm32.js
07-14 06:47:47.196  9390  9454 D WebViewCache: isStaticAsset: https://cdn-universe.flyff.com/client/program/web/main-wasm32.js?249 is NOT a static asset.
07-14 06:47:47.231  9390  9390 D WebViewCache: Page finished loading: https://universe.flyff.com/play
07-14 06:47:47.232  9390  9454 D WebViewCache: Requesting URL: https://cdn-universe.flyff.com/icon/favicon-16x16.png, Host: cdn-universe.flyff.com
07-14 06:47:47.232  9390  9454 D WebViewCache: isStaticAsset: Checking URL: https://cdn-universe.flyff.com/icon/favicon-16x16.png, against extension: .png, processed URL: https://cdn-universe.flyff.com/icon/favicon-16x16.png
07-14 06:47:47.232  9390  9454 D WebViewCache: isStaticAsset: https://cdn-universe.flyff.com/icon/favicon-16x16.png is a static asset (..png)
07-14 06:47:47.232  9390  9454 D WebViewCache: Using shared cache for: https://cdn-universe.flyff.com/icon/favicon-16x16.png
07-14 06:47:47.233  9390  9454 D WebViewCache: Checking cache for: /data/user/0/com.droidev.flyffuwebviewclient/cache/webgl_cache/25b814ac7f1d94deeed84d78a409edd0_favicon-16x16.png
07-14 06:47:47.234  9390  9486 D WebViewCache: Requesting URL: https://cdn-universe.flyff.com/icon/favicon-32x32.png, Host: cdn-universe.flyff.com
07-14 06:47:47.234  9390  9486 D WebViewCache: isStaticAsset: Checking URL: https://cdn-universe.flyff.com/icon/favicon-32x32.png, against extension: .png, processed URL: https://cdn-universe.flyff.com/icon/favicon-32x32.png
07-14 06:47:47.234  9390  9486 D WebViewCache: isStaticAsset: https://cdn-universe.flyff.com/icon/favicon-32x32.png is a static asset (..png)
07-14 06:47:47.234  9390  9486 D WebViewCache: Using shared cache for: https://cdn-universe.flyff.com/icon/favicon-32x32.png
07-14 06:47:47.234  9390  9454 D WebViewCache: Cache hit for: /data/user/0/com.droidev.flyffuwebviewclient/cache/webgl_cache/25b814ac7f1d94deeed84d78a409edd0_favicon-16x16.png
07-14 06:47:47.234  9390  9486 D WebViewCache: Checking cache for: /data/user/0/com.droidev.flyffuwebviewclient/cache/webgl_cache/c100d48e3a77c246aa5cfa0a7bd5f31c_favicon-32x32.png
07-14 06:47:47.235  9390  9454 D WebViewCache: Adding If-None-Match: "5d177f8156a8fcab89b127cd11816872"
07-14 06:47:47.235  9390  9486 D WebViewCache: Cache hit for: /data/user/0/com.droidev.flyffuwebviewclient/cache/webgl_cache/c100d48e3a77c246aa5cfa0a7bd5f31c_favicon-32x32.png
07-14 06:47:47.235  9390  9454 D WebViewCache: Adding If-Modified-Since: Thu, 29 May 2025 09:34:44 GMT
07-14 06:47:47.236  9390  9486 D WebViewCache: Adding If-None-Match: "eae9e6d9ab72cd3fbb9b652677f8a1dc"
07-14 06:47:47.236  9390  9486 D WebViewCache: Adding If-Modified-Since: Thu, 29 May 2025 09:34:44 GMT
