07-14 06:47:47.245  9390  9455 D WebViewCache: Requesting URL: https://cdn-universe.flyff.com/client/filemap.bin?249, Host: cdn-universe.flyff.com
07-14 06:47:47.245  9390  9455 D WebViewCache: Bypassing cache for critical .bin file: https://cdn-universe.flyff.com/client/filemap.bin?249
07-14 06:47:47.263  9390  9454 D WebViewCache: Serving valid cache for: /data/user/0/com.droidev.flyffuwebviewclient/cache/webgl_cache/25b814ac7f1d94deeed84d78a409edd0_favicon-16x16.png (304 Not Modified)
07-14 06:47:47.272  9390  9486 D WebViewCache: Serving valid cache for: /data/user/0/com.droidev.flyffuwebviewclient/cache/webgl_cache/c100d48e3a77c246aa5cfa0a7bd5f31c_favicon-32x32.png (304 Not Modified)
07-14 06:47:47.289  9390  9453 D WebViewCache: Using server Content-Type: application/octet-stream for URL: https://cdn-universe.flyff.com/client/model/texture/etc2/flyca_sfx_cloud.bin?A10F8CC
07-14 06:47:47.290  9390  9453 D WebViewCache: File: 32906c29547f5cc6af1ce82d9e8e8485_curdelay.png, Size: 682 bytes, Total: 682 bytes
07-14 06:47:47.290  9390  9453 D WebViewCache: File: 25b814ac7f1d94deeed84d78a409edd0_favicon-16x16.png, Size: 764 bytes, Total: 1446 bytes
07-14 06:47:47.290  9390  9453 D WebViewCache: File: c100d48e3a77c246aa5cfa0a7bd5f31c_favicon-32x32.png, Size: 2051 bytes, Total: 3497 bytes
07-14 06:47:47.290  9390  9453 D WebViewCache: File: 7bbae571f95c75c03bd3cab598c30329_screenfwclow.bin_F98B588, Size: 637417 bytes, Total: 640914 bytes
07-14 06:47:47.290  9390  9453 D WebViewCache: File: 710268122c0e8aa600314928d0aa6057_part_mvag01.bin_A11194C, Size: 37469 bytes, Total: 678383 bytes
07-14 06:47:47.291  9390  9453 D WebViewCache: File: f46a89d90d3825fe29769221070510d8_part_malehair11.bin_A11193B, Size: 3117 bytes, Total: 681500 bytes
07-14 06:47:47.291  9390  9453 D WebViewCache: File: abdcf29f1e4fccb4628e2da9e4f17fe2_base_mo.bin_F73BEA0, Size: 725795 bytes, Total: 1407295 bytes
07-14 06:47:47.291  9390  9453 D WebViewCache: File: 01a73f28258c88bf32a45ab1295cd455_item_weaswowooden.bin_A111910, Size: 2181 bytes, Total: 1409476 bytes
07-14 06:47:47.291  9390  9453 D WebViewCache: File: 19da59d65bd0f5d836af122ebb68fd88_part_malehead12.bin_A11193B, Size: 6341 bytes, Total: 1415817 bytes
07-14 06:47:47.291  9390  9453 D WebViewCache: File: b1c454bc16509eb6c94229647ebf24eb_curbase.png, Size: 629 bytes, Total: 1416446 bytes
07-14 06:47:47.291  9390  9453 D WebViewCache: File: 7e3729ef0c1b71efad88b07e8231c0c0_flyca_sfx_cloud.bin_A10F8CC, Size: 3472 bytes, Total: 1419918 bytes
07-14 06:47:47.291  9390  9453 D WebViewCache: Current cache size: 1MB
07-14 06:47:47.291  9390  9453 D WebViewCache: Saved to cache: /data/user/0/com.droidev.flyffuwebviewclient/cache/webgl_cache/7e3729ef0c1b71efad88b07e8231c0c0_flyca_sfx_cloud.bin_A10F8CC
07-14 06:47:47.292  9390  9454 D WebViewCache: Requesting URL: https://cdn-universe.flyff.com/client/data/project.bin?10078D3B, Host: cdn-universe.flyff.com
07-14 06:47:47.292  9390  9454 D WebViewCache: Bypassing cache for critical .bin file: https://cdn-universe.flyff.com/client/data/project.bin?10078D3B
07-14 06:47:47.804  9390  9453 D WebViewCache: Requesting URL: https://cdn-universe.flyff.com/client/language/br.bin?100756C8, Host: cdn-universe.flyff.com
07-14 06:47:47.804  9390  9453 D WebViewCache: Bypassing cache for critical .bin file: https://cdn-universe.flyff.com/client/language/br.bin?100756C8
07-14 06:47:47.974  9390  9453 D WebViewCache: Requesting URL: https://cdn-universe.flyff.com/client/ui/base.bin?FA1E356, Host: cdn-universe.flyff.com
07-14 06:47:47.974  9390  9453 D WebViewCache: Bypassing cache for critical .bin file: https://cdn-universe.flyff.com/client/ui/base.bin?FA1E356
07-14 06:47:47.976  9390  9453 D WebViewCache: Requesting URL: https://cdn-universe.flyff.com/client/ui/etc2/screenfwclow.bin?F98B588, Host: cdn-universe.flyff.com
07-14 06:47:47.977  9390  9453 D WebViewCache: isStaticAsset: Checking URL: https://cdn-universe.flyff.com/client/ui/etc2/screenfwclow.bin?F98B588, against extension: .png, processed URL: https://cdn-universe.flyff.com/client/ui/etc2/screenfwclow.bin
07-14 06:47:47.977  9390  9453 D WebViewCache: isStaticAsset: Checking URL: https://cdn-universe.flyff.com/client/ui/etc2/screenfwclow.bin?F98B588, against extension: .jpg, processed URL: https://cdn-universe.flyff.com/client/ui/etc2/screenfwclow.bin
07-14 06:47:47.977  9390  9453 D WebViewCache: isStaticAsset: Checking URL: https://cdn-universe.flyff.com/client/ui/etc2/screenfwclow.bin?F98B588, against extension: .jpeg, processed URL: https://cdn-universe.flyff.com/client/ui/etc2/screenfwclow.bin
07-14 06:47:47.977  9390  9453 D WebViewCache: isStaticAsset: Checking URL: https://cdn-universe.flyff.com/client/ui/etc2/screenfwclow.bin?F98B588, against extension: .gltf, processed URL: https://cdn-universe.flyff.com/client/ui/etc2/screenfwclow.bin
07-14 06:47:47.977  9390  9453 D WebViewCache: isStaticAsset: Checking URL: https://cdn-universe.flyff.com/client/ui/etc2/screenfwclow.bin?F98B588, against extension: .bin, processed URL: https://cdn-universe.flyff.com/client/ui/etc2/screenfwclow.bin
07-14 06:47:47.977  9390  9453 D WebViewCache: isStaticAsset: https://cdn-universe.flyff.com/client/ui/etc2/screenfwclow.bin?F98B588 is a static asset (..bin)
07-14 06:47:47.977  9390  9453 D WebViewCache: Using shared cache for: https://cdn-universe.flyff.com/client/ui/etc2/screenfwclow.bin?F98B588
07-14 06:47:47.977  9390  9453 D WebViewCache: Checking cache for: /data/user/0/com.droidev.flyffuwebviewclient/cache/webgl_cache/7bbae571f95c75c03bd3cab598c30329_screenfwclow.bin_F98B588
07-14 06:47:47.978  9390  9453 D WebViewCache: Cache hit for: /data/user/0/com.droidev.flyffuwebviewclient/cache/webgl_cache/7bbae571f95c75c03bd3cab598c30329_screenfwclow.bin_F98B588
07-14 06:47:47.982  9390  9453 D WebViewCache: Adding If-None-Match: "6f269b5cf7d971672cf00938d213ca8f"
07-14 06:47:47.982  9390  9453 D WebViewCache: Adding If-Modified-Since: Wed, 28 May 2025 04:10:40 GMT
07-14 06:47:48.008  9390  9454 D WebViewCache: Requesting URL: https://cdn-universe.flyff.com/client/ui/base_mo.bin?F73BEA0, Host: cdn-universe.flyff.com
07-14 06:47:48.008  9390  9454 D WebViewCache: isStaticAsset: Checking URL: https://cdn-universe.flyff.com/client/ui/base_mo.bin?F73BEA0, against extension: .png, processed URL: https://cdn-universe.flyff.com/client/ui/base_mo.bin
07-14 06:47:48.008  9390  9454 D WebViewCache: isStaticAsset: Checking URL: https://cdn-universe.flyff.com/client/ui/base_mo.bin?F73BEA0, against extension: .jpg, processed URL: https://cdn-universe.flyff.com/client/ui/base_mo.bin
07-14 06:47:48.008  9390  9454 D WebViewCache: isStaticAsset: Checking URL: https://cdn-universe.flyff.com/client/ui/base_mo.bin?F73BEA0, against extension: .jpeg, processed URL: https://cdn-universe.flyff.com/client/ui/base_mo.bin
07-14 06:47:48.008  9390  9454 D WebViewCache: isStaticAsset: Checking URL: https://cdn-universe.flyff.com/client/ui/base_mo.bin?F73BEA0, against extension: .gltf, processed URL: https://cdn-universe.flyff.com/client/ui/base_mo.bin
07-14 06:47:48.008  9390  9454 D WebViewCache: isStaticAsset: Checking URL: https://cdn-universe.flyff.com/client/ui/base_mo.bin?F73BEA0, against extension: .bin, processed URL: https://cdn-universe.flyff.com/client/ui/base_mo.bin
07-14 06:47:48.008  9390  9454 D WebViewCache: isStaticAsset: https://cdn-universe.flyff.com/client/ui/base_mo.bin?F73BEA0 is a static asset (..bin)
07-14 06:47:48.008  9390  9454 D WebViewCache: Using shared cache for: https://cdn-universe.flyff.com/client/ui/base_mo.bin?F73BEA0
07-14 06:47:48.009  9390  9454 D WebViewCache: Checking cache for: /data/user/0/com.droidev.flyffuwebviewclient/cache/webgl_cache/abdcf29f1e4fccb4628e2da9e4f17fe2_base_mo.bin_F73BEA0
07-14 06:47:48.010  9390  9454 D WebViewCache: Cache hit for: /data/user/0/com.droidev.flyffuwebviewclient/cache/webgl_cache/abdcf29f1e4fccb4628e2da9e4f17fe2_base_mo.bin_F73BEA0
07-14 06:47:48.010  9390  9454 D WebViewCache: Adding If-None-Match: "cef829d5909ccda4d6187f3eb058e50b"
07-14 06:47:48.011  9390  9454 D WebViewCache: Adding If-Modified-Since: Wed, 28 May 2025 04:10:17 GMT
07-14 06:47:48.014  9390  9486 D WebViewCache: Requesting URL: https://cdn-universe.flyff.com/client/model/mdlbase.bin?EE01E32, Host: cdn-universe.flyff.com
07-14 06:47:48.014  9390  9486 D WebViewCache: Bypassing cache for critical .bin file: https://cdn-universe.flyff.com/client/model/mdlbase.bin?EE01E32
07-14 06:47:48.014  9390  9486 D WebViewCache: Requesting URL: https://cdn-universe.flyff.com/client/model/part_malehair05.bin?A11193B, Host: cdn-universe.flyff.com
07-14 06:47:48.014  9390  9493 D WebViewCache: Requesting URL: https://cdn-universe.flyff.com/client/model/part_malehead10.bin?A11193B, Host: cdn-universe.flyff.com
07-14 06:47:48.014  9390  9486 D WebViewCache: isStaticAsset: Checking URL: https://cdn-universe.flyff.com/client/model/part_malehair05.bin?A11193B, against extension: .png, processed URL: https://cdn-universe.flyff.com/client/model/part_malehair05.bin
07-14 06:47:48.014  9390  9493 D WebViewCache: isStaticAsset: Checking URL: https://cdn-universe.flyff.com/client/model/part_malehead10.bin?A11193B, against extension: .png, processed URL: https://cdn-universe.flyff.com/client/model/part_malehead10.bin
07-14 06:47:48.014  9390  9486 D WebViewCache: isStaticAsset: Checking URL: https://cdn-universe.flyff.com/client/model/part_malehair05.bin?A11193B, against extension: .jpg, processed URL: https://cdn-universe.flyff.com/client/model/part_malehair05.bin
07-14 06:47:48.014  9390  9493 D WebViewCache: isStaticAsset: Checking URL: https://cdn-universe.flyff.com/client/model/part_malehead10.bin?A11193B, against extension: .jpg, processed URL: https://cdn-universe.flyff.com/client/model/part_malehead10.bin
07-14 06:47:48.014  9390  9486 D WebViewCache: isStaticAsset: Checking URL: https://cdn-universe.flyff.com/client/model/part_malehair05.bin?A11193B, against extension: .jpeg, processed URL: https://cdn-universe.flyff.com/client/model/part_malehair05.bin
07-14 06:47:48.014  9390  9493 D WebViewCache: isStaticAsset: Checking URL: https://cdn-universe.flyff.com/client/model/part_malehead10.bin?A11193B, against extension: .jpeg, processed URL: https://cdn-universe.flyff.com/client/model/part_malehead10.bin
07-14 06:47:48.014  9390  9486 D WebViewCache: isStaticAsset: Checking URL: https://cdn-universe.flyff.com/client/model/part_malehair05.bin?A11193B, against extension: .gltf, processed URL: https://cdn-universe.flyff.com/client/model/part_malehair05.bin
07-14 06:47:48.014  9390  9493 D WebViewCache: isStaticAsset: Checking URL: https://cdn-universe.flyff.com/client/model/part_malehead10.bin?A11193B, against extension: .gltf, processed URL: https://cdn-universe.flyff.com/client/model/part_malehead10.bin
07-14 06:47:48.014  9390  9486 D WebViewCache: isStaticAsset: Checking URL: https://cdn-universe.flyff.com/client/model/part_malehair05.bin?A11193B, against extension: .bin, processed URL: https://cdn-universe.flyff.com/client/model/part_malehair05.bin
07-14 06:47:48.014  9390  9493 D WebViewCache: isStaticAsset: Checking URL: https://cdn-universe.flyff.com/client/model/part_malehead10.bin?A11193B, against extension: .bin, processed URL: https://cdn-universe.flyff.com/client/model/part_malehead10.bin
07-14 06:47:48.014  9390  9486 D WebViewCache: isStaticAsset: https://cdn-universe.flyff.com/client/model/part_malehair05.bin?A11193B is a static asset (..bin)
07-14 06:47:48.014  9390  9493 D WebViewCache: isStaticAsset: https://cdn-universe.flyff.com/client/model/part_malehead10.bin?A11193B is a static asset (..bin)
07-14 06:47:48.014  9390  9486 D WebViewCache: Using shared cache for: https://cdn-universe.flyff.com/client/model/part_malehair05.bin?A11193B
07-14 06:47:48.014  9390  9493 D WebViewCache: Using shared cache for: https://cdn-universe.flyff.com/client/model/part_malehead10.bin?A11193B
07-14 06:47:48.015  9390  9493 D WebViewCache: Checking cache for: /data/user/0/com.droidev.flyffuwebviewclient/cache/webgl_cache/5983787df152ec8bdd2511bc4a3603af_part_malehead10.bin_A11193B
07-14 06:47:48.015  9390  9486 D WebViewCache: Checking cache for: /data/user/0/com.droidev.flyffuwebviewclient/cache/webgl_cache/83782faee4017e0d227602033c2c759d_part_malehair05.bin_A11193B
07-14 06:47:48.015  9390  9486 D WebViewCache: Fetching from network: https://cdn-universe.flyff.com/client/model/part_malehair05.bin?A11193B
07-14 06:47:48.016  9390  9455 D WebViewCache: Requesting URL: https://cdn-universe.flyff.com/client/model/part_mvag01.bin?A11194C, Host: cdn-universe.flyff.com
07-14 06:47:48.016  9390  9455 D WebViewCache: isStaticAsset: Checking URL: https://cdn-universe.flyff.com/client/model/part_mvag01.bin?A11194C, against extension: .png, processed URL: https://cdn-universe.flyff.com/client/model/part_mvag01.bin
07-14 06:47:48.016  9390  9455 D WebViewCache: isStaticAsset: Checking URL: https://cdn-universe.flyff.com/client/model/part_mvag01.bin?A11194C, against extension: .jpg, processed URL: https://cdn-universe.flyff.com/client/model/part_mvag01.bin
07-14 06:47:48.016  9390  9455 D WebViewCache: isStaticAsset: Checking URL: https://cdn-universe.flyff.com/client/model/part_mvag01.bin?A11194C, against extension: .jpeg, processed URL: https://cdn-universe.flyff.com/client/model/part_mvag01.bin
07-14 06:47:48.016  9390  9455 D WebViewCache: isStaticAsset: Checking URL: https://cdn-universe.flyff.com/client/model/part_mvag01.bin?A11194C, against extension: .gltf, processed URL: https://cdn-universe.flyff.com/client/model/part_mvag01.bin
07-14 06:47:48.016  9390  9455 D WebViewCache: isStaticAsset: Checking URL: https://cdn-universe.flyff.com/client/model/part_mvag01.bin?A11194C, against extension: .bin, processed URL: https://cdn-universe.flyff.com/client/model/part_mvag01.bin
07-14 06:47:48.016  9390  9455 D WebViewCache: isStaticAsset: https://cdn-universe.flyff.com/client/model/part_mvag01.bin?A11194C is a static asset (..bin)
07-14 06:47:48.016  9390  9455 D WebViewCache: Using shared cache for: https://cdn-universe.flyff.com/client/model/part_mvag01.bin?A11194C
07-14 06:47:48.017  9390  9455 D WebViewCache: Checking cache for: /data/user/0/com.droidev.flyffuwebviewclient/cache/webgl_cache/710268122c0e8aa600314928d0aa6057_part_mvag01.bin_A11194C
07-14 06:47:48.018  9390  9455 D WebViewCache: Cache hit for: /data/user/0/com.droidev.flyffuwebviewclient/cache/webgl_cache/710268122c0e8aa600314928d0aa6057_part_mvag01.bin_A11194C
07-14 06:47:48.019  9390  9455 D WebViewCache: Adding If-None-Match: "c4b9f37e6c7d3ce06d8565cdbd928ae9"
07-14 06:47:48.019  9390  9455 D WebViewCache: Adding If-Modified-Since: Tue, 27 May 2025 08:49:26 GMT
07-14 06:47:48.019  9390  9493 D WebViewCache: Fetching from network: https://cdn-universe.flyff.com/client/model/part_malehead10.bin?A11193B
07-14 06:47:48.022  9390  9494 D WebViewCache: Requesting URL: https://cdn-universe.flyff.com/client/model/item_weaswowooden.bin?A111910, Host: cdn-universe.flyff.com
07-14 06:47:48.022  9390  9494 D WebViewCache: isStaticAsset: Checking URL: https://cdn-universe.flyff.com/client/model/item_weaswowooden.bin?A111910, against extension: .png, processed URL: https://cdn-universe.flyff.com/client/model/item_weaswowooden.bin
07-14 06:47:48.022  9390  9494 D WebViewCache: isStaticAsset: Checking URL: https://cdn-universe.flyff.com/client/model/item_weaswowooden.bin?A111910, against extension: .jpg, processed URL: https://cdn-universe.flyff.com/client/model/item_weaswowooden.bin
07-14 06:47:48.022  9390  9494 D WebViewCache: isStaticAsset: Checking URL: https://cdn-universe.flyff.com/client/model/item_weaswowooden.bin?A111910, against extension: .jpeg, processed URL: https://cdn-universe.flyff.com/client/model/item_weaswowooden.bin
07-14 06:47:48.022  9390  9494 D WebViewCache: isStaticAsset: Checking URL: https://cdn-universe.flyff.com/client/model/item_weaswowooden.bin?A111910, against extension: .gltf, processed URL: https://cdn-universe.flyff.com/client/model/item_weaswowooden.bin
07-14 06:47:48.023  9390  9494 D WebViewCache: isStaticAsset: Checking URL: https://cdn-universe.flyff.com/client/model/item_weaswowooden.bin?A111910, against extension: .bin, processed URL: https://cdn-universe.flyff.com/client/model/item_weaswowooden.bin
07-14 06:47:48.023  9390  9494 D WebViewCache: isStaticAsset: https://cdn-universe.flyff.com/client/model/item_weaswowooden.bin?A111910 is a static asset (..bin)
07-14 06:47:48.023  9390  9494 D WebViewCache: Using shared cache for: https://cdn-universe.flyff.com/client/model/item_weaswowooden.bin?A111910
07-14 06:47:48.023  9390  9453 D WebViewCache: Serving valid cache for: /data/user/0/com.droidev.flyffuwebviewclient/cache/webgl_cache/7bbae571f95c75c03bd3cab598c30329_screenfwclow.bin_F98B588 (304 Not Modified)
07-14 06:47:48.023  9390  9494 D WebViewCache: Checking cache for: /data/user/0/com.droidev.flyffuwebviewclient/cache/webgl_cache/01a73f28258c88bf32a45ab1295cd455_item_weaswowooden.bin_A111910
07-14 06:47:48.023  9390  9494 D WebViewCache: Cache hit for: /data/user/0/com.droidev.flyffuwebviewclient/cache/webgl_cache/01a73f28258c88bf32a45ab1295cd455_item_weaswowooden.bin_A111910
07-14 06:47:48.024  9390  9494 D WebViewCache: Adding If-None-Match: "b66a6ddbb3d4554261b5c31c7f2552a3"
07-14 06:47:48.025  9390  9494 D WebViewCache: Adding If-Modified-Since: Tue, 27 May 2025 08:41:22 GMT
07-14 06:47:48.026  9390  9454 D WebViewCache: Serving valid cache for: /data/user/0/com.droidev.flyffuwebviewclient/cache/webgl_cache/abdcf29f1e4fccb4628e2da9e4f17fe2_base_mo.bin_F73BEA0 (304 Not Modified)
07-14 06:47:48.041  9390  9486 D WebViewCache: Using server Content-Type: application/octet-stream for URL: https://cdn-universe.flyff.com/client/model/part_malehair05.bin?A11193B
07-14 06:47:48.042  9390  9455 D WebViewCache: Serving valid cache for: /data/user/0/com.droidev.flyffuwebviewclient/cache/webgl_cache/710268122c0e8aa600314928d0aa6057_part_mvag01.bin_A11194C (304 Not Modified)
07-14 06:47:48.043  9390  9486 D WebViewCache: File: 32906c29547f5cc6af1ce82d9e8e8485_curdelay.png, Size: 682 bytes, Total: 682 bytes
07-14 06:47:48.043  9390  9486 D WebViewCache: File: 25b814ac7f1d94deeed84d78a409edd0_favicon-16x16.png, Size: 764 bytes, Total: 1446 bytes
07-14 06:47:48.043  9390  9486 D WebViewCache: File: c100d48e3a77c246aa5cfa0a7bd5f31c_favicon-32x32.png, Size: 2051 bytes, Total: 3497 bytes
07-14 06:47:48.043  9390  9486 D WebViewCache: File: 7bbae571f95c75c03bd3cab598c30329_screenfwclow.bin_F98B588, Size: 637417 bytes, Total: 640914 bytes
07-14 06:47:48.043  9390  9486 D WebViewCache: File: 710268122c0e8aa600314928d0aa6057_part_mvag01.bin_A11194C, Size: 37469 bytes, Total: 678383 bytes
07-14 06:47:48.044  9390  9486 D WebViewCache: File: f46a89d90d3825fe29769221070510d8_part_malehair11.bin_A11193B, Size: 3117 bytes, Total: 681500 bytes
07-14 06:47:48.044  9390  9486 D WebViewCache: File: abdcf29f1e4fccb4628e2da9e4f17fe2_base_mo.bin_F73BEA0, Size: 725795 bytes, Total: 1407295 bytes
07-14 06:47:48.044  9390  9486 D WebViewCache: File: 01a73f28258c88bf32a45ab1295cd455_item_weaswowooden.bin_A111910, Size: 2181 bytes, Total: 1409476 bytes
07-14 06:47:48.044  9390  9486 D WebViewCache: File: 19da59d65bd0f5d836af122ebb68fd88_part_malehead12.bin_A11193B, Size: 6341 bytes, Total: 1415817 bytes
07-14 06:47:48.044  9390  9486 D WebViewCache: File: b1c454bc16509eb6c94229647ebf24eb_curbase.png, Size: 629 bytes, Total: 1416446 bytes
07-14 06:47:48.044  9390  9486 D WebViewCache: File: 7e3729ef0c1b71efad88b07e8231c0c0_flyca_sfx_cloud.bin_A10F8CC, Size: 3472 bytes, Total: 1419918 bytes
07-14 06:47:48.044  9390  9486 D WebViewCache: File: 83782faee4017e0d227602033c2c759d_part_malehair05.bin_A11193B, Size: 7445 bytes, Total: 1427363 bytes
07-14 06:47:48.044  9390  9486 D WebViewCache: Current cache size: 1MB
07-14 06:47:48.044  9390  9486 D WebViewCache: Saved to cache: /data/user/0/com.droidev.flyffuwebviewclient/cache/webgl_cache/83782faee4017e0d227602033c2c759d_part_malehair05.bin_A11193B
07-14 06:47:48.089  9390  9494 D WebViewCache: Serving valid cache for: /data/user/0/com.droidev.flyffuwebviewclient/cache/webgl_cache/01a73f28258c88bf32a45ab1295cd455_item_weaswowooden.bin_A111910 (304 Not Modified)
07-14 06:47:48.091  9390  9453 D WebViewCache: Requesting URL: https://cdn-universe.flyff.com/client/ui/etc2/screenfwclow.bin?F98B588, Host: cdn-universe.flyff.com
07-14 06:47:48.091  9390  9453 D WebViewCache: isStaticAsset: Checking URL: https://cdn-universe.flyff.com/client/ui/etc2/screenfwclow.bin?F98B588, against extension: .png, processed URL: https://cdn-universe.flyff.com/client/ui/etc2/screenfwclow.bin
07-14 06:47:48.091  9390  9453 D WebViewCache: isStaticAsset: Checking URL: https://cdn-universe.flyff.com/client/ui/etc2/screenfwclow.bin?F98B588, against extension: .jpg, processed URL: https://cdn-universe.flyff.com/client/ui/etc2/screenfwclow.bin
07-14 06:47:48.092  9390  9453 D WebViewCache: isStaticAsset: Checking URL: https://cdn-universe.flyff.com/client/ui/etc2/screenfwclow.bin?F98B588, against extension: .jpeg, processed URL: https://cdn-universe.flyff.com/client/ui/etc2/screenfwclow.bin
07-14 06:47:48.092  9390  9453 D WebViewCache: isStaticAsset: Checking URL: https://cdn-universe.flyff.com/client/ui/etc2/screenfwclow.bin?F98B588, against extension: .gltf, processed URL: https://cdn-universe.flyff.com/client/ui/etc2/screenfwclow.bin
07-14 06:47:48.092  9390  9453 D WebViewCache: isStaticAsset: Checking URL: https://cdn-universe.flyff.com/client/ui/etc2/screenfwclow.bin?F98B588, against extension: .bin, processed URL: https://cdn-universe.flyff.com/client/ui/etc2/screenfwclow.bin
07-14 06:47:48.092  9390  9453 D WebViewCache: isStaticAsset: https://cdn-universe.flyff.com/client/ui/etc2/screenfwclow.bin?F98B588 is a static asset (..bin)
07-14 06:47:48.092  9390  9453 D WebViewCache: Using shared cache for: https://cdn-universe.flyff.com/client/ui/etc2/screenfwclow.bin?F98B588
07-14 06:47:48.092  9390  9453 D WebViewCache: Checking cache for: /data/user/0/com.droidev.flyffuwebviewclient/cache/webgl_cache/7bbae571f95c75c03bd3cab598c30329_screenfwclow.bin_F98B588
07-14 06:47:48.093  9390  9453 D WebViewCache: Cache hit for: /data/user/0/com.droidev.flyffuwebviewclient/cache/webgl_cache/7bbae571f95c75c03bd3cab598c30329_screenfwclow.bin_F98B588
07-14 06:47:48.094  9390  9453 D WebViewCache: Adding If-None-Match: "6f269b5cf7d971672cf00938d213ca8f"
07-14 06:47:48.094  9390  9453 D WebViewCache: Adding If-Modified-Since: Wed, 28 May 2025 04:10:40 GMT
07-14 06:47:48.097  9390  9454 D WebViewCache: Requesting URL: https://cdn-universe.flyff.com/client/ui/base_mo.bin?F73BEA0, Host: cdn-universe.flyff.com
07-14 06:47:48.097  9390  9454 D WebViewCache: isStaticAsset: Checking URL: https://cdn-universe.flyff.com/client/ui/base_mo.bin?F73BEA0, against extension: .png, processed URL: https://cdn-universe.flyff.com/client/ui/base_mo.bin
07-14 06:47:48.097  9390  9454 D WebViewCache: isStaticAsset: Checking URL: https://cdn-universe.flyff.com/client/ui/base_mo.bin?F73BEA0, against extension: .jpg, processed URL: https://cdn-universe.flyff.com/client/ui/base_mo.bin
07-14 06:47:48.097  9390  9454 D WebViewCache: isStaticAsset: Checking URL: https://cdn-universe.flyff.com/client/ui/base_mo.bin?F73BEA0, against extension: .jpeg, processed URL: https://cdn-universe.flyff.com/client/ui/base_mo.bin
07-14 06:47:48.097  9390  9454 D WebViewCache: isStaticAsset: Checking URL: https://cdn-universe.flyff.com/client/ui/base_mo.bin?F73BEA0, against extension: .gltf, processed URL: https://cdn-universe.flyff.com/client/ui/base_mo.bin
07-14 06:47:48.097  9390  9454 D WebViewCache: isStaticAsset: Checking URL: https://cdn-universe.flyff.com/client/ui/base_mo.bin?F73BEA0, against extension: .bin, processed URL: https://cdn-universe.flyff.com/client/ui/base_mo.bin
07-14 06:47:48.097  9390  9454 D WebViewCache: isStaticAsset: https://cdn-universe.flyff.com/client/ui/base_mo.bin?F73BEA0 is a static asset (..bin)
07-14 06:47:48.098  9390  9454 D WebViewCache: Using shared cache for: https://cdn-universe.flyff.com/client/ui/base_mo.bin?F73BEA0
07-14 06:47:48.098  9390  9454 D WebViewCache: Checking cache for: /data/user/0/com.droidev.flyffuwebviewclient/cache/webgl_cache/abdcf29f1e4fccb4628e2da9e4f17fe2_base_mo.bin_F73BEA0
07-14 06:47:48.099  9390  9454 D WebViewCache: Cache hit for: /data/user/0/com.droidev.flyffuwebviewclient/cache/webgl_cache/abdcf29f1e4fccb4628e2da9e4f17fe2_base_mo.bin_F73BEA0
07-14 06:47:48.100  9390  9454 D WebViewCache: Adding If-None-Match: "cef829d5909ccda4d6187f3eb058e50b"
07-14 06:47:48.100  9390  9454 D WebViewCache: Adding If-Modified-Since: Wed, 28 May 2025 04:10:17 GMT
07-14 06:47:48.109  9390  9455 D WebViewCache: Requesting URL: https://cdn-universe.flyff.com/client/cursor/curbase.png, Host: cdn-universe.flyff.com
07-14 06:47:48.109  9390  9455 D WebViewCache: isStaticAsset: Checking URL: https://cdn-universe.flyff.com/client/cursor/curbase.png, against extension: .png, processed URL: https://cdn-universe.flyff.com/client/cursor/curbase.png
07-14 06:47:48.109  9390  9455 D WebViewCache: isStaticAsset: https://cdn-universe.flyff.com/client/cursor/curbase.png is a static asset (..png)
07-14 06:47:48.109  9390  9455 D WebViewCache: Using shared cache for: https://cdn-universe.flyff.com/client/cursor/curbase.png
07-14 06:47:48.110  9390  9455 D WebViewCache: Checking cache for: /data/user/0/com.droidev.flyffuwebviewclient/cache/webgl_cache/b1c454bc16509eb6c94229647ebf24eb_curbase.png
07-14 06:47:48.110  9390  9486 D WebViewCache: Requesting URL: https://cdn-universe.flyff.com/client/model/part_malehair05.bin?A11193B, Host: cdn-universe.flyff.com
07-14 06:47:48.110  9390  9486 D WebViewCache: isStaticAsset: Checking URL: https://cdn-universe.flyff.com/client/model/part_malehair05.bin?A11193B, against extension: .png, processed URL: https://cdn-universe.flyff.com/client/model/part_malehair05.bin
07-14 06:47:48.110  9390  9486 D WebViewCache: isStaticAsset: Checking URL: https://cdn-universe.flyff.com/client/model/part_malehair05.bin?A11193B, against extension: .jpg, processed URL: https://cdn-universe.flyff.com/client/model/part_malehair05.bin
07-14 06:47:48.110  9390  9486 D WebViewCache: isStaticAsset: Checking URL: https://cdn-universe.flyff.com/client/model/part_malehair05.bin?A11193B, against extension: .jpeg, processed URL: https://cdn-universe.flyff.com/client/model/part_malehair05.bin
07-14 06:47:48.110  9390  9486 D WebViewCache: isStaticAsset: Checking URL: https://cdn-universe.flyff.com/client/model/part_malehair05.bin?A11193B, against extension: .gltf, processed URL: https://cdn-universe.flyff.com/client/model/part_malehair05.bin
07-14 06:47:48.110  9390  9486 D WebViewCache: isStaticAsset: Checking URL: https://cdn-universe.flyff.com/client/model/part_malehair05.bin?A11193B, against extension: .bin, processed URL: https://cdn-universe.flyff.com/client/model/part_malehair05.bin
07-14 06:47:48.110  9390  9486 D WebViewCache: isStaticAsset: https://cdn-universe.flyff.com/client/model/part_malehair05.bin?A11193B is a static asset (..bin)
07-14 06:47:48.110  9390  9486 D WebViewCache: Using shared cache for: https://cdn-universe.flyff.com/client/model/part_malehair05.bin?A11193B
07-14 06:47:48.110  9390  9455 D WebViewCache: Cache hit for: /data/user/0/com.droidev.flyffuwebviewclient/cache/webgl_cache/b1c454bc16509eb6c94229647ebf24eb_curbase.png
07-14 06:47:48.111  9390  9486 D WebViewCache: Checking cache for: /data/user/0/com.droidev.flyffuwebviewclient/cache/webgl_cache/83782faee4017e0d227602033c2c759d_part_malehair05.bin_A11193B
07-14 06:47:48.111  9390  9486 D WebViewCache: Cache hit for: /data/user/0/com.droidev.flyffuwebviewclient/cache/webgl_cache/83782faee4017e0d227602033c2c759d_part_malehair05.bin_A11193B
07-14 06:47:48.111  9390  9455 D WebViewCache: Adding If-None-Match: "fc7e24d67999c26e2b7a59e7559387b2"
07-14 06:47:48.111  9390  9455 D WebViewCache: Adding If-Modified-Since: Tue, 27 May 2025 08:36:13 GMT
07-14 06:47:48.112  9390  9486 D WebViewCache: Adding If-None-Match: "5299e44ed6063981419207cf849403e7"
07-14 06:47:48.112  9390  9486 D WebViewCache: Adding If-Modified-Since: Tue, 27 May 2025 08:47:58 GMT
07-14 06:47:48.113  9390  9494 D WebViewCache: Requesting URL: https://cdn-universe.flyff.com/client/model/part_mvag01.bin?A11194C, Host: cdn-universe.flyff.com
07-14 06:47:48.114  9390  9494 D WebViewCache: isStaticAsset: Checking URL: https://cdn-universe.flyff.com/client/model/part_mvag01.bin?A11194C, against extension: .png, processed URL: https://cdn-universe.flyff.com/client/model/part_mvag01.bin
07-14 06:47:48.114  9390  9494 D WebViewCache: isStaticAsset: Checking URL: https://cdn-universe.flyff.com/client/model/part_mvag01.bin?A11194C, against extension: .jpg, processed URL: https://cdn-universe.flyff.com/client/model/part_mvag01.bin
07-14 06:47:48.114  9390  9494 D WebViewCache: isStaticAsset: Checking URL: https://cdn-universe.flyff.com/client/model/part_mvag01.bin?A11194C, against extension: .jpeg, processed URL: https://cdn-universe.flyff.com/client/model/part_mvag01.bin
07-14 06:47:48.114  9390  9494 D WebViewCache: isStaticAsset: Checking URL: https://cdn-universe.flyff.com/client/model/part_mvag01.bin?A11194C, against extension: .gltf, processed URL: https://cdn-universe.flyff.com/client/model/part_mvag01.bin
07-14 06:47:48.114  9390  9494 D WebViewCache: isStaticAsset: Checking URL: https://cdn-universe.flyff.com/client/model/part_mvag01.bin?A11194C, against extension: .bin, processed URL: https://cdn-universe.flyff.com/client/model/part_mvag01.bin
07-14 06:47:48.114  9390  9494 D WebViewCache: isStaticAsset: https://cdn-universe.flyff.com/client/model/part_mvag01.bin?A11194C is a static asset (..bin)
07-14 06:47:48.114  9390  9494 D WebViewCache: Using shared cache for: https://cdn-universe.flyff.com/client/model/part_mvag01.bin?A11194C
07-14 06:47:48.117  9390  9494 D WebViewCache: Checking cache for: /data/user/0/com.droidev.flyffuwebviewclient/cache/webgl_cache/710268122c0e8aa600314928d0aa6057_part_mvag01.bin_A11194C
07-14 06:47:48.118  9390  9494 D WebViewCache: Cache hit for: /data/user/0/com.droidev.flyffuwebviewclient/cache/webgl_cache/710268122c0e8aa600314928d0aa6057_part_mvag01.bin_A11194C
07-14 06:47:48.122  9390  9494 D WebViewCache: Adding If-None-Match: "c4b9f37e6c7d3ce06d8565cdbd928ae9"
07-14 06:47:48.122  9390  9494 D WebViewCache: Adding If-Modified-Since: Tue, 27 May 2025 08:49:26 GMT
07-14 06:47:48.138  9390  9454 D WebViewCache: Serving valid cache for: /data/user/0/com.droidev.flyffuwebviewclient/cache/webgl_cache/abdcf29f1e4fccb4628e2da9e4f17fe2_base_mo.bin_F73BEA0 (304 Not Modified)
07-14 06:47:48.138  9390  9453 D WebViewCache: Serving valid cache for: /data/user/0/com.droidev.flyffuwebviewclient/cache/webgl_cache/7bbae571f95c75c03bd3cab598c30329_screenfwclow.bin_F98B588 (304 Not Modified)
07-14 06:47:48.139  9390  9454 D WebViewCache: Requesting URL: https://cdn-universe.flyff.com/client/model/item_weaswowooden.bin?A111910, Host: cdn-universe.flyff.com
07-14 06:47:48.139  9390  9454 D WebViewCache: isStaticAsset: Checking URL: https://cdn-universe.flyff.com/client/model/item_weaswowooden.bin?A111910, against extension: .png, processed URL: https://cdn-universe.flyff.com/client/model/item_weaswowooden.bin
07-14 06:47:48.139  9390  9454 D WebViewCache: isStaticAsset: Checking URL: https://cdn-universe.flyff.com/client/model/item_weaswowooden.bin?A111910, against extension: .jpg, processed URL: https://cdn-universe.flyff.com/client/model/item_weaswowooden.bin
07-14 06:47:48.139  9390  9454 D WebViewCache: isStaticAsset: Checking URL: https://cdn-universe.flyff.com/client/model/item_weaswowooden.bin?A111910, against extension: .jpeg, processed URL: https://cdn-universe.flyff.com/client/model/item_weaswowooden.bin
07-14 06:47:48.139  9390  9454 D WebViewCache: isStaticAsset: Checking URL: https://cdn-universe.flyff.com/client/model/item_weaswowooden.bin?A111910, against extension: .gltf, processed URL: https://cdn-universe.flyff.com/client/model/item_weaswowooden.bin
07-14 06:47:48.139  9390  9454 D WebViewCache: isStaticAsset: Checking URL: https://cdn-universe.flyff.com/client/model/item_weaswowooden.bin?A111910, against extension: .bin, processed URL: https://cdn-universe.flyff.com/client/model/item_weaswowooden.bin
07-14 06:47:48.139  9390  9454 D WebViewCache: isStaticAsset: https://cdn-universe.flyff.com/client/model/item_weaswowooden.bin?A111910 is a static asset (..bin)
07-14 06:47:48.139  9390  9454 D WebViewCache: Using shared cache for: https://cdn-universe.flyff.com/client/model/item_weaswowooden.bin?A111910
07-14 06:47:48.141  9390  9454 D WebViewCache: Checking cache for: /data/user/0/com.droidev.flyffuwebviewclient/cache/webgl_cache/01a73f28258c88bf32a45ab1295cd455_item_weaswowooden.bin_A111910
07-14 06:47:48.141  9390  9454 D WebViewCache: Cache hit for: /data/user/0/com.droidev.flyffuwebviewclient/cache/webgl_cache/01a73f28258c88bf32a45ab1295cd455_item_weaswowooden.bin_A111910
07-14 06:47:48.142  9390  9454 D WebViewCache: Adding If-None-Match: "b66a6ddbb3d4554261b5c31c7f2552a3"
07-14 06:47:48.142  9390  9454 D WebViewCache: Adding If-Modified-Since: Tue, 27 May 2025 08:41:22 GMT
07-14 06:47:48.156  9390  9455 D WebViewCache: Serving valid cache for: /data/user/0/com.droidev.flyffuwebviewclient/cache/webgl_cache/b1c454bc16509eb6c94229647ebf24eb_curbase.png (304 Not Modified)
07-14 06:47:48.156  9390  9486 D WebViewCache: Serving valid cache for: /data/user/0/com.droidev.flyffuwebviewclient/cache/webgl_cache/83782faee4017e0d227602033c2c759d_part_malehair05.bin_A11193B (304 Not Modified)
07-14 06:47:48.157  9390  9494 D WebViewCache: Serving valid cache for: /data/user/0/com.droidev.flyffuwebviewclient/cache/webgl_cache/710268122c0e8aa600314928d0aa6057_part_mvag01.bin_A11194C (304 Not Modified)
07-14 06:47:48.162  9390  9455 D WebViewCache: Requesting URL: https://cdn-universe.flyff.com/client/model/part_mvag01.bin?A11194C, Host: cdn-universe.flyff.com
07-14 06:47:48.162  9390  9455 D WebViewCache: isStaticAsset: Checking URL: https://cdn-universe.flyff.com/client/model/part_mvag01.bin?A11194C, against extension: .png, processed URL: https://cdn-universe.flyff.com/client/model/part_mvag01.bin
07-14 06:47:48.162  9390  9455 D WebViewCache: isStaticAsset: Checking URL: https://cdn-universe.flyff.com/client/model/part_mvag01.bin?A11194C, against extension: .jpg, processed URL: https://cdn-universe.flyff.com/client/model/part_mvag01.bin
07-14 06:47:48.162  9390  9455 D WebViewCache: isStaticAsset: Checking URL: https://cdn-universe.flyff.com/client/model/part_mvag01.bin?A11194C, against extension: .jpeg, processed URL: https://cdn-universe.flyff.com/client/model/part_mvag01.bin
07-14 06:47:48.162  9390  9455 D WebViewCache: isStaticAsset: Checking URL: https://cdn-universe.flyff.com/client/model/part_mvag01.bin?A11194C, against extension: .gltf, processed URL: https://cdn-universe.flyff.com/client/model/part_mvag01.bin
07-14 06:47:48.162  9390  9455 D WebViewCache: isStaticAsset: Checking URL: https://cdn-universe.flyff.com/client/model/part_mvag01.bin?A11194C, against extension: .bin, processed URL: https://cdn-universe.flyff.com/client/model/part_mvag01.bin
07-14 06:47:48.162  9390  9455 D WebViewCache: isStaticAsset: https://cdn-universe.flyff.com/client/model/part_mvag01.bin?A11194C is a static asset (..bin)
07-14 06:47:48.162  9390  9455 D WebViewCache: Using shared cache for: https://cdn-universe.flyff.com/client/model/part_mvag01.bin?A11194C
07-14 06:47:48.163  9390  9455 D WebViewCache: Checking cache for: /data/user/0/com.droidev.flyffuwebviewclient/cache/webgl_cache/710268122c0e8aa600314928d0aa6057_part_mvag01.bin_A11194C
07-14 06:47:48.163  9390  9455 D WebViewCache: Cache hit for: /data/user/0/com.droidev.flyffuwebviewclient/cache/webgl_cache/710268122c0e8aa600314928d0aa6057_part_mvag01.bin_A11194C
07-14 06:47:48.164  9390  9453 D WebViewCache: Requesting URL: https://cdn-universe.flyff.com/client/model/part_malehair05.bin?A11193B, Host: cdn-universe.flyff.com
07-14 06:47:48.164  9390  9453 D WebViewCache: isStaticAsset: Checking URL: https://cdn-universe.flyff.com/client/model/part_malehair05.bin?A11193B, against extension: .png, processed URL: https://cdn-universe.flyff.com/client/model/part_malehair05.bin
07-14 06:47:48.164  9390  9453 D WebViewCache: isStaticAsset: Checking URL: https://cdn-universe.flyff.com/client/model/part_malehair05.bin?A11193B, against extension: .jpg, processed URL: https://cdn-universe.flyff.com/client/model/part_malehair05.bin
07-14 06:47:48.164  9390  9453 D WebViewCache: isStaticAsset: Checking URL: https://cdn-universe.flyff.com/client/model/part_malehair05.bin?A11193B, against extension: .jpeg, processed URL: https://cdn-universe.flyff.com/client/model/part_malehair05.bin
07-14 06:47:48.164  9390  9453 D WebViewCache: isStaticAsset: Checking URL: https://cdn-universe.flyff.com/client/model/part_malehair05.bin?A11193B, against extension: .gltf, processed URL: https://cdn-universe.flyff.com/client/model/part_malehair05.bin
07-14 06:47:48.164  9390  9453 D WebViewCache: isStaticAsset: Checking URL: https://cdn-universe.flyff.com/client/model/part_malehair05.bin?A11193B, against extension: .bin, processed URL: https://cdn-universe.flyff.com/client/model/part_malehair05.bin
07-14 06:47:48.164  9390  9453 D WebViewCache: isStaticAsset: https://cdn-universe.flyff.com/client/model/part_malehair05.bin?A11193B is a static asset (..bin)
07-14 06:47:48.164  9390  9453 D WebViewCache: Using shared cache for: https://cdn-universe.flyff.com/client/model/part_malehair05.bin?A11193B
07-14 06:47:48.165  9390  9455 D WebViewCache: Adding If-None-Match: "c4b9f37e6c7d3ce06d8565cdbd928ae9"
07-14 06:47:48.165  9390  9455 D WebViewCache: Adding If-Modified-Since: Tue, 27 May 2025 08:49:26 GMT
07-14 06:47:48.165  9390  9453 D WebViewCache: Checking cache for: /data/user/0/com.droidev.flyffuwebviewclient/cache/webgl_cache/83782faee4017e0d227602033c2c759d_part_malehair05.bin_A11193B
07-14 06:47:48.166  9390  9453 D WebViewCache: Cache hit for: /data/user/0/com.droidev.flyffuwebviewclient/cache/webgl_cache/83782faee4017e0d227602033c2c759d_part_malehair05.bin_A11193B
07-14 06:47:48.168  9390  9453 D WebViewCache: Adding If-None-Match: "5299e44ed6063981419207cf849403e7"
07-14 06:47:48.168  9390  9453 D WebViewCache: Adding If-Modified-Since: Tue, 27 May 2025 08:47:58 GMT
07-14 06:47:48.168  9390  9454 D WebViewCache: Serving valid cache for: /data/user/0/com.droidev.flyffuwebviewclient/cache/webgl_cache/01a73f28258c88bf32a45ab1295cd455_item_weaswowooden.bin_A111910 (304 Not Modified)
07-14 06:47:48.175  9390  9454 D WebViewCache: Requesting URL: https://cdn-universe.flyff.com/client/model/item_weaswowooden.bin?A111910, Host: cdn-universe.flyff.com
07-14 06:47:48.175  9390  9454 D WebViewCache: isStaticAsset: Checking URL: https://cdn-universe.flyff.com/client/model/item_weaswowooden.bin?A111910, against extension: .png, processed URL: https://cdn-universe.flyff.com/client/model/item_weaswowooden.bin
07-14 06:47:48.175  9390  9454 D WebViewCache: isStaticAsset: Checking URL: https://cdn-universe.flyff.com/client/model/item_weaswowooden.bin?A111910, against extension: .jpg, processed URL: https://cdn-universe.flyff.com/client/model/item_weaswowooden.bin
07-14 06:47:48.176  9390  9454 D WebViewCache: isStaticAsset: Checking URL: https://cdn-universe.flyff.com/client/model/item_weaswowooden.bin?A111910, against extension: .jpeg, processed URL: https://cdn-universe.flyff.com/client/model/item_weaswowooden.bin
07-14 06:47:48.176  9390  9454 D WebViewCache: isStaticAsset: Checking URL: https://cdn-universe.flyff.com/client/model/item_weaswowooden.bin?A111910, against extension: .gltf, processed URL: https://cdn-universe.flyff.com/client/model/item_weaswowooden.bin
07-14 06:47:48.176  9390  9454 D WebViewCache: isStaticAsset: Checking URL: https://cdn-universe.flyff.com/client/model/item_weaswowooden.bin?A111910, against extension: .bin, processed URL: https://cdn-universe.flyff.com/client/model/item_weaswowooden.bin
07-14 06:47:48.176  9390  9454 D WebViewCache: isStaticAsset: https://cdn-universe.flyff.com/client/model/item_weaswowooden.bin?A111910 is a static asset (..bin)
07-14 06:47:48.176  9390  9454 D WebViewCache: Using shared cache for: https://cdn-universe.flyff.com/client/model/item_weaswowooden.bin?A111910
07-14 06:47:48.179  9390  9454 D WebViewCache: Checking cache for: /data/user/0/com.droidev.flyffuwebviewclient/cache/webgl_cache/01a73f28258c88bf32a45ab1295cd455_item_weaswowooden.bin_A111910
07-14 06:47:48.179  9390  9454 D WebViewCache: Cache hit for: /data/user/0/com.droidev.flyffuwebviewclient/cache/webgl_cache/01a73f28258c88bf32a45ab1295cd455_item_weaswowooden.bin_A111910
07-14 06:47:48.180  9390  9454 D WebViewCache: Adding If-None-Match: "b66a6ddbb3d4554261b5c31c7f2552a3"
07-14 06:47:48.180  9390  9454 D WebViewCache: Adding If-Modified-Since: Tue, 27 May 2025 08:41:22 GMT
07-14 06:47:48.190  9390  9455 D WebViewCache: Serving valid cache for: /data/user/0/com.droidev.flyffuwebviewclient/cache/webgl_cache/710268122c0e8aa600314928d0aa6057_part_mvag01.bin_A11194C (304 Not Modified)
07-14 06:47:48.190  9390  9453 D WebViewCache: Serving valid cache for: /data/user/0/com.droidev.flyffuwebviewclient/cache/webgl_cache/83782faee4017e0d227602033c2c759d_part_malehair05.bin_A11193B (304 Not Modified)
07-14 06:47:48.201  9390  9454 D WebViewCache: Serving valid cache for: /data/user/0/com.droidev.flyffuwebviewclient/cache/webgl_cache/01a73f28258c88bf32a45ab1295cd455_item_weaswowooden.bin_A111910 (304 Not Modified)
07-14 06:47:48.316  9390  9493 D WebViewCache: Using server Content-Type: application/octet-stream for URL: https://cdn-universe.flyff.com/client/model/part_malehead10.bin?A11193B
07-14 06:47:48.317  9390  9493 D WebViewCache: File: 32906c29547f5cc6af1ce82d9e8e8485_curdelay.png, Size: 682 bytes, Total: 682 bytes
07-14 06:47:48.317  9390  9493 D WebViewCache: File: 25b814ac7f1d94deeed84d78a409edd0_favicon-16x16.png, Size: 764 bytes, Total: 1446 bytes
07-14 06:47:48.317  9390  9493 D WebViewCache: File: c100d48e3a77c246aa5cfa0a7bd5f31c_favicon-32x32.png, Size: 2051 bytes, Total: 3497 bytes
07-14 06:47:48.317  9390  9493 D WebViewCache: File: 7bbae571f95c75c03bd3cab598c30329_screenfwclow.bin_F98B588, Size: 637417 bytes, Total: 640914 bytes
07-14 06:47:48.317  9390  9493 D WebViewCache: File: 710268122c0e8aa600314928d0aa6057_part_mvag01.bin_A11194C, Size: 37469 bytes, Total: 678383 bytes
07-14 06:47:48.317  9390  9493 D WebViewCache: File: f46a89d90d3825fe29769221070510d8_part_malehair11.bin_A11193B, Size: 3117 bytes, Total: 681500 bytes
07-14 06:47:48.318  9390  9493 D WebViewCache: File: abdcf29f1e4fccb4628e2da9e4f17fe2_base_mo.bin_F73BEA0, Size: 725795 bytes, Total: 1407295 bytes
07-14 06:47:48.318  9390  9493 D WebViewCache: File: 01a73f28258c88bf32a45ab1295cd455_item_weaswowooden.bin_A111910, Size: 2181 bytes, Total: 1409476 bytes
07-14 06:47:48.318  9390  9493 D WebViewCache: File: 19da59d65bd0f5d836af122ebb68fd88_part_malehead12.bin_A11193B, Size: 6341 bytes, Total: 1415817 bytes
07-14 06:47:48.318  9390  9493 D WebViewCache: File: b1c454bc16509eb6c94229647ebf24eb_curbase.png, Size: 629 bytes, Total: 1416446 bytes
07-14 06:47:48.318  9390  9493 D WebViewCache: File: 7e3729ef0c1b71efad88b07e8231c0c0_flyca_sfx_cloud.bin_A10F8CC, Size: 3472 bytes, Total: 1419918 bytes
07-14 06:47:48.318  9390  9493 D WebViewCache: File: 83782faee4017e0d227602033c2c759d_part_malehair05.bin_A11193B, Size: 7445 bytes, Total: 1427363 bytes
07-14 06:47:48.318  9390  9493 D WebViewCache: File: 5983787df152ec8bdd2511bc4a3603af_part_malehead10.bin_A11193B, Size: 6381 bytes, Total: 1433744 bytes
07-14 06:47:48.318  9390  9493 D WebViewCache: Current cache size: 1MB
07-14 06:47:48.318  9390  9493 D WebViewCache: Saved to cache: /data/user/0/com.droidev.flyffuwebviewclient/cache/webgl_cache/5983787df152ec8bdd2511bc4a3603af_part_malehead10.bin_A11193B
07-14 06:47:48.333  9390  9453 D WebViewCache: Requesting URL: https://cdn-universe.flyff.com/client/model/texture/etc2/texbase.bin?F854B4A, Host: cdn-universe.flyff.com
07-14 06:47:48.333  9390  9453 D WebViewCache: Bypassing cache for critical .bin file: https://cdn-universe.flyff.com/client/model/texture/etc2/texbase.bin?F854B4A
07-14 06:47:48.334  9390  9453 D WebViewCache: Requesting URL: https://cdn-universe.flyff.com/client/model/texture/etc2/flyca_sfx_cloud.bin?A10F8CC, Host: cdn-universe.flyff.com
07-14 06:47:48.334  9390  9453 D WebViewCache: isStaticAsset: Checking URL: https://cdn-universe.flyff.com/client/model/texture/etc2/flyca_sfx_cloud.bin?A10F8CC, against extension: .png, processed URL: https://cdn-universe.flyff.com/client/model/texture/etc2/flyca_sfx_cloud.bin
07-14 06:47:48.334  9390  9453 D WebViewCache: isStaticAsset: Checking URL: https://cdn-universe.flyff.com/client/model/texture/etc2/flyca_sfx_cloud.bin?A10F8CC, against extension: .jpg, processed URL: https://cdn-universe.flyff.com/client/model/texture/etc2/flyca_sfx_cloud.bin
07-14 06:47:48.334  9390  9453 D WebViewCache: isStaticAsset: Checking URL: https://cdn-universe.flyff.com/client/model/texture/etc2/flyca_sfx_cloud.bin?A10F8CC, against extension: .jpeg, processed URL: https://cdn-universe.flyff.com/client/model/texture/etc2/flyca_sfx_cloud.bin
07-14 06:47:48.334  9390  9453 D WebViewCache: isStaticAsset: Checking URL: https://cdn-universe.flyff.com/client/model/texture/etc2/flyca_sfx_cloud.bin?A10F8CC, against extension: .gltf, processed URL: https://cdn-universe.flyff.com/client/model/texture/etc2/flyca_sfx_cloud.bin
07-14 06:47:48.334  9390  9453 D WebViewCache: isStaticAsset: Checking URL: https://cdn-universe.flyff.com/client/model/texture/etc2/flyca_sfx_cloud.bin?A10F8CC, against extension: .bin, processed URL: https://cdn-universe.flyff.com/client/model/texture/etc2/flyca_sfx_cloud.bin
07-14 06:47:48.334  9390  9453 D WebViewCache: isStaticAsset: https://cdn-universe.flyff.com/client/model/texture/etc2/flyca_sfx_cloud.bin?A10F8CC is a static asset (..bin)
07-14 06:47:48.334  9390  9453 D WebViewCache: Using shared cache for: https://cdn-universe.flyff.com/client/model/texture/etc2/flyca_sfx_cloud.bin?A10F8CC
07-14 06:47:48.335  9390  9453 D WebViewCache: Checking cache for: /data/user/0/com.droidev.flyffuwebviewclient/cache/webgl_cache/7e3729ef0c1b71efad88b07e8231c0c0_flyca_sfx_cloud.bin_A10F8CC
07-14 06:47:48.335  9390  9453 D WebViewCache: Cache hit for: /data/user/0/com.droidev.flyffuwebviewclient/cache/webgl_cache/7e3729ef0c1b71efad88b07e8231c0c0_flyca_sfx_cloud.bin_A10F8CC
07-14 06:47:48.337  9390  9453 D WebViewCache: Adding If-None-Match: "cd66a4042bfc1d31eba1bd3c93c07864"
07-14 06:47:48.337  9390  9453 D WebViewCache: Adding If-Modified-Since: Tue, 27 May 2025 10:16:59 GMT
07-14 06:47:48.341  9390  9486 D WebViewCache: Requesting URL: https://cdn-universe.flyff.com/client/model/part_malehair05.bin?A11193B, Host: cdn-universe.flyff.com
07-14 06:47:48.341  9390  9454 D WebViewCache: Requesting URL: https://cdn-universe.flyff.com/client/model/part_mvag01.bin?A11194C, Host: cdn-universe.flyff.com
07-14 06:47:48.341  9390  9486 D WebViewCache: isStaticAsset: Checking URL: https://cdn-universe.flyff.com/client/model/part_malehair05.bin?A11193B, against extension: .png, processed URL: https://cdn-universe.flyff.com/client/model/part_malehair05.bin
07-14 06:47:48.341  9390  9486 D WebViewCache: isStaticAsset: Checking URL: https://cdn-universe.flyff.com/client/model/part_malehair05.bin?A11193B, against extension: .jpg, processed URL: https://cdn-universe.flyff.com/client/model/part_malehair05.bin
07-14 06:47:48.341  9390  9454 D WebViewCache: isStaticAsset: Checking URL: https://cdn-universe.flyff.com/client/model/part_mvag01.bin?A11194C, against extension: .png, processed URL: https://cdn-universe.flyff.com/client/model/part_mvag01.bin
07-14 06:47:48.341  9390  9486 D WebViewCache: isStaticAsset: Checking URL: https://cdn-universe.flyff.com/client/model/part_malehair05.bin?A11193B, against extension: .jpeg, processed URL: https://cdn-universe.flyff.com/client/model/part_malehair05.bin
07-14 06:47:48.341  9390  9486 D WebViewCache: isStaticAsset: Checking URL: https://cdn-universe.flyff.com/client/model/part_malehair05.bin?A11193B, against extension: .gltf, processed URL: https://cdn-universe.flyff.com/client/model/part_malehair05.bin
07-14 06:47:48.341  9390  9454 D WebViewCache: isStaticAsset: Checking URL: https://cdn-universe.flyff.com/client/model/part_mvag01.bin?A11194C, against extension: .jpg, processed URL: https://cdn-universe.flyff.com/client/model/part_mvag01.bin
07-14 06:47:48.341  9390  9486 D WebViewCache: isStaticAsset: Checking URL: https://cdn-universe.flyff.com/client/model/part_malehair05.bin?A11193B, against extension: .bin, processed URL: https://cdn-universe.flyff.com/client/model/part_malehair05.bin
07-14 06:47:48.341  9390  9454 D WebViewCache: isStaticAsset: Checking URL: https://cdn-universe.flyff.com/client/model/part_mvag01.bin?A11194C, against extension: .jpeg, processed URL: https://cdn-universe.flyff.com/client/model/part_mvag01.bin
07-14 06:47:48.341  9390  9486 D WebViewCache: isStaticAsset: https://cdn-universe.flyff.com/client/model/part_malehair05.bin?A11193B is a static asset (..bin)
07-14 06:47:48.341  9390  9454 D WebViewCache: isStaticAsset: Checking URL: https://cdn-universe.flyff.com/client/model/part_mvag01.bin?A11194C, against extension: .gltf, processed URL: https://cdn-universe.flyff.com/client/model/part_mvag01.bin
07-14 06:47:48.341  9390  9454 D WebViewCache: isStaticAsset: Checking URL: https://cdn-universe.flyff.com/client/model/part_mvag01.bin?A11194C, against extension: .bin, processed URL: https://cdn-universe.flyff.com/client/model/part_mvag01.bin
07-14 06:47:48.341  9390  9486 D WebViewCache: Using shared cache for: https://cdn-universe.flyff.com/client/model/part_malehair05.bin?A11193B
