--------- beginning of main
07-14 06:47:43.008  9390  9390 D WebViewCache: Loading initial URL: https://universe.flyff.com/play
07-14 06:47:43.011  9390  9454 D WebViewCache: Requesting URL: https://universe.flyff.com/play, Host: universe.flyff.com
07-14 06:47:43.011  9390  9454 D WebViewCache: isStaticAsset: Checking URL: https://universe.flyff.com/play, against extension: .png, processed URL: https://universe.flyff.com/play
07-14 06:47:43.011  9390  9454 D WebViewCache: isStaticAsset: Checking URL: https://universe.flyff.com/play, against extension: .jpg, processed URL: https://universe.flyff.com/play
07-14 06:47:43.011  9390  9454 D WebViewCache: isStaticAsset: Checking URL: https://universe.flyff.com/play, against extension: .jpeg, processed URL: https://universe.flyff.com/play
07-14 06:47:43.011  9390  9454 D WebViewCache: isStaticAsset: Checking URL: https://universe.flyff.com/play, against extension: .gltf, processed URL: https://universe.flyff.com/play
07-14 06:47:43.012  9390  9454 D WebViewCache: isStaticAsset: Checking URL: https://universe.flyff.com/play, against extension: .bin, processed URL: https://universe.flyff.com/play
07-14 06:47:43.012  9390  9454 D WebViewCache: isStaticAsset: Checking URL: https://universe.flyff.com/play, against extension: .mp3, processed URL: https://universe.flyff.com/play
07-14 06:47:43.012  9390  9454 D WebViewCache: isStaticAsset: Checking URL: https://universe.flyff.com/play, against extension: .ogg, processed URL: https://universe.flyff.com/play
07-14 06:47:43.012  9390  9454 D WebViewCache: isStaticAsset: https://universe.flyff.com/play is NOT a static asset.
07-14 06:47:44.067  9390  9486 D WebViewCache: Requesting URL: https://web.cmp.usercentrics.eu/tcf/stub.js, Host: web.cmp.usercentrics.eu
07-14 06:47:44.067  9390  9486 D WebViewCache: Bypassing interception for non-target domain: web.cmp.usercentrics.eu
07-14 06:47:44.068  9390  9455 D WebViewCache: Requesting URL: https://js.stripe.com/basil/stripe.js, Host: js.stripe.com
07-14 06:47:44.068  9390  9455 D WebViewCache: Bypassing interception for non-target domain: js.stripe.com
07-14 06:47:44.068  9390  9454 D WebViewCache: Requesting URL: https://universe.flyff.com/assets/vendor/axios/axios.min.js?v1.1.7, Host: universe.flyff.com
07-14 06:47:44.073  9390  9454 D WebViewCache: isStaticAsset: Checking URL: https://universe.flyff.com/assets/vendor/axios/axios.min.js?v1.1.7, against extension: .png, processed URL: https://universe.flyff.com/assets/vendor/axios/axios.min.js
07-14 06:47:44.074  9390  9454 D WebViewCache: isStaticAsset: Checking URL: https://universe.flyff.com/assets/vendor/axios/axios.min.js?v1.1.7, against extension: .jpg, processed URL: https://universe.flyff.com/assets/vendor/axios/axios.min.js
07-14 06:47:44.074  9390  9454 D WebViewCache: isStaticAsset: Checking URL: https://universe.flyff.com/assets/vendor/axios/axios.min.js?v1.1.7, against extension: .jpeg, processed URL: https://universe.flyff.com/assets/vendor/axios/axios.min.js
07-14 06:47:44.074  9390  9454 D WebViewCache: isStaticAsset: Checking URL: https://universe.flyff.com/assets/vendor/axios/axios.min.js?v1.1.7, against extension: .gltf, processed URL: https://universe.flyff.com/assets/vendor/axios/axios.min.js
07-14 06:47:44.074  9390  9454 D WebViewCache: isStaticAsset: Checking URL: https://universe.flyff.com/assets/vendor/axios/axios.min.js?v1.1.7, against extension: .bin, processed URL: https://universe.flyff.com/assets/vendor/axios/axios.min.js
07-14 06:47:44.074  9390  9454 D WebViewCache: isStaticAsset: Checking URL: https://universe.flyff.com/assets/vendor/axios/axios.min.js?v1.1.7, against extension: .mp3, processed URL: https://universe.flyff.com/assets/vendor/axios/axios.min.js
07-14 06:47:44.074  9390  9454 D WebViewCache: isStaticAsset: Checking URL: https://universe.flyff.com/assets/vendor/axios/axios.min.js?v1.1.7, against extension: .ogg, processed URL: https://universe.flyff.com/assets/vendor/axios/axios.min.js
07-14 06:47:44.074  9390  9454 D WebViewCache: isStaticAsset: https://universe.flyff.com/assets/vendor/axios/axios.min.js?v1.1.7 is NOT a static asset.
07-14 06:47:44.228  9390  9486 D WebViewCache: Requesting URL: https://www.google.com/recaptcha/api.js?render=explicit, Host: www.google.com
07-14 06:47:44.228  9390  9486 D WebViewCache: Bypassing interception for non-target domain: www.google.com
07-14 06:47:44.331  9390  9453 D WebViewCache: Requesting URL: https://web.cmp.usercentrics.eu/ui/loader.js, Host: web.cmp.usercentrics.eu
07-14 06:47:44.331  9390  9453 D WebViewCache: Bypassing interception for non-target domain: web.cmp.usercentrics.eu
07-14 06:47:44.422  9390  9454 D WebViewCache: Requesting URL: https://cdn-universe.flyff.com/site/assets/js/userCentricsConsentMode.js?v1.1.7.5, Host: cdn-universe.flyff.com
07-14 06:47:44.422  9390  9454 D WebViewCache: isStaticAsset: Checking URL: https://cdn-universe.flyff.com/site/assets/js/userCentricsConsentMode.js?v1.1.7.5, against extension: .png, processed URL: https://cdn-universe.flyff.com/site/assets/js/usercentricsconsentmode.js
07-14 06:47:44.422  9390  9454 D WebViewCache: isStaticAsset: Checking URL: https://cdn-universe.flyff.com/site/assets/js/userCentricsConsentMode.js?v1.1.7.5, against extension: .jpg, processed URL: https://cdn-universe.flyff.com/site/assets/js/usercentricsconsentmode.js
07-14 06:47:44.423  9390  9454 D WebViewCache: isStaticAsset: Checking URL: https://cdn-universe.flyff.com/site/assets/js/userCentricsConsentMode.js?v1.1.7.5, against extension: .jpeg, processed URL: https://cdn-universe.flyff.com/site/assets/js/usercentricsconsentmode.js
07-14 06:47:44.423  9390  9454 D WebViewCache: isStaticAsset: Checking URL: https://cdn-universe.flyff.com/site/assets/js/userCentricsConsentMode.js?v1.1.7.5, against extension: .gltf, processed URL: https://cdn-universe.flyff.com/site/assets/js/usercentricsconsentmode.js
07-14 06:47:44.423  9390  9454 D WebViewCache: isStaticAsset: Checking URL: https://cdn-universe.flyff.com/site/assets/js/userCentricsConsentMode.js?v1.1.7.5, against extension: .bin, processed URL: https://cdn-universe.flyff.com/site/assets/js/usercentricsconsentmode.js
07-14 06:47:44.423  9390  9454 D WebViewCache: isStaticAsset: Checking URL: https://cdn-universe.flyff.com/site/assets/js/userCentricsConsentMode.js?v1.1.7.5, against extension: .mp3, processed URL: https://cdn-universe.flyff.com/site/assets/js/usercentricsconsentmode.js
07-14 06:47:44.423  9390  9454 D WebViewCache: isStaticAsset: Checking URL: https://cdn-universe.flyff.com/site/assets/js/userCentricsConsentMode.js?v1.1.7.5, against extension: .ogg, processed URL: https://cdn-universe.flyff.com/site/assets/js/usercentricsconsentmode.js
07-14 06:47:44.424  9390  9454 D WebViewCache: isStaticAsset: https://cdn-universe.flyff.com/site/assets/js/userCentricsConsentMode.js?v1.1.7.5 is NOT a static asset.
07-14 06:47:44.424  9390  9453 D WebViewCache: Requesting URL: https://dynamic.criteo.com/js/ld/ld.js?a=99110, Host: dynamic.criteo.com
07-14 06:47:44.424  9390  9453 D WebViewCache: Bypassing interception for non-target domain: dynamic.criteo.com
07-14 06:47:44.425  9390  9486 D WebViewCache: Requesting URL: https://www.googletagmanager.com/gtm.js?id=GTM-M7SJX2S, Host: www.googletagmanager.com
07-14 06:47:44.425  9390  9486 D WebViewCache: Bypassing interception for non-target domain: www.googletagmanager.com
07-14 06:47:44.443  9390  9453 D WebViewCache: Requesting URL: https://cdn-universe.flyff.com/client/cursor/curdelay.cur, Host: cdn-universe.flyff.com
07-14 06:47:44.443  9390  9453 D WebViewCache: isStaticAsset: Checking URL: https://cdn-universe.flyff.com/client/cursor/curdelay.cur, against extension: .png, processed URL: https://cdn-universe.flyff.com/client/cursor/curdelay.cur
07-14 06:47:44.444  9390  9453 D WebViewCache: isStaticAsset: Checking URL: https://cdn-universe.flyff.com/client/cursor/curdelay.cur, against extension: .jpg, processed URL: https://cdn-universe.flyff.com/client/cursor/curdelay.cur
07-14 06:47:44.444  9390  9453 D WebViewCache: isStaticAsset: Checking URL: https://cdn-universe.flyff.com/client/cursor/curdelay.cur, against extension: .jpeg, processed URL: https://cdn-universe.flyff.com/client/cursor/curdelay.cur
07-14 06:47:44.444  9390  9453 D WebViewCache: isStaticAsset: Checking URL: https://cdn-universe.flyff.com/client/cursor/curdelay.cur, against extension: .gltf, processed URL: https://cdn-universe.flyff.com/client/cursor/curdelay.cur
07-14 06:47:44.444  9390  9453 D WebViewCache: isStaticAsset: Checking URL: https://cdn-universe.flyff.com/client/cursor/curdelay.cur, against extension: .bin, processed URL: https://cdn-universe.flyff.com/client/cursor/curdelay.cur
07-14 06:47:44.444  9390  9453 D WebViewCache: isStaticAsset: Checking URL: https://cdn-universe.flyff.com/client/cursor/curdelay.cur, against extension: .mp3, processed URL: https://cdn-universe.flyff.com/client/cursor/curdelay.cur
07-14 06:47:44.444  9390  9453 D WebViewCache: isStaticAsset: Checking URL: https://cdn-universe.flyff.com/client/cursor/curdelay.cur, against extension: .ogg, processed URL: https://cdn-universe.flyff.com/client/cursor/curdelay.cur
07-14 06:47:44.444  9390  9453 D WebViewCache: isStaticAsset: https://cdn-universe.flyff.com/client/cursor/curdelay.cur is NOT a static asset.
07-14 06:47:44.456  9390  9486 D WebViewCache: Requesting URL: https://cdn-universe.flyff.com/client/cursor/curdelay.png, Host: cdn-universe.flyff.com
07-14 06:47:44.456  9390  9486 D WebViewCache: isStaticAsset: Checking URL: https://cdn-universe.flyff.com/client/cursor/curdelay.png, against extension: .png, processed URL: https://cdn-universe.flyff.com/client/cursor/curdelay.png
07-14 06:47:44.456  9390  9486 D WebViewCache: isStaticAsset: https://cdn-universe.flyff.com/client/cursor/curdelay.png is a static asset (..png)
07-14 06:47:44.456  9390  9486 D WebViewCache: Using shared cache for: https://cdn-universe.flyff.com/client/cursor/curdelay.png
07-14 06:47:44.459  9390  9486 D WebViewCache: Checking cache for: /data/user/0/com.droidev.flyffuwebviewclient/cache/webgl_cache/32906c29547f5cc6af1ce82d9e8e8485_curdelay.png
07-14 06:47:44.459  9390  9486 D WebViewCache: Fetching from network: https://cdn-universe.flyff.com/client/cursor/curdelay.png
07-14 06:47:44.529  9390  9453 D WebViewCache: Requesting URL: https://web.cmp.usercentrics.eu/ui/v/3.61.0/WebSdk.lib.bb0442d7.js, Host: web.cmp.usercentrics.eu
07-14 06:47:44.530  9390  9453 D WebViewCache: Bypassing interception for non-target domain: web.cmp.usercentrics.eu
07-14 06:47:44.618  9390  9454 D WebViewCache: Requesting URL: https://cdn-universe.flyff.com/client/program/web/main-wasm32.wasm?249, Host: cdn-universe.flyff.com
07-14 06:47:44.618  9390  9454 D WebViewCache: isStaticAsset: Checking URL: https://cdn-universe.flyff.com/client/program/web/main-wasm32.wasm?249, against extension: .png, processed URL: https://cdn-universe.flyff.com/client/program/web/main-wasm32.wasm
07-14 06:47:44.618  9390  9454 D WebViewCache: isStaticAsset: Checking URL: https://cdn-universe.flyff.com/client/program/web/main-wasm32.wasm?249, against extension: .jpg, processed URL: https://cdn-universe.flyff.com/client/program/web/main-wasm32.wasm
07-14 06:47:44.618  9390  9454 D WebViewCache: isStaticAsset: Checking URL: https://cdn-universe.flyff.com/client/program/web/main-wasm32.wasm?249, against extension: .jpeg, processed URL: https://cdn-universe.flyff.com/client/program/web/main-wasm32.wasm
07-14 06:47:44.618  9390  9454 D WebViewCache: isStaticAsset: Checking URL: https://cdn-universe.flyff.com/client/program/web/main-wasm32.wasm?249, against extension: .gltf, processed URL: https://cdn-universe.flyff.com/client/program/web/main-wasm32.wasm
07-14 06:47:44.618  9390  9454 D WebViewCache: isStaticAsset: Checking URL: https://cdn-universe.flyff.com/client/program/web/main-wasm32.wasm?249, against extension: .bin, processed URL: https://cdn-universe.flyff.com/client/program/web/main-wasm32.wasm
07-14 06:47:44.618  9390  9454 D WebViewCache: isStaticAsset: Checking URL: https://cdn-universe.flyff.com/client/program/web/main-wasm32.wasm?249, against extension: .mp3, processed URL: https://cdn-universe.flyff.com/client/program/web/main-wasm32.wasm
07-14 06:47:44.618  9390  9454 D WebViewCache: isStaticAsset: Checking URL: https://cdn-universe.flyff.com/client/program/web/main-wasm32.wasm?249, against extension: .ogg, processed URL: https://cdn-universe.flyff.com/client/program/web/main-wasm32.wasm
07-14 06:47:44.618  9390  9454 D WebViewCache: isStaticAsset: https://cdn-universe.flyff.com/client/program/web/main-wasm32.wasm?249 is NOT a static asset.
07-14 06:47:44.642  9390  9454 D WebViewCache: Requesting URL: https://www.gstatic.com/recaptcha/releases/_cn5mBoBXIA0_T7xBjxkUqUA/recaptcha__pt_br.js, Host: www.gstatic.com
07-14 06:47:44.643  9390  9454 D WebViewCache: Bypassing interception for non-target domain: www.gstatic.com
07-14 06:47:44.658  9390  9454 D WebViewCache: Requesting URL: https://v1.api.service.cmp.usercentrics.eu/latest/core/fxO_4ss0Wa26_C, Host: v1.api.service.cmp.usercentrics.eu
07-14 06:47:44.658  9390  9454 D WebViewCache: Bypassing interception for non-target domain: v1.api.service.cmp.usercentrics.eu
07-14 06:47:44.712  9390  9486 D WebViewCache: Using server Content-Type: image/png for URL: https://cdn-universe.flyff.com/client/cursor/curdelay.png
07-14 06:47:44.713  9390  9486 D WebViewCache: File: 32906c29547f5cc6af1ce82d9e8e8485_curdelay.png, Size: 682 bytes, Total: 682 bytes
07-14 06:47:44.713  9390  9486 D WebViewCache: Current cache size: 0MB
07-14 06:47:44.713  9390  9486 D WebViewCache: Saved to cache: /data/user/0/com.droidev.flyffuwebviewclient/cache/webgl_cache/32906c29547f5cc6af1ce82d9e8e8485_curdelay.png
07-14 06:47:44.828  9390  9453 D WebViewCache: Requesting URL: https://app.usercentrics.eu/session/1px.png?settingsId=fxO_4ss0Wa26_C, Host: app.usercentrics.eu
07-14 06:47:44.828  9390  9453 D WebViewCache: Bypassing interception for non-target domain: app.usercentrics.eu
07-14 06:47:44.836  9390  9453 D WebViewCache: Requesting URL: https://v1.api.service.cmp.usercentrics.eu/latest/1/cmp/en/TCF/fxO_4ss0Wa26_C/2.0.0/2.0.0?isOutsideEu=true&activeTcfVendorsListVersion=115&previousTcfVendorsListVersion=115&previousTcfPolicyVersion=5, Host: v1.api.service.cmp.usercentrics.eu
07-14 06:47:44.836  9390  9453 D WebViewCache: Bypassing interception for non-target domain: v1.api.service.cmp.usercentrics.eu
07-14 06:47:44.879  9390  9454 D WebViewCache: Requesting URL: https://web.cmp.usercentrics.eu/ui/v/3.61.0/src.6faac6e5.js, Host: web.cmp.usercentrics.eu
07-14 06:47:44.879  9390  9453 D WebViewCache: Requesting URL: https://web.cmp.usercentrics.eu/ui/v/3.61.0/TcfCmpController.a2867193.js, Host: web.cmp.usercentrics.eu
07-14 06:47:44.879  9390  9454 D WebViewCache: Bypassing interception for non-target domain: web.cmp.usercentrics.eu
07-14 06:47:44.879  9390  9453 D WebViewCache: Bypassing interception for non-target domain: web.cmp.usercentrics.eu
07-14 06:47:45.015  9390  9453 D WebViewCache: Requesting URL: https://consent-api.service.consent.usercentrics.eu/consent/uw/3, Host: consent-api.service.consent.usercentrics.eu
07-14 06:47:45.015  9390  9453 D WebViewCache: Bypassing interception for non-target domain: consent-api.service.consent.usercentrics.eu
07-14 06:47:45.029  9390  9454 D WebViewCache: Requesting URL: https://cdn-universe.flyff.com/client/program/web/main-wasm32.js?249, Host: cdn-universe.flyff.com
07-14 06:47:45.029  9390  9454 D WebViewCache: isStaticAsset: Checking URL: https://cdn-universe.flyff.com/client/program/web/main-wasm32.js?249, against extension: .png, processed URL: https://cdn-universe.flyff.com/client/program/web/main-wasm32.js
07-14 06:47:45.029  9390  9454 D WebViewCache: isStaticAsset: Checking URL: https://cdn-universe.flyff.com/client/program/web/main-wasm32.js?249, against extension: .jpg, processed URL: https://cdn-universe.flyff.com/client/program/web/main-wasm32.js
07-14 06:47:45.029  9390  9454 D WebViewCache: isStaticAsset: Checking URL: https://cdn-universe.flyff.com/client/program/web/main-wasm32.js?249, against extension: .jpeg, processed URL: https://cdn-universe.flyff.com/client/program/web/main-wasm32.js
07-14 06:47:45.029  9390  9454 D WebViewCache: isStaticAsset: Checking URL: https://cdn-universe.flyff.com/client/program/web/main-wasm32.js?249, against extension: .gltf, processed URL: https://cdn-universe.flyff.com/client/program/web/main-wasm32.js
07-14 06:47:45.029  9390  9454 D WebViewCache: isStaticAsset: Checking URL: https://cdn-universe.flyff.com/client/program/web/main-wasm32.js?249, against extension: .bin, processed URL: https://cdn-universe.flyff.com/client/program/web/main-wasm32.js
07-14 06:47:45.029  9390  9454 D WebViewCache: isStaticAsset: Checking URL: https://cdn-universe.flyff.com/client/program/web/main-wasm32.js?249, against extension: .mp3, processed URL: https://cdn-universe.flyff.com/client/program/web/main-wasm32.js
07-14 06:47:45.029  9390  9454 D WebViewCache: isStaticAsset: Checking URL: https://cdn-universe.flyff.com/client/program/web/main-wasm32.js?249, against extension: .ogg, processed URL: https://cdn-universe.flyff.com/client/program/web/main-wasm32.js
07-14 06:47:45.029  9390  9454 D WebViewCache: isStaticAsset: https://cdn-universe.flyff.com/client/program/web/main-wasm32.js?249 is NOT a static asset.
07-14 06:47:45.150  9390  9453 D WebViewCache: Requesting URL: https://cdn-universe.flyff.com/client/filemap.bin?249, Host: cdn-universe.flyff.com
07-14 06:47:45.150  9390  9453 D WebViewCache: Bypassing cache for critical .bin file: https://cdn-universe.flyff.com/client/filemap.bin?249
07-14 06:47:45.190  9390  9453 D WebViewCache: Requesting URL: https://cdn-universe.flyff.com/icon/favicon-16x16.png, Host: cdn-universe.flyff.com
07-14 06:47:45.190  9390  9453 D WebViewCache: isStaticAsset: Checking URL: https://cdn-universe.flyff.com/icon/favicon-16x16.png, against extension: .png, processed URL: https://cdn-universe.flyff.com/icon/favicon-16x16.png
07-14 06:47:45.190  9390  9453 D WebViewCache: isStaticAsset: https://cdn-universe.flyff.com/icon/favicon-16x16.png is a static asset (..png)
07-14 06:47:45.190  9390  9453 D WebViewCache: Using shared cache for: https://cdn-universe.flyff.com/icon/favicon-16x16.png
07-14 06:47:45.190  9390  9453 D WebViewCache: Checking cache for: /data/user/0/com.droidev.flyffuwebviewclient/cache/webgl_cache/25b814ac7f1d94deeed84d78a409edd0_favicon-16x16.png
07-14 06:47:45.191  9390  9453 D WebViewCache: Fetching from network: https://cdn-universe.flyff.com/icon/favicon-16x16.png
07-14 06:47:45.191  9390  9454 D WebViewCache: Requesting URL: https://cdn-universe.flyff.com/icon/favicon-32x32.png, Host: cdn-universe.flyff.com
07-14 06:47:45.191  9390  9454 D WebViewCache: isStaticAsset: Checking URL: https://cdn-universe.flyff.com/icon/favicon-32x32.png, against extension: .png, processed URL: https://cdn-universe.flyff.com/icon/favicon-32x32.png
07-14 06:47:45.191  9390  9454 D WebViewCache: isStaticAsset: https://cdn-universe.flyff.com/icon/favicon-32x32.png is a static asset (..png)
07-14 06:47:45.191  9390  9454 D WebViewCache: Using shared cache for: https://cdn-universe.flyff.com/icon/favicon-32x32.png
07-14 06:47:45.192  9390  9454 D WebViewCache: Checking cache for: /data/user/0/com.droidev.flyffuwebviewclient/cache/webgl_cache/c100d48e3a77c246aa5cfa0a7bd5f31c_favicon-32x32.png
07-14 06:47:45.192  9390  9454 D WebViewCache: Fetching from network: https://cdn-universe.flyff.com/icon/favicon-32x32.png
07-14 06:47:45.204  9390  9390 D WebViewCache: Page finished loading: https://universe.flyff.com/play
07-14 06:47:45.206  9390  9453 D WebViewCache: Using server Content-Type: image/png for URL: https://cdn-universe.flyff.com/icon/favicon-16x16.png
07-14 06:47:45.206  9390  9453 D WebViewCache: File: 32906c29547f5cc6af1ce82d9e8e8485_curdelay.png, Size: 682 bytes, Total: 682 bytes
07-14 06:47:45.207  9390  9453 D WebViewCache: File: 25b814ac7f1d94deeed84d78a409edd0_favicon-16x16.png, Size: 764 bytes, Total: 1446 bytes
07-14 06:47:45.207  9390  9453 D WebViewCache: Current cache size: 0MB
07-14 06:47:45.207  9390  9453 D WebViewCache: Saved to cache: /data/user/0/com.droidev.flyffuwebviewclient/cache/webgl_cache/25b814ac7f1d94deeed84d78a409edd0_favicon-16x16.png
07-14 06:47:45.212  9390  9454 D WebViewCache: Using server Content-Type: image/png for URL: https://cdn-universe.flyff.com/icon/favicon-32x32.png
07-14 06:47:45.213  9390  9454 D WebViewCache: File: 32906c29547f5cc6af1ce82d9e8e8485_curdelay.png, Size: 682 bytes, Total: 682 bytes
07-14 06:47:45.213  9390  9454 D WebViewCache: File: 25b814ac7f1d94deeed84d78a409edd0_favicon-16x16.png, Size: 764 bytes, Total: 1446 bytes
07-14 06:47:45.213  9390  9454 D WebViewCache: File: c100d48e3a77c246aa5cfa0a7bd5f31c_favicon-32x32.png, Size: 2051 bytes, Total: 3497 bytes
07-14 06:47:45.213  9390  9454 D WebViewCache: Current cache size: 0MB
07-14 06:47:45.213  9390  9454 D WebViewCache: Saved to cache: /data/user/0/com.droidev.flyffuwebviewclient/cache/webgl_cache/c100d48e3a77c246aa5cfa0a7bd5f31c_favicon-32x32.png
07-14 06:47:45.272  9390  9453 D WebViewCache: Requesting URL: https://cdn-universe.flyff.com/client/data/project.bin?10078D3B, Host: cdn-universe.flyff.com
07-14 06:47:45.272  9390  9453 D WebViewCache: Bypassing cache for critical .bin file: https://cdn-universe.flyff.com/client/data/project.bin?10078D3B
07-14 06:47:45.309  9390  9453 D WebViewCache: Requesting URL: https://consent-api.service.consent.usercentrics.eu/consent/uw/3, Host: consent-api.service.consent.usercentrics.eu
07-14 06:47:45.310  9390  9453 D WebViewCache: Bypassing interception for non-target domain: consent-api.service.consent.usercentrics.eu
07-14 06:47:46.065  9390  9390 D WebViewCache: Loading initial URL: https://universe.flyff.com/play
07-14 06:47:46.067  9390  9453 D WebViewCache: Requesting URL: https://universe.flyff.com/play, Host: universe.flyff.com
07-14 06:47:46.067  9390  9453 D WebViewCache: isStaticAsset: Checking URL: https://universe.flyff.com/play, against extension: .png, processed URL: https://universe.flyff.com/play
07-14 06:47:46.067  9390  9453 D WebViewCache: isStaticAsset: Checking URL: https://universe.flyff.com/play, against extension: .jpg, processed URL: https://universe.flyff.com/play
07-14 06:47:46.067  9390  9453 D WebViewCache: isStaticAsset: Checking URL: https://universe.flyff.com/play, against extension: .jpeg, processed URL: https://universe.flyff.com/play
07-14 06:47:46.067  9390  9453 D WebViewCache: isStaticAsset: Checking URL: https://universe.flyff.com/play, against extension: .gltf, processed URL: https://universe.flyff.com/play
07-14 06:47:46.067  9390  9453 D WebViewCache: isStaticAsset: Checking URL: https://universe.flyff.com/play, against extension: .bin, processed URL: https://universe.flyff.com/play
07-14 06:47:46.067  9390  9453 D WebViewCache: isStaticAsset: Checking URL: https://universe.flyff.com/play, against extension: .mp3, processed URL: https://universe.flyff.com/play
07-14 06:47:46.068  9390  9453 D WebViewCache: isStaticAsset: Checking URL: https://universe.flyff.com/play, against extension: .ogg, processed URL: https://universe.flyff.com/play
07-14 06:47:46.068  9390  9453 D WebViewCache: isStaticAsset: https://universe.flyff.com/play is NOT a static asset.
07-14 06:47:46.163  9390  9453 D WebViewCache: Requesting URL: https://cdn-universe.flyff.com/client/language/br.bin?100756C8, Host: cdn-universe.flyff.com
07-14 06:47:46.163  9390  9453 D WebViewCache: Bypassing cache for critical .bin file: https://cdn-universe.flyff.com/client/language/br.bin?100756C8
07-14 06:47:46.559  9390  9453 D WebViewCache: Requesting URL: https://cdn-universe.flyff.com/client/ui/base.bin?FA1E356, Host: cdn-universe.flyff.com
07-14 06:47:46.559  9390  9453 D WebViewCache: Bypassing cache for critical .bin file: https://cdn-universe.flyff.com/client/ui/base.bin?FA1E356
07-14 06:47:46.562  9390  9453 D WebViewCache: Requesting URL: https://cdn-universe.flyff.com/client/ui/etc2/screenfwclow.bin?F98B588, Host: cdn-universe.flyff.com
07-14 06:47:46.562  9390  9453 D WebViewCache: isStaticAsset: Checking URL: https://cdn-universe.flyff.com/client/ui/etc2/screenfwclow.bin?F98B588, against extension: .png, processed URL: https://cdn-universe.flyff.com/client/ui/etc2/screenfwclow.bin
07-14 06:47:46.562  9390  9453 D WebViewCache: isStaticAsset: Checking URL: https://cdn-universe.flyff.com/client/ui/etc2/screenfwclow.bin?F98B588, against extension: .jpg, processed URL: https://cdn-universe.flyff.com/client/ui/etc2/screenfwclow.bin
07-14 06:47:46.562  9390  9453 D WebViewCache: isStaticAsset: Checking URL: https://cdn-universe.flyff.com/client/ui/etc2/screenfwclow.bin?F98B588, against extension: .jpeg, processed URL: https://cdn-universe.flyff.com/client/ui/etc2/screenfwclow.bin
07-14 06:47:46.562  9390  9453 D WebViewCache: isStaticAsset: Checking URL: https://cdn-universe.flyff.com/client/ui/etc2/screenfwclow.bin?F98B588, against extension: .gltf, processed URL: https://cdn-universe.flyff.com/client/ui/etc2/screenfwclow.bin
07-14 06:47:46.562  9390  9453 D WebViewCache: isStaticAsset: Checking URL: https://cdn-universe.flyff.com/client/ui/etc2/screenfwclow.bin?F98B588, against extension: .bin, processed URL: https://cdn-universe.flyff.com/client/ui/etc2/screenfwclow.bin
07-14 06:47:46.562  9390  9453 D WebViewCache: isStaticAsset: https://cdn-universe.flyff.com/client/ui/etc2/screenfwclow.bin?F98B588 is a static asset (..bin)
07-14 06:47:46.562  9390  9453 D WebViewCache: Using shared cache for: https://cdn-universe.flyff.com/client/ui/etc2/screenfwclow.bin?F98B588
07-14 06:47:46.563  9390  9453 D WebViewCache: Checking cache for: /data/user/0/com.droidev.flyffuwebviewclient/cache/webgl_cache/7bbae571f95c75c03bd3cab598c30329_screenfwclow.bin_F98B588
07-14 06:47:46.564  9390  9453 D WebViewCache: Fetching from network: https://cdn-universe.flyff.com/client/ui/etc2/screenfwclow.bin?F98B588
07-14 06:47:46.657  9390  9454 D WebViewCache: Requesting URL: https://cdn-universe.flyff.com/client/ui/base_mo.bin?F73BEA0, Host: cdn-universe.flyff.com
07-14 06:47:46.657  9390  9454 D WebViewCache: isStaticAsset: Checking URL: https://cdn-universe.flyff.com/client/ui/base_mo.bin?F73BEA0, against extension: .png, processed URL: https://cdn-universe.flyff.com/client/ui/base_mo.bin
07-14 06:47:46.657  9390  9454 D WebViewCache: isStaticAsset: Checking URL: https://cdn-universe.flyff.com/client/ui/base_mo.bin?F73BEA0, against extension: .jpg, processed URL: https://cdn-universe.flyff.com/client/ui/base_mo.bin
07-14 06:47:46.657  9390  9454 D WebViewCache: isStaticAsset: Checking URL: https://cdn-universe.flyff.com/client/ui/base_mo.bin?F73BEA0, against extension: .jpeg, processed URL: https://cdn-universe.flyff.com/client/ui/base_mo.bin
07-14 06:47:46.657  9390  9454 D WebViewCache: isStaticAsset: Checking URL: https://cdn-universe.flyff.com/client/ui/base_mo.bin?F73BEA0, against extension: .gltf, processed URL: https://cdn-universe.flyff.com/client/ui/base_mo.bin
07-14 06:47:46.657  9390  9454 D WebViewCache: isStaticAsset: Checking URL: https://cdn-universe.flyff.com/client/ui/base_mo.bin?F73BEA0, against extension: .bin, processed URL: https://cdn-universe.flyff.com/client/ui/base_mo.bin
07-14 06:47:46.657  9390  9454 D WebViewCache: isStaticAsset: https://cdn-universe.flyff.com/client/ui/base_mo.bin?F73BEA0 is a static asset (..bin)
07-14 06:47:46.657  9390  9454 D WebViewCache: Using shared cache for: https://cdn-universe.flyff.com/client/ui/base_mo.bin?F73BEA0
07-14 06:47:46.658  9390  9454 D WebViewCache: Checking cache for: /data/user/0/com.droidev.flyffuwebviewclient/cache/webgl_cache/abdcf29f1e4fccb4628e2da9e4f17fe2_base_mo.bin_F73BEA0
07-14 06:47:46.658  9390  9454 D WebViewCache: Fetching from network: https://cdn-universe.flyff.com/client/ui/base_mo.bin?F73BEA0
07-14 06:47:46.659  9390  9453 D WebViewCache: Using server Content-Type: application/octet-stream for URL: https://cdn-universe.flyff.com/client/ui/etc2/screenfwclow.bin?F98B588
07-14 06:47:46.660  9390  9486 D WebViewCache: Requesting URL: https://cdn-universe.flyff.com/client/model/mdlbase.bin?EE01E32, Host: cdn-universe.flyff.com
07-14 06:47:46.660  9390  9453 D WebViewCache: File: 32906c29547f5cc6af1ce82d9e8e8485_curdelay.png, Size: 682 bytes, Total: 682 bytes
07-14 06:47:46.660  9390  9486 D WebViewCache: Bypassing cache for critical .bin file: https://cdn-universe.flyff.com/client/model/mdlbase.bin?EE01E32
07-14 06:47:46.660  9390  9453 D WebViewCache: File: 25b814ac7f1d94deeed84d78a409edd0_favicon-16x16.png, Size: 764 bytes, Total: 1446 bytes
07-14 06:47:46.661  9390  9453 D WebViewCache: File: c100d48e3a77c246aa5cfa0a7bd5f31c_favicon-32x32.png, Size: 2051 bytes, Total: 3497 bytes
07-14 06:47:46.661  9390  9453 D WebViewCache: File: 7bbae571f95c75c03bd3cab598c30329_screenfwclow.bin_F98B588, Size: 637417 bytes, Total: 640914 bytes
07-14 06:47:46.661  9390  9453 D WebViewCache: Current cache size: 0MB
07-14 06:47:46.661  9390  9453 D WebViewCache: Saved to cache: /data/user/0/com.droidev.flyffuwebviewclient/cache/webgl_cache/7bbae571f95c75c03bd3cab598c30329_screenfwclow.bin_F98B588
07-14 06:47:46.662  9390  9453 D WebViewCache: Requesting URL: https://cdn-universe.flyff.com/client/model/part_malehair11.bin?A11193B, Host: cdn-universe.flyff.com
07-14 06:47:46.662  9390  9453 D WebViewCache: isStaticAsset: Checking URL: https://cdn-universe.flyff.com/client/model/part_malehair11.bin?A11193B, against extension: .png, processed URL: https://cdn-universe.flyff.com/client/model/part_malehair11.bin
07-14 06:47:46.662  9390  9453 D WebViewCache: isStaticAsset: Checking URL: https://cdn-universe.flyff.com/client/model/part_malehair11.bin?A11193B, against extension: .jpg, processed URL: https://cdn-universe.flyff.com/client/model/part_malehair11.bin
07-14 06:47:46.662  9390  9453 D WebViewCache: isStaticAsset: Checking URL: https://cdn-universe.flyff.com/client/model/part_malehair11.bin?A11193B, against extension: .jpeg, processed URL: https://cdn-universe.flyff.com/client/model/part_malehair11.bin
07-14 06:47:46.662  9390  9453 D WebViewCache: isStaticAsset: Checking URL: https://cdn-universe.flyff.com/client/model/part_malehair11.bin?A11193B, against extension: .gltf, processed URL: https://cdn-universe.flyff.com/client/model/part_malehair11.bin
07-14 06:47:46.662  9390  9453 D WebViewCache: isStaticAsset: Checking URL: https://cdn-universe.flyff.com/client/model/part_malehair11.bin?A11193B, against extension: .bin, processed URL: https://cdn-universe.flyff.com/client/model/part_malehair11.bin
07-14 06:47:46.662  9390  9453 D WebViewCache: isStaticAsset: https://cdn-universe.flyff.com/client/model/part_malehair11.bin?A11193B is a static asset (..bin)
07-14 06:47:46.662  9390  9453 D WebViewCache: Using shared cache for: https://cdn-universe.flyff.com/client/model/part_malehair11.bin?A11193B
07-14 06:47:46.663  9390  9486 D WebViewCache: Requesting URL: https://cdn-universe.flyff.com/client/model/part_malehead12.bin?A11193B, Host: cdn-universe.flyff.com
07-14 06:47:46.663  9390  9486 D WebViewCache: isStaticAsset: Checking URL: https://cdn-universe.flyff.com/client/model/part_malehead12.bin?A11193B, against extension: .png, processed URL: https://cdn-universe.flyff.com/client/model/part_malehead12.bin
07-14 06:47:46.663  9390  9486 D WebViewCache: isStaticAsset: Checking URL: https://cdn-universe.flyff.com/client/model/part_malehead12.bin?A11193B, against extension: .jpg, processed URL: https://cdn-universe.flyff.com/client/model/part_malehead12.bin
07-14 06:47:46.663  9390  9486 D WebViewCache: isStaticAsset: Checking URL: https://cdn-universe.flyff.com/client/model/part_malehead12.bin?A11193B, against extension: .jpeg, processed URL: https://cdn-universe.flyff.com/client/model/part_malehead12.bin
07-14 06:47:46.663  9390  9486 D WebViewCache: isStaticAsset: Checking URL: https://cdn-universe.flyff.com/client/model/part_malehead12.bin?A11193B, against extension: .gltf, processed URL: https://cdn-universe.flyff.com/client/model/part_malehead12.bin
07-14 06:47:46.663  9390  9486 D WebViewCache: isStaticAsset: Checking URL: https://cdn-universe.flyff.com/client/model/part_malehead12.bin?A11193B, against extension: .bin, processed URL: https://cdn-universe.flyff.com/client/model/part_malehead12.bin
07-14 06:47:46.663  9390  9486 D WebViewCache: isStaticAsset: https://cdn-universe.flyff.com/client/model/part_malehead12.bin?A11193B is a static asset (..bin)
07-14 06:47:46.663  9390  9486 D WebViewCache: Using shared cache for: https://cdn-universe.flyff.com/client/model/part_malehead12.bin?A11193B
07-14 06:47:46.663  9390  9453 D WebViewCache: Checking cache for: /data/user/0/com.droidev.flyffuwebviewclient/cache/webgl_cache/f46a89d90d3825fe29769221070510d8_part_malehair11.bin_A11193B
07-14 06:47:46.663  9390  9455 D WebViewCache: Requesting URL: https://cdn-universe.flyff.com/client/model/part_mvag01.bin?A11194C, Host: cdn-universe.flyff.com
07-14 06:47:46.663  9390  9455 D WebViewCache: isStaticAsset: Checking URL: https://cdn-universe.flyff.com/client/model/part_mvag01.bin?A11194C, against extension: .png, processed URL: https://cdn-universe.flyff.com/client/model/part_mvag01.bin
07-14 06:47:46.663  9390  9455 D WebViewCache: isStaticAsset: Checking URL: https://cdn-universe.flyff.com/client/model/part_mvag01.bin?A11194C, against extension: .jpg, processed URL: https://cdn-universe.flyff.com/client/model/part_mvag01.bin
07-14 06:47:46.663  9390  9455 D WebViewCache: isStaticAsset: Checking URL: https://cdn-universe.flyff.com/client/model/part_mvag01.bin?A11194C, against extension: .jpeg, processed URL: https://cdn-universe.flyff.com/client/model/part_mvag01.bin
07-14 06:47:46.664  9390  9453 D WebViewCache: Fetching from network: https://cdn-universe.flyff.com/client/model/part_malehair11.bin?A11193B
07-14 06:47:46.664  9390  9455 D WebViewCache: isStaticAsset: Checking URL: https://cdn-universe.flyff.com/client/model/part_mvag01.bin?A11194C, against extension: .gltf, processed URL: https://cdn-universe.flyff.com/client/model/part_mvag01.bin
07-14 06:47:46.664  9390  9455 D WebViewCache: isStaticAsset: Checking URL: https://cdn-universe.flyff.com/client/model/part_mvag01.bin?A11194C, against extension: .bin, processed URL: https://cdn-universe.flyff.com/client/model/part_mvag01.bin
07-14 06:47:46.664  9390  9455 D WebViewCache: isStaticAsset: https://cdn-universe.flyff.com/client/model/part_mvag01.bin?A11194C is a static asset (..bin)
07-14 06:47:46.664  9390  9455 D WebViewCache: Using shared cache for: https://cdn-universe.flyff.com/client/model/part_mvag01.bin?A11194C
07-14 06:47:46.664  9390  9455 D WebViewCache: Checking cache for: /data/user/0/com.droidev.flyffuwebviewclient/cache/webgl_cache/710268122c0e8aa600314928d0aa6057_part_mvag01.bin_A11194C
07-14 06:47:46.664  9390  9455 D WebViewCache: Fetching from network: https://cdn-universe.flyff.com/client/model/part_mvag01.bin?A11194C
07-14 06:47:46.667  9390  9493 D WebViewCache: Requesting URL: https://cdn-universe.flyff.com/client/model/item_weaswowooden.bin?A111910, Host: cdn-universe.flyff.com
07-14 06:47:46.667  9390  9493 D WebViewCache: isStaticAsset: Checking URL: https://cdn-universe.flyff.com/client/model/item_weaswowooden.bin?A111910, against extension: .png, processed URL: https://cdn-universe.flyff.com/client/model/item_weaswowooden.bin
07-14 06:47:46.667  9390  9493 D WebViewCache: isStaticAsset: Checking URL: https://cdn-universe.flyff.com/client/model/item_weaswowooden.bin?A111910, against extension: .jpg, processed URL: https://cdn-universe.flyff.com/client/model/item_weaswowooden.bin
07-14 06:47:46.667  9390  9493 D WebViewCache: isStaticAsset: Checking URL: https://cdn-universe.flyff.com/client/model/item_weaswowooden.bin?A111910, against extension: .jpeg, processed URL: https://cdn-universe.flyff.com/client/model/item_weaswowooden.bin
07-14 06:47:46.667  9390  9493 D WebViewCache: isStaticAsset: Checking URL: https://cdn-universe.flyff.com/client/model/item_weaswowooden.bin?A111910, against extension: .gltf, processed URL: https://cdn-universe.flyff.com/client/model/item_weaswowooden.bin
07-14 06:47:46.667  9390  9493 D WebViewCache: isStaticAsset: Checking URL: https://cdn-universe.flyff.com/client/model/item_weaswowooden.bin?A111910, against extension: .bin, processed URL: https://cdn-universe.flyff.com/client/model/item_weaswowooden.bin
07-14 06:47:46.667  9390  9493 D WebViewCache: isStaticAsset: https://cdn-universe.flyff.com/client/model/item_weaswowooden.bin?A111910 is a static asset (..bin)
07-14 06:47:46.667  9390  9493 D WebViewCache: Using shared cache for: https://cdn-universe.flyff.com/client/model/item_weaswowooden.bin?A111910
07-14 06:47:46.668  9390  9486 D WebViewCache: Checking cache for: /data/user/0/com.droidev.flyffuwebviewclient/cache/webgl_cache/19da59d65bd0f5d836af122ebb68fd88_part_malehead12.bin_A11193B
07-14 06:47:46.668  9390  9493 D WebViewCache: Checking cache for: /data/user/0/com.droidev.flyffuwebviewclient/cache/webgl_cache/01a73f28258c88bf32a45ab1295cd455_item_weaswowooden.bin_A111910
07-14 06:47:46.668  9390  9486 D WebViewCache: Fetching from network: https://cdn-universe.flyff.com/client/model/part_malehead12.bin?A11193B
07-14 06:47:46.668  9390  9493 D WebViewCache: Fetching from network: https://cdn-universe.flyff.com/client/model/item_weaswowooden.bin?A111910
07-14 06:47:46.689  9390  9455 D WebViewCache: Using server Content-Type: application/octet-stream for URL: https://cdn-universe.flyff.com/client/model/part_mvag01.bin?A11194C
07-14 06:47:46.690  9390  9455 D WebViewCache: File: 32906c29547f5cc6af1ce82d9e8e8485_curdelay.png, Size: 682 bytes, Total: 682 bytes
07-14 06:47:46.690  9390  9455 D WebViewCache: File: 25b814ac7f1d94deeed84d78a409edd0_favicon-16x16.png, Size: 764 bytes, Total: 1446 bytes
07-14 06:47:46.690  9390  9455 D WebViewCache: File: c100d48e3a77c246aa5cfa0a7bd5f31c_favicon-32x32.png, Size: 2051 bytes, Total: 3497 bytes
07-14 06:47:46.690  9390  9455 D WebViewCache: File: 7bbae571f95c75c03bd3cab598c30329_screenfwclow.bin_F98B588, Size: 637417 bytes, Total: 640914 bytes
07-14 06:47:46.690  9390  9455 D WebViewCache: File: 710268122c0e8aa600314928d0aa6057_part_mvag01.bin_A11194C, Size: 37469 bytes, Total: 678383 bytes
07-14 06:47:46.690  9390  9455 D WebViewCache: Current cache size: 0MB
07-14 06:47:46.690  9390  9455 D WebViewCache: Saved to cache: /data/user/0/com.droidev.flyffuwebviewclient/cache/webgl_cache/710268122c0e8aa600314928d0aa6057_part_mvag01.bin_A11194C
07-14 06:47:46.704  9390  9453 D WebViewCache: Using server Content-Type: application/octet-stream for URL: https://cdn-universe.flyff.com/client/model/part_malehair11.bin?A11193B
07-14 06:47:46.705  9390  9453 D WebViewCache: File: 32906c29547f5cc6af1ce82d9e8e8485_curdelay.png, Size: 682 bytes, Total: 682 bytes
07-14 06:47:46.705  9390  9453 D WebViewCache: File: 25b814ac7f1d94deeed84d78a409edd0_favicon-16x16.png, Size: 764 bytes, Total: 1446 bytes
07-14 06:47:46.705  9390  9453 D WebViewCache: File: c100d48e3a77c246aa5cfa0a7bd5f31c_favicon-32x32.png, Size: 2051 bytes, Total: 3497 bytes
07-14 06:47:46.705  9390  9453 D WebViewCache: File: 7bbae571f95c75c03bd3cab598c30329_screenfwclow.bin_F98B588, Size: 637417 bytes, Total: 640914 bytes
07-14 06:47:46.705  9390  9453 D WebViewCache: File: 710268122c0e8aa600314928d0aa6057_part_mvag01.bin_A11194C, Size: 37469 bytes, Total: 678383 bytes
07-14 06:47:46.705  9390  9453 D WebViewCache: File: f46a89d90d3825fe29769221070510d8_part_malehair11.bin_A11193B, Size: 3117 bytes, Total: 681500 bytes
07-14 06:47:46.705  9390  9453 D WebViewCache: Current cache size: 0MB
07-14 06:47:46.705  9390  9453 D WebViewCache: Saved to cache: /data/user/0/com.droidev.flyffuwebviewclient/cache/webgl_cache/f46a89d90d3825fe29769221070510d8_part_malehair11.bin_A11193B
07-14 06:47:46.719  9390  9453 D WebViewCache: Requesting URL: https://web.cmp.usercentrics.eu/ui/loader.js, Host: web.cmp.usercentrics.eu
07-14 06:47:46.719  9390  9455 D WebViewCache: Requesting URL: https://cdn-universe.flyff.com/site/assets/js/userCentricsConsentMode.js?v1.1.7.5, Host: cdn-universe.flyff.com
07-14 06:47:46.720  9390  9453 D WebViewCache: Bypassing interception for non-target domain: web.cmp.usercentrics.eu
07-14 06:47:46.720  9390  9455 D WebViewCache: isStaticAsset: Checking URL: https://cdn-universe.flyff.com/site/assets/js/userCentricsConsentMode.js?v1.1.7.5, against extension: .png, processed URL: https://cdn-universe.flyff.com/site/assets/js/usercentricsconsentmode.js
07-14 06:47:46.720  9390  9455 D WebViewCache: isStaticAsset: Checking URL: https://cdn-universe.flyff.com/site/assets/js/userCentricsConsentMode.js?v1.1.7.5, against extension: .jpg, processed URL: https://cdn-universe.flyff.com/site/assets/js/usercentricsconsentmode.js
07-14 06:47:46.720  9390  9455 D WebViewCache: isStaticAsset: Checking URL: https://cdn-universe.flyff.com/site/assets/js/userCentricsConsentMode.js?v1.1.7.5, against extension: .jpeg, processed URL: https://cdn-universe.flyff.com/site/assets/js/usercentricsconsentmode.js
07-14 06:47:46.720  9390  9455 D WebViewCache: isStaticAsset: Checking URL: https://cdn-universe.flyff.com/site/assets/js/userCentricsConsentMode.js?v1.1.7.5, against extension: .gltf, processed URL: https://cdn-universe.flyff.com/site/assets/js/usercentricsconsentmode.js
07-14 06:47:46.720  9390  9455 D WebViewCache: isStaticAsset: Checking URL: https://cdn-universe.flyff.com/site/assets/js/userCentricsConsentMode.js?v1.1.7.5, against extension: .bin, processed URL: https://cdn-universe.flyff.com/site/assets/js/usercentricsconsentmode.js
07-14 06:47:46.720  9390  9455 D WebViewCache: isStaticAsset: Checking URL: https://cdn-universe.flyff.com/site/assets/js/userCentricsConsentMode.js?v1.1.7.5, against extension: .mp3, processed URL: https://cdn-universe.flyff.com/site/assets/js/usercentricsconsentmode.js
07-14 06:47:46.720  9390  9455 D WebViewCache: isStaticAsset: Checking URL: https://cdn-universe.flyff.com/site/assets/js/userCentricsConsentMode.js?v1.1.7.5, against extension: .ogg, processed URL: https://cdn-universe.flyff.com/site/assets/js/usercentricsconsentmode.js
07-14 06:47:46.720  9390  9455 D WebViewCache: isStaticAsset: https://cdn-universe.flyff.com/site/assets/js/userCentricsConsentMode.js?v1.1.7.5 is NOT a static asset.
07-14 06:47:46.740  9390  9454 D WebViewCache: Using server Content-Type: application/octet-stream for URL: https://cdn-universe.flyff.com/client/ui/base_mo.bin?F73BEA0
07-14 06:47:46.741  9390  9454 D WebViewCache: File: 32906c29547f5cc6af1ce82d9e8e8485_curdelay.png, Size: 682 bytes, Total: 682 bytes
07-14 06:47:46.741  9390  9454 D WebViewCache: File: 25b814ac7f1d94deeed84d78a409edd0_favicon-16x16.png, Size: 764 bytes, Total: 1446 bytes
07-14 06:47:46.741  9390  9454 D WebViewCache: File: c100d48e3a77c246aa5cfa0a7bd5f31c_favicon-32x32.png, Size: 2051 bytes, Total: 3497 bytes
07-14 06:47:46.741  9390  9454 D WebViewCache: File: 7bbae571f95c75c03bd3cab598c30329_screenfwclow.bin_F98B588, Size: 637417 bytes, Total: 640914 bytes
07-14 06:47:46.741  9390  9454 D WebViewCache: File: 710268122c0e8aa600314928d0aa6057_part_mvag01.bin_A11194C, Size: 37469 bytes, Total: 678383 bytes
07-14 06:47:46.741  9390  9454 D WebViewCache: File: f46a89d90d3825fe29769221070510d8_part_malehair11.bin_A11193B, Size: 3117 bytes, Total: 681500 bytes
07-14 06:47:46.741  9390  9454 D WebViewCache: File: abdcf29f1e4fccb4628e2da9e4f17fe2_base_mo.bin_F73BEA0, Size: 725795 bytes, Total: 1407295 bytes
07-14 06:47:46.741  9390  9454 D WebViewCache: Current cache size: 1MB
07-14 06:47:46.741  9390  9454 D WebViewCache: Saved to cache: /data/user/0/com.droidev.flyffuwebviewclient/cache/webgl_cache/abdcf29f1e4fccb4628e2da9e4f17fe2_base_mo.bin_F73BEA0
07-14 06:47:46.742  9390  9493 D WebViewCache: Using server Content-Type: application/octet-stream for URL: https://cdn-universe.flyff.com/client/model/item_weaswowooden.bin?A111910
07-14 06:47:46.744  9390  9486 D WebViewCache: Using server Content-Type: application/octet-stream for URL: https://cdn-universe.flyff.com/client/model/part_malehead12.bin?A11193B
07-14 06:47:46.745  9390  9493 D WebViewCache: File: 32906c29547f5cc6af1ce82d9e8e8485_curdelay.png, Size: 682 bytes, Total: 682 bytes
07-14 06:47:46.745  9390  9486 D WebViewCache: File: 32906c29547f5cc6af1ce82d9e8e8485_curdelay.png, Size: 682 bytes, Total: 682 bytes
07-14 06:47:46.745  9390  9486 D WebViewCache: File: 25b814ac7f1d94deeed84d78a409edd0_favicon-16x16.png, Size: 764 bytes, Total: 1446 bytes
07-14 06:47:46.745  9390  9493 D WebViewCache: File: 25b814ac7f1d94deeed84d78a409edd0_favicon-16x16.png, Size: 764 bytes, Total: 1446 bytes
07-14 06:47:46.745  9390  9486 D WebViewCache: File: c100d48e3a77c246aa5cfa0a7bd5f31c_favicon-32x32.png, Size: 2051 bytes, Total: 3497 bytes
07-14 06:47:46.745  9390  9486 D WebViewCache: File: 7bbae571f95c75c03bd3cab598c30329_screenfwclow.bin_F98B588, Size: 637417 bytes, Total: 640914 bytes
07-14 06:47:46.745  9390  9486 D WebViewCache: File: 710268122c0e8aa600314928d0aa6057_part_mvag01.bin_A11194C, Size: 37469 bytes, Total: 678383 bytes
07-14 06:47:46.745  9390  9493 D WebViewCache: File: c100d48e3a77c246aa5cfa0a7bd5f31c_favicon-32x32.png, Size: 2051 bytes, Total: 3497 bytes
07-14 06:47:46.745  9390  9486 D WebViewCache: File: f46a89d90d3825fe29769221070510d8_part_malehair11.bin_A11193B, Size: 3117 bytes, Total: 681500 bytes
07-14 06:47:46.745  9390  9486 D WebViewCache: File: abdcf29f1e4fccb4628e2da9e4f17fe2_base_mo.bin_F73BEA0, Size: 725795 bytes, Total: 1407295 bytes
07-14 06:47:46.745  9390  9486 D WebViewCache: File: 01a73f28258c88bf32a45ab1295cd455_item_weaswowooden.bin_A111910, Size: 2181 bytes, Total: 1409476 bytes
07-14 06:47:46.745  9390  9493 D WebViewCache: File: 7bbae571f95c75c03bd3cab598c30329_screenfwclow.bin_F98B588, Size: 637417 bytes, Total: 640914 bytes
07-14 06:47:46.745  9390  9486 D WebViewCache: File: 19da59d65bd0f5d836af122ebb68fd88_part_malehead12.bin_A11193B, Size: 6341 bytes, Total: 1415817 bytes
07-14 06:47:46.745  9390  9486 D WebViewCache: Current cache size: 1MB
07-14 06:47:46.745  9390  9486 D WebViewCache: Saved to cache: /data/user/0/com.droidev.flyffuwebviewclient/cache/webgl_cache/19da59d65bd0f5d836af122ebb68fd88_part_malehead12.bin_A11193B
07-14 06:47:46.745  9390  9493 D WebViewCache: File: 710268122c0e8aa600314928d0aa6057_part_mvag01.bin_A11194C, Size: 37469 bytes, Total: 678383 bytes
07-14 06:47:46.746  9390  9493 D WebViewCache: File: f46a89d90d3825fe29769221070510d8_part_malehair11.bin_A11193B, Size: 3117 bytes, Total: 681500 bytes
07-14 06:47:46.746  9390  9493 D WebViewCache: File: abdcf29f1e4fccb4628e2da9e4f17fe2_base_mo.bin_F73BEA0, Size: 725795 bytes, Total: 1407295 bytes
07-14 06:47:46.746  9390  9493 D WebViewCache: File: 01a73f28258c88bf32a45ab1295cd455_item_weaswowooden.bin_A111910, Size: 2181 bytes, Total: 1409476 bytes
07-14 06:47:46.746  9390  9493 D WebViewCache: Current cache size: 1MB
07-14 06:47:46.746  9390  9493 D WebViewCache: Saved to cache: /data/user/0/com.droidev.flyffuwebviewclient/cache/webgl_cache/01a73f28258c88bf32a45ab1295cd455_item_weaswowooden.bin_A111910
07-14 06:47:46.768  9390  9454 D WebViewCache: Requesting URL: https://cdn-universe.flyff.com/client/model/part_mvag01.bin?A11194C, Host: cdn-universe.flyff.com
07-14 06:47:46.768  9390  9454 D WebViewCache: isStaticAsset: Checking URL: https://cdn-universe.flyff.com/client/model/part_mvag01.bin?A11194C, against extension: .png, processed URL: https://cdn-universe.flyff.com/client/model/part_mvag01.bin
07-14 06:47:46.768  9390  9454 D WebViewCache: isStaticAsset: Checking URL: https://cdn-universe.flyff.com/client/model/part_mvag01.bin?A11194C, against extension: .jpg, processed URL: https://cdn-universe.flyff.com/client/model/part_mvag01.bin
07-14 06:47:46.768  9390  9454 D WebViewCache: isStaticAsset: Checking URL: https://cdn-universe.flyff.com/client/model/part_mvag01.bin?A11194C, against extension: .jpeg, processed URL: https://cdn-universe.flyff.com/client/model/part_mvag01.bin
07-14 06:47:46.768  9390  9454 D WebViewCache: isStaticAsset: Checking URL: https://cdn-universe.flyff.com/client/model/part_mvag01.bin?A11194C, against extension: .gltf, processed URL: https://cdn-universe.flyff.com/client/model/part_mvag01.bin
07-14 06:47:46.768  9390  9454 D WebViewCache: isStaticAsset: Checking URL: https://cdn-universe.flyff.com/client/model/part_mvag01.bin?A11194C, against extension: .bin, processed URL: https://cdn-universe.flyff.com/client/model/part_mvag01.bin
07-14 06:47:46.768  9390  9454 D WebViewCache: isStaticAsset: https://cdn-universe.flyff.com/client/model/part_mvag01.bin?A11194C is a static asset (..bin)
07-14 06:47:46.768  9390  9454 D WebViewCache: Using shared cache for: https://cdn-universe.flyff.com/client/model/part_mvag01.bin?A11194C
07-14 06:47:46.769  9390  9454 D WebViewCache: Checking cache for: /data/user/0/com.droidev.flyffuwebviewclient/cache/webgl_cache/710268122c0e8aa600314928d0aa6057_part_mvag01.bin_A11194C
07-14 06:47:46.769  9390  9453 D WebViewCache: Requesting URL: https://cdn-universe.flyff.com/client/ui/etc2/screenfwclow.bin?F98B588, Host: cdn-universe.flyff.com
07-14 06:47:46.769  9390  9453 D WebViewCache: isStaticAsset: Checking URL: https://cdn-universe.flyff.com/client/ui/etc2/screenfwclow.bin?F98B588, against extension: .png, processed URL: https://cdn-universe.flyff.com/client/ui/etc2/screenfwclow.bin
07-14 06:47:46.769  9390  9453 D WebViewCache: isStaticAsset: Checking URL: https://cdn-universe.flyff.com/client/ui/etc2/screenfwclow.bin?F98B588, against extension: .jpg, processed URL: https://cdn-universe.flyff.com/client/ui/etc2/screenfwclow.bin
